

=== CMD ===
C:\Users\xy\AppData\Local\Programs\Python\Python312\python.exe main.py --type train --content_dir G:\GitHub\Latent_Style\Related_Works\run_511\outputs\review_baseline_suite_smoke3\aespa\datasets\train_content --style_dir G:\GitHub\Latent_Style\Related_Works\run_511\outputs\review_baseline_suite_smoke3\aespa\datasets\train_style --max_iter 1 --batch_size 1 --imsize 256 --cropsize 256 --num_workers 0 --train_result_dir G:\GitHub\Latent_Style\Related_Works\run_511\outputs\review_baseline_suite_smoke3\aespa\checkpoints\aespa --comment run511
Traceback (most recent call last):
  File "G:\GitHub\Latent_Style\Related_Works\run_511\repos\AesPA-Net\main.py", line 44, in <module>
    model = Baseline(args)
            ^^^^^^^^^^^^^^
  File "G:\GitHub\Latent_Style\Related_Works\run_511\repos\AesPA-Net\baseline.py", line 118, in __init__
    self.network.cuda()
  File "C:\Users\xy\AppData\Local\Programs\Python\Python312\Lib\site-packages\torch\nn\modules\module.py", line 1097, in cuda
    return self._apply(lambda t: t.cuda(device))
           ^^^^^^^^^^^^^^^^^^^^^^^^^^^^^^^^^^^^^
  File "C:\Users\xy\AppData\Local\Programs\Python\Python312\Lib\site-packages\torch\nn\modules\module.py", line 934, in _apply
    module._apply(fn)
  File "C:\Users\xy\AppData\Local\Programs\Python\Python312\Lib\site-packages\torch\nn\modules\module.py", line 934, in _apply
    module._apply(fn)
  File "C:\Users\xy\AppData\Local\Programs\Python\Python312\Lib\site-packages\torch\nn\modules\module.py", line 965, in _apply
    param_applied = fn(param)
                    ^^^^^^^^^
  File "C:\Users\xy\AppData\Local\Programs\Python\Python312\Lib\site-packages\torch\nn\modules\module.py", line 1097, in <lambda>
    return self._apply(lambda t: t.cuda(device))
                                 ^^^^^^^^^^^^^^
  File "C:\Users\xy\AppData\Local\Programs\Python\Python312\Lib\site-packages\torch\cuda\__init__.py", line 478, in _lazy_init
    torch._C._cuda_init()
RuntimeError: No CUDA GPUs are available
