existing manifest rows: 457
STYLES: ['Early_Renaissance', 'Impressionism', 'Minimalism', 'Rococo', 'Ukiyo_e']
DATASET test root: G:\GitHub\Latent_Style\Dataset\wikiart_random20_512\wikiart_random20_512\images\test
  Early_Renaissance: 30 src images
  Impressionism: 30 src images
  Minimalism: 30 src images
  Rococo: 30 src images
  Ukiyo_e: 30 src images
TODO (to generate): 315
=== generating 315 todos with 4 workers ===
[OK 1/315] Early_Renaissance/Early_Renaissance__filippo-lippi_st-lawrence-enthroned-with-saints-and-donors-1453->Early_Renaissance (55.8s, avg 55.8s, attempt 1)
[OK 2/315] Early_Renaissance/Early_Renaissance__filippo-lippi_st-lawrence-enthroned-with-saints-and-donors-1453->Minimalism (56.8s, avg 56.3s, attempt 1)
[OK 3/315] Early_Renaissance/Early_Renaissance__filippo-lippi_st-lawrence-enthroned-with-saints-and-donors-1453->Rococo (58.3s, avg 57.0s, attempt 1)
[OK 4/315] Early_Renaissance/Early_Renaissance__filippo-lippi_st-lawrence-enthroned-with-saints-and-donors-1453->Impressionism (59.0s, avg 57.5s, attempt 1)
[OK 5/315] Early_Renaissance/Early_Renaissance__filippo-lippi_st-lawrence-enthroned-with-saints-and-donors-1453->Ukiyo_e (32.0s, avg 52.4s, attempt 1)
[OK 6/315] Early_Renaissance/Early_Renaissance__fra-angelico_madonna-of-mercy-with-kneeling-friars->Impressionism (36.4s, avg 49.7s, attempt 1)
[OK 7/315] Early_Renaissance/Early_Renaissance__fra-angelico_madonna-of-mercy-with-kneeling-friars->Minimalism (37.5s, avg 48.0s, attempt 1)
[OK 8/315] Early_Renaissance/Early_Renaissance__fra-angelico_madonna-of-mercy-with-kneeling-friars->Early_Renaissance (47.0s, avg 47.9s, attempt 2)
[OK 9/315] Early_Renaissance/Early_Renaissance__fra-angelico_madonna-of-mercy-with-kneeling-friars->Rococo (33.1s, avg 46.2s, attempt 1)
[OK 10/315] Impressionism/Impressionism__frederic-remington_pretty-mother-of-the-night-white-otter-is-no-longer-a-boy-1900->Early_Renaissance (37.4s, avg 45.3s, attempt 1)
[OK 11/315] Early_Renaissance/Early_Renaissance__fra-angelico_madonna-of-mercy-with-kneeling-friars->Ukiyo_e (39.7s, avg 44.8s, attempt 1)
[OK 12/315] Impressionism/Impressionism__frederic-remington_pretty-mother-of-the-night-white-otter-is-no-longer-a-boy-1900->Minimalism (30.3s, avg 43.6s, attempt 2)
[OK 13/315] Impressionism/Impressionism__frederic-remington_pretty-mother-of-the-night-white-otter-is-no-longer-a-boy-1900->Impressionism (31.2s, avg 42.7s, attempt 2)
[OK 14/315] Impressionism/Impressionism__frederic-remington_pretty-mother-of-the-night-white-otter-is-no-longer-a-boy-1900->Ukiyo_e (42.4s, avg 42.6s, attempt 2)
[OK 15/315] Impressionism/Impressionism__frederic-remington_pretty-mother-of-the-night-white-otter-is-no-longer-a-boy-1900->Rococo (42.9s, avg 42.7s, attempt 2)
[OK 16/315] Minimalism/Minimalism__agnes-martin_untitled-1994->Rococo (27.0s, avg 41.7s, attempt 1)
[OK 17/315] Impressionism/Impressionism__pierre-auguste-renoir_girl-with-a-watering-can-1876->Ukiyo_e (42.3s, avg 41.7s, attempt 1)
[OK 18/315] Minimalism/Minimalism__tony-smith_die-1968->Early_Renaissance (24.0s, avg 40.7s, attempt 1)
[OK 19/315] Minimalism/Minimalism__sol-lewitt_bands-of-lines-one-inch-wide-in-four-directions-in-black-and-gray-1985->Impressionism (32.6s, avg 40.3s, attempt 1)
[OK 20/315] Minimalism/Minimalism__brice-marden_mirabelle-addenda-2-1979->Ukiyo_e (32.9s, avg 39.9s, attempt 1)
[OK 21/315] Minimalism/Minimalism__yves-gaucher_thg-n-d-68-1968->Rococo (28.3s, avg 39.4s, attempt 1)
[OK 22/315] Rococo/Rococo__benjamin-west_gov-john-page-of-virginia-rosewell-plantation-gloucester-county-virginia->Minimalism (31.0s, avg 39.0s, attempt 1)
[OK 23/315] Rococo/Rococo__benjamin-west_gov-john-page-of-virginia-rosewell-plantation-gloucester-county-virginia->Rococo (31.2s, avg 38.7s, attempt 1)
[OK 24/315] Rococo/Rococo__antoine-watteau_the-feasts-of-venice->Early_Renaissance (40.3s, avg 38.7s, attempt 1)
[OK 25/315] Rococo/Rococo__benjamin-west_gov-john-page-of-virginia-rosewell-plantation-gloucester-county-virginia->Ukiyo_e (30.7s, avg 38.4s, attempt 1)
[OK 26/315] Rococo/Rococo__bernardo-bellotto_the-marketplace-at-pirna->Early_Renaissance (37.4s, avg 38.4s, attempt 1)
[OK 27/315] Rococo/Rococo__bernardo-bellotto_the-marketplace-at-pirna->Minimalism (34.2s, avg 38.2s, attempt 1)
[OK 28/315] Rococo/Rococo__bernardo-bellotto_the-marketplace-at-pirna->Impressionism (38.4s, avg 38.2s, attempt 1)
[OK 29/315] Rococo/Rococo__bernardo-bellotto_the-marketplace-at-pirna->Rococo (33.9s, avg 38.1s, attempt 2)
[OK 30/315] Rococo/Rococo__bernardo-bellotto_zwinger-waterway-1750->Impressionism (27.8s, avg 37.7s, attempt 1)
[OK 31/315] Rococo/Rococo__bernardo-bellotto_zwinger-waterway-1750->Early_Renaissance (28.9s, avg 37.4s, attempt 1)
[OK 32/315] Rococo/Rococo__bernardo-bellotto_the-marketplace-at-pirna->Ukiyo_e (31.8s, avg 37.3s, attempt 1)
[OK 33/315] Rococo/Rococo__bernardo-bellotto_zwinger-waterway-1750->Minimalism (27.7s, avg 37.0s, attempt 1)
[OK 34/315] Rococo/Rococo__bernardo-bellotto_zwinger-waterway-1750->Ukiyo_e (29.0s, avg 36.7s, attempt 1)
[OK 35/315] Rococo/Rococo__bernardo-bellotto_zwinger-waterway-1750->Rococo (30.7s, avg 36.6s, attempt 1)
[OK 36/315] Rococo/Rococo__canaletto_the-bucintore-returning-to-the-molo-on-ascension-day->Early_Renaissance (30.7s, avg 36.4s, attempt 1)
[OK 37/315] Rococo/Rococo__canaletto_the-bucintore-returning-to-the-molo-on-ascension-day->Impressionism (37.9s, avg 36.4s, attempt 1)
[OK 38/315] Rococo/Rococo__canaletto_the-bucintore-returning-to-the-molo-on-ascension-day->Minimalism (34.6s, avg 36.4s, attempt 1)
[OK 39/315] Rococo/Rococo__canaletto_the-bucintore-returning-to-the-molo-on-ascension-day->Rococo (34.2s, avg 36.3s, attempt 1)
[OK 40/315] Rococo/Rococo__canaletto_the-bucintore-returning-to-the-molo-on-ascension-day->Ukiyo_e (39.3s, avg 36.4s, attempt 1)
[OK 41/315] Rococo/Rococo__canaletto_view-of-san-giuseppe-di-castello->Early_Renaissance (35.9s, avg 36.4s, attempt 1)
[OK 42/315] Rococo/Rococo__canaletto_view-of-san-giuseppe-di-castello->Minimalism (34.1s, avg 36.4s, attempt 1)
[OK 43/315] Rococo/Rococo__canaletto_view-of-san-giuseppe-di-castello->Impressionism (35.3s, avg 36.3s, attempt 1)
[OK 44/315] Rococo/Rococo__canaletto_view-of-san-giuseppe-di-castello->Rococo (36.5s, avg 36.3s, attempt 1)
[OK 45/315] Rococo/Rococo__canaletto_view-of-san-giuseppe-di-castello->Ukiyo_e (32.4s, avg 36.2s, attempt 1)
[OK 46/315] Rococo/Rococo__dmitry-levitzky_portrait-of-catherine-ii-of-russia-1794->Early_Renaissance (39.9s, avg 36.3s, attempt 1)
[OK 47/315] Rococo/Rococo__dmitry-levitzky_portrait-of-catherine-ii-of-russia-1794->Minimalism (37.9s, avg 36.4s, attempt 1)
[OK 48/315] Rococo/Rococo__dmitry-levitzky_portrait-of-catherine-ii-of-russia-1794->Impressionism (47.4s, avg 36.6s, attempt 1)
[OK 49/315] Rococo/Rococo__francisco-bayeu-y-subias_the-holy-family-1776->Impressionism (32.7s, avg 36.5s, attempt 1)
[OK 50/315] Rococo/Rococo__francisco-bayeu-y-subias_the-holy-family-1776->Early_Renaissance (33.3s, avg 36.4s, attempt 1)
[OK 51/315] Rococo/Rococo__dmitry-levitzky_portrait-of-catherine-ii-of-russia-1794->Rococo (33.4s, avg 36.4s, attempt 2)
[OK 52/315] Rococo/Rococo__dmitry-levitzky_portrait-of-catherine-ii-of-russia-1794->Ukiyo_e (33.0s, avg 36.3s, attempt 2)
[OK 53/315] Rococo/Rococo__francisco-bayeu-y-subias_the-holy-family-1776->Minimalism (47.1s, avg 36.5s, attempt 1)
[OK 54/315] Rococo/Rococo__francisco-bayeu-y-subias_the-holy-family-1776->Ukiyo_e (47.6s, avg 36.7s, attempt 1)
[OK 55/315] Rococo/Rococo__francisco-bayeu-y-subias_the-holy-family-1776->Rococo (49.1s, avg 37.0s, attempt 1)
[FAIL 1] Rococo/Rococo__francois-boucher_leda-and-the-swan-1741->Rococo -> 400:{"error":{"message":"The request failed because the input image may contain sensitive information. Request id: 021783435
[FAIL 2] Rococo/Rococo__francois-boucher_leda-and-the-swan-1741->Early_Renaissance -> -1:Remote end closed connection without response
[FAIL 3] Rococo/Rococo__francois-boucher_leda-and-the-swan-1741->Minimalism -> -1:Remote end closed connection without response
[FAIL 4] Rococo/Rococo__francois-boucher_leda-and-the-swan-1741->Impressionism -> 400:{"error":{"message":"The request failed because the input image may contain sensitive information. Request id: 021783435
[OK 56/315] Rococo/Rococo__francois-boucher_madame-bergeret-1766->Early_Renaissance (30.7s, avg 36.8s, attempt 1)
[OK 57/315] Rococo/Rococo__francois-boucher_madame-bergeret-1766->Impressionism (35.5s, avg 36.8s, attempt 1)
[FAIL 5] Rococo/Rococo__francois-boucher_leda-and-the-swan-1741->Ukiyo_e -> 400:{"error":{"message":"The request failed because the input image may contain sensitive information. Request id: 021783435
[OK 58/315] Rococo/Rococo__francois-boucher_madame-bergeret-1766->Minimalism (31.7s, avg 36.7s, attempt 1)
[OK 59/315] Rococo/Rococo__francois-boucher_madame-bergeret-1766->Rococo (30.9s, avg 36.6s, attempt 1)
[OK 60/315] Rococo/Rococo__fyodor-rokotov_portrait-of-anna-yuryevna-kvashnina-samarina->Early_Renaissance (22.0s, avg 36.4s, attempt 1)
[OK 61/315] Rococo/Rococo__francois-boucher_madame-bergeret-1766->Ukiyo_e (25.9s, avg 36.2s, attempt 1)
[OK 62/315] Rococo/Rococo__fyodor-rokotov_portrait-of-anna-yuryevna-kvashnina-samarina->Minimalism (24.3s, avg 36.0s, attempt 1)
[OK 63/315] Rococo/Rococo__fyodor-rokotov_portrait-of-anna-yuryevna-kvashnina-samarina->Impressionism (26.2s, avg 35.9s, attempt 1)
[OK 64/315] Rococo/Rococo__fyodor-rokotov_portrait-of-anna-yuryevna-kvashnina-samarina->Rococo (25.0s, avg 35.7s, attempt 1)
[OK 65/315] Rococo/Rococo__fyodor-rokotov_portrait-of-anna-yuryevna-kvashnina-samarina->Ukiyo_e (30.7s, avg 35.6s, attempt 1)
[OK 66/315] Rococo/Rococo__fyodor-rokotov_portrait-of-peter-iii-of-russia->Impressionism (49.7s, avg 35.8s, attempt 1)
[OK 67/315] Rococo/Rococo__fyodor-rokotov_portrait-of-peter-iii-of-russia->Minimalism (40.0s, avg 35.9s, attempt 1)
[OK 68/315] Rococo/Rococo__fyodor-rokotov_portrait-of-peter-iii-of-russia->Rococo (38.8s, avg 35.9s, attempt 1)
[OK 69/315] Rococo/Rococo__fyodor-rokotov_portrait-of-peter-iii-of-russia->Early_Renaissance (46.5s, avg 36.1s, attempt 2)
[OK 70/315] Rococo/Rococo__george-morland_landscape-with-a-gypsy-family->Early_Renaissance (35.0s, avg 36.1s, attempt 1)
[OK 71/315] Rococo/Rococo__george-morland_landscape-with-a-gypsy-family->Impressionism (27.3s, avg 36.0s, attempt 1)
[OK 72/315] Rococo/Rococo__fyodor-rokotov_portrait-of-peter-iii-of-russia->Ukiyo_e (39.9s, avg 36.0s, attempt 1)
[OK 73/315] Rococo/Rococo__george-morland_landscape-with-a-gypsy-family->Minimalism (29.9s, avg 35.9s, attempt 1)
[OK 74/315] Rococo/Rococo__george-morland_landscape-with-a-gypsy-family->Ukiyo_e (27.8s, avg 35.8s, attempt 1)
[OK 75/315] Rococo/Rococo__george-morland_landscape-with-a-gypsy-family->Rococo (32.6s, avg 35.8s, attempt 1)
[OK 76/315] Rococo/Rococo__giovanni-battista-tiepolo_olymp->Early_Renaissance (31.5s, avg 35.7s, attempt 1)
[OK 77/315] Rococo/Rococo__giovanni-battista-tiepolo_olymp->Impressionism (29.2s, avg 35.6s, attempt 1)
[OK 78/315] Rococo/Rococo__giovanni-battista-tiepolo_olymp->Minimalism (30.2s, avg 35.6s, attempt 1)
[OK 79/315] Rococo/Rococo__giovanni-battista-tiepolo_olymp->Ukiyo_e (29.6s, avg 35.5s, attempt 1)
[OK 80/315] Rococo/Rococo__giovanni-battista-tiepolo_rinaldo-abandoning-armida-1757->Early_Renaissance (30.1s, avg 35.4s, attempt 1)
[OK 81/315] Rococo/Rococo__giovanni-battista-tiepolo_rinaldo-abandoning-armida-1757->Minimalism (31.5s, avg 35.4s, attempt 1)
[OK 82/315] Rococo/Rococo__giovanni-battista-tiepolo_rinaldo-abandoning-armida-1757->Impressionism (33.0s, avg 35.3s, attempt 2)
[FAIL 6] Rococo/Rococo__giovanni-battista-tiepolo_olymp->Rococo -> -1:Remote end closed connection without response
[OK 83/315] Rococo/Rococo__giovanni-battista-tiepolo_rinaldo-abandoning-armida-1757->Rococo (37.7s, avg 35.4s, attempt 3)
[OK 84/315] Rococo/Rococo__giovanni-battista-tiepolo_the-sacrifice-of-melchizedek-1742->Early_Renaissance (32.9s, avg 35.3s, attempt 1)
[OK 85/315] Rococo/Rococo__giovanni-battista-tiepolo_rinaldo-abandoning-armida-1757->Ukiyo_e (46.0s, avg 35.5s, attempt 2)
[OK 86/315] Rococo/Rococo__giovanni-battista-tiepolo_the-sacrifice-of-melchizedek-1742->Impressionism (45.1s, avg 35.6s, attempt 1)
[OK 87/315] Rococo/Rococo__giovanni-battista-tiepolo_the-sacrifice-of-melchizedek-1742->Rococo (36.1s, avg 35.6s, attempt 2)
[OK 88/315] Rococo/Rococo__giovanni-battista-tiepolo_the-sacrifice-of-melchizedek-1742->Ukiyo_e (33.4s, avg 35.6s, attempt 2)
[OK 89/315] Rococo/Rococo__giovanni-battista-tiepolo_the-sacrifice-of-melchizedek-1742->Minimalism (32.4s, avg 35.5s, attempt 3)
[OK 90/315] Rococo/Rococo__jean-baptiste-simeon-chardin_still-life-with-herrings->Early_Renaissance (27.5s, avg 35.4s, attempt 2)
[OK 91/315] Rococo/Rococo__jean-baptiste-simeon-chardin_still-life-with-herrings->Impressionism (33.4s, avg 35.4s, attempt 1)
[OK 92/315] Rococo/Rococo__jean-baptiste-simeon-chardin_still-life-with-herrings->Minimalism (33.1s, avg 35.4s, attempt 2)
[OK 93/315] Rococo/Rococo__jean-baptiste-simeon-chardin_still-life-with-herrings->Rococo (33.2s, avg 35.4s, attempt 2)
[OK 94/315] Rococo/Rococo__jean-baptiste-simeon-chardin_still-life-with-herrings->Ukiyo_e (33.7s, avg 35.3s, attempt 2)
[OK 95/315] Rococo/Rococo__jean-baptiste-simeon-chardin_still-life-with-turkey-hanged->Early_Renaissance (36.6s, avg 35.4s, attempt 1)
[OK 96/315] Rococo/Rococo__jean-baptiste-simeon-chardin_still-life-with-turkey-hanged->Impressionism (41.6s, avg 35.4s, attempt 1)
[OK 97/315] Rococo/Rococo__jean-baptiste-simeon-chardin_still-life-with-turkey-hanged->Rococo (41.0s, avg 35.5s, attempt 1)
[OK 98/315] Rococo/Rococo__jean-baptiste-simeon-chardin_still-life-with-turkey-hanged->Minimalism (44.6s, avg 35.6s, attempt 1)
[OK 99/315] Rococo/Rococo__jean-baptiste-simeon-chardin_still-life-with-turkey-hanged->Ukiyo_e (34.4s, avg 35.6s, attempt 1)
[OK 100/315] Rococo/Rococo__jean-honore-fragonard_the-reader->Minimalism (65.9s, avg 35.9s, attempt 1)
[OK 101/315] Rococo/Rococo__jean-honore-fragonard_the-reader->Early_Renaissance (70.9s, avg 36.2s, attempt 1)
[OK 102/315] Rococo/Rococo__jean-honore-fragonard_the-reader->Impressionism (70.9s, avg 36.6s, attempt 1)
[OK 103/315] Rococo/Rococo__jean-honore-fragonard_the-reader->Rococo (70.6s, avg 36.9s, attempt 1)
[OK 104/315] Rococo/Rococo__john-russell_portrait-of-a-girl-in-a-bonnet->Impressionism (27.5s, avg 36.8s, attempt 1)
[OK 105/315] Rococo/Rococo__john-russell_portrait-of-a-girl-in-a-bonnet->Early_Renaissance (30.5s, avg 36.7s, attempt 1)
[OK 106/315] Rococo/Rococo__john-russell_portrait-of-a-girl-in-a-bonnet->Minimalism (25.5s, avg 36.6s, attempt 1)
[OK 107/315] Rococo/Rococo__jean-honore-fragonard_the-reader->Ukiyo_e (42.1s, avg 36.7s, attempt 1)
[OK 108/315] Rococo/Rococo__john-russell_portrait-of-a-girl-in-a-bonnet->Rococo (23.5s, avg 36.6s, attempt 1)
[OK 109/315] Rococo/Rococo__john-russell_portrait-of-a-girl-in-a-bonnet->Ukiyo_e (25.8s, avg 36.5s, attempt 1)
[OK 110/315] Rococo/Rococo__joshua-reynolds_the-puck-1789->Early_Renaissance (24.6s, avg 36.3s, attempt 1)
[OK 111/315] Rococo/Rococo__joshua-reynolds_the-puck-1789->Impressionism (27.7s, avg 36.3s, attempt 1)
[OK 112/315] Rococo/Rococo__joshua-reynolds_the-puck-1789->Minimalism (24.7s, avg 36.2s, attempt 1)
[OK 113/315] Rococo/Rococo__joshua-reynolds_the-puck-1789->Ukiyo_e (25.9s, avg 36.1s, attempt 1)
[OK 114/315] Rococo/Rococo__joshua-reynolds_the-puck-1789->Rococo (30.0s, avg 36.0s, attempt 1)
[OK 115/315] Rococo/Rococo__maurice-quentin-de-la-tour_study-of-the-portrait-4->Early_Renaissance (31.5s, avg 36.0s, attempt 1)
[OK 116/315] Rococo/Rococo__maurice-quentin-de-la-tour_study-of-the-portrait-4->Impressionism (29.8s, avg 35.9s, attempt 1)
[OK 117/315] Rococo/Rococo__maurice-quentin-de-la-tour_study-of-the-portrait-4->Minimalism (35.1s, avg 35.9s, attempt 1)
[OK 118/315] Rococo/Rococo__maurice-quentin-de-la-tour_study-of-the-portrait-4->Rococo (36.8s, avg 35.9s, attempt 1)
[OK 119/315] Rococo/Rococo__maurice-quentin-de-la-tour_study-of-the-portrait-4->Ukiyo_e (28.7s, avg 35.9s, attempt 1)
[OK 120/315] Rococo/Rococo__pietro-longhi_the-awakening-for-hunting-1770->Early_Renaissance (31.8s, avg 35.8s, attempt 1)
[OK 121/315] Rococo/Rococo__pietro-longhi_the-awakening-for-hunting-1770->Minimalism (36.4s, avg 35.8s, attempt 1)
[OK 122/315] Rococo/Rococo__pietro-longhi_the-awakening-for-hunting-1770->Impressionism (39.9s, avg 35.9s, attempt 1)
[OK 123/315] Rococo/Rococo__pietro-longhi_the-awakening-for-hunting-1770->Rococo (46.6s, avg 36.0s, attempt 1)
[OK 124/315] Rococo/Rococo__pietro-longhi_the-awakening-for-hunting-1770->Ukiyo_e (38.7s, avg 36.0s, attempt 1)
[OK 125/315] Rococo/Rococo__thomas-gainsborough_johann-christian-fischer->Early_Renaissance (34.9s, avg 36.0s, attempt 1)
[OK 126/315] Rococo/Rococo__thomas-gainsborough_johann-christian-fischer->Impressionism (35.2s, avg 36.0s, attempt 1)
[OK 127/315] Rococo/Rococo__thomas-gainsborough_johann-christian-fischer->Minimalism (31.5s, avg 35.9s, attempt 1)
[OK 128/315] Rococo/Rococo__thomas-gainsborough_johann-christian-fischer->Rococo (34.6s, avg 35.9s, attempt 1)
[OK 129/315] Rococo/Rococo__thomas-gainsborough_john-1st-viscount-kilmorey->Early_Renaissance (27.2s, avg 35.9s, attempt 1)
[OK 130/315] Rococo/Rococo__thomas-gainsborough_johann-christian-fischer->Ukiyo_e (35.2s, avg 35.9s, attempt 1)
[OK 131/315] Rococo/Rococo__thomas-gainsborough_john-1st-viscount-kilmorey->Impressionism (25.9s, avg 35.8s, attempt 1)
[OK 132/315] Rococo/Rococo__thomas-gainsborough_john-1st-viscount-kilmorey->Minimalism (27.6s, avg 35.7s, attempt 1)
[OK 133/315] Rococo/Rococo__thomas-gainsborough_john-1st-viscount-kilmorey->Rococo (26.7s, avg 35.6s, attempt 1)
[OK 134/315] Rococo/Rococo__thomas-gainsborough_john-1st-viscount-kilmorey->Ukiyo_e (24.0s, avg 35.6s, attempt 1)
[OK 135/315] Rococo/Rococo__thomas-gainsborough_portrait-of-john-russell-4th-duke-of-bedford->Early_Renaissance (59.2s, avg 35.7s, attempt 1)
[OK 136/315] Rococo/Rococo__thomas-gainsborough_portrait-of-john-russell-4th-duke-of-bedford->Impressionism (58.5s, avg 35.9s, attempt 1)
[OK 137/315] Rococo/Rococo__thomas-gainsborough_portrait-of-john-russell-4th-duke-of-bedford->Minimalism (48.3s, avg 36.0s, attempt 1)
[OK 138/315] Rococo/Rococo__thomas-gainsborough_portrait-of-john-russell-4th-duke-of-bedford->Rococo (50.9s, avg 36.1s, attempt 1)
[OK 139/315] Rococo/Rococo__thomas-gainsborough_the-miniature-portrait-of-a-young-boy-supposed-self-portrait-1737->Minimalism (23.3s, avg 36.0s, attempt 1)
[OK 140/315] Rococo/Rococo__thomas-gainsborough_the-miniature-portrait-of-a-young-boy-supposed-self-portrait-1737->Early_Renaissance (25.7s, avg 35.9s, attempt 2)
[OK 141/315] Rococo/Rococo__thomas-gainsborough_the-miniature-portrait-of-a-young-boy-supposed-self-portrait-1737->Impressionism (25.3s, avg 35.9s, attempt 2)
[OK 142/315] Rococo/Rococo__thomas-gainsborough_portrait-of-john-russell-4th-duke-of-bedford->Ukiyo_e (56.4s, avg 36.0s, attempt 1)
[OK 143/315] Rococo/Rococo__thomas-gainsborough_the-miniature-portrait-of-a-young-boy-supposed-self-portrait-1737->Rococo (23.9s, avg 35.9s, attempt 1)
[OK 144/315] Rococo/Rococo__thomas-gainsborough_the-miniature-portrait-of-a-young-boy-supposed-self-portrait-1737->Ukiyo_e (32.4s, avg 35.9s, attempt 1)
[OK 145/315] Rococo/Rococo__vladimir-borovikovsky_not_detected_195192->Early_Renaissance (72.9s, avg 36.1s, attempt 1)
[OK 146/315] Rococo/Rococo__vladimir-borovikovsky_not_detected_195192->Minimalism (73.2s, avg 36.4s, attempt 1)
[OK 147/315] Rococo/Rococo__vladimir-borovikovsky_not_detected_195192->Rococo (63.7s, avg 36.6s, attempt 1)
[OK 148/315] Rococo/Rococo__vladimir-borovikovsky_not_detected_195192->Ukiyo_e (51.4s, avg 36.7s, attempt 1)
[OK 149/315] Rococo/Rococo__vladimir-borovikovsky_the-nativity-of-christ->Early_Renaissance (44.0s, avg 36.7s, attempt 1)
[OK 150/315] Rococo/Rococo__vladimir-borovikovsky_not_detected_195192->Impressionism (51.5s, avg 36.8s, attempt 2)
[OK 151/315] Rococo/Rococo__vladimir-borovikovsky_the-nativity-of-christ->Impressionism (42.7s, avg 36.9s, attempt 1)
[OK 152/315] Rococo/Rococo__vladimir-borovikovsky_the-nativity-of-christ->Minimalism (49.9s, avg 37.0s, attempt 1)
[OK 153/315] Rococo/Rococo__vladimir-borovikovsky_the-nativity-of-christ->Rococo (46.1s, avg 37.0s, attempt 1)
[OK 154/315] Rococo/Rococo__vladimir-borovikovsky_the-nativity-of-christ->Ukiyo_e (48.2s, avg 37.1s, attempt 1)
[FAIL 7] Rococo/Rococo__william-hogarth_frontispiece-and-its-explanation-hurdibras->Minimalism -> -1:<urlopen error [SSL: UNEXPECTED_EOF_WHILE_READING] EOF occurred in violation of protocol (_ssl.c:1000)>
[FAIL 8] Rococo/Rococo__william-hogarth_frontispiece-and-its-explanation-hurdibras->Early_Renaissance -> -1:Remote end closed connection without response
[OK 155/315] Ukiyo_e/Ukiyo_e__katsushika-hokusai_manga-7->Early_Renaissance (27.3s, avg 37.0s, attempt 1)
[FAIL 9] Rococo/Rococo__william-hogarth_frontispiece-and-its-explanation-hurdibras->Rococo -> -1:Remote end closed connection without response
[OK 156/315] Ukiyo_e/Ukiyo_e__katsushika-hokusai_manga-7->Impressionism (25.6s, avg 37.0s, attempt 1)
[OK 157/315] Ukiyo_e/Ukiyo_e__katsushika-hokusai_manga-7->Minimalism (30.9s, avg 36.9s, attempt 1)
[FAIL 10] Rococo/Rococo__william-hogarth_frontispiece-and-its-explanation-hurdibras->Impressionism -> -1:Remote end closed connection without response
[OK 158/315] Ukiyo_e/Ukiyo_e__katsushika-hokusai_self-portrait-at-the-age-of-eighty-three->Early_Renaissance (59.4s, avg 37.1s, attempt 1)
[OK 159/315] Ukiyo_e/Ukiyo_e__katsushika-hokusai_manga-7->Rococo (30.1s, avg 37.0s, attempt 2)
[FAIL 11] Rococo/Rococo__william-hogarth_frontispiece-and-its-explanation-hurdibras->Ukiyo_e -> -1:Remote end closed connection without response
[FAIL 12] Ukiyo_e/Ukiyo_e__katsushika-hokusai_manga-7->Ukiyo_e -> -1:Remote end closed connection without response
[OK 160/315] Ukiyo_e/Ukiyo_e__katsushika-hokusai_self-portrait-at-the-age-of-eighty-three->Impressionism (60.4s, avg 37.2s, attempt 3)
[FAIL 13] Ukiyo_e/Ukiyo_e__katsushika-hokusai_self-portrait-at-the-age-of-eighty-three->Rococo -> -1:Remote end closed connection without response
[FAIL 14] Ukiyo_e/Ukiyo_e__katsushika-hokusai_self-portrait-at-the-age-of-eighty-three->Minimalism -> -1:Remote end closed connection without response
[OK 161/315] Ukiyo_e/Ukiyo_e__katsushika-hokusai_street-scenes-newly-pubished-1->Early_Renaissance (30.1s, avg 37.1s, attempt 1)
[OK 162/315] Ukiyo_e/Ukiyo_e__katsushika-hokusai_street-scenes-newly-pubished-1->Impressionism (32.7s, avg 37.1s, attempt 1)
[OK 163/315] Ukiyo_e/Ukiyo_e__katsushika-hokusai_street-scenes-newly-pubished-1->Minimalism (32.0s, avg 37.1s, attempt 1)
[OK 164/315] Ukiyo_e/Ukiyo_e__katsushika-hokusai_street-scenes-newly-pubished-1->Rococo (37.8s, avg 37.1s, attempt 1)
[OK 165/315] Ukiyo_e/Ukiyo_e__katsushika-hokusai_self-portrait-at-the-age-of-eighty-three->Ukiyo_e (53.1s, avg 37.2s, attempt 2)
[OK 166/315] Ukiyo_e/Ukiyo_e__katsushika-hokusai_street-scenes-newly-pubished-1->Ukiyo_e (31.9s, avg 37.1s, attempt 1)
[OK 167/315] Ukiyo_e/Ukiyo_e__katsushika-hokusai_street-scenes-newly-pubished-12->Early_Renaissance (28.1s, avg 37.1s, attempt 1)
[OK 168/315] Ukiyo_e/Ukiyo_e__katsushika-hokusai_street-scenes-newly-pubished-12->Impressionism (27.5s, avg 37.0s, attempt 1)
[OK 169/315] Ukiyo_e/Ukiyo_e__katsushika-hokusai_street-scenes-newly-pubished-12->Rococo (28.5s, avg 37.0s, attempt 1)
[OK 170/315] Ukiyo_e/Ukiyo_e__katsushika-hokusai_street-scenes-newly-pubished-12->Ukiyo_e (30.7s, avg 36.9s, attempt 1)
[OK 171/315] Ukiyo_e/Ukiyo_e__kitagawa-utamaro_male-couple-1802->Early_Renaissance (25.6s, avg 36.9s, attempt 3)
[FAIL 15] Ukiyo_e/Ukiyo_e__kitagawa-utamaro_male-couple-1802->Impressionism -> 400:{"error":{"message":"The request failed because the input image may contain sensitive information. Request id: 021783437
[OK 172/315] Ukiyo_e/Ukiyo_e__katsushika-hokusai_street-scenes-newly-pubished-12->Minimalism (29.3s, avg 36.8s, attempt 2)
[FAIL 16] Ukiyo_e/Ukiyo_e__kitagawa-utamaro_male-couple-1802->Minimalism -> 400:{"error":{"message":"The request failed because the input image may contain sensitive information. Request id: 021783437
[OK 173/315] Ukiyo_e/Ukiyo_e__kitagawa-utamaro_reading-a-letter->Early_Renaissance (26.7s, avg 36.8s, attempt 1)
[OK 174/315] Ukiyo_e/Ukiyo_e__kitagawa-utamaro_reading-a-letter->Impressionism (28.5s, avg 36.7s, attempt 1)
[FAIL 17] Ukiyo_e/Ukiyo_e__kitagawa-utamaro_male-couple-1802->Rococo -> 400:{"error":{"message":"The request failed because the input image may contain sensitive information. Request id: 021783437
[FAIL 18] Ukiyo_e/Ukiyo_e__kitagawa-utamaro_male-couple-1802->Ukiyo_e -> 400:{"error":{"message":"The request failed because the input image may contain sensitive information. Request id: 021783437
[OK 175/315] Ukiyo_e/Ukiyo_e__kitagawa-utamaro_reading-a-letter->Minimalism (34.3s, avg 36.7s, attempt 1)
[OK 176/315] Ukiyo_e/Ukiyo_e__kitagawa-utamaro_reading-a-letter->Ukiyo_e (33.3s, avg 36.7s, attempt 1)
[OK 177/315] Ukiyo_e/Ukiyo_e__kitagawa-utamaro_reading-a-letter->Rococo (33.5s, avg 36.7s, attempt 2)
[OK 178/315] Ukiyo_e/Ukiyo_e__kitagawa-utamaro_washing-clothes->Early_Renaissance (34.5s, avg 36.7s, attempt 1)
[OK 179/315] Ukiyo_e/Ukiyo_e__kitagawa-utamaro_washing-clothes->Impressionism (30.2s, avg 36.6s, attempt 1)
[OK 180/315] Ukiyo_e/Ukiyo_e__kitagawa-utamaro_washing-clothes->Minimalism (30.7s, avg 36.6s, attempt 1)
[OK 181/315] Ukiyo_e/Ukiyo_e__kitagawa-utamaro_washing-clothes->Ukiyo_e (30.5s, avg 36.6s, attempt 1)
[OK 182/315] Ukiyo_e/Ukiyo_e__kitagawa-utamaro_washing-clothes->Rococo (31.1s, avg 36.5s, attempt 1)
[OK 183/315] Ukiyo_e/Ukiyo_e__ogata-gekko_dragon-rising-to-the-heavens-1897->Early_Renaissance (34.3s, avg 36.5s, attempt 1)
[OK 184/315] Ukiyo_e/Ukiyo_e__ogata-gekko_dragon-rising-to-the-heavens-1897->Impressionism (33.8s, avg 36.5s, attempt 1)
[OK 185/315] Ukiyo_e/Ukiyo_e__ogata-gekko_dragon-rising-to-the-heavens-1897->Ukiyo_e (32.4s, avg 36.5s, attempt 1)
[OK 186/315] Ukiyo_e/Ukiyo_e__tsukioka-yoshitoshi_looking-shy-the-appearance-of-a-young-girl-of-the-meiji-era->Early_Renaissance (28.3s, avg 36.4s, attempt 1)
[OK 187/315] Ukiyo_e/Ukiyo_e__ogata-gekko_dragon-rising-to-the-heavens-1897->Minimalism (35.2s, avg 36.4s, attempt 3)
[OK 188/315] Ukiyo_e/Ukiyo_e__tsukioka-yoshitoshi_looking-shy-the-appearance-of-a-young-girl-of-the-meiji-era->Impressionism (29.5s, avg 36.4s, attempt 1)
[OK 189/315] Ukiyo_e/Ukiyo_e__tsukioka-yoshitoshi_looking-shy-the-appearance-of-a-young-girl-of-the-meiji-era->Minimalism (31.8s, avg 36.4s, attempt 1)
[OK 190/315] Ukiyo_e/Ukiyo_e__tsukioka-yoshitoshi_looking-shy-the-appearance-of-a-young-girl-of-the-meiji-era->Rococo (30.0s, avg 36.3s, attempt 1)
[OK 191/315] Ukiyo_e/Ukiyo_e__tsukioka-yoshitoshi_looking-shy-the-appearance-of-a-young-girl-of-the-meiji-era->Ukiyo_e (25.4s, avg 36.3s, attempt 1)
[OK 192/315] Ukiyo_e/Ukiyo_e__tsukioka-yoshitoshi_not_detected_242422->Early_Renaissance (24.3s, avg 36.2s, attempt 1)
[OK 193/315] Ukiyo_e/Ukiyo_e__ogata-gekko_dragon-rising-to-the-heavens-1897->Rococo (28.1s, avg 36.2s, attempt 2)
[OK 194/315] Ukiyo_e/Ukiyo_e__tsukioka-yoshitoshi_not_detected_242422->Minimalism (28.7s, avg 36.1s, attempt 1)
[OK 195/315] Ukiyo_e/Ukiyo_e__tsukioka-yoshitoshi_not_detected_242422->Ukiyo_e (29.0s, avg 36.1s, attempt 1)
[OK 196/315] Ukiyo_e/Ukiyo_e__tsukioka-yoshitoshi_not_detected_242422->Rococo (29.9s, avg 36.1s, attempt 1)
[OK 197/315] Ukiyo_e/Ukiyo_e__tsukioka-yoshitoshi_not_detected_242422->Impressionism (36.3s, avg 36.1s, attempt 1)
[OK 198/315] Ukiyo_e/Ukiyo_e__tsukioka-yoshitoshi_taira-no-kiyomori-sees-the-skulls-of-his-victims->Early_Renaissance (34.3s, avg 36.1s, attempt 1)
[OK 199/315] Ukiyo_e/Ukiyo_e__tsukioka-yoshitoshi_taira-no-kiyomori-sees-the-skulls-of-his-victims->Impressionism (28.9s, avg 36.0s, attempt 1)
[OK 200/315] Ukiyo_e/Ukiyo_e__tsukioka-yoshitoshi_taira-no-kiyomori-sees-the-skulls-of-his-victims->Minimalism (29.5s, avg 36.0s, attempt 1)
[OK 201/315] Ukiyo_e/Ukiyo_e__utagawa-kunisada_not_detected_240307->Impressionism (31.9s, avg 36.0s, attempt 1)
[OK 202/315] Ukiyo_e/Ukiyo_e__tsukioka-yoshitoshi_taira-no-kiyomori-sees-the-skulls-of-his-victims->Ukiyo_e (37.1s, avg 36.0s, attempt 1)
[OK 203/315] Ukiyo_e/Ukiyo_e__tsukioka-yoshitoshi_taira-no-kiyomori-sees-the-skulls-of-his-victims->Rococo (30.0s, avg 35.9s, attempt 3)
[OK 204/315] Ukiyo_e/Ukiyo_e__utagawa-kunisada_not_detected_240307->Early_Renaissance (37.3s, avg 35.9s, attempt 1)
[OK 205/315] Ukiyo_e/Ukiyo_e__utagawa-kunisada_not_detected_240307->Ukiyo_e (30.1s, avg 35.9s, attempt 2)
[OK 206/315] Ukiyo_e/Ukiyo_e__utagawa-kunisada_not_detected_240307->Rococo (30.4s, avg 35.9s, attempt 2)
[OK 207/315] Ukiyo_e/Ukiyo_e__utagawa-kunisada_not_detected_240307->Minimalism (30.6s, avg 35.9s, attempt 2)
[OK 208/315] Ukiyo_e/Ukiyo_e__utagawa-kunisada_the-actor-in-female-role->Early_Renaissance (31.7s, avg 35.8s, attempt 2)
[OK 209/315] Ukiyo_e/Ukiyo_e__utagawa-kunisada_the-actor-in-female-role->Minimalism (33.1s, avg 35.8s, attempt 1)
[OK 210/315] Ukiyo_e/Ukiyo_e__utagawa-kunisada_the-actor-in-female-role->Impressionism (33.5s, avg 35.8s, attempt 1)
[OK 211/315] Ukiyo_e/Ukiyo_e__utagawa-kunisada_the-actor-in-female-role->Ukiyo_e (33.8s, avg 35.8s, attempt 1)
[OK 212/315] Ukiyo_e/Ukiyo_e__utagawa-kunisada_the-actor-in-female-role->Rococo (37.5s, avg 35.8s, attempt 1)
[OK 213/315] Ukiyo_e/Ukiyo_e__utagawa-kunisada_yoshiwara->Early_Renaissance (30.0s, avg 35.8s, attempt 1)
[OK 214/315] Ukiyo_e/Ukiyo_e__utagawa-kunisada_yoshiwara->Impressionism (30.7s, avg 35.8s, attempt 1)
[OK 215/315] Ukiyo_e/Ukiyo_e__utagawa-kunisada_yoshiwara->Minimalism (32.7s, avg 35.8s, attempt 1)
[OK 216/315] Ukiyo_e/Ukiyo_e__utagawa-kunisada_yoshiwara->Rococo (31.5s, avg 35.7s, attempt 1)
[OK 217/315] Ukiyo_e/Ukiyo_e__utagawa-kunisada_yoshiwara->Ukiyo_e (33.3s, avg 35.7s, attempt 1)
[OK 218/315] Ukiyo_e/Ukiyo_e__utagawa-kuniyoshi_benkei-dragging-the-miidera-bell-up-a-mountain->Early_Renaissance (40.2s, avg 35.7s, attempt 1)
[OK 219/315] Ukiyo_e/Ukiyo_e__utagawa-kuniyoshi_benkei-dragging-the-miidera-bell-up-a-mountain->Minimalism (46.7s, avg 35.8s, attempt 1)
[OK 220/315] Ukiyo_e/Ukiyo_e__utagawa-kuniyoshi_benkei-dragging-the-miidera-bell-up-a-mountain->Impressionism (50.1s, avg 35.9s, attempt 1)
[OK 221/315] Ukiyo_e/Ukiyo_e__utagawa-kuniyoshi_benkei-dragging-the-miidera-bell-up-a-mountain->Rococo (42.3s, avg 35.9s, attempt 1)
[OK 222/315] Ukiyo_e/Ukiyo_e__utagawa-kuniyoshi_benkei-dragging-the-miidera-bell-up-a-mountain->Ukiyo_e (46.1s, avg 35.9s, attempt 1)
[OK 223/315] Ukiyo_e/Ukiyo_e__utagawa-kuniyoshi_caga-no-chiyo-standing-beside-a-well->Early_Renaissance (49.8s, avg 36.0s, attempt 1)
[OK 224/315] Ukiyo_e/Ukiyo_e__utagawa-kuniyoshi_caga-no-chiyo-standing-beside-a-well->Impressionism (58.7s, avg 36.1s, attempt 1)
[OK 225/315] Ukiyo_e/Ukiyo_e__utagawa-kuniyoshi_caga-no-chiyo-standing-beside-a-well->Minimalism (58.3s, avg 36.2s, attempt 1)
[OK 226/315] Ukiyo_e/Ukiyo_e__utagawa-kuniyoshi_caga-no-chiyo-standing-beside-a-well->Rococo (56.0s, avg 36.3s, attempt 1)
[OK 227/315] Ukiyo_e/Ukiyo_e__utagawa-kuniyoshi_caga-no-chiyo-standing-beside-a-well->Ukiyo_e (62.1s, avg 36.4s, attempt 1)
[OK 228/315] Ukiyo_e/Ukiyo_e__utagawa-kuniyoshi_honjo-shigenaga-parrying-an-exploding-shell->Impressionism (35.6s, avg 36.4s, attempt 2)
[OK 229/315] Ukiyo_e/Ukiyo_e__utagawa-kuniyoshi_honjo-shigenaga-parrying-an-exploding-shell->Minimalism (48.1s, avg 36.4s, attempt 2)
[OK 230/315] Ukiyo_e/Ukiyo_e__utagawa-kuniyoshi_mountain->Early_Renaissance (29.9s, avg 36.4s, attempt 1)
[OK 231/315] Ukiyo_e/Ukiyo_e__utagawa-kuniyoshi_mountain->Impressionism (28.1s, avg 36.4s, attempt 1)
[FAIL 19] Ukiyo_e/Ukiyo_e__utagawa-kuniyoshi_honjo-shigenaga-parrying-an-exploding-shell->Early_Renaissance -> -1:Remote end closed connection without response
[OK 232/315] Ukiyo_e/Ukiyo_e__utagawa-kuniyoshi_mountain->Minimalism (25.8s, avg 36.3s, attempt 1)
[OK 233/315] Ukiyo_e/Ukiyo_e__utagawa-kuniyoshi_honjo-shigenaga-parrying-an-exploding-shell->Ukiyo_e (41.4s, avg 36.4s, attempt 2)
[OK 234/315] Ukiyo_e/Ukiyo_e__utagawa-kuniyoshi_honjo-shigenaga-parrying-an-exploding-shell->Rococo (47.0s, avg 36.4s, attempt 3)
[OK 235/315] Ukiyo_e/Ukiyo_e__utagawa-kuniyoshi_mountain->Rococo (31.1s, avg 36.4s, attempt 1)
[OK 236/315] Ukiyo_e/Ukiyo_e__utagawa-kuniyoshi_mountain->Ukiyo_e (29.5s, avg 36.4s, attempt 1)
[OK 237/315] Ukiyo_e/Ukiyo_e__utagawa-kuniyoshi_night-rain-at-narumi->Early_Renaissance (31.3s, avg 36.3s, attempt 1)
[OK 238/315] Ukiyo_e/Ukiyo_e__utagawa-kuniyoshi_night-rain-at-narumi->Minimalism (32.2s, avg 36.3s, attempt 1)
[OK 239/315] Ukiyo_e/Ukiyo_e__utagawa-kuniyoshi_night-rain-at-narumi->Impressionism (38.8s, avg 36.3s, attempt 1)
[OK 240/315] Ukiyo_e/Ukiyo_e__utagawa-kuniyoshi_night-rain-at-narumi->Rococo (32.1s, avg 36.3s, attempt 1)
[OK 241/315] Ukiyo_e/Ukiyo_e__utagawa-kuniyoshi_night-rain-at-narumi->Ukiyo_e (28.5s, avg 36.3s, attempt 1)
[OK 242/315] Ukiyo_e/Ukiyo_e__utagawa-kuniyoshi_prince-hanzoku-terrorised-by-a-nine-tailed-fox->Minimalism (51.0s, avg 36.3s, attempt 1)
[OK 243/315] Ukiyo_e/Ukiyo_e__utagawa-kuniyoshi_prince-hanzoku-terrorised-by-a-nine-tailed-fox->Impressionism (58.2s, avg 36.4s, attempt 1)
[OK 244/315] Ukiyo_e/Ukiyo_e__utagawa-kuniyoshi_prince-hanzoku-terrorised-by-a-nine-tailed-fox->Early_Renaissance (58.6s, avg 36.5s, attempt 1)
[OK 245/315] Ukiyo_e/Ukiyo_e__utagawa-kuniyoshi_prince-hanzoku-terrorised-by-a-nine-tailed-fox->Rococo (49.5s, avg 36.6s, attempt 1)
[OK 246/315] Ukiyo_e/Ukiyo_e__utagawa-kuniyoshi_prince-hanzoku-terrorised-by-a-nine-tailed-fox->Ukiyo_e (73.1s, avg 36.7s, attempt 1)
[OK 247/315] Ukiyo_e/Ukiyo_e__utagawa-kuniyoshi_stingrays->Early_Renaissance (66.9s, avg 36.8s, attempt 2)
[OK 248/315] Ukiyo_e/Ukiyo_e__utagawa-kuniyoshi_stingrays->Impressionism (67.0s, avg 37.0s, attempt 2)
[OK 249/315] Ukiyo_e/Ukiyo_e__utagawa-kuniyoshi_stingrays->Rococo (73.3s, avg 37.1s, attempt 2)
[OK 250/315] Ukiyo_e/Ukiyo_e__utagawa-kuniyoshi_stingrays->Minimalism (65.7s, avg 37.2s, attempt 3)
[OK 251/315] Ukiyo_e/Ukiyo_e__utagawa-kuniyoshi_the-actor-6->Early_Renaissance (68.7s, avg 37.3s, attempt 1)
[OK 252/315] Ukiyo_e/Ukiyo_e__utagawa-kuniyoshi_the-actor-6->Impressionism (71.5s, avg 37.5s, attempt 1)
[OK 253/315] Ukiyo_e/Ukiyo_e__utagawa-kuniyoshi_the-actor-6->Minimalism (70.2s, avg 37.6s, attempt 1)
[FAIL 20] Ukiyo_e/Ukiyo_e__utagawa-kuniyoshi_stingrays->Ukiyo_e -> -1:<urlopen error [SSL: UNEXPECTED_EOF_WHILE_READING] EOF occurred in violation of protocol (_ssl.c:1000)>
[FAIL 21] Ukiyo_e/Ukiyo_e__utagawa-kuniyoshi_the-actor-6->Rococo -> -1:Remote end closed connection without response
[FAIL 22] Ukiyo_e/Ukiyo_e__utagawa-kuniyoshi_the-death-of-nitta-yoshioki-at-the-yaguchi-ferry->Early_Renaissance -> -1:Remote end closed connection without response
[FAIL 23] Ukiyo_e/Ukiyo_e__utagawa-kuniyoshi_the-actor-6->Ukiyo_e -> -1:Remote end closed connection without response
[FAIL 24] Ukiyo_e/Ukiyo_e__utagawa-kuniyoshi_the-death-of-nitta-yoshioki-at-the-yaguchi-ferry->Impressionism -> -1:Remote end closed connection without response
[OK 254/315] Ukiyo_e/Ukiyo_e__utagawa-kuniyoshi_the-death-of-nitta-yoshioki-at-the-yaguchi-ferry->Minimalism (46.0s, avg 37.6s, attempt 2)
[OK 255/315] Ukiyo_e/Ukiyo_e__utagawa-kuniyoshi_the-female-demond-1->Early_Renaissance (61.6s, avg 37.7s, attempt 2)
[FAIL 25] Ukiyo_e/Ukiyo_e__utagawa-kuniyoshi_the-death-of-nitta-yoshioki-at-the-yaguchi-ferry->Ukiyo_e -> -1:Remote end closed connection without response
[FAIL 26] Ukiyo_e/Ukiyo_e__utagawa-kuniyoshi_the-death-of-nitta-yoshioki-at-the-yaguchi-ferry->Rococo -> -1:Remote end closed connection without response
[OK 256/315] Ukiyo_e/Ukiyo_e__utagawa-kuniyoshi_the-female-demond-1->Impressionism (61.0s, avg 37.8s, attempt 2)
[OK 257/315] Ukiyo_e/Ukiyo_e__utagawa-kuniyoshi_the-female-demond-1->Ukiyo_e (34.8s, avg 37.8s, attempt 1)
[OK 258/315] Ukiyo_e/Ukiyo_e__utagawa-kuniyoshi_the-female-demond-1->Minimalism (41.9s, avg 37.8s, attempt 1)
[OK 259/315] Ukiyo_e/Ukiyo_e__utagawa-kuniyoshi_the-female-demond-1->Rococo (38.7s, avg 37.8s, attempt 1)
[OK 260/315] Ukiyo_e/Ukiyo_e__utagawa-kuniyoshi_the-hundred-and-eight-heroes-of-the-popular-suikoden-2->Early_Renaissance (33.1s, avg 37.8s, attempt 1)
[OK 261/315] Ukiyo_e/Ukiyo_e__utagawa-kuniyoshi_the-hundred-and-eight-heroes-of-the-popular-suikoden-2->Impressionism (44.7s, avg 37.8s, attempt 2)
[OK 262/315] Ukiyo_e/Ukiyo_e__utagawa-kuniyoshi_the-hundred-and-eight-heroes-of-the-popular-suikoden-2->Minimalism (46.9s, avg 37.9s, attempt 2)
[OK 263/315] Ukiyo_e/Ukiyo_e__utagawa-kuniyoshi_the-hundred-and-eight-heroes-of-the-popular-suikoden-2->Rococo (46.5s, avg 37.9s, attempt 2)
[OK 264/315] Ukiyo_e/Ukiyo_e__utagawa-kuniyoshi_the-hundred-and-eight-heroes-of-the-popular-suikoden-2->Ukiyo_e (47.4s, avg 37.9s, attempt 2)
[OK 265/315] Ukiyo_e/Ukiyo_e__utagawa-kuniyoshi_two-kamuro-waiting-for-a-courtesan->Impressionism (53.0s, avg 38.0s, attempt 1)
[OK 266/315] Ukiyo_e/Ukiyo_e__utagawa-kuniyoshi_two-kamuro-waiting-for-a-courtesan->Early_Renaissance (55.4s, avg 38.1s, attempt 1)
[OK 267/315] Ukiyo_e/Ukiyo_e__utagawa-kuniyoshi_two-kamuro-waiting-for-a-courtesan->Minimalism (53.7s, avg 38.1s, attempt 1)
[OK 268/315] Ukiyo_e/Ukiyo_e__utagawa-kuniyoshi_two-kamuro-waiting-for-a-courtesan->Rococo (56.9s, avg 38.2s, attempt 1)
[OK 269/315] Ukiyo_e/Ukiyo_e__utagawa-kuniyoshi_two-kamuro-waiting-for-a-courtesan->Ukiyo_e (34.0s, avg 38.2s, attempt 1)
[OK 270/315] Ukiyo_e/Ukiyo_e__utagawa-kuniyoshi_woman-doing-her-laundry-in-the-river->Minimalism (36.1s, avg 38.2s, attempt 1)
[OK 271/315] Ukiyo_e/Ukiyo_e__utagawa-kuniyoshi_woman-doing-her-laundry-in-the-river->Early_Renaissance (42.5s, avg 38.2s, attempt 1)
[OK 272/315] Ukiyo_e/Ukiyo_e__utagawa-kuniyoshi_woman-doing-her-laundry-in-the-river->Impressionism (63.0s, avg 38.3s, attempt 1)
[OK 273/315] Ukiyo_e/Ukiyo_e__utagawa-kuniyoshi_woman-samurai->Early_Renaissance (58.2s, avg 38.4s, attempt 1)
[OK 274/315] Ukiyo_e/Ukiyo_e__utagawa-kuniyoshi_woman-doing-her-laundry-in-the-river->Rococo (73.2s, avg 38.5s, attempt 1)
[OK 275/315] Ukiyo_e/Ukiyo_e__utagawa-kuniyoshi_woman-samurai->Impressionism (44.6s, avg 38.5s, attempt 1)
[OK 276/315] Ukiyo_e/Ukiyo_e__utagawa-kuniyoshi_woman-doing-her-laundry-in-the-river->Ukiyo_e (70.4s, avg 38.6s, attempt 1)
[OK 277/315] Ukiyo_e/Ukiyo_e__utagawa-toyokuni-ii_view-of-mountains-of-awa-province-from-tsurugaoka-near-kamakura->Early_Renaissance (31.1s, avg 38.6s, attempt 1)
[OK 278/315] Ukiyo_e/Ukiyo_e__utagawa-kuniyoshi_woman-samurai->Rococo (37.6s, avg 38.6s, attempt 1)
[OK 279/315] Ukiyo_e/Ukiyo_e__utagawa-kuniyoshi_woman-samurai->Ukiyo_e (38.4s, avg 38.6s, attempt 1)
[OK 280/315] Ukiyo_e/Ukiyo_e__utagawa-kuniyoshi_woman-samurai->Minimalism (53.0s, avg 38.6s, attempt 1)
[OK 281/315] Ukiyo_e/Ukiyo_e__utagawa-toyokuni-ii_view-of-mountains-of-awa-province-from-tsurugaoka-near-kamakura->Rococo (27.6s, avg 38.6s, attempt 1)
[OK 282/315] Ukiyo_e/Ukiyo_e__utagawa-toyokuni-ii_view-of-mountains-of-awa-province-from-tsurugaoka-near-kamakura->Minimalism (31.6s, avg 38.6s, attempt 1)
[OK 283/315] Ukiyo_e/Ukiyo_e__utagawa-toyokuni-ii_view-of-mountains-of-awa-province-from-tsurugaoka-near-kamakura->Impressionism (33.3s, avg 38.6s, attempt 1)
[OK 284/315] Ukiyo_e/Ukiyo_e__utagawa-toyokuni-ii_view-of-mountains-of-awa-province-from-tsurugaoka-near-kamakura->Ukiyo_e (30.5s, avg 38.5s, attempt 1)
[OK 285/315] Ukiyo_e/Ukiyo_e__utagawa-toyokuni_actor-bando-mitsugoro-iii-as-ko-no-moronao-1814->Impressionism (31.8s, avg 38.5s, attempt 1)
[OK 286/315] Ukiyo_e/Ukiyo_e__utagawa-toyokuni_actor-bando-mitsugoro-iii-as-ko-no-moronao-1814->Early_Renaissance (32.4s, avg 38.5s, attempt 1)
[OK 287/315] Ukiyo_e/Ukiyo_e__utagawa-toyokuni_actor-bando-mitsugoro-iii-as-ko-no-moronao-1814->Minimalism (38.7s, avg 38.5s, attempt 1)
[OK 288/315] Ukiyo_e/Ukiyo_e__utagawa-toyokuni_actor-bando-mitsugoro-iii-as-ko-no-moronao-1814->Rococo (37.8s, avg 38.5s, attempt 1)
[OK 289/315] Ukiyo_e/Ukiyo_e__utagawa-toyokuni_actor-bando-mitsugoro-iii-as-ko-no-moronao-1814->Ukiyo_e (33.8s, avg 38.5s, attempt 1)
=== DONE: 289 ok, 26 failed, wall 4682.9s, avg req 38.5s ===
manifest updated: G:\GitHub\Latent_Style\SchrodingerBridge\results\R5-WikiArt\seedream\seedream_manifest.csv rows: 750
