[S2WAT EVAL] base -> G:\GitHub\Latent_Style\Related_Works\run_511\outputs\s2wat_750_strict\infer_750\eval_protocol750_sbmatch.json
Evaluating: G:\GitHub\Latent_Style\Related_Works\run_511\outputs\s2wat_750_strict\infer_750\images
  Loading LPIPS...
Setting up [LPIPS] perceptual loss: trunk [vgg], v[0.1], spatial [off]
Loading model from: C:\Users\xy\AppData\Local\Programs\Python\Python312\Lib\site-packages\lpips\weights\v0.1\vgg.pth
  Loading CLIP...
  Found 750 images, per target: photo=150, monet=150, vangogh=150, cezanne=150, Hayao=150
  photo: n=150  LPIPS=0.5259  CLIP-s=0.7027  CLIP-c=0.7585
  monet: n=150  LPIPS=0.4744  CLIP-s=0.7095  CLIP-c=0.8013
  vangogh: n=150  LPIPS=0.5217  CLIP-s=0.7501  CLIP-c=0.7540
  cezanne: n=150  LPIPS=0.5041  CLIP-s=0.7304  CLIP-c=0.7684
  Hayao: n=150  LPIPS=0.6054  CLIP-s=0.6770  CLIP-c=0.6504

  OVERALL: n=750  LPIPS=0.5263  CLIP-s=0.7139  CLIP-c=0.7465

Saved: G:\GitHub\Latent_Style\Related_Works\run_511\outputs\s2wat_750_strict\infer_750\eval_protocol750_sbmatch.json
[S2WAT EVAL] guard -> G:\GitHub\Latent_Style\Related_Works\run_511\outputs\s2wat_750_strict\infer_750\eval_guard750.json
G:\GitHub\Latent_Style\Related_Works\run_511\outputs\s2wat_750_strict\infer_750\eval_guard750.json
G:\GitHub\Latent_Style\Related_Works\run_511\outputs\s2wat_750_strict\infer_750\eval_guard750.csv
{
  "target": "ALL",
  "images": 750,
  "ssim_y": 0.507,
  "edge_f1": 0.2574,
  "edge_iou": 0.1485,
  "edge_precision": 0.3116,
  "edge_recall": 0.2327,
  "extra_edge_rate": 0.0776,
  "edge_density_ratio": 0.8264,
  "hf_ratio_src": 0.7944,
  "hf_ratio_style": 0.7078,
  "tv_ratio_src": 0.7067,
  "tv_ratio_style": 0.6501,
  "noise_residual": 0.0109,
  "noise_ratio_src": 0.9017,
  "noise_ratio_style": 0.9016,
  "lap_var_ratio_src": 0.7145,
  "lap_var_ratio_style": 0.4269,
  "edge_density": 0.1476,
  "blockiness": 1.1296,
  "hf_gen": 0.2163,
  "raw_style_clip": 0.7139,
  "blur_style_clip": 0.7269,
  "down_style_clip": 0.7231,
  "blur_style_drop": -0.013,
  "down_style_drop": -0.0092,
  "chroma_speckle": 0.5215,
  "chroma_speckle_z": -0.4523,
  "flat_chroma_hf": 0.8942,
  "flat_chroma_hf_z": -0.5766
}
[S2WAT SUMMARY] G:\GitHub\Latent_Style\Related_Works\run_511\outputs\s2wat_750_strict\summary.json
