

=== CMD ===
C:\Users\xy\AppData\Local\Programs\Python\Python312\python.exe -c import os, sys; repo='G:\\GitHub\\Latent_Style\\Related_Works\\run_511\\repos\\AesFA'; os.chdir(repo); sys.path.insert(0, repo); from Config import Config; Config.phase='train'; Config.train_continue='off'; Config.data_num=4; Config.content_dir='G:\\GitHub\\Latent_Style\\Related_Works\\run_511\\outputs\\review_baseline_suite_smoke3\\aesfa\\datasets\\aesfa_content'; Config.style_dir='G:\\GitHub\\Latent_Style\\Related_Works\\run_511\\outputs\\review_baseline_suite_smoke3\\aesfa\\datasets\\aesfa_style'; Config.file_n='run511'; Config.log_dir='G:\\GitHub\\Latent_Style\\Related_Works\\run_511\\outputs\\review_baseline_suite_smoke3\\aesfa\\tb_logs\\aesfa'; Config.ckpt_dir='G:\\GitHub\\Latent_Style\\Related_Works\\run_511\\outputs\\review_baseline_suite_smoke3\\aesfa\\checkpoints\\aesfa'; Config.img_dir='G:\\GitHub\\Latent_Style\\Related_Works\\run_511\\outputs\\review_baseline_suite_smoke3\\aesfa\\preview\\aesfa'; Config.vgg_model='G:\\GitHub\\Latent_Style\\Related_Works\\run_511\\repos\\AesFA\\vgg_normalised.pth'; Config.n_iter=1; Config.save_interval=1; Config.batch_size=2; Config.num_workers=0; Config.load_size=256; Config.crop_size=256; import train; train.main()
G:\GitHub\Latent_Style\Related_Works\run_511\repos\AesFA\train.py:105: UserWarning: Converting a tensor with requires_grad=True to a scalar may lead to unexpected behavior.
Consider using tensor.detach() first. (Triggered internally at C:\actions-runner\_work\pytorch\pytorch\pytorch\torch\csrc\autograd\generated\python_variable_methods.cpp:837.)
  print("Tot_itrs: %d/%d | Epoch: %d | itr: %d/%d | Loss_G: %.5f"%(tot_itr+1, config.n_iter, epoch+1, (i+1), len(data_loader_train), train_dict['G_loss']))
cuda: cpu
Version: run511
content dir: G:\GitHub\Latent_Style\Related_Works\run_511\outputs\review_baseline_suite_smoke3\aesfa\datasets\aesfa_content/train
style dir: G:\GitHub\Latent_Style\Related_Works\run_511\outputs\review_baseline_suite_smoke3\aesfa\datasets\aesfa_style/train
Train:  4 images:  2 x 2 (batch size) = 4
# of parameter: 6726575
parameters of networks: {'netE': 825728, 'netS': 825728, 'netG': 1569379, 'vgg_loss': 3505740}
Tot_itrs: 1/1 | Epoch: 1 | itr: 1/2 | Loss_G: 1033.48987
1 th iteration model save
learning rate = 0.0001000
learning rate = 0.0001000
learning rate = 0.0001000
Tot_itrs: 2/1 | Epoch: 2 | itr: 1/2 | Loss_G: 751.81927
2 th iteration model save
learning rate = 0.0001000
learning rate = 0.0001000
learning rate = 0.0001000
