This is pdfTeX, Version 3.141592653-2.6-1.40.29 (TeX Live 2026) (preloaded format=pdflatex 2026.4.11)  8 JUN 2026 14:56
entering extended mode
 restricted \write18 enabled.
 %&-line parsing enabled.
**supplement_aaai2027.tex
(./supplement_aaai2027.tex
LaTeX2e <2025-11-01>
L3 programming layer <2026-01-19>
(c:/texlive/2026/texmf-dist/tex/latex/base/article.cls
Document Class: article 2025/01/22 v1.4n Standard LaTeX document class
(c:/texlive/2026/texmf-dist/tex/latex/base/size10.clo
File: size10.clo 2025/01/22 v1.4n Standard LaTeX file (size option)
)
\c@part=\count275
\c@section=\count276
\c@subsection=\count277
\c@subsubsection=\count278
\c@paragraph=\count279
\c@subparagraph=\count280
\c@figure=\count281
\c@table=\count282
\abovecaptionskip=\skip49
\belowcaptionskip=\skip50
\bibindent=\dimen148
) (./aaai2027.sty
Package: aaai2027 2027/05/04 AAAI 2027 Submission format

Conference Style for AAAI for LaTeX 2e
(c:/texlive/2026/texmf-dist/tex/generic/iftex/iftex.sty
Package: iftex 2024/12/12 v1.0g TeX engine tests
)
(c:/texlive/2026/texmf-dist/tex/latex/base/fontenc.sty
Package: fontenc 2025/07/18 v2.1d Standard LaTeX package
)
(c:/texlive/2026/texmf-dist/tex/latex/newtx/newtxtext.sty
Package: newtxtext 2024/04/01 v1.744(Michael Sharpe) latex and unicode latex su
pport for TeXGyreTermesX

`newtxtext' v1.744, 2024/04/01 Text macros taking advantage of TeXGyre Termes a
nd its extensions (msharpe)
(c:/texlive/2026/texmf-dist/tex/latex/xpatch/xpatch.sty
(c:/texlive/2026/texmf-dist/tex/latex/l3kernel/expl3.sty
Package: expl3 2026-01-19 L3 programming layer (loader) 

(c:/texlive/2026/texmf-dist/tex/latex/l3backend/l3backend-pdftex.def
File: l3backend-pdftex.def 2025-10-09 L3 backend support: PDF output (pdfTeX)
\l__color_backend_stack_int=\count283
))
Package: xpatch 2020/03/25 v0.3a Extending etoolbox patching commands

(c:/texlive/2026/texmf-dist/tex/latex/l3packages/xparse/xparse.sty
Package: xparse 2025-10-09 L3 Experimental document command parser
)
(c:/texlive/2026/texmf-dist/tex/latex/etoolbox/etoolbox.sty
Package: etoolbox 2025/10/02 v2.5m e-TeX tools for LaTeX (JAW)
\etb@tempcnta=\count284
))
(c:/texlive/2026/texmf-dist/tex/latex/xcolor/xcolor.sty
Package: xcolor 2024/09/29 v3.02 LaTeX color extensions (UK)

(c:/texlive/2026/texmf-dist/tex/latex/graphics-cfg/color.cfg
File: color.cfg 2016/01/02 v1.6 sample color configuration
)
Package xcolor Info: Driver file: pdftex.def on input line 274.

(c:/texlive/2026/texmf-dist/tex/latex/graphics-def/pdftex.def
File: pdftex.def 2025/09/29 v1.2d Graphics/color driver for pdftex
)
(c:/texlive/2026/texmf-dist/tex/latex/graphics/mathcolor.ltx)
Package xcolor Info: Model `cmy' substituted by `cmy0' on input line 1349.
Package xcolor Info: Model `hsb' substituted by `rgb' on input line 1353.
Package xcolor Info: Model `RGB' extended on input line 1365.
Package xcolor Info: Model `HTML' substituted by `rgb' on input line 1367.
Package xcolor Info: Model `Hsb' substituted by `hsb' on input line 1368.
Package xcolor Info: Model `tHsb' substituted by `hsb' on input line 1369.
Package xcolor Info: Model `HSB' substituted by `hsb' on input line 1370.
Package xcolor Info: Model `Gray' substituted by `gray' on input line 1371.
Package xcolor Info: Model `wave' substituted by `hsb' on input line 1372.
)
(c:/texlive/2026/texmf-dist/tex/latex/xkeyval/xkeyval.sty
Package: xkeyval 2025/11/04 v2.10 package option processing (HA)

(c:/texlive/2026/texmf-dist/tex/generic/xkeyval/xkeyval.tex
(c:/texlive/2026/texmf-dist/tex/generic/xkeyval/xkvutils.tex
\XKV@toks=\toks17
\XKV@tempa@toks=\toks18
\XKV@tempb@toks=\toks19

(c:/texlive/2026/texmf-dist/tex/generic/xkeyval/keyval.tex))
\XKV@depth=\count285
File: xkeyval.tex 2014/12/03 v2.7a key=value parser (HA)
))
(c:/texlive/2026/texmf-dist/tex/latex/base/textcomp.sty
Package: textcomp 2024/04/24 v2.1b Standard LaTeX package
)
(c:/texlive/2026/texmf-dist/tex/generic/xstring/xstring.sty
(c:/texlive/2026/texmf-dist/tex/generic/xstring/xstring.tex
\xs_counta=\count286
\xs_countb=\count287
)
Package: xstring 2023/08/22 v1.86 String manipulations (CT)
)
(c:/texlive/2026/texmf-dist/tex/latex/base/ifthen.sty
Package: ifthen 2024/03/16 v1.1e Standard LaTeX ifthen package (DPC)
)
(c:/texlive/2026/texmf-dist/tex/latex/carlisle/scalefnt.sty)
LaTeX Font Info:    Setting ntxLF sub-encoding to TS1/0 on input line 24.
LaTeX Font Info:    Setting ntxTLF sub-encoding to TS1/0 on input line 24.
LaTeX Font Info:    Setting ntxOsF sub-encoding to TS1/0 on input line 24.
LaTeX Font Info:    Setting ntxTOsF sub-encoding to TS1/0 on input line 24.

(c:/texlive/2026/texmf-dist/tex/generic/kastrup/binhex.tex)
\ntx@tmpcnta=\count288
\ntx@cnt=\count289

(c:/texlive/2026/texmf-dist/tex/latex/fontaxes/fontaxes.sty
Package: fontaxes 2026-01-02 v2.0.2 Font selection axes (deprecated)
Applying: [2024-11-01] Use figureversions if present on input line 74.

(c:/texlive/2026/texmf-dist/tex/latex/figureversions/figureversions.sty
Package: figureversions 2025-04-29 v1.0.1 Figure versions
)
Already applied: [0000-00-00] Fall back to v1 on input line 76.
)
\tx@sixem=\dimen149
\tx@y=\dimen150
\tx@x=\dimen151
\tx@tmpdima=\dimen152
\tx@tmpdimb=\dimen153
\tx@tmpdimc=\dimen154
\tx@tmpdimd=\dimen155
\tx@tmpdime=\dimen156
\tx@tmpdimf=\dimen157
\tx@dimA=\dimen158
\tx@dimAA=\dimen159
\tx@dimB=\dimen160
\tx@dimBB=\dimen161
\tx@dimC=\dimen162
LaTeX Info: Redefining \oldstylenums on input line 902.
)
(c:/texlive/2026/texmf-dist/tex/latex/psnfss/helvet.sty
Package: helvet 2020/03/25 PSNFSS-v9.3 (WaS) 
)
(c:/texlive/2026/texmf-dist/tex/latex/psnfss/courier.sty
Package: courier 2020/03/25 PSNFSS-v9.3 (WaS) 
)
(c:/texlive/2026/texmf-dist/tex/latex/placeins/placeins.sty
Package: placeins 2005/04/18  v 2.2
)
\titlebox=\skip51
\aaai@thanksins=\insert252
\aaai@copyrightins=\insert251
)
(c:/texlive/2026/texmf-dist/tex/latex/url/url.sty
\Urlmuskip=\muskip17
Package: url 2013/09/16  ver 3.4  Verb mode for urls, etc.
)
(c:/texlive/2026/texmf-dist/tex/latex/graphics/graphicx.sty
Package: graphicx 2024/12/31 v1.2e Enhanced LaTeX Graphics (DPC,SPQR)

(c:/texlive/2026/texmf-dist/tex/latex/graphics/graphics.sty
Package: graphics 2024/08/06 v1.4g Standard LaTeX Graphics (DPC,SPQR)

(c:/texlive/2026/texmf-dist/tex/latex/graphics/trig.sty
Package: trig 2023/12/02 v1.11 sin cos tan (DPC)
)
(c:/texlive/2026/texmf-dist/tex/latex/graphics-cfg/graphics.cfg
File: graphics.cfg 2016/06/04 v1.11 sample graphics configuration
)
Package graphics Info: Driver file: pdftex.def on input line 106.
)
\Gin@req@height=\dimen163
\Gin@req@width=\dimen164
)
(c:/texlive/2026/texmf-dist/tex/latex/booktabs/booktabs.sty
Package: booktabs 2020/01/12 v1.61803398 Publication quality tables
\heavyrulewidth=\dimen165
\lightrulewidth=\dimen166
\cmidrulewidth=\dimen167
\belowrulesep=\dimen168
\belowbottomsep=\dimen169
\aboverulesep=\dimen170
\abovetopsep=\dimen171
\cmidrulesep=\dimen172
\cmidrulekern=\dimen173
\defaultaddspace=\dimen174
\@cmidla=\count290
\@cmidlb=\count291
\@aboverulesep=\dimen175
\@belowrulesep=\dimen176
\@thisruleclass=\count292
\@lastruleclass=\count293
\@thisrulewidth=\dimen177
)
(c:/texlive/2026/texmf-dist/tex/latex/tools/longtable.sty
Package: longtable 2025-10-13 v4.24 Multi-page Table package (DPC)
\LTleft=\skip52
\LTright=\skip53
\LTpre=\skip54
\LTpost=\skip55
\LTchunksize=\count294
\LTcapwidth=\dimen178
\LT@head=\box53
\LT@firsthead=\box54
\LT@foot=\box55
\LT@lastfoot=\box56
\LT@gbox=\box57
\LT@cols=\count295
\LT@rows=\count296
\c@LT@tables=\count297
\c@LT@chunks=\count298
\LT@p@ftn=\toks20
)
(c:/texlive/2026/texmf-dist/tex/latex/amsmath/amsmath.sty
Package: amsmath 2025/07/09 v2.17z AMS math features
\@mathmargin=\skip56

For additional information on amsmath, use the `?' option.
(c:/texlive/2026/texmf-dist/tex/latex/amsmath/amstext.sty
Package: amstext 2024/11/17 v2.01 AMS text

(c:/texlive/2026/texmf-dist/tex/latex/amsmath/amsgen.sty
File: amsgen.sty 1999/11/30 v2.0 generic functions
\@emptytoks=\toks21
\ex@=\dimen179
))
(c:/texlive/2026/texmf-dist/tex/latex/amsmath/amsbsy.sty
Package: amsbsy 1999/11/29 v1.2d Bold Symbols
\pmbraise@=\dimen180
)
(c:/texlive/2026/texmf-dist/tex/latex/amsmath/amsopn.sty
Package: amsopn 2022/04/08 v2.04 operator names
)
\inf@bad=\count299
LaTeX Info: Redefining \frac on input line 233.
\uproot@=\count300
\leftroot@=\count301
LaTeX Info: Redefining \overline on input line 398.
LaTeX Info: Redefining \colon on input line 409.
\classnum@=\count302
\DOTSCASE@=\count303
LaTeX Info: Redefining \ldots on input line 495.
LaTeX Info: Redefining \dots on input line 498.
LaTeX Info: Redefining \cdots on input line 619.
\Mathstrutbox@=\box58
\strutbox@=\box59
LaTeX Info: Redefining \big on input line 721.
LaTeX Info: Redefining \Big on input line 722.
LaTeX Info: Redefining \bigg on input line 723.
LaTeX Info: Redefining \Bigg on input line 724.
\big@size=\dimen181
LaTeX Font Info:    Redeclaring font encoding OML on input line 742.
LaTeX Font Info:    Redeclaring font encoding OMS on input line 743.
\macc@depth=\count304
LaTeX Info: Redefining \bmod on input line 904.
LaTeX Info: Redefining \pmod on input line 909.
LaTeX Info: Redefining \smash on input line 939.
LaTeX Info: Redefining \relbar on input line 969.
LaTeX Info: Redefining \Relbar on input line 970.
\c@MaxMatrixCols=\count305
\dotsspace@=\muskip18
\c@parentequation=\count306
\dspbrk@lvl=\count307
\tag@help=\toks22
\row@=\count308
\column@=\count309
\maxfields@=\count310
\andhelp@=\toks23
\eqnshift@=\dimen182
\alignsep@=\dimen183
\tagshift@=\dimen184
\tagwidth@=\dimen185
\totwidth@=\dimen186
\lineht@=\dimen187
\@envbody=\toks24
\multlinegap=\skip57
\multlinetaggap=\skip58
\mathdisplay@stack=\toks25
LaTeX Info: Redefining \[ on input line 2950.
LaTeX Info: Redefining \] on input line 2951.
)
LaTeX Font Info:    Trying to load font information for T1+ntxtlf on input line
 16.

(c:/texlive/2026/texmf-dist/tex/latex/newtx/t1ntxtlf.fd
File: t1ntxtlf.fd 2021/05/24 v1.1 font definition file for T1/ntx/tlf
)
LaTeX Font Info:    Font shape `T1/ntxtlf/m/n' will be
(Font)              scaled to size 10.0pt on input line 16.

(./supplement_aaai2027.aux)
\openout1 = `supplement_aaai2027.aux'.

LaTeX Font Info:    Checking defaults for OML/cmm/m/it on input line 16.
LaTeX Font Info:    ... okay on input line 16.
LaTeX Font Info:    Checking defaults for OMS/cmsy/m/n on input line 16.
LaTeX Font Info:    ... okay on input line 16.
LaTeX Font Info:    Checking defaults for OT1/cmr/m/n on input line 16.
LaTeX Font Info:    ... okay on input line 16.
LaTeX Font Info:    Checking defaults for T1/cmr/m/n on input line 16.
LaTeX Font Info:    ... okay on input line 16.
LaTeX Font Info:    Checking defaults for TS1/cmr/m/n on input line 16.
LaTeX Font Info:    ... okay on input line 16.
LaTeX Font Info:    Checking defaults for OMX/cmex/m/n on input line 16.
LaTeX Font Info:    ... okay on input line 16.
LaTeX Font Info:    Checking defaults for U/cmr/m/n on input line 16.
LaTeX Font Info:    ... okay on input line 16.

(c:/texlive/2026/texmf-dist/tex/context/base/mkii/supp-pdf.mkii
[Loading MPS to PDF converter (version 2006.09.02).]
\scratchcounter=\count311
\scratchdimen=\dimen188
\scratchbox=\box60
\nofMPsegments=\count312
\nofMParguments=\count313
\everyMPshowfont=\toks26
\MPscratchCnt=\count314
\MPscratchDim=\dimen189
\MPnumerator=\count315
\makeMPintoPDFobject=\count316
\everyMPtoPDFconversion=\toks27
) (c:/texlive/2026/texmf-dist/tex/latex/epstopdf-pkg/epstopdf-base.sty
Package: epstopdf-base 2020-01-24 v2.11 Base part for package epstopdf

(c:/texlive/2026/texmf-dist/tex/generic/infwarerr/infwarerr.sty
Package: infwarerr 2019/12/03 v1.5 Providing info/warning/error messages (HO)
)
(c:/texlive/2026/texmf-dist/tex/latex/grfext/grfext.sty
Package: grfext 2019/12/03 v1.3 Manage graphics extensions (HO)

(c:/texlive/2026/texmf-dist/tex/generic/kvdefinekeys/kvdefinekeys.sty
Package: kvdefinekeys 2019-12-19 v1.6 Define keys (HO)
))
(c:/texlive/2026/texmf-dist/tex/latex/kvoptions/kvoptions.sty
Package: kvoptions 2022-06-15 v3.15 Key value format for package options (HO)

(c:/texlive/2026/texmf-dist/tex/generic/ltxcmds/ltxcmds.sty
Package: ltxcmds 2023-12-04 v1.26 LaTeX kernel commands for general use (HO)
)
(c:/texlive/2026/texmf-dist/tex/latex/kvsetkeys/kvsetkeys.sty
Package: kvsetkeys 2022-10-05 v1.19 Key value parser (HO)
))
(c:/texlive/2026/texmf-dist/tex/generic/pdftexcmds/pdftexcmds.sty
Package: pdftexcmds 2020-06-27 v0.33 Utility functions of pdfTeX for LuaTeX (HO
)
Package pdftexcmds Info: \pdf@primitive is available.
Package pdftexcmds Info: \pdf@ifprimitive is available.
Package pdftexcmds Info: \pdfdraftmode found.
)
Package epstopdf-base Info: Redefining graphics rule for `.eps' on input line 4
85.
Package grfext Info: Graphics extension search list:
(grfext)             [.pdf,.png,.jpg,.mps,.jpeg,.jbig2,.jb2,.PDF,.PNG,.JPG,.JPE
G,.JBIG2,.JB2,.eps]
(grfext)             \AppendGraphicsExtensions on input line 504.

(c:/texlive/2026/texmf-dist/tex/latex/latexconfig/epstopdf-sys.cfg
File: epstopdf-sys.cfg 2010/07/13 v1.3 Configuration of (r)epstopdf for TeX Liv
e
))
\c@mv@tabular=\count317
\c@mv@boldtabular=\count318
\c@aaai@eqfn=\count319
\c@aaai@corrfn=\count320
\titlearea=\box61
LaTeX Font Info:    Font shape `T1/ntxtlf/m/n' will be
(Font)              scaled to size 14.4pt on input line 17.
LaTeX Font Info:    Font shape `T1/ntxtlf/b/n' will be
(Font)              scaled to size 14.4pt on input line 17.
LaTeX Font Info:    Font shape `T1/ntxtlf/m/n' will be
(Font)              scaled to size 12.0pt on input line 17.
LaTeX Font Info:    Font shape `T1/ntxtlf/b/n' will be
(Font)              scaled to size 12.0pt on input line 17.
\actualheight=\skip59
LaTeX Font Info:    Font shape `T1/ntxtlf/m/n' will be
(Font)              scaled to size 9.0pt on input line 17.
LaTeX Font Info:    Trying to load font information for TS1+ntxtlf on input lin
e 17.

(c:/texlive/2026/texmf-dist/tex/latex/newtx/ts1ntxtlf.fd
File: ts1ntxtlf.fd 2015/01/18 v1.0 fd file for TS1/ntxtlf
)
LaTeX Font Info:    Font shape `TS1/ntxtlf/m/n' will be
(Font)              scaled to size 9.0pt on input line 17.
LaTeX Font Info:    Font shape `TS1/ntxtlf/m/n' will be
(Font)              scaled to size 10.0pt on input line 22.
LaTeX Font Info:    Trying to load font information for T1+pcr on input line 29
.

(c:/texlive/2026/texmf-dist/tex/latex/psnfss/t1pcr.fd
File: t1pcr.fd 2001/06/04 font definitions for T1/pcr.
)
Underfull \hbox (badness 10000) in paragraph at lines 29--30
\T1/ntxtlf/m/n/10 The main split uses five WikiArt do-mains:
 []


Underfull \hbox (badness 10000) in paragraph at lines 29--30
\T1/pcr/m/n/10 Early_Renaissance\T1/ntxtlf/m/n/10 , \T1/pcr/m/n/10 Impressionis
m\T1/ntxtlf/m/n/10 ,
 []


Overfull \hbox (7.60562pt too wide) in paragraph at lines 39--40
[]\T1/pcr/m/n/10 aaai2027/main_point_artifact_ledger.csv 
 []


Overfull \hbox (601.87393pt too wide) in paragraph at lines 47--60
 [][] 
 []


Overfull \hbox (173.28247pt too wide) in paragraph at lines 70--80
 [][] 
 []


Overfull \hbox (7.60562pt too wide) in paragraph at lines 85--86
[]\T1/pcr/m/n/10 tools/compute_targetwise_artfid_fast.py 
 []


Underfull \hbox (badness 7433) in paragraph at lines 92--93
[]\T1/ntxtlf/m/n/10 form per-target Art-FID as $\OT1/cmr/m/n/10 (1 + [][])(1 +
 []


Overfull \hbox (79.60562pt too wide) in paragraph at lines 104--105
[]\T1/pcr/m/n/10 aaai2027/local_eval/lbm_k_e1_artfid_fast_repro.json 
 []


Overfull \hbox (271.60562pt too wide) in paragraph at lines 105--106
[]\T1/pcr/m/n/10 aaai2027/local_eval/lbm_knee_e13_artfid/aggregate_targetwise_a
rtfid_fast_repro.json 
 []


Overfull \hbox (103.60562pt too wide) in paragraph at lines 106--107
[]\T1/pcr/m/n/10 aaai2027/local_eval/lbm_psv2_e13_artfid_fast_repro.json 
 []


Overfull \hbox (25.60562pt too wide) in paragraph at lines 107--108
[]\T1/pcr/m/n/10 aaai2027/tmp_samst_artfid_fast_repro3.json 
 []


Overfull \hbox (319.60562pt too wide) in paragraph at lines 108--109
[]\T1/pcr/m/n/10 aaai2027/local_eval/seedream_repaired750_artfid/aggregate_targ
etwise_artfid_fast_repro.json 
 []


Overfull \hbox (151.60562pt too wide) in paragraph at lines 114--115
[]\T1/pcr/m/n/10 docs/experiments/2026-06-06-faraday-split1-paper-safe-packet.m
d 
 []


Overfull \hbox (151.60562pt too wide) in paragraph at lines 115--116
[]\T1/pcr/m/n/10 docs/experiments/2026-06-06-faraday-split2-paper-safe-packet.m
d 
 []

[1{c:/texlive/2026/texmf-var/fonts/map/pdftex/updmap/pdftex.map}{c:/texlive/202
6/texmf-dist/fonts/enc/dvips/newtx/ntx-ec-tlf.enc}



{c:/texlive/2026/texmf-dist/fonts/enc/dvips/tex-gyre/q-ts1.enc}{c:/texlive/2026
/texmf-dist/fonts/enc/dvips/base/8r.enc}]
Underfull \hbox (badness 1648) in paragraph at lines 128--129
[]\T1/ntxtlf/m/n/10 they do not sup-port broader base-line or artifact-
 []


Overfull \hbox (421.60562pt too wide) in paragraph at lines 134--135
[]\T1/pcr/m/n/10 Related_Works/baseline_pipeline/results/seedream45_api/distinc
t5_512_seedream45_windhub_20260607_repaired750 
 []


Overfull \hbox (243.08554pt too wide) in paragraph at lines 143--144
[]\T1/ntxtlf/m/n/10 replacement map: \T1/pcr/m/n/10 docs/experiments/2026-06-07
-distinct5-seedream45-replacements.json 
 []


Overfull \hbox (43.60562pt too wide) in paragraph at lines 144--145
\T1/pcr/m/n/10 tmp/distinct5_seedream_repaired_eval_20260607 
 []


Overfull \hbox (132.08551pt too wide) in paragraph at lines 157--158
[]\T1/ntxtlf/m/n/10 output check-point: \T1/pcr/m/n/10 aaai2027/distinct5_convn
ext_style_classifier.pt 
 []


Overfull \hbox (166.68552pt too wide) in paragraph at lines 158--159
[]\T1/ntxtlf/m/n/10 output re-port: \T1/pcr/m/n/10 aaai2027/distinct5_convnext_
style_classifier_report.json 
 []


Overfull \hbox (25.60562pt too wide) in paragraph at lines 184--185
[]\T1/pcr/m/n/10 aaai2027/distinct5_nonclip_style_probe.csv 
 []


Overfull \hbox (31.60562pt too wide) in paragraph at lines 185--186
[]\T1/pcr/m/n/10 aaai2027/distinct5_nonclip_style_probe.json 
 []


Overfull \hbox (17.71161pt too wide) in paragraph at lines 192--204
 [][] 
 []


Overfull \hbox (43.60562pt too wide) in paragraph at lines 209--210
[]\T1/pcr/m/n/10 aaai2027/distinct5_idt_bootstrap_extended.csv 
 []


Overfull \hbox (37.60562pt too wide) in paragraph at lines 210--211
[]\T1/pcr/m/n/10 aaai2027/distinct5_idt_bootstrap_extended.md 
 []


Underfull \hbox (badness 5374) in paragraph at lines 215--216
[]\T1/ntxtlf/m/n/10 LBM-Knee e13: $\OT1/cmr/m/n/10 ^^A[] = 0\OML/cmm/m/it/10 :\
OT1/cmr/m/n/10 0702$\T1/ntxtlf/m/n/10 , in-ter-val
 []


Underfull \hbox (badness 4429) in paragraph at lines 216--217
[]\T1/ntxtlf/m/n/10 LBM-PS-v2 e13: $\OT1/cmr/m/n/10 ^^A[] = 0\OML/cmm/m/it/10 :
\OT1/cmr/m/n/10 0901$\T1/ntxtlf/m/n/10 , in-ter-val
 []


Underfull \hbox (badness 10000) in paragraph at lines 217--218
[]\T1/ntxtlf/m/n/10 Seedream-4.5: $\OT1/cmr/m/n/10 ^^A[] = 0\OML/cmm/m/it/10 :\
OT1/cmr/m/n/10 0538$\T1/ntxtlf/m/n/10 , in-ter-val
 []

[2]
Overfull \hbox (7.60562pt too wide) in paragraph at lines 233--234
[]\T1/pcr/m/n/10 tools/compute_targetwise_artfid_fast.py 
 []


Overfull \hbox (13.60562pt too wide) in paragraph at lines 237--238
[]\T1/pcr/m/n/10 tools/compute_distinct5_idt_bootstrap.py 
 []


Overfull \hbox (55.60562pt too wide) in paragraph at lines 239--240
[]\T1/pcr/m/n/10 aaai2027/scripts_gen_distinct5_page1_summary.py 
 []


Overfull \hbox (73.60562pt too wide) in paragraph at lines 240--241
[]\T1/pcr/m/n/10 aaai2027/scripts_gen_distinct5_qualitative_main.py 
 []


Overfull \hbox (27.05559pt too wide) in paragraph at lines 247--248
[]\T1/ntxtlf/m/n/10 output: \T1/pcr/m/n/10 aaai2027/paper_point_param_counts.cs
v 
 []


Underfull \hbox (badness 4673) in paragraph at lines 260--261
\T1/ntxtlf/m/n/10 The cur-rent main-paper qual-i-ta-tive strip uses two
 []


Underfull \hbox (badness 4792) in paragraph at lines 260--261
\T1/ntxtlf/m/n/10 Dis-tinct5 cases that are avail-able across all cur-
 []


Underfull \hbox (badness 2529) in paragraph at lines 260--261
\T1/ntxtlf/m/n/10 rent paper-facing fam-i-lies. For the SaMAM col-
 []


Underfull \hbox (badness 2197) in paragraph at lines 260--261
\T1/ntxtlf/m/n/10 umn, the source im-age is a crop from the ex-ist-
 []


Underfull \hbox (badness 10000) in paragraph at lines 263--266
\T1/pcr/m/n/10 IDT | SaMAM-2250 | SaMST | Seedream-4.5
 []


Underfull \hbox (badness 10000) in paragraph at lines 263--266
\T1/pcr/m/n/10 | LBM-K | LBM-Knee | LBM-PS-v2 | target
 []

<figures/fig_distinct5_qualitative_appendix_a.png, id=18, 1155.31625pt x 369.38
pt>
File: figures/fig_distinct5_qualitative_appendix_a.png Graphic file (type png)
<use figures/fig_distinct5_qualitative_appendix_a.png>
Package pdftex.def Info: figures/fig_distinct5_qualitative_appendix_a.png  used
 on input line 269.
(pdftex.def)             Requested size: 505.89pt x 161.74425pt.
<figures/fig_distinct5_qualitative_appendix_b.png, id=19, 1155.31625pt x 369.38
pt>
File: figures/fig_distinct5_qualitative_appendix_b.png Graphic file (type png)
<use figures/fig_distinct5_qualitative_appendix_b.png>
Package pdftex.def Info: figures/fig_distinct5_qualitative_appendix_b.png  used
 on input line 275.
(pdftex.def)             Requested size: 505.89pt x 161.74425pt.

Overfull \hbox (97.60562pt too wide) in paragraph at lines 290--291
[]\T1/pcr/m/n/10 aaai2027/blind_pairwise_v1/blind_pairwise_manifest.csv 
 []


Overfull \hbox (79.60562pt too wide) in paragraph at lines 291--292
[]\T1/pcr/m/n/10 aaai2027/blind_pairwise_v1/blind_pairwise_rubric.md 
 []


Overfull \hbox (97.60562pt too wide) in paragraph at lines 292--293
[]\T1/pcr/m/n/10 aaai2027/blind_pairwise_v1/exploratory_blind_audit.csv 
 []


Overfull \hbox (91.60562pt too wide) in paragraph at lines 293--294
[]\T1/pcr/m/n/10 aaai2027/blind_pairwise_v1/exploratory_blind_audit.md 
 []


Overfull \hbox (145.60562pt too wide) in paragraph at lines 294--295
[]\T1/pcr/m/n/10 aaai2027/blind_pairwise_v1/exploratory_blind_audit_summary.csv
 
 []


Underfull \hbox (badness 6380) in paragraph at lines 298--299
[]\T1/ntxtlf/m/n/10 Each panel shows \T1/pcr/m/n/10 Source | Candidate A |
 []


Underfull \hbox (badness 10000) in paragraph at lines 304--305
[]\T1/ntxtlf/m/n/10 GPU: \T1/pcr/m/n/10 NVIDIA GeForce RTX 4070 Laptop
 []


Overfull \hbox (88.30553pt too wide) in paragraph at lines 306--307
[]\T1/ntxtlf/m/n/10 package snap-shot: \T1/pcr/m/n/10 aaai2027/local_analysis_r
equirements.txt 
 []


Underfull \hbox (badness 10000) in paragraph at lines 307--308
[]\T1/ntxtlf/m/n/10 environment tem-plate:
 []


Overfull \hbox (7.60562pt too wide) in paragraph at lines 307--308
\T1/pcr/m/n/10 aaai2027/local_analysis_environment.yml 
 []

[3] [4 <./figures/fig_distinct5_qualitative_appendix_a.png (PNG copy)> <./figur
es/fig_distinct5_qualitative_appendix_b.png (PNG copy)>]
(./supplement_aaai2027.aux)
 ***********
LaTeX2e <2025-11-01>
L3 programming layer <2020/03/25>
 ***********
 ) 
Here is how much of TeX's memory you used:
 5526 strings out of 467525
 87669 string characters out of 5423209
 519999 words of memory out of 5000000
 34316 multiletter control sequences out of 15000+600000
 650425 words of font info for 63 fonts, out of 8000000 for 9000
 1141 hyphenation exceptions out of 8191
 89i,8n,91p,479b,281s stack positions out of 10000i,1000n,20000p,200000b,200000s
<c:/texlive/2026/texmf-dist/fonts/type1/public/amsfonts/cm/cmmi10.pfb><c:/tex
live/2026/texmf-dist/fonts/type1/public/amsfonts/cm/cmmi7.pfb><c:/texlive/2026/
texmf-dist/fonts/type1/public/amsfonts/cm/cmr10.pfb><c:/texlive/2026/texmf-dist
/fonts/type1/public/amsfonts/cm/cmr7.pfb><c:/texlive/2026/texmf-dist/fonts/type
1/public/amsfonts/cm/cmsy10.pfb><c:/texlive/2026/texmf-dist/fonts/type1/public/
tex-gyre/qtmr.pfb><c:/texlive/2026/texmf-dist/fonts/type1/urw/courier/ucrr8a.pf
b><c:/texlive/2026/texmf-dist/fonts/type1/public/newtx/ztmb.pfb><c:/texlive/202
6/texmf-dist/fonts/type1/public/newtx/ztmr.pfb>
Output written on supplement_aaai2027.pdf (4 pages, 1113089 bytes).
PDF statistics:
 67 PDF objects out of 1000 (max. 8388607)
 40 compressed objects within 1 object stream
 0 named destinations out of 1000 (max. 500000)
 11 words of extra memory for PDF output out of 10000 (max. 10000000)

