python : 2026-07-08 09:40:50,238 - INFO - Device: cuda
At line:15 char:3613
+ ... pgrep\bin'; python src/run.py --config configs/semantic_swd_musiq/sem ...
+                 ~~~~~~~~~~~~~~~~~~~~~~~~~~~~~~~~~~~~~~~~~~~~~~~~~~~~~~~~~
    + CategoryInfo          : NotSpecified: (2026-07-08 09:4... - Device: cuda:String) [], RemoteException
    + FullyQualifiedErrorId : NativeCommandError
 
2026-07-08 09:40:50,238 - INFO - Seed: 42
2026-07-08 09:40:50,248 - INFO - Loaded latent manifest cache: F:\wikiart_distinct5_samam_512_latents_ema\train\.latent
_cache\packed\manifest.json
2026-07-08 09:40:50,248 - INFO - Loading latent dataset from F:\wikiart_distinct5_samam_512_latents_ema\train
2026-07-08 09:40:50,299 - INFO - Loaded packed latent cache: F:\wikiart_distinct5_samam_512_latents_ema\train\.latent_c
ache\packed\packed\00_Early_Renaissance.pt
2026-07-08 09:40:50,321 - INFO -   style=Early_Renaissance id=0 count=1000
2026-07-08 09:40:50,374 - INFO - Loaded packed latent cache: F:\wikiart_distinct5_samam_512_latents_ema\train\.latent_c
ache\packed\packed\01_Impressionism.pt
2026-07-08 09:40:50,394 - INFO -   style=Impressionism id=1 count=1000
2026-07-08 09:40:50,447 - INFO - Loaded packed latent cache: F:\wikiart_distinct5_samam_512_latents_ema\train\.latent_c
ache\packed\packed\02_Minimalism.pt
2026-07-08 09:40:50,469 - INFO -   style=Minimalism id=2 count=1000
2026-07-08 09:40:50,521 - INFO - Loaded packed latent cache: F:\wikiart_distinct5_samam_512_latents_ema\train\.latent_c
ache\packed\packed\03_Rococo.pt
2026-07-08 09:40:50,542 - INFO -   style=Rococo id=3 count=1000
2026-07-08 09:40:50,593 - INFO - Loaded packed latent cache: F:\wikiart_distinct5_samam_512_latents_ema\train\.latent_c
ache\packed\packed\04_Ukiyo_e.pt
2026-07-08 09:40:50,613 - INFO -   style=Ukiyo_e id=4 count=1000
2026-07-08 09:40:50,730 - INFO - Loaded pairing cache F:\wikiart_distinct5_samam_512_latents_ema\train\.latent_cache\pr
ototype_pairing_top8.pt with 20000 source-target routes
2026-07-08 09:40:50,817 - INFO - Wrote pairing cache to SHM 'ls_pairmp_4f67ca704761a6e5' (20000 routes, 10.6 MB JSON)
2026-07-08 09:40:50,825 - INFO - DataLoader | batch=24 workers=0 shuffle=False pin_memory=False persistent_workers=Fals
e preload_to_gpu=False balanced_target=True pairing_cache=True pairing_mode=rank_stratified rank_schedule=fixed active_
topk=8 min_topk=1 curriculum_epochs=0 rank_power=1.000 topk=8 explore=0.000/0 dual_mix=0.000/0 aux_topk=0
2026-07-08 09:40:50,979 - INFO - Model params: 903,248
2026-07-08 09:40:52,458 - INFO - Active source modules | config_schema=G:\GitHub\Latent_Style\SchrodingerBridge\src\con
fig_schema.py | model=G:\GitHub\Latent_Style\SchrodingerBridge\src\model.py | trainer=G:\GitHub\Latent_Style\Schrodinge
rBridge\src\trainer.py | spectral_bridge620=G:\GitHub\Latent_Style\SchrodingerBridge\src\spectral_bridge620.py | spectr
al_losses620=G:\GitHub\Latent_Style\SchrodingerBridge\src\spectral_losses620.py | blocks620=G:\GitHub\Latent_Style\Schr
odingerBridge\src\blocks620.py | style_encoder620=G:\GitHub\Latent_Style\SchrodingerBridge\src\style_encoder620.py | ut
ils.training=G:\GitHub\Latent_Style\SchrodingerBridge\src\utils\training.py
2026-07-08 09:40:52,502 - INFO - No checkpoint found, start from scratch.
2026-07-08 09:40:52,507 - INFO - Pairing cache epoch=1 active_topk=8 mode=rank_stratified rank_schedule=fixed explore=0
.000/0 dual_mix=0.000/0 aux_topk=0
2026-07-08 09:40:52,507 - INFO - Epoch 1 weight schedule: stage=0 w_content=1.0000 w_style=8.0000 w_style_strength_reg=
0.0000 sigma=0.0200

Epoch 1/5:   0%|          | 0/208 [00:00<?, ?it/s]
Epoch 1/5:   0%|          | 0/208 [00:05<?, ?it/s, curv=0.0000, flow=2.3573, kin=0.0000, loss=11.0915, ot=0.0000, t=0.4
12, tswd=0.6793]
Epoch 1/5:   0%|          | 1/208 [00:05<19:30,  5.66s/it, curv=0.0000, flow=2.3573, kin=0.0000, loss=11.0915, ot=0.000
0, t=0.412, tswd=0.6793]
Epoch 1/5:   1%|          | 2/208 [00:06<10:11,  2.97s/it, curv=0.0000, flow=2.3573, kin=0.0000, loss=11.0915, ot=0.000
0, t=0.412, tswd=0.6793]
Epoch 1/5:   1%|▏         | 3/208 [00:07<07:11,  2.10s/it, curv=0.0000, flow=2.3573, kin=0.0000, loss=11.0915, ot=0.000
0, t=0.412, tswd=0.6793]
Epoch 1/5:   2%|▏         | 4/208 [00:09<05:57,  1.75s/it, curv=0.0000, flow=2.3573, kin=0.0000, loss=11.0915, ot=0.000
0, t=0.412, tswd=0.6793]
Epoch 1/5:   2%|▏         | 5/208 [00:11<06:47,  2.01s/it, curv=0.0000, flow=2.3573, kin=0.0000, loss=11.0915, ot=0.000
0, t=0.412, tswd=0.6793]
Epoch 1/5:   3%|▎         | 6/208 [00:13<07:10,  2.13s/it, curv=0.0000, flow=2.3573, kin=0.0000, loss=11.0915, ot=0.000
0, t=0.412, tswd=0.6793]
Epoch 1/5:   3%|▎         | 7/208 [00:16<07:25,  2.22s/it, curv=0.0000, flow=2.3573, kin=0.0000, loss=11.0915, ot=0.000
0, t=0.412, tswd=0.6793]
Epoch 1/5:   4%|▍         | 8/208 [00:18<07:11,  2.16s/it, curv=0.0000, flow=2.3573, kin=0.0000, loss=11.0915, ot=0.000
0, t=0.412, tswd=0.6793]
Epoch 1/5:   4%|▍         | 9/208 [00:19<06:02,  1.82s/it, curv=0.0000, flow=2.3573, kin=0.0000, loss=11.0915, ot=0.000
0, t=0.412, tswd=0.6793]
Epoch 1/5:   5%|▍         | 10/208 [00:20<05:09,  1.57s/it, curv=0.0000, flow=2.3573, kin=0.0000, loss=11.0915, ot=0.00
00, t=0.412, tswd=0.6793]
Epoch 1/5:   5%|▌         | 11/208 [00:21<04:32,  1.39s/it, curv=0.0000, flow=2.3573, kin=0.0000, loss=11.0915, ot=0.00
00, t=0.412, tswd=0.6793]
Epoch 1/5:   6%|▌         | 12/208 [00:22<04:05,  1.25s/it, curv=0.0000, flow=2.3573, kin=0.0000, loss=11.0915, ot=0.00
00, t=0.412, tswd=0.6793]
Epoch 1/5:   6%|▋         | 13/208 [00:23<03:46,  1.16s/it, curv=0.0000, flow=2.3573, kin=0.0000, loss=11.0915, ot=0.00
00, t=0.412, tswd=0.6793]
Epoch 1/5:   7%|▋         | 14/208 [00:24<03:41,  1.14s/it, curv=0.0000, flow=2.3573, kin=0.0000, loss=11.0915, ot=0.00
00, t=0.412, tswd=0.6793]
Epoch 1/5:   7%|▋         | 15/208 [00:25<03:31,  1.10s/it, curv=0.0000, flow=2.3573, kin=0.0000, loss=11.0915, ot=0.00
00, t=0.412, tswd=0.6793]
Epoch 1/5:   8%|▊         | 16/208 [00:26<03:25,  1.07s/it, curv=0.0000, flow=2.3573, kin=0.0000, loss=11.0915, ot=0.00
00, t=0.412, tswd=0.6793]
Epoch 1/5:   8%|▊         | 17/208 [00:27<03:19,  1.05s/it, curv=0.0000, flow=2.3573, kin=0.0000, loss=11.0915, ot=0.00
00, t=0.412, tswd=0.6793]
Epoch 1/5:   9%|▊         | 18/208 [00:28<03:13,  1.02s/it, curv=0.0000, flow=2.3573, kin=0.0000, loss=11.0915, ot=0.00
00, t=0.412, tswd=0.6793]
Epoch 1/5:   9%|▉         | 19/208 [00:29<03:11,  1.01s/it, curv=0.0000, flow=2.3573, kin=0.0000, loss=11.0915, ot=0.00
00, t=0.412, tswd=0.6793]
Epoch 1/5:   9%|▉         | 19/208 [00:30<03:11,  1.01s/it, curv=0.0000, flow=2.3333, kin=0.0000, loss=11.4518, ot=0.00
00, t=0.501, tswd=0.7048]
Epoch 1/5:  10%|▉         | 20/208 [00:30<03:08,  1.00s/it, curv=0.0000, flow=2.3333, kin=0.0000, loss=11.4518, ot=0.00
00, t=0.501, tswd=0.7048]
Epoch 1/5:  10%|█         | 21/208 [00:31<03:05,  1.01it/s, curv=0.0000, flow=2.3333, kin=0.0000, loss=11.4518, ot=0.00
00, t=0.501, tswd=0.7048]
Epoch 1/5:  11%|█         | 22/208 [00:32<03:02,  1.02it/s, curv=0.0000, flow=2.3333, kin=0.0000, loss=11.4518, ot=0.00
00, t=0.501, tswd=0.7048]
Epoch 1/5:  11%|█         | 23/208 [00:33<03:01,  1.02it/s, curv=0.0000, flow=2.3333, kin=0.0000, loss=11.4518, ot=0.00
00, t=0.501, tswd=0.7048]
Epoch 1/5:  12%|█▏        | 24/208 [00:34<02:59,  1.03it/s, curv=0.0000, flow=2.3333, kin=0.0000, loss=11.4518, ot=0.00
00, t=0.501, tswd=0.7048]
Epoch 1/5:  12%|█▏        | 25/208 [00:35<03:02,  1.01it/s, curv=0.0000, flow=2.3333, kin=0.0000, loss=11.4518, ot=0.00
00, t=0.501, tswd=0.7048]
Epoch 1/5:  12%|█▎        | 26/208 [00:36<03:00,  1.01it/s, curv=0.0000, flow=2.3333, kin=0.0000, loss=11.4518, ot=0.00
00, t=0.501, tswd=0.7048]
Epoch 1/5:  13%|█▎        | 27/208 [00:37<02:58,  1.01it/s, curv=0.0000, flow=2.3333, kin=0.0000, loss=11.4518, ot=0.00
00, t=0.501, tswd=0.7048]
Epoch 1/5:  13%|█▎        | 28/208 [00:38<02:56,  1.02it/s, curv=0.0000, flow=2.3333, kin=0.0000, loss=11.4518, ot=0.00
00, t=0.501, tswd=0.7048]
Epoch 1/5:  14%|█▍        | 29/208 [00:39<02:55,  1.02it/s, curv=0.0000, flow=2.3333, kin=0.0000, loss=11.4518, ot=0.00
00, t=0.501, tswd=0.7048]
Epoch 1/5:  14%|█▍        | 30/208 [00:39<02:52,  1.03it/s, curv=0.0000, flow=2.3333, kin=0.0000, loss=11.4518, ot=0.00
00, t=0.501, tswd=0.7048]
Epoch 1/5:  15%|█▍        | 31/208 [00:40<02:49,  1.04it/s, curv=0.0000, flow=2.3333, kin=0.0000, loss=11.4518, ot=0.00
00, t=0.501, tswd=0.7048]
Epoch 1/5:  15%|█▌        | 32/208 [00:42<02:56,  1.00s/it, curv=0.0000, flow=2.3333, kin=0.0000, loss=11.4518, ot=0.00
00, t=0.501, tswd=0.7048]
Epoch 1/5:  16%|█▌        | 33/208 [00:43<02:54,  1.01it/s, curv=0.0000, flow=2.3333, kin=0.0000, loss=11.4518, ot=0.00
00, t=0.501, tswd=0.7048]
Epoch 1/5:  16%|█▋        | 34/208 [00:44<02:54,  1.00s/it, curv=0.0000, flow=2.3333, kin=0.0000, loss=11.4518, ot=0.00
00, t=0.501, tswd=0.7048]
Epoch 1/5:  17%|█▋        | 35/208 [00:45<02:51,  1.01it/s, curv=0.0000, flow=2.3333, kin=0.0000, loss=11.4518, ot=0.00
00, t=0.501, tswd=0.7048]
Epoch 1/5:  17%|█▋        | 36/208 [00:45<02:48,  1.02it/s, curv=0.0000, flow=2.3333, kin=0.0000, loss=11.4518, ot=0.00
00, t=0.501, tswd=0.7048]
Epoch 1/5:  18%|█▊        | 37/208 [00:47<02:51,  1.00s/it, curv=0.0000, flow=2.3333, kin=0.0000, loss=11.4518, ot=0.00
00, t=0.501, tswd=0.7048]
Epoch 1/5:  18%|█▊        | 38/208 [00:48<02:50,  1.01s/it, curv=0.0000, flow=2.3333, kin=0.0000, loss=11.4518, ot=0.00
00, t=0.501, tswd=0.7048]
Epoch 1/5:  19%|█▉        | 39/208 [00:49<02:49,  1.00s/it, curv=0.0000, flow=2.3333, kin=0.0000, loss=11.4518, ot=0.00
00, t=0.501, tswd=0.7048]
Epoch 1/5:  19%|█▉        | 39/208 [00:50<02:49,  1.00s/it, curv=0.0000, flow=2.3166, kin=0.0000, loss=11.1977, ot=0.00
00, t=0.502, tswd=0.6873]
Epoch 1/5:  19%|█▉        | 40/208 [00:50<02:47,  1.00it/s, curv=0.0000, flow=2.3166, kin=0.0000, loss=11.1977, ot=0.00
00, t=0.502, tswd=0.6873]
Epoch 1/5:  20%|█▉        | 41/208 [00:50<02:44,  1.01it/s, curv=0.0000, flow=2.3166, kin=0.0000, loss=11.1977, ot=0.00
00, t=0.502, tswd=0.6873]
Epoch 1/5:  20%|██        | 42/208 [00:51<02:42,  1.02it/s, curv=0.0000, flow=2.3166, kin=0.0000, loss=11.1977, ot=0.00
00, t=0.502, tswd=0.6873]
Epoch 1/5:  21%|██        | 43/208 [00:52<02:41,  1.02it/s, curv=0.0000, flow=2.3166, kin=0.0000, loss=11.1977, ot=0.00
00, t=0.502, tswd=0.6873]
Epoch 1/5:  21%|██        | 44/208 [00:53<02:39,  1.03it/s, curv=0.0000, flow=2.3166, kin=0.0000, loss=11.1977, ot=0.00
00, t=0.502, tswd=0.6873]
Epoch 1/5:  22%|██▏       | 45/208 [00:55<02:47,  1.03s/it, curv=0.0000, flow=2.3166, kin=0.0000, loss=11.1977, ot=0.00
00, t=0.502, tswd=0.6873]
Epoch 1/5:  22%|██▏       | 46/208 [00:56<02:50,  1.05s/it, curv=0.0000, flow=2.3166, kin=0.0000, loss=11.1977, ot=0.00
00, t=0.502, tswd=0.6873]
Epoch 1/5:  23%|██▎       | 47/208 [00:57<02:54,  1.09s/it, curv=0.0000, flow=2.3166, kin=0.0000, loss=11.1977, ot=0.00
00, t=0.502, tswd=0.6873]
Epoch 1/5:  23%|██▎       | 48/208 [00:58<02:55,  1.10s/it, curv=0.0000, flow=2.3166, kin=0.0000, loss=11.1977, ot=0.00
00, t=0.502, tswd=0.6873]
Epoch 1/5:  24%|██▎       | 49/208 [00:59<02:54,  1.10s/it, curv=0.0000, flow=2.3166, kin=0.0000, loss=11.1977, ot=0.00
00, t=0.502, tswd=0.6873]
Epoch 1/5:  24%|██▍       | 50/208 [01:00<02:56,  1.12s/it, curv=0.0000, flow=2.3166, kin=0.0000, loss=11.1977, ot=0.00
00, t=0.502, tswd=0.6873]
Epoch 1/5:  25%|██▍       | 51/208 [01:01<02:57,  1.13s/it, curv=0.0000, flow=2.3166, kin=0.0000, loss=11.1977, ot=0.00
00, t=0.502, tswd=0.6873]
Epoch 1/5:  25%|██▌       | 52/208 [01:02<02:57,  1.14s/it, curv=0.0000, flow=2.3166, kin=0.0000, loss=11.1977, ot=0.00
00, t=0.502, tswd=0.6873]
Epoch 1/5:  25%|██▌       | 53/208 [01:04<02:56,  1.14s/it, curv=0.0000, flow=2.3166, kin=0.0000, loss=11.1977, ot=0.00
00, t=0.502, tswd=0.6873]
Epoch 1/5:  26%|██▌       | 54/208 [01:05<02:55,  1.14s/it, curv=0.0000, flow=2.3166, kin=0.0000, loss=11.1977, ot=0.00
00, t=0.502, tswd=0.6873]
Epoch 1/5:  26%|██▋       | 55/208 [01:06<02:54,  1.14s/it, curv=0.0000, flow=2.3166, kin=0.0000, loss=11.1977, ot=0.00
00, t=0.502, tswd=0.6873]
Epoch 1/5:  27%|██▋       | 56/208 [01:07<02:53,  1.14s/it, curv=0.0000, flow=2.3166, kin=0.0000, loss=11.1977, ot=0.00
00, t=0.502, tswd=0.6873]
Epoch 1/5:  27%|██▋       | 57/208 [01:08<02:53,  1.15s/it, curv=0.0000, flow=2.3166, kin=0.0000, loss=11.1977, ot=0.00
00, t=0.502, tswd=0.6873]
Epoch 1/5:  28%|██▊       | 58/208 [01:09<02:52,  1.15s/it, curv=0.0000, flow=2.3166, kin=0.0000, loss=11.1977, ot=0.00
00, t=0.502, tswd=0.6873]
Epoch 1/5:  28%|██▊       | 59/208 [01:11<02:51,  1.15s/it, curv=0.0000, flow=2.3166, kin=0.0000, loss=11.1977, ot=0.00
00, t=0.502, tswd=0.6873]
Epoch 1/5:  28%|██▊       | 59/208 [01:12<02:51,  1.15s/it, curv=0.0000, flow=2.3274, kin=0.0000, loss=11.1365, ot=0.00
00, t=0.508, tswd=0.6807]
Epoch 1/5:  29%|██▉       | 60/208 [01:12<02:49,  1.14s/it, curv=0.0000, flow=2.3274, kin=0.0000, loss=11.1365, ot=0.00
00, t=0.508, tswd=0.6807]
Epoch 1/5:  29%|██▉       | 61/208 [01:13<02:46,  1.13s/it, curv=0.0000, flow=2.3274, kin=0.0000, loss=11.1365, ot=0.00
00, t=0.508, tswd=0.6807]
Epoch 1/5:  30%|██▉       | 62/208 [01:14<02:46,  1.14s/it, curv=0.0000, flow=2.3274, kin=0.0000, loss=11.1365, ot=0.00
00, t=0.508, tswd=0.6807]
Epoch 1/5:  30%|███       | 63/208 [01:15<02:44,  1.14s/it, curv=0.0000, flow=2.3274, kin=0.0000, loss=11.1365, ot=0.00
00, t=0.508, tswd=0.6807]
Epoch 1/5:  31%|███       | 64/208 [01:16<02:43,  1.14s/it, curv=0.0000, flow=2.3274, kin=0.0000, loss=11.1365, ot=0.00
00, t=0.508, tswd=0.6807]
Epoch 1/5:  31%|███▏      | 65/208 [01:17<02:43,  1.15s/it, curv=0.0000, flow=2.3274, kin=0.0000, loss=11.1365, ot=0.00
00, t=0.508, tswd=0.6807]
Epoch 1/5:  32%|███▏      | 66/208 [01:19<02:42,  1.15s/it, curv=0.0000, flow=2.3274, kin=0.0000, loss=11.1365, ot=0.00
00, t=0.508, tswd=0.6807]
Epoch 1/5:  32%|███▏      | 67/208 [01:20<02:42,  1.15s/it, curv=0.0000, flow=2.3274, kin=0.0000, loss=11.1365, ot=0.00
00, t=0.508, tswd=0.6807]
Epoch 1/5:  33%|███▎      | 68/208 [01:21<02:42,  1.16s/it, curv=0.0000, flow=2.3274, kin=0.0000, loss=11.1365, ot=0.00
00, t=0.508, tswd=0.6807]
Epoch 1/5:  33%|███▎      | 69/208 [01:22<02:41,  1.16s/it, curv=0.0000, flow=2.3274, kin=0.0000, loss=11.1365, ot=0.00
00, t=0.508, tswd=0.6807]
Epoch 1/5:  34%|███▎      | 70/208 [01:23<02:40,  1.16s/it, curv=0.0000, flow=2.3274, kin=0.0000, loss=11.1365, ot=0.00
00, t=0.508, tswd=0.6807]
Epoch 1/5:  34%|███▍      | 71/208 [01:24<02:39,  1.16s/it, curv=0.0000, flow=2.3274, kin=0.0000, loss=11.1365, ot=0.00
00, t=0.508, tswd=0.6807]
Epoch 1/5:  35%|███▍      | 72/208 [01:26<02:37,  1.16s/it, curv=0.0000, flow=2.3274, kin=0.0000, loss=11.1365, ot=0.00
00, t=0.508, tswd=0.6807]
Epoch 1/5:  35%|███▌      | 73/208 [01:27<02:35,  1.15s/it, curv=0.0000, flow=2.3274, kin=0.0000, loss=11.1365, ot=0.00
00, t=0.508, tswd=0.6807]
Epoch 1/5:  36%|███▌      | 74/208 [01:28<02:34,  1.15s/it, curv=0.0000, flow=2.3274, kin=0.0000, loss=11.1365, ot=0.00
00, t=0.508, tswd=0.6807]
Epoch 1/5:  36%|███▌      | 75/208 [01:29<02:33,  1.15s/it, curv=0.0000, flow=2.3274, kin=0.0000, loss=11.1365, ot=0.00
00, t=0.508, tswd=0.6807]
Epoch 1/5:  37%|███▋      | 76/208 [01:30<02:32,  1.15s/it, curv=0.0000, flow=2.3274, kin=0.0000, loss=11.1365, ot=0.00
00, t=0.508, tswd=0.6807]
Epoch 1/5:  37%|███▋      | 77/208 [01:31<02:29,  1.14s/it, curv=0.0000, flow=2.3274, kin=0.0000, loss=11.1365, ot=0.00
00, t=0.508, tswd=0.6807]
Epoch 1/5:  38%|███▊      | 78/208 [01:32<02:28,  1.14s/it, curv=0.0000, flow=2.3274, kin=0.0000, loss=11.1365, ot=0.00
00, t=0.508, tswd=0.6807]
Epoch 1/5:  38%|███▊      | 79/208 [01:34<02:28,  1.15s/it, curv=0.0000, flow=2.3274, kin=0.0000, loss=11.1365, ot=0.00
00, t=0.508, tswd=0.6807]
Epoch 1/5:  38%|███▊      | 79/208 [01:35<02:28,  1.15s/it, curv=0.0000, flow=2.3305, kin=0.0000, loss=11.0971, ot=0.00
00, t=0.503, tswd=0.6772]
Epoch 1/5:  38%|███▊      | 80/208 [01:35<02:25,  1.14s/it, curv=0.0000, flow=2.3305, kin=0.0000, loss=11.0971, ot=0.00
00, t=0.503, tswd=0.6772]
Epoch 1/5:  39%|███▉      | 81/208 [01:36<02:25,  1.15s/it, curv=0.0000, flow=2.3305, kin=0.0000, loss=11.0971, ot=0.00
00, t=0.503, tswd=0.6772]
Epoch 1/5:  39%|███▉      | 82/208 [01:37<02:24,  1.15s/it, curv=0.0000, flow=2.3305, kin=0.0000, loss=11.0971, ot=0.00
00, t=0.503, tswd=0.6772]
Epoch 1/5:  40%|███▉      | 83/208 [01:38<02:22,  1.14s/it, curv=0.0000, flow=2.3305, kin=0.0000, loss=11.0971, ot=0.00
00, t=0.503, tswd=0.6772]
Epoch 1/5:  40%|████      | 84/208 [01:39<02:21,  1.14s/it, curv=0.0000, flow=2.3305, kin=0.0000, loss=11.0971, ot=0.00
00, t=0.503, tswd=0.6772]
Epoch 1/5:  41%|████      | 85/208 [01:40<02:20,  1.14s/it, curv=0.0000, flow=2.3305, kin=0.0000, loss=11.0971, ot=0.00
00, t=0.503, tswd=0.6772]
Epoch 1/5:  41%|████▏     | 86/208 [01:41<02:18,  1.13s/it, curv=0.0000, flow=2.3305, kin=0.0000, loss=11.0971, ot=0.00
00, t=0.503, tswd=0.6772]
Epoch 1/5:  42%|████▏     | 87/208 [01:43<02:17,  1.14s/it, curv=0.0000, flow=2.3305, kin=0.0000, loss=11.0971, ot=0.00
00, t=0.503, tswd=0.6772]
Epoch 1/5:  42%|████▏     | 88/208 [01:44<02:17,  1.15s/it, curv=0.0000, flow=2.3305, kin=0.0000, loss=11.0971, ot=0.00
00, t=0.503, tswd=0.6772]
Epoch 1/5:  43%|████▎     | 89/208 [01:45<02:14,  1.13s/it, curv=0.0000, flow=2.3305, kin=0.0000, loss=11.0971, ot=0.00
00, t=0.503, tswd=0.6772]
Epoch 1/5:  43%|████▎     | 90/208 [01:46<02:14,  1.14s/it, curv=0.0000, flow=2.3305, kin=0.0000, loss=11.0971, ot=0.00
00, t=0.503, tswd=0.6772]
Epoch 1/5:  44%|████▍     | 91/208 [01:47<02:15,  1.16s/it, curv=0.0000, flow=2.3305, kin=0.0000, loss=11.0971, ot=0.00
00, t=0.503, tswd=0.6772]
Epoch 1/5:  44%|████▍     | 92/208 [01:48<02:13,  1.15s/it, curv=0.0000, flow=2.3305, kin=0.0000, loss=11.0971, ot=0.00
00, t=0.503, tswd=0.6772]
Epoch 1/5:  45%|████▍     | 93/208 [01:49<02:11,  1.14s/it, curv=0.0000, flow=2.3305, kin=0.0000, loss=11.0971, ot=0.00
00, t=0.503, tswd=0.6772]
Epoch 1/5:  45%|████▌     | 94/208 [01:51<02:09,  1.14s/it, curv=0.0000, flow=2.3305, kin=0.0000, loss=11.0971, ot=0.00
00, t=0.503, tswd=0.6772]
Epoch 1/5:  46%|████▌     | 95/208 [01:52<02:08,  1.14s/it, curv=0.0000, flow=2.3305, kin=0.0000, loss=11.0971, ot=0.00
00, t=0.503, tswd=0.6772]
Epoch 1/5:  46%|████▌     | 96/208 [01:53<02:07,  1.14s/it, curv=0.0000, flow=2.3305, kin=0.0000, loss=11.0971, ot=0.00
00, t=0.503, tswd=0.6772]
Epoch 1/5:  47%|████▋     | 97/208 [01:54<02:07,  1.15s/it, curv=0.0000, flow=2.3305, kin=0.0000, loss=11.0971, ot=0.00
00, t=0.503, tswd=0.6772]
Epoch 1/5:  47%|████▋     | 98/208 [01:55<02:06,  1.15s/it, curv=0.0000, flow=2.3305, kin=0.0000, loss=11.0971, ot=0.00
00, t=0.503, tswd=0.6772]
Epoch 1/5:  48%|████▊     | 99/208 [01:56<02:05,  1.15s/it, curv=0.0000, flow=2.3305, kin=0.0000, loss=11.0971, ot=0.00
00, t=0.503, tswd=0.6772]
Epoch 1/5:  48%|████▊     | 99/208 [01:57<02:05,  1.15s/it, curv=0.0000, flow=2.3464, kin=0.0000, loss=11.0932, ot=0.00
00, t=0.506, tswd=0.6753]
Epoch 1/5:  48%|████▊     | 100/208 [01:57<02:03,  1.14s/it, curv=0.0000, flow=2.3464, kin=0.0000, loss=11.0932, ot=0.0
000, t=0.506, tswd=0.6753]
Epoch 1/5:  49%|████▊     | 101/208 [01:59<02:01,  1.14s/it, curv=0.0000, flow=2.3464, kin=0.0000, loss=11.0932, ot=0.0
000, t=0.506, tswd=0.6753]
Epoch 1/5:  49%|████▉     | 102/208 [02:00<02:00,  1.14s/it, curv=0.0000, flow=2.3464, kin=0.0000, loss=11.0932, ot=0.0
000, t=0.506, tswd=0.6753]
Epoch 1/5:  50%|████▉     | 103/208 [02:01<01:59,  1.14s/it, curv=0.0000, flow=2.3464, kin=0.0000, loss=11.0932, ot=0.0
000, t=0.506, tswd=0.6753]
Epoch 1/5:  50%|█████     | 104/208 [02:02<01:57,  1.13s/it, curv=0.0000, flow=2.3464, kin=0.0000, loss=11.0932, ot=0.0
000, t=0.506, tswd=0.6753]
Epoch 1/5:  50%|█████     | 105/208 [02:03<01:57,  1.14s/it, curv=0.0000, flow=2.3464, kin=0.0000, loss=11.0932, ot=0.0
000, t=0.506, tswd=0.6753]
Epoch 1/5:  51%|█████     | 106/208 [02:04<01:58,  1.16s/it, curv=0.0000, flow=2.3464, kin=0.0000, loss=11.0932, ot=0.0
000, t=0.506, tswd=0.6753]
Epoch 1/5:  51%|█████▏    | 107/208 [02:05<01:56,  1.15s/it, curv=0.0000, flow=2.3464, kin=0.0000, loss=11.0932, ot=0.0
000, t=0.506, tswd=0.6753]
Epoch 1/5:  52%|█████▏    | 108/208 [02:07<01:55,  1.15s/it, curv=0.0000, flow=2.3464, kin=0.0000, loss=11.0932, ot=0.0
000, t=0.506, tswd=0.6753]
Epoch 1/5:  52%|█████▏    | 109/208 [02:08<01:55,  1.16s/it, curv=0.0000, flow=2.3464, kin=0.0000, loss=11.0932, ot=0.0
000, t=0.506, tswd=0.6753]
Epoch 1/5:  53%|█████▎    | 110/208 [02:09<01:53,  1.16s/it, curv=0.0000, flow=2.3464, kin=0.0000, loss=11.0932, ot=0.0
000, t=0.506, tswd=0.6753]
Epoch 1/5:  53%|█████▎    | 111/208 [02:10<01:52,  1.16s/it, curv=0.0000, flow=2.3464, kin=0.0000, loss=11.0932, ot=0.0
000, t=0.506, tswd=0.6753]
Epoch 1/5:  54%|█████▍    | 112/208 [02:11<01:50,  1.16s/it, curv=0.0000, flow=2.3464, kin=0.0000, loss=11.0932, ot=0.0
000, t=0.506, tswd=0.6753]
Epoch 1/5:  54%|█████▍    | 113/208 [02:12<01:50,  1.16s/it, curv=0.0000, flow=2.3464, kin=0.0000, loss=11.0932, ot=0.0
000, t=0.506, tswd=0.6753]
Epoch 1/5:  55%|█████▍    | 114/208 [02:14<01:49,  1.16s/it, curv=0.0000, flow=2.3464, kin=0.0000, loss=11.0932, ot=0.0
000, t=0.506, tswd=0.6753]
Epoch 1/5:  55%|█████▌    | 115/208 [02:15<01:47,  1.16s/it, curv=0.0000, flow=2.3464, kin=0.0000, loss=11.0932, ot=0.0
000, t=0.506, tswd=0.6753]
Epoch 1/5:  56%|█████▌    | 116/208 [02:16<01:45,  1.15s/it, curv=0.0000, flow=2.3464, kin=0.0000, loss=11.0932, ot=0.0
000, t=0.506, tswd=0.6753]
Epoch 1/5:  56%|█████▋    | 117/208 [02:17<01:44,  1.15s/it, curv=0.0000, flow=2.3464, kin=0.0000, loss=11.0932, ot=0.0
000, t=0.506, tswd=0.6753]
Epoch 1/5:  57%|█████▋    | 118/208 [02:18<01:43,  1.15s/it, curv=0.0000, flow=2.3464, kin=0.0000, loss=11.0932, ot=0.0
000, t=0.506, tswd=0.6753]
Epoch 1/5:  57%|█████▋    | 119/208 [02:19<01:44,  1.18s/it, curv=0.0000, flow=2.3464, kin=0.0000, loss=11.0932, ot=0.0
000, t=0.506, tswd=0.6753]
Epoch 1/5:  57%|█████▋    | 119/208 [02:21<01:44,  1.18s/it, curv=0.0000, flow=2.3434, kin=0.0000, loss=11.0203, ot=0.0
000, t=0.508, tswd=0.6697]
Epoch 1/5:  58%|█████▊    | 120/208 [02:21<01:42,  1.16s/it, curv=0.0000, flow=2.3434, kin=0.0000, loss=11.0203, ot=0.0
000, t=0.508, tswd=0.6697]
Epoch 1/5:  58%|█████▊    | 121/208 [02:22<01:41,  1.17s/it, curv=0.0000, flow=2.3434, kin=0.0000, loss=11.0203, ot=0.0
000, t=0.508, tswd=0.6697]
Epoch 1/5:  59%|█████▊    | 122/208 [02:23<01:39,  1.16s/it, curv=0.0000, flow=2.3434, kin=0.0000, loss=11.0203, ot=0.0
000, t=0.508, tswd=0.6697]
Epoch 1/5:  59%|█████▉    | 123/208 [02:24<01:38,  1.16s/it, curv=0.0000, flow=2.3434, kin=0.0000, loss=11.0203, ot=0.0
000, t=0.508, tswd=0.6697]
Epoch 1/5:  60%|█████▉    | 124/208 [02:25<01:37,  1.16s/it, curv=0.0000, flow=2.3434, kin=0.0000, loss=11.0203, ot=0.0
000, t=0.508, tswd=0.6697]
Epoch 1/5:  60%|██████    | 125/208 [02:26<01:35,  1.16s/it, curv=0.0000, flow=2.3434, kin=0.0000, loss=11.0203, ot=0.0
000, t=0.508, tswd=0.6697]
Epoch 1/5:  61%|██████    | 126/208 [02:28<01:34,  1.16s/it, curv=0.0000, flow=2.3434, kin=0.0000, loss=11.0203, ot=0.0
000, t=0.508, tswd=0.6697]
Epoch 1/5:  61%|██████    | 127/208 [02:29<01:32,  1.14s/it, curv=0.0000, flow=2.3434, kin=0.0000, loss=11.0203, ot=0.0
000, t=0.508, tswd=0.6697]
Epoch 1/5:  62%|██████▏   | 128/208 [02:30<01:33,  1.16s/it, curv=0.0000, flow=2.3434, kin=0.0000, loss=11.0203, ot=0.0
000, t=0.508, tswd=0.6697]
Epoch 1/5:  62%|██████▏   | 129/208 [02:31<01:32,  1.17s/it, curv=0.0000, flow=2.3434, kin=0.0000, loss=11.0203, ot=0.0
000, t=0.508, tswd=0.6697]
Epoch 1/5:  62%|██████▎   | 130/208 [02:32<01:30,  1.16s/it, curv=0.0000, flow=2.3434, kin=0.0000, loss=11.0203, ot=0.0
000, t=0.508, tswd=0.6697]
Epoch 1/5:  63%|██████▎   | 131/208 [02:33<01:28,  1.15s/it, curv=0.0000, flow=2.3434, kin=0.0000, loss=11.0203, ot=0.0
000, t=0.508, tswd=0.6697]
Epoch 1/5:  63%|██████▎   | 132/208 [02:34<01:27,  1.16s/it, curv=0.0000, flow=2.3434, kin=0.0000, loss=11.0203, ot=0.0
000, t=0.508, tswd=0.6697]
Epoch 1/5:  64%|██████▍   | 133/208 [02:36<01:26,  1.16s/it, curv=0.0000, flow=2.3434, kin=0.0000, loss=11.0203, ot=0.0
000, t=0.508, tswd=0.6697]
Epoch 1/5:  64%|██████▍   | 134/208 [02:37<01:25,  1.16s/it, curv=0.0000, flow=2.3434, kin=0.0000, loss=11.0203, ot=0.0
000, t=0.508, tswd=0.6697]
Epoch 1/5:  65%|██████▍   | 135/208 [02:38<01:24,  1.15s/it, curv=0.0000, flow=2.3434, kin=0.0000, loss=11.0203, ot=0.0
000, t=0.508, tswd=0.6697]
Epoch 1/5:  65%|██████▌   | 136/208 [02:39<01:23,  1.16s/it, curv=0.0000, flow=2.3434, kin=0.0000, loss=11.0203, ot=0.0
000, t=0.508, tswd=0.6697]
Epoch 1/5:  66%|██████▌   | 137/208 [02:40<01:22,  1.16s/it, curv=0.0000, flow=2.3434, kin=0.0000, loss=11.0203, ot=0.0
000, t=0.508, tswd=0.6697]
Epoch 1/5:  66%|██████▋   | 138/208 [02:41<01:21,  1.16s/it, curv=0.0000, flow=2.3434, kin=0.0000, loss=11.0203, ot=0.0
000, t=0.508, tswd=0.6697]
Epoch 1/5:  67%|██████▋   | 139/208 [02:43<01:20,  1.17s/it, curv=0.0000, flow=2.3434, kin=0.0000, loss=11.0203, ot=0.0
000, t=0.508, tswd=0.6697]
Epoch 1/5:  67%|██████▋   | 139/208 [02:44<01:20,  1.17s/it, curv=0.0000, flow=2.3461, kin=0.0000, loss=10.9937, ot=0.0
000, t=0.504, tswd=0.6674]
Epoch 1/5:  67%|██████▋   | 140/208 [02:44<01:19,  1.17s/it, curv=0.0000, flow=2.3461, kin=0.0000, loss=10.9937, ot=0.0
000, t=0.504, tswd=0.6674]
Epoch 1/5:  68%|██████▊   | 141/208 [02:45<01:19,  1.18s/it, curv=0.0000, flow=2.3461, kin=0.0000, loss=10.9937, ot=0.0
000, t=0.504, tswd=0.6674]
Epoch 1/5:  68%|██████▊   | 142/208 [02:46<01:16,  1.16s/it, curv=0.0000, flow=2.3461, kin=0.0000, loss=10.9937, ot=0.0
000, t=0.504, tswd=0.6674]
Epoch 1/5:  69%|██████▉   | 143/208 [02:47<01:12,  1.11s/it, curv=0.0000, flow=2.3461, kin=0.0000, loss=10.9937, ot=0.0
000, t=0.504, tswd=0.6674]
Epoch 1/5:  69%|██████▉   | 144/208 [02:48<01:07,  1.06s/it, curv=0.0000, flow=2.3461, kin=0.0000, loss=10.9937, ot=0.0
000, t=0.504, tswd=0.6674]
Epoch 1/5:  70%|██████▉   | 145/208 [02:49<01:04,  1.03s/it, curv=0.0000, flow=2.3461, kin=0.0000, loss=10.9937, ot=0.0
000, t=0.504, tswd=0.6674]
Epoch 1/5:  70%|███████   | 146/208 [02:50<01:04,  1.04s/it, curv=0.0000, flow=2.3461, kin=0.0000, loss=10.9937, ot=0.0
000, t=0.504, tswd=0.6674]
Epoch 1/5:  71%|███████   | 147/208 [02:51<01:02,  1.03s/it, curv=0.0000, flow=2.3461, kin=0.0000, loss=10.9937, ot=0.0
000, t=0.504, tswd=0.6674]
Epoch 1/5:  71%|███████   | 148/208 [02:52<01:01,  1.03s/it, curv=0.0000, flow=2.3461, kin=0.0000, loss=10.9937, ot=0.0
000, t=0.504, tswd=0.6674]
Epoch 1/5:  72%|███████▏  | 149/208 [02:53<00:59,  1.01s/it, curv=0.0000, flow=2.3461, kin=0.0000, loss=10.9937, ot=0.0
000, t=0.504, tswd=0.6674]
Epoch 1/5:  72%|███████▏  | 150/208 [02:54<01:01,  1.06s/it, curv=0.0000, flow=2.3461, kin=0.0000, loss=10.9937, ot=0.0
000, t=0.504, tswd=0.6674]
Epoch 1/5:  73%|███████▎  | 151/208 [02:55<01:01,  1.08s/it, curv=0.0000, flow=2.3461, kin=0.0000, loss=10.9937, ot=0.0
000, t=0.504, tswd=0.6674]
Epoch 1/5:  73%|███████▎  | 152/208 [02:57<01:01,  1.10s/it, curv=0.0000, flow=2.3461, kin=0.0000, loss=10.9937, ot=0.0
000, t=0.504, tswd=0.6674]
Epoch 1/5:  74%|███████▎  | 153/208 [02:58<01:02,  1.14s/it, curv=0.0000, flow=2.3461, kin=0.0000, loss=10.9937, ot=0.0
000, t=0.504, tswd=0.6674]
Epoch 1/5:  74%|███████▍  | 154/208 [02:59<01:02,  1.16s/it, curv=0.0000, flow=2.3461, kin=0.0000, loss=10.9937, ot=0.0
000, t=0.504, tswd=0.6674]
Epoch 1/5:  75%|███████▍  | 155/208 [03:00<01:04,  1.22s/it, curv=0.0000, flow=2.3461, kin=0.0000, loss=10.9937, ot=0.0
000, t=0.504, tswd=0.6674]
Epoch 1/5:  75%|███████▌  | 156/208 [03:02<01:08,  1.31s/it, curv=0.0000, flow=2.3461, kin=0.0000, loss=10.9937, ot=0.0
000, t=0.504, tswd=0.6674]
Epoch 1/5:  75%|███████▌  | 157/208 [03:04<01:13,  1.45s/it, curv=0.0000, flow=2.3461, kin=0.0000, loss=10.9937, ot=0.0
000, t=0.504, tswd=0.6674]
Epoch 1/5:  76%|███████▌  | 158/208 [03:05<01:08,  1.38s/it, curv=0.0000, flow=2.3461, kin=0.0000, loss=10.9937, ot=0.0
000, t=0.504, tswd=0.6674]
Epoch 1/5:  76%|███████▋  | 159/208 [03:06<01:10,  1.43s/it, curv=0.0000, flow=2.3461, kin=0.0000, loss=10.9937, ot=0.0
000, t=0.504, tswd=0.6674]
Epoch 1/5:  76%|███████▋  | 159/208 [03:08<01:10,  1.43s/it, curv=0.0000, flow=2.3423, kin=0.0000, loss=10.9461, ot=0.0
000, t=0.503, tswd=0.6640]
Epoch 1/5:  77%|███████▋  | 160/208 [03:08<01:09,  1.46s/it, curv=0.0000, flow=2.3423, kin=0.0000, loss=10.9461, ot=0.0
000, t=0.503, tswd=0.6640]
Epoch 1/5:  77%|███████▋  | 161/208 [03:09<01:05,  1.39s/it, curv=0.0000, flow=2.3423, kin=0.0000, loss=10.9461, ot=0.0
000, t=0.503, tswd=0.6640]
Epoch 1/5:  78%|███████▊  | 162/208 [03:10<01:00,  1.32s/it, curv=0.0000, flow=2.3423, kin=0.0000, loss=10.9461, ot=0.0
000, t=0.503, tswd=0.6640]
Epoch 1/5:  78%|███████▊  | 163/208 [03:12<01:02,  1.38s/it, curv=0.0000, flow=2.3423, kin=0.0000, loss=10.9461, ot=0.0
000, t=0.503, tswd=0.6640]
Epoch 1/5:  79%|███████▉  | 164/208 [03:14<01:05,  1.48s/it, curv=0.0000, flow=2.3423, kin=0.0000, loss=10.9461, ot=0.0
000, t=0.503, tswd=0.6640]
Epoch 1/5:  79%|███████▉  | 165/208 [03:15<01:00,  1.40s/it, curv=0.0000, flow=2.3423, kin=0.0000, loss=10.9461, ot=0.0
000, t=0.503, tswd=0.6640]
Epoch 1/5:  80%|███████▉  | 166/208 [03:16<00:59,  1.41s/it, curv=0.0000, flow=2.3423, kin=0.0000, loss=10.9461, ot=0.0
000, t=0.503, tswd=0.6640]
Epoch 1/5:  80%|████████  | 167/208 [03:18<00:58,  1.42s/it, curv=0.0000, flow=2.3423, kin=0.0000, loss=10.9461, ot=0.0
000, t=0.503, tswd=0.6640]
Epoch 1/5:  81%|████████  | 168/208 [03:19<00:56,  1.40s/it, curv=0.0000, flow=2.3423, kin=0.0000, loss=10.9461, ot=0.0
000, t=0.503, tswd=0.6640]
Epoch 1/5:  81%|████████▏ | 169/208 [03:20<00:55,  1.41s/it, curv=0.0000, flow=2.3423, kin=0.0000, loss=10.9461, ot=0.0
000, t=0.503, tswd=0.6640]
Epoch 1/5:  82%|████████▏ | 170/208 [03:22<00:52,  1.38s/it, curv=0.0000, flow=2.3423, kin=0.0000, loss=10.9461, ot=0.0
000, t=0.503, tswd=0.6640]
Epoch 1/5:  82%|████████▏ | 171/208 [03:23<00:52,  1.42s/it, curv=0.0000, flow=2.3423, kin=0.0000, loss=10.9461, ot=0.0
000, t=0.503, tswd=0.6640]
Epoch 1/5:  83%|████████▎ | 172/208 [03:25<00:50,  1.40s/it, curv=0.0000, flow=2.3423, kin=0.0000, loss=10.9461, ot=0.0
000, t=0.503, tswd=0.6640]
Epoch 1/5:  83%|████████▎ | 173/208 [03:26<00:48,  1.37s/it, curv=0.0000, flow=2.3423, kin=0.0000, loss=10.9461, ot=0.0
000, t=0.503, tswd=0.6640]
Epoch 1/5:  84%|████████▎ | 174/208 [03:27<00:44,  1.32s/it, curv=0.0000, flow=2.3423, kin=0.0000, loss=10.9461, ot=0.0
000, t=0.503, tswd=0.6640]
Epoch 1/5:  84%|████████▍ | 175/208 [03:28<00:40,  1.23s/it, curv=0.0000, flow=2.3423, kin=0.0000, loss=10.9461, ot=0.0
000, t=0.503, tswd=0.6640]
Epoch 1/5:  85%|████████▍ | 176/208 [03:29<00:36,  1.14s/it, curv=0.0000, flow=2.3423, kin=0.0000, loss=10.9461, ot=0.0
000, t=0.503, tswd=0.6640]
Epoch 1/5:  85%|████████▌ | 177/208 [03:30<00:34,  1.10s/it, curv=0.0000, flow=2.3423, kin=0.0000, loss=10.9461, ot=0.0
000, t=0.503, tswd=0.6640]
Epoch 1/5:  86%|████████▌ | 178/208 [03:31<00:32,  1.07s/it, curv=0.0000, flow=2.3423, kin=0.0000, loss=10.9461, ot=0.0
000, t=0.503, tswd=0.6640]
Epoch 1/5:  86%|████████▌ | 179/208 [03:32<00:30,  1.05s/it, curv=0.0000, flow=2.3423, kin=0.0000, loss=10.9461, ot=0.0
000, t=0.503, tswd=0.6640]
Epoch 1/5:  86%|████████▌ | 179/208 [03:33<00:30,  1.05s/it, curv=0.0000, flow=2.3424, kin=0.0000, loss=10.9216, ot=0.0
000, t=0.501, tswd=0.6619]
Epoch 1/5:  87%|████████▋ | 180/208 [03:33<00:28,  1.03s/it, curv=0.0000, flow=2.3424, kin=0.0000, loss=10.9216, ot=0.0
000, t=0.501, tswd=0.6619]
Epoch 1/5:  87%|████████▋ | 181/208 [03:34<00:27,  1.03s/it, curv=0.0000, flow=2.3424, kin=0.0000, loss=10.9216, ot=0.0
000, t=0.501, tswd=0.6619]
Epoch 1/5:  88%|████████▊ | 182/208 [03:35<00:26,  1.01s/it, curv=0.0000, flow=2.3424, kin=0.0000, loss=10.9216, ot=0.0
000, t=0.501, tswd=0.6619]
Epoch 1/5:  88%|████████▊ | 183/208 [03:36<00:24,  1.01it/s, curv=0.0000, flow=2.3424, kin=0.0000, loss=10.9216, ot=0.0
000, t=0.501, tswd=0.6619]
Epoch 1/5:  88%|████████▊ | 184/208 [03:37<00:23,  1.01it/s, curv=0.0000, flow=2.3424, kin=0.0000, loss=10.9216, ot=0.0
000, t=0.501, tswd=0.6619]
Epoch 1/5:  89%|████████▉ | 185/208 [03:38<00:22,  1.02it/s, curv=0.0000, flow=2.3424, kin=0.0000, loss=10.9216, ot=0.0
000, t=0.501, tswd=0.6619]
Epoch 1/5:  89%|████████▉ | 186/208 [03:39<00:21,  1.02it/s, curv=0.0000, flow=2.3424, kin=0.0000, loss=10.9216, ot=0.0
000, t=0.501, tswd=0.6619]
Epoch 1/5:  90%|████████▉ | 187/208 [03:40<00:20,  1.02it/s, curv=0.0000, flow=2.3424, kin=0.0000, loss=10.9216, ot=0.0
000, t=0.501, tswd=0.6619]
Epoch 1/5:  90%|█████████ | 188/208 [03:41<00:19,  1.02it/s, curv=0.0000, flow=2.3424, kin=0.0000, loss=10.9216, ot=0.0
000, t=0.501, tswd=0.6619]
Epoch 1/5:  91%|█████████ | 189/208 [03:42<00:18,  1.02it/s, curv=0.0000, flow=2.3424, kin=0.0000, loss=10.9216, ot=0.0
000, t=0.501, tswd=0.6619]
Epoch 1/5:  91%|█████████▏| 190/208 [03:43<00:17,  1.01it/s, curv=0.0000, flow=2.3424, kin=0.0000, loss=10.9216, ot=0.0
000, t=0.501, tswd=0.6619]
Epoch 1/5:  92%|█████████▏| 191/208 [03:44<00:16,  1.02it/s, curv=0.0000, flow=2.3424, kin=0.0000, loss=10.9216, ot=0.0
000, t=0.501, tswd=0.6619]
Epoch 1/5:  92%|█████████▏| 192/208 [03:45<00:15,  1.02it/s, curv=0.0000, flow=2.3424, kin=0.0000, loss=10.9216, ot=0.0
000, t=0.501, tswd=0.6619]
Epoch 1/5:  93%|█████████▎| 193/208 [03:46<00:15,  1.00s/it, curv=0.0000, flow=2.3424, kin=0.0000, loss=10.9216, ot=0.0
000, t=0.501, tswd=0.6619]
Epoch 1/5:  93%|█████████▎| 194/208 [03:47<00:13,  1.01it/s, curv=0.0000, flow=2.3424, kin=0.0000, loss=10.9216, ot=0.0
000, t=0.501, tswd=0.6619]
Epoch 1/5:  94%|█████████▍| 195/208 [03:48<00:12,  1.01it/s, curv=0.0000, flow=2.3424, kin=0.0000, loss=10.9216, ot=0.0
000, t=0.501, tswd=0.6619]
Epoch 1/5:  94%|█████████▍| 196/208 [03:49<00:11,  1.01it/s, curv=0.0000, flow=2.3424, kin=0.0000, loss=10.9216, ot=0.0
000, t=0.501, tswd=0.6619]
Epoch 1/5:  95%|█████████▍| 197/208 [03:50<00:10,  1.02it/s, curv=0.0000, flow=2.3424, kin=0.0000, loss=10.9216, ot=0.0
000, t=0.501, tswd=0.6619]
Epoch 1/5:  95%|█████████▌| 198/208 [03:51<00:09,  1.03it/s, curv=0.0000, flow=2.3424, kin=0.0000, loss=10.9216, ot=0.0
000, t=0.501, tswd=0.6619]
Epoch 1/5:  96%|█████████▌| 199/208 [03:52<00:08,  1.04it/s, curv=0.0000, flow=2.3424, kin=0.0000, loss=10.9216, ot=0.0
000, t=0.501, tswd=0.6619]
Epoch 1/5:  96%|█████████▌| 199/208 [03:53<00:08,  1.04it/s, curv=0.0000, flow=2.3409, kin=0.0000, loss=10.8935, ot=0.0
000, t=0.501, tswd=0.6598]
Epoch 1/5:  96%|█████████▌| 200/208 [03:53<00:07,  1.01it/s, curv=0.0000, flow=2.3409, kin=0.0000, loss=10.8935, ot=0.0
000, t=0.501, tswd=0.6598]
Epoch 1/5:  97%|█████████▋| 201/208 [03:54<00:06,  1.02it/s, curv=0.0000, flow=2.3409, kin=0.0000, loss=10.8935, ot=0.0
000, t=0.501, tswd=0.6598]
Epoch 1/5:  97%|█████████▋| 202/208 [03:55<00:05,  1.01it/s, curv=0.0000, flow=2.3409, kin=0.0000, loss=10.8935, ot=0.0
000, t=0.501, tswd=0.6598]
Epoch 1/5:  98%|█████████▊| 203/208 [03:56<00:04,  1.01it/s, curv=0.0000, flow=2.3409, kin=0.0000, loss=10.8935, ot=0.0
000, t=0.501, tswd=0.6598]
Epoch 1/5:  98%|█████████▊| 204/208 [03:57<00:04,  1.04s/it, curv=0.0000, flow=2.3409, kin=0.0000, loss=10.8935, ot=0.0
000, t=0.501, tswd=0.6598]
Epoch 1/5:  99%|█████████▊| 205/208 [03:58<00:03,  1.10s/it, curv=0.0000, flow=2.3409, kin=0.0000, loss=10.8935, ot=0.0
000, t=0.501, tswd=0.6598]
Epoch 1/5:  99%|█████████▉| 206/208 [03:59<00:02,  1.12s/it, curv=0.0000, flow=2.3409, kin=0.0000, loss=10.8935, ot=0.0
000, t=0.501, tswd=0.6598]
Epoch 1/5: 100%|█████████▉| 207/208 [04:00<00:01,  1.13s/it, curv=0.0000, flow=2.3409, kin=0.0000, loss=10.8935, ot=0.0
000, t=0.501, tswd=0.6598]
Epoch 1/5: 100%|█████████▉| 207/208 [04:01<00:01,  1.13s/it, curv=0.0000, flow=2.3392, kin=0.0000, loss=10.8800, ot=0.0
000, t=0.501, tswd=0.6589]
Epoch 1/5: 100%|██████████| 208/208 [04:01<00:00,  1.14s/it, curv=0.0000, flow=2.3392, kin=0.0000, loss=10.8800, ot=0.0
000, t=0.501, tswd=0.6589]
Epoch 1/5: 100%|██████████| 208/208 [04:01<00:00,  1.16s/it, curv=0.0000, flow=2.3392, kin=0.0000, loss=10.8800, ot=0.0
000, t=0.501, tswd=0.6589]
2026-07-08 09:44:54,653 - INFO - Epoch 1/5 | loss=10.8800 flow=2.3392 kin=0.0000 ot=0.0000 tswd=0.6589 gini=0.000 hub=0
.000 otd=0.0000 fiber=0.000 leak=0.0000 tgtshift=0.0000 cla=0.0000 cea=0.0000 sem_attn=0.000 sem_k=0.000 topo_ent=0.000
 topo_on=0 plan_ent=0.000 bary_ent=0.000 tok_ent=0.000 tok_eff=0.0 tok_max=0.000 tok_svd=0.000 tok_cos=0.000 app_s=0.00
0 app_d=0.000 sigma=0.000 bex=0 idr=0.00 t=0.501 |v|=0.000 lr=2.00e-04 data=1.6s comp=231.1s epoch=242.0s sps=20.63 bst
ep=1.163s gpu=27.8/85.0% vram=4.90/5.51GB power=30.5/75.6W peak=1.37/2.03GB
2026-07-08 09:44:54,659 - INFO - Pairing cache epoch=2 active_topk=8 mode=rank_stratified rank_schedule=fixed explore=0
.000/0 dual_mix=0.000/0 aux_topk=0
2026-07-08 09:44:54,659 - INFO - Epoch 2 weight schedule: stage=0 w_content=1.0000 w_style=8.0000 w_style_strength_reg=
0.0000 sigma=0.0200

Epoch 2/5:   0%|          | 0/208 [00:00<?, ?it/s]
Epoch 2/5:   0%|          | 0/208 [00:01<?, ?it/s, curv=0.0000, flow=2.4020, kin=0.0000, loss=10.9683, ot=0.0000, t=0.4
38, tswd=0.6586]
Epoch 2/5:   0%|          | 1/208 [00:01<03:55,  1.14s/it, curv=0.0000, flow=2.4020, kin=0.0000, loss=10.9683, ot=0.000
0, t=0.438, tswd=0.6586]
Epoch 2/5:   1%|          | 2/208 [00:02<03:56,  1.15s/it, curv=0.0000, flow=2.4020, kin=0.0000, loss=10.9683, ot=0.000
0, t=0.438, tswd=0.6586]
Epoch 2/5:   1%|▏         | 3/208 [00:03<03:53,  1.14s/it, curv=0.0000, flow=2.4020, kin=0.0000, loss=10.9683, ot=0.000
0, t=0.438, tswd=0.6586]
Epoch 2/5:   2%|▏         | 4/208 [00:04<03:51,  1.14s/it, curv=0.0000, flow=2.4020, kin=0.0000, loss=10.9683, ot=0.000
0, t=0.438, tswd=0.6586]
Epoch 2/5:   2%|▏         | 5/208 [00:05<03:54,  1.16s/it, curv=0.0000, flow=2.4020, kin=0.0000, loss=10.9683, ot=0.000
0, t=0.438, tswd=0.6586]
Epoch 2/5:   3%|▎         | 6/208 [00:06<03:54,  1.16s/it, curv=0.0000, flow=2.4020, kin=0.0000, loss=10.9683, ot=0.000
0, t=0.438, tswd=0.6586]
Epoch 2/5:   3%|▎         | 7/208 [00:08<03:51,  1.15s/it, curv=0.0000, flow=2.4020, kin=0.0000, loss=10.9683, ot=0.000
0, t=0.438, tswd=0.6586]
Epoch 2/5:   4%|▍         | 8/208 [00:09<03:46,  1.13s/it, curv=0.0000, flow=2.4020, kin=0.0000, loss=10.9683, ot=0.000
0, t=0.438, tswd=0.6586]
Epoch 2/5:   4%|▍         | 9/208 [00:10<03:45,  1.13s/it, curv=0.0000, flow=2.4020, kin=0.0000, loss=10.9683, ot=0.000
0, t=0.438, tswd=0.6586]
Epoch 2/5:   5%|▍         | 10/208 [00:11<03:46,  1.14s/it, curv=0.0000, flow=2.4020, kin=0.0000, loss=10.9683, ot=0.00
00, t=0.438, tswd=0.6586]
Epoch 2/5:   5%|▌         | 11/208 [00:12<03:42,  1.13s/it, curv=0.0000, flow=2.4020, kin=0.0000, loss=10.9683, ot=0.00
00, t=0.438, tswd=0.6586]
Epoch 2/5:   6%|▌         | 12/208 [00:13<03:42,  1.13s/it, curv=0.0000, flow=2.4020, kin=0.0000, loss=10.9683, ot=0.00
00, t=0.438, tswd=0.6586]
Epoch 2/5:   6%|▋         | 13/208 [00:14<03:40,  1.13s/it, curv=0.0000, flow=2.4020, kin=0.0000, loss=10.9683, ot=0.00
00, t=0.438, tswd=0.6586]
Epoch 2/5:   7%|▋         | 14/208 [00:15<03:38,  1.13s/it, curv=0.0000, flow=2.4020, kin=0.0000, loss=10.9683, ot=0.00
00, t=0.438, tswd=0.6586]
Epoch 2/5:   7%|▋         | 15/208 [00:17<03:36,  1.12s/it, curv=0.0000, flow=2.4020, kin=0.0000, loss=10.9683, ot=0.00
00, t=0.438, tswd=0.6586]
Epoch 2/5:   8%|▊         | 16/208 [00:18<03:32,  1.11s/it, curv=0.0000, flow=2.4020, kin=0.0000, loss=10.9683, ot=0.00
00, t=0.438, tswd=0.6586]
Epoch 2/5:   8%|▊         | 17/208 [00:19<03:32,  1.11s/it, curv=0.0000, flow=2.4020, kin=0.0000, loss=10.9683, ot=0.00
00, t=0.438, tswd=0.6586]
Epoch 2/5:   9%|▊         | 18/208 [00:20<03:31,  1.11s/it, curv=0.0000, flow=2.4020, kin=0.0000, loss=10.9683, ot=0.00
00, t=0.438, tswd=0.6586]
Epoch 2/5:   9%|▉         | 19/208 [00:21<03:29,  1.11s/it, curv=0.0000, flow=2.4020, kin=0.0000, loss=10.9683, ot=0.00
00, t=0.438, tswd=0.6586]
Epoch 2/5:   9%|▉         | 19/208 [00:22<03:29,  1.11s/it, curv=0.0000, flow=2.3783, kin=0.0000, loss=10.8262, ot=0.00
00, t=0.513, tswd=0.6503]
Epoch 2/5:  10%|▉         | 20/208 [00:22<03:33,  1.13s/it, curv=0.0000, flow=2.3783, kin=0.0000, loss=10.8262, ot=0.00
00, t=0.513, tswd=0.6503]
Epoch 2/5:  10%|█         | 21/208 [00:23<03:34,  1.15s/it, curv=0.0000, flow=2.3783, kin=0.0000, loss=10.8262, ot=0.00
00, t=0.513, tswd=0.6503]
Epoch 2/5:  11%|█         | 22/208 [00:24<03:34,  1.15s/it, curv=0.0000, flow=2.3783, kin=0.0000, loss=10.8262, ot=0.00
00, t=0.513, tswd=0.6503]
Epoch 2/5:  11%|█         | 23/208 [00:26<03:34,  1.16s/it, curv=0.0000, flow=2.3783, kin=0.0000, loss=10.8262, ot=0.00
00, t=0.513, tswd=0.6503]
Epoch 2/5:  12%|█▏        | 24/208 [00:27<03:31,  1.15s/it, curv=0.0000, flow=2.3783, kin=0.0000, loss=10.8262, ot=0.00
00, t=0.513, tswd=0.6503]
Epoch 2/5:  12%|█▏        | 25/208 [00:28<03:28,  1.14s/it, curv=0.0000, flow=2.3783, kin=0.0000, loss=10.8262, ot=0.00
00, t=0.513, tswd=0.6503]
Epoch 2/5:  12%|█▎        | 26/208 [00:29<03:27,  1.14s/it, curv=0.0000, flow=2.3783, kin=0.0000, loss=10.8262, ot=0.00
00, t=0.513, tswd=0.6503]
Epoch 2/5:  13%|█▎        | 27/208 [00:30<03:31,  1.17s/it, curv=0.0000, flow=2.3783, kin=0.0000, loss=10.8262, ot=0.00
00, t=0.513, tswd=0.6503]
Epoch 2/5:  13%|█▎        | 28/208 [00:31<03:28,  1.16s/it, curv=0.0000, flow=2.3783, kin=0.0000, loss=10.8262, ot=0.00
00, t=0.513, tswd=0.6503]
Epoch 2/5:  14%|█▍        | 29/208 [00:33<03:25,  1.15s/it, curv=0.0000, flow=2.3783, kin=0.0000, loss=10.8262, ot=0.00
00, t=0.513, tswd=0.6503]
Epoch 2/5:  14%|█▍        | 30/208 [00:34<03:23,  1.14s/it, curv=0.0000, flow=2.3783, kin=0.0000, loss=10.8262, ot=0.00
00, t=0.513, tswd=0.6503]
Epoch 2/5:  15%|█▍        | 31/208 [00:35<03:21,  1.14s/it, curv=0.0000, flow=2.3783, kin=0.0000, loss=10.8262, ot=0.00
00, t=0.513, tswd=0.6503]
Epoch 2/5:  15%|█▌        | 32/208 [00:36<03:21,  1.15s/it, curv=0.0000, flow=2.3783, kin=0.0000, loss=10.8262, ot=0.00
00, t=0.513, tswd=0.6503]
Epoch 2/5:  16%|█▌        | 33/208 [00:37<03:19,  1.14s/it, curv=0.0000, flow=2.3783, kin=0.0000, loss=10.8262, ot=0.00
00, t=0.513, tswd=0.6503]
Epoch 2/5:  16%|█▋        | 34/208 [00:38<03:18,  1.14s/it, curv=0.0000, flow=2.3783, kin=0.0000, loss=10.8262, ot=0.00
00, t=0.513, tswd=0.6503]
Epoch 2/5:  17%|█▋        | 35/208 [00:39<03:16,  1.13s/it, curv=0.0000, flow=2.3783, kin=0.0000, loss=10.8262, ot=0.00
00, t=0.513, tswd=0.6503]
Epoch 2/5:  17%|█▋        | 36/208 [00:41<03:17,  1.15s/it, curv=0.0000, flow=2.3783, kin=0.0000, loss=10.8262, ot=0.00
00, t=0.513, tswd=0.6503]
Epoch 2/5:  18%|█▊        | 37/208 [00:42<03:16,  1.15s/it, curv=0.0000, flow=2.3783, kin=0.0000, loss=10.8262, ot=0.00
00, t=0.513, tswd=0.6503]
Epoch 2/5:  18%|█▊        | 38/208 [00:43<03:12,  1.13s/it, curv=0.0000, flow=2.3783, kin=0.0000, loss=10.8262, ot=0.00
00, t=0.513, tswd=0.6503]
Epoch 2/5:  19%|█▉        | 39/208 [00:44<03:13,  1.14s/it, curv=0.0000, flow=2.3783, kin=0.0000, loss=10.8262, ot=0.00
00, t=0.513, tswd=0.6503]
Epoch 2/5:  19%|█▉        | 39/208 [00:45<03:13,  1.14s/it, curv=0.0000, flow=2.3622, kin=0.0000, loss=10.6899, ot=0.00
00, t=0.497, tswd=0.6410]
Epoch 2/5:  19%|█▉        | 40/208 [00:45<03:11,  1.14s/it, curv=0.0000, flow=2.3622, kin=0.0000, loss=10.6899, ot=0.00
00, t=0.497, tswd=0.6410]
Epoch 2/5:  20%|█▉        | 41/208 [00:46<03:11,  1.15s/it, curv=0.0000, flow=2.3622, kin=0.0000, loss=10.6899, ot=0.00
00, t=0.497, tswd=0.6410]
Epoch 2/5:  20%|██        | 42/208 [00:47<03:11,  1.15s/it, curv=0.0000, flow=2.3622, kin=0.0000, loss=10.6899, ot=0.00
00, t=0.497, tswd=0.6410]
Epoch 2/5:  21%|██        | 43/208 [00:49<03:10,  1.15s/it, curv=0.0000, flow=2.3622, kin=0.0000, loss=10.6899, ot=0.00
00, t=0.497, tswd=0.6410]
Epoch 2/5:  21%|██        | 44/208 [00:50<03:11,  1.16s/it, curv=0.0000, flow=2.3622, kin=0.0000, loss=10.6899, ot=0.00
00, t=0.497, tswd=0.6410]
Epoch 2/5:  22%|██▏       | 45/208 [00:51<03:10,  1.17s/it, curv=0.0000, flow=2.3622, kin=0.0000, loss=10.6899, ot=0.00
00, t=0.497, tswd=0.6410]
Epoch 2/5:  22%|██▏       | 46/208 [00:52<03:12,  1.19s/it, curv=0.0000, flow=2.3622, kin=0.0000, loss=10.6899, ot=0.00
00, t=0.497, tswd=0.6410]
Epoch 2/5:  23%|██▎       | 47/208 [00:54<03:20,  1.24s/it, curv=0.0000, flow=2.3622, kin=0.0000, loss=10.6899, ot=0.00
00, t=0.497, tswd=0.6410]
Epoch 2/5:  23%|██▎       | 48/208 [00:55<03:19,  1.25s/it, curv=0.0000, flow=2.3622, kin=0.0000, loss=10.6899, ot=0.00
00, t=0.497, tswd=0.6410]
Epoch 2/5:  24%|██▎       | 49/208 [00:56<03:18,  1.25s/it, curv=0.0000, flow=2.3622, kin=0.0000, loss=10.6899, ot=0.00
00, t=0.497, tswd=0.6410]
Epoch 2/5:  24%|██▍       | 50/208 [00:57<03:15,  1.24s/it, curv=0.0000, flow=2.3622, kin=0.0000, loss=10.6899, ot=0.00
00, t=0.497, tswd=0.6410]
Epoch 2/5:  25%|██▍       | 51/208 [00:59<03:16,  1.25s/it, curv=0.0000, flow=2.3622, kin=0.0000, loss=10.6899, ot=0.00
00, t=0.497, tswd=0.6410]
Epoch 2/5:  25%|██▌       | 52/208 [01:00<03:11,  1.23s/it, curv=0.0000, flow=2.3622, kin=0.0000, loss=10.6899, ot=0.00
00, t=0.497, tswd=0.6410]
Epoch 2/5:  25%|██▌       | 53/208 [01:01<03:06,  1.20s/it, curv=0.0000, flow=2.3622, kin=0.0000, loss=10.6899, ot=0.00
00, t=0.497, tswd=0.6410]
Epoch 2/5:  26%|██▌       | 54/208 [01:02<03:00,  1.17s/it, curv=0.0000, flow=2.3622, kin=0.0000, loss=10.6899, ot=0.00
00, t=0.497, tswd=0.6410]
Epoch 2/5:  26%|██▋       | 55/208 [01:03<03:00,  1.18s/it, curv=0.0000, flow=2.3622, kin=0.0000, loss=10.6899, ot=0.00
00, t=0.497, tswd=0.6410]
Epoch 2/5:  27%|██▋       | 56/208 [01:04<02:59,  1.18s/it, curv=0.0000, flow=2.3622, kin=0.0000, loss=10.6899, ot=0.00
00, t=0.497, tswd=0.6410]
Epoch 2/5:  27%|██▋       | 57/208 [01:05<02:56,  1.17s/it, curv=0.0000, flow=2.3622, kin=0.0000, loss=10.6899, ot=0.00
00, t=0.497, tswd=0.6410]
Epoch 2/5:  28%|██▊       | 58/208 [01:07<02:55,  1.17s/it, curv=0.0000, flow=2.3622, kin=0.0000, loss=10.6899, ot=0.00
00, t=0.497, tswd=0.6410]
Epoch 2/5:  28%|██▊       | 59/208 [01:08<02:54,  1.17s/it, curv=0.0000, flow=2.3622, kin=0.0000, loss=10.6899, ot=0.00
00, t=0.497, tswd=0.6410]
Epoch 2/5:  28%|██▊       | 59/208 [01:09<02:54,  1.17s/it, curv=0.0000, flow=2.3441, kin=0.0000, loss=10.6017, ot=0.00
00, t=0.493, tswd=0.6362]
Epoch 2/5:  29%|██▉       | 60/208 [01:09<02:56,  1.19s/it, curv=0.0000, flow=2.3441, kin=0.0000, loss=10.6017, ot=0.00
00, t=0.493, tswd=0.6362]
Epoch 2/5:  29%|██▉       | 61/208 [01:10<02:57,  1.21s/it, curv=0.0000, flow=2.3441, kin=0.0000, loss=10.6017, ot=0.00
00, t=0.493, tswd=0.6362]
Epoch 2/5:  30%|██▉       | 62/208 [01:11<02:55,  1.20s/it, curv=0.0000, flow=2.3441, kin=0.0000, loss=10.6017, ot=0.00
00, t=0.493, tswd=0.6362]
Epoch 2/5:  30%|███       | 63/208 [01:13<02:51,  1.19s/it, curv=0.0000, flow=2.3441, kin=0.0000, loss=10.6017, ot=0.00
00, t=0.493, tswd=0.6362]
Epoch 2/5:  31%|███       | 64/208 [01:14<02:49,  1.17s/it, curv=0.0000, flow=2.3441, kin=0.0000, loss=10.6017, ot=0.00
00, t=0.493, tswd=0.6362]
Epoch 2/5:  31%|███▏      | 65/208 [01:15<02:47,  1.17s/it, curv=0.0000, flow=2.3441, kin=0.0000, loss=10.6017, ot=0.00
00, t=0.493, tswd=0.6362]
Epoch 2/5:  32%|███▏      | 66/208 [01:16<02:45,  1.17s/it, curv=0.0000, flow=2.3441, kin=0.0000, loss=10.6017, ot=0.00
00, t=0.493, tswd=0.6362]
Epoch 2/5:  32%|███▏      | 67/208 [01:17<02:44,  1.17s/it, curv=0.0000, flow=2.3441, kin=0.0000, loss=10.6017, ot=0.00
00, t=0.493, tswd=0.6362]
Epoch 2/5:  33%|███▎      | 68/208 [01:18<02:42,  1.16s/it, curv=0.0000, flow=2.3441, kin=0.0000, loss=10.6017, ot=0.00
00, t=0.493, tswd=0.6362]
Epoch 2/5:  33%|███▎      | 69/208 [01:20<02:41,  1.16s/it, curv=0.0000, flow=2.3441, kin=0.0000, loss=10.6017, ot=0.00
00, t=0.493, tswd=0.6362]
Epoch 2/5:  34%|███▎      | 70/208 [01:21<02:39,  1.16s/it, curv=0.0000, flow=2.3441, kin=0.0000, loss=10.6017, ot=0.00
00, t=0.493, tswd=0.6362]
Epoch 2/5:  34%|███▍      | 71/208 [01:22<02:38,  1.16s/it, curv=0.0000, flow=2.3441, kin=0.0000, loss=10.6017, ot=0.00
00, t=0.493, tswd=0.6362]
Epoch 2/5:  35%|███▍      | 72/208 [01:23<02:36,  1.15s/it, curv=0.0000, flow=2.3441, kin=0.0000, loss=10.6017, ot=0.00
00, t=0.493, tswd=0.6362]
Epoch 2/5:  35%|███▌      | 73/208 [01:24<02:35,  1.15s/it, curv=0.0000, flow=2.3441, kin=0.0000, loss=10.6017, ot=0.00
00, t=0.493, tswd=0.6362]
Epoch 2/5:  36%|███▌      | 74/208 [01:25<02:36,  1.17s/it, curv=0.0000, flow=2.3441, kin=0.0000, loss=10.6017, ot=0.00
00, t=0.493, tswd=0.6362]
Epoch 2/5:  36%|███▌      | 75/208 [01:27<02:35,  1.17s/it, curv=0.0000, flow=2.3441, kin=0.0000, loss=10.6017, ot=0.00
00, t=0.493, tswd=0.6362]
Epoch 2/5:  37%|███▋      | 76/208 [01:28<02:35,  1.18s/it, curv=0.0000, flow=2.3441, kin=0.0000, loss=10.6017, ot=0.00
00, t=0.493, tswd=0.6362]
Epoch 2/5:  37%|███▋      | 77/208 [01:29<02:34,  1.18s/it, curv=0.0000, flow=2.3441, kin=0.0000, loss=10.6017, ot=0.00
00, t=0.493, tswd=0.6362]
Epoch 2/5:  38%|███▊      | 78/208 [01:30<02:31,  1.16s/it, curv=0.0000, flow=2.3441, kin=0.0000, loss=10.6017, ot=0.00
00, t=0.493, tswd=0.6362]
Epoch 2/5:  38%|███▊      | 79/208 [01:31<02:29,  1.16s/it, curv=0.0000, flow=2.3441, kin=0.0000, loss=10.6017, ot=0.00
00, t=0.493, tswd=0.6362]
Epoch 2/5:  38%|███▊      | 79/208 [01:32<02:29,  1.16s/it, curv=0.0000, flow=2.3389, kin=0.0000, loss=10.5930, ot=0.00
00, t=0.496, tswd=0.6362]
Epoch 2/5:  38%|███▊      | 80/208 [01:32<02:28,  1.16s/it, curv=0.0000, flow=2.3389, kin=0.0000, loss=10.5930, ot=0.00
00, t=0.496, tswd=0.6362]
Epoch 2/5:  39%|███▉      | 81/208 [01:34<02:27,  1.16s/it, curv=0.0000, flow=2.3389, kin=0.0000, loss=10.5930, ot=0.00
00, t=0.496, tswd=0.6362]
Epoch 2/5:  39%|███▉      | 82/208 [01:35<02:26,  1.16s/it, curv=0.0000, flow=2.3389, kin=0.0000, loss=10.5930, ot=0.00
00, t=0.496, tswd=0.6362]
Epoch 2/5:  40%|███▉      | 83/208 [01:36<02:24,  1.16s/it, curv=0.0000, flow=2.3389, kin=0.0000, loss=10.5930, ot=0.00
00, t=0.496, tswd=0.6362]
Epoch 2/5:  40%|████      | 84/208 [01:37<02:23,  1.16s/it, curv=0.0000, flow=2.3389, kin=0.0000, loss=10.5930, ot=0.00
00, t=0.496, tswd=0.6362]
Epoch 2/5:  41%|████      | 85/208 [01:38<02:23,  1.17s/it, curv=0.0000, flow=2.3389, kin=0.0000, loss=10.5930, ot=0.00
00, t=0.496, tswd=0.6362]
Epoch 2/5:  41%|████▏     | 86/208 [01:39<02:23,  1.17s/it, curv=0.0000, flow=2.3389, kin=0.0000, loss=10.5930, ot=0.00
00, t=0.496, tswd=0.6362]
Epoch 2/5:  42%|████▏     | 87/208 [01:41<02:24,  1.19s/it, curv=0.0000, flow=2.3389, kin=0.0000, loss=10.5930, ot=0.00
00, t=0.496, tswd=0.6362]
Epoch 2/5:  42%|████▏     | 88/208 [01:42<02:21,  1.18s/it, curv=0.0000, flow=2.3389, kin=0.0000, loss=10.5930, ot=0.00
00, t=0.496, tswd=0.6362]
Epoch 2/5:  43%|████▎     | 89/208 [01:43<02:39,  1.34s/it, curv=0.0000, flow=2.3389, kin=0.0000, loss=10.5930, ot=0.00
00, t=0.496, tswd=0.6362]
Epoch 2/5:  43%|████▎     | 90/208 [01:45<02:34,  1.31s/it, curv=0.0000, flow=2.3389, kin=0.0000, loss=10.5930, ot=0.00
00, t=0.496, tswd=0.6362]
Epoch 2/5:  44%|████▍     | 91/208 [01:46<02:32,  1.30s/it, curv=0.0000, flow=2.3389, kin=0.0000, loss=10.5930, ot=0.00
00, t=0.496, tswd=0.6362]
Epoch 2/5:  44%|████▍     | 92/208 [01:47<02:27,  1.27s/it, curv=0.0000, flow=2.3389, kin=0.0000, loss=10.5930, ot=0.00
00, t=0.496, tswd=0.6362]
Epoch 2/5:  45%|████▍     | 93/208 [01:48<02:22,  1.24s/it, curv=0.0000, flow=2.3389, kin=0.0000, loss=10.5930, ot=0.00
00, t=0.496, tswd=0.6362]
Epoch 2/5:  45%|████▌     | 94/208 [01:50<02:26,  1.29s/it, curv=0.0000, flow=2.3389, kin=0.0000, loss=10.5930, ot=0.00
00, t=0.496, tswd=0.6362]
Epoch 2/5:  46%|████▌     | 95/208 [01:51<02:28,  1.32s/it, curv=0.0000, flow=2.3389, kin=0.0000, loss=10.5930, ot=0.00
00, t=0.496, tswd=0.6362]
Epoch 2/5:  46%|████▌     | 96/208 [01:52<02:22,  1.27s/it, curv=0.0000, flow=2.3389, kin=0.0000, loss=10.5930, ot=0.00
00, t=0.496, tswd=0.6362]
Epoch 2/5:  47%|████▋     | 97/208 [01:53<02:17,  1.24s/it, curv=0.0000, flow=2.3389, kin=0.0000, loss=10.5930, ot=0.00
00, t=0.496, tswd=0.6362]
Epoch 2/5:  47%|████▋     | 98/208 [01:55<02:18,  1.26s/it, curv=0.0000, flow=2.3389, kin=0.0000, loss=10.5930, ot=0.00
00, t=0.496, tswd=0.6362]
Epoch 2/5:  48%|████▊     | 99/208 [01:56<02:17,  1.26s/it, curv=0.0000, flow=2.3389, kin=0.0000, loss=10.5930, ot=0.00
00, t=0.496, tswd=0.6362]
Epoch 2/5:  48%|████▊     | 99/208 [01:57<02:17,  1.26s/it, curv=0.0000, flow=2.3093, kin=0.0000, loss=10.5157, ot=0.00
00, t=0.494, tswd=0.6335]
Epoch 2/5:  48%|████▊     | 100/208 [01:57<02:13,  1.23s/it, curv=0.0000, flow=2.3093, kin=0.0000, loss=10.5157, ot=0.0
000, t=0.494, tswd=0.6335]
Epoch 2/5:  49%|████▊     | 101/208 [01:59<02:15,  1.26s/it, curv=0.0000, flow=2.3093, kin=0.0000, loss=10.5157, ot=0.0
000, t=0.494, tswd=0.6335]
Epoch 2/5:  49%|████▉     | 102/208 [02:00<02:18,  1.31s/it, curv=0.0000, flow=2.3093, kin=0.0000, loss=10.5157, ot=0.0
000, t=0.494, tswd=0.6335]
Epoch 2/5:  50%|████▉     | 103/208 [02:01<02:13,  1.27s/it, curv=0.0000, flow=2.3093, kin=0.0000, loss=10.5157, ot=0.0
000, t=0.494, tswd=0.6335]
Epoch 2/5:  50%|█████     | 104/208 [02:02<02:07,  1.23s/it, curv=0.0000, flow=2.3093, kin=0.0000, loss=10.5157, ot=0.0
000, t=0.494, tswd=0.6335]
Epoch 2/5:  50%|█████     | 105/208 [02:03<02:04,  1.20s/it, curv=0.0000, flow=2.3093, kin=0.0000, loss=10.5157, ot=0.0
000, t=0.494, tswd=0.6335]
Epoch 2/5:  51%|█████     | 106/208 [02:05<02:02,  1.21s/it, curv=0.0000, flow=2.3093, kin=0.0000, loss=10.5157, ot=0.0
000, t=0.494, tswd=0.6335]
Epoch 2/5:  51%|█████▏    | 107/208 [02:06<02:03,  1.22s/it, curv=0.0000, flow=2.3093, kin=0.0000, loss=10.5157, ot=0.0
000, t=0.494, tswd=0.6335]
Epoch 2/5:  52%|█████▏    | 108/208 [02:07<01:58,  1.19s/it, curv=0.0000, flow=2.3093, kin=0.0000, loss=10.5157, ot=0.0
000, t=0.494, tswd=0.6335]
Epoch 2/5:  52%|█████▏    | 109/208 [02:08<01:55,  1.17s/it, curv=0.0000, flow=2.3093, kin=0.0000, loss=10.5157, ot=0.0
000, t=0.494, tswd=0.6335]
Epoch 2/5:  53%|█████▎    | 110/208 [02:09<01:53,  1.16s/it, curv=0.0000, flow=2.3093, kin=0.0000, loss=10.5157, ot=0.0
000, t=0.494, tswd=0.6335]
Epoch 2/5:  53%|█████▎    | 111/208 [02:11<02:02,  1.26s/it, curv=0.0000, flow=2.3093, kin=0.0000, loss=10.5157, ot=0.0
000, t=0.494, tswd=0.6335]
Epoch 2/5:  54%|█████▍    | 112/208 [02:12<02:10,  1.36s/it, curv=0.0000, flow=2.3093, kin=0.0000, loss=10.5157, ot=0.0
000, t=0.494, tswd=0.6335]
Epoch 2/5:  54%|█████▍    | 113/208 [02:14<02:05,  1.32s/it, curv=0.0000, flow=2.3093, kin=0.0000, loss=10.5157, ot=0.0
000, t=0.494, tswd=0.6335]
Epoch 2/5:  55%|█████▍    | 114/208 [02:15<02:01,  1.29s/it, curv=0.0000, flow=2.3093, kin=0.0000, loss=10.5157, ot=0.0
000, t=0.494, tswd=0.6335]
Epoch 2/5:  55%|█████▌    | 115/208 [02:16<01:59,  1.28s/it, curv=0.0000, flow=2.3093, kin=0.0000, loss=10.5157, ot=0.0
000, t=0.494, tswd=0.6335]
Epoch 2/5:  56%|█████▌    | 116/208 [02:18<02:03,  1.34s/it, curv=0.0000, flow=2.3093, kin=0.0000, loss=10.5157, ot=0.0
000, t=0.494, tswd=0.6335]
Epoch 2/5:  56%|█████▋    | 117/208 [02:19<01:58,  1.30s/it, curv=0.0000, flow=2.3093, kin=0.0000, loss=10.5157, ot=0.0
000, t=0.494, tswd=0.6335]
Epoch 2/5:  57%|█████▋    | 118/208 [02:20<01:53,  1.26s/it, curv=0.0000, flow=2.3093, kin=0.0000, loss=10.5157, ot=0.0
000, t=0.494, tswd=0.6335]
Epoch 2/5:  57%|█████▋    | 119/208 [02:21<01:50,  1.25s/it, curv=0.0000, flow=2.3093, kin=0.0000, loss=10.5157, ot=0.0
000, t=0.494, tswd=0.6335]
Epoch 2/5:  57%|█████▋    | 119/208 [02:23<01:50,  1.25s/it, curv=0.0000, flow=2.2996, kin=0.0000, loss=10.4984, ot=0.0
000, t=0.496, tswd=0.6332]
Epoch 2/5:  58%|█████▊    | 120/208 [02:23<01:54,  1.30s/it, curv=0.0000, flow=2.2996, kin=0.0000, loss=10.4984, ot=0.0
000, t=0.496, tswd=0.6332]
Epoch 2/5:  58%|█████▊    | 121/208 [02:24<01:55,  1.33s/it, curv=0.0000, flow=2.2996, kin=0.0000, loss=10.4984, ot=0.0
000, t=0.496, tswd=0.6332]
Epoch 2/5:  59%|█████▊    | 122/208 [02:25<01:47,  1.25s/it, curv=0.0000, flow=2.2996, kin=0.0000, loss=10.4984, ot=0.0
000, t=0.496, tswd=0.6332]
Epoch 2/5:  59%|█████▉    | 123/208 [02:26<01:42,  1.20s/it, curv=0.0000, flow=2.2996, kin=0.0000, loss=10.4984, ot=0.0
000, t=0.496, tswd=0.6332]
Epoch 2/5:  60%|█████▉    | 124/208 [02:27<01:38,  1.17s/it, curv=0.0000, flow=2.2996, kin=0.0000, loss=10.4984, ot=0.0
000, t=0.496, tswd=0.6332]
Epoch 2/5:  60%|██████    | 125/208 [02:29<01:40,  1.22s/it, curv=0.0000, flow=2.2996, kin=0.0000, loss=10.4984, ot=0.0
000, t=0.496, tswd=0.6332]
Epoch 2/5:  61%|██████    | 126/208 [02:30<01:46,  1.30s/it, curv=0.0000, flow=2.2996, kin=0.0000, loss=10.4984, ot=0.0
000, t=0.496, tswd=0.6332]
Epoch 2/5:  61%|██████    | 127/208 [02:31<01:42,  1.27s/it, curv=0.0000, flow=2.2996, kin=0.0000, loss=10.4984, ot=0.0
000, t=0.496, tswd=0.6332]
Epoch 2/5:  62%|██████▏   | 128/208 [02:32<01:39,  1.24s/it, curv=0.0000, flow=2.2996, kin=0.0000, loss=10.4984, ot=0.0
000, t=0.496, tswd=0.6332]
Epoch 2/5:  62%|██████▏   | 129/208 [02:34<01:38,  1.24s/it, curv=0.0000, flow=2.2996, kin=0.0000, loss=10.4984, ot=0.0
000, t=0.496, tswd=0.6332]
Epoch 2/5:  62%|██████▎   | 130/208 [02:35<01:37,  1.25s/it, curv=0.0000, flow=2.2996, kin=0.0000, loss=10.4984, ot=0.0
000, t=0.496, tswd=0.6332]
Epoch 2/5:  63%|██████▎   | 131/208 [02:36<01:39,  1.30s/it, curv=0.0000, flow=2.2996, kin=0.0000, loss=10.4984, ot=0.0
000, t=0.496, tswd=0.6332]
Epoch 2/5:  63%|██████▎   | 132/208 [02:38<01:36,  1.27s/it, curv=0.0000, flow=2.2996, kin=0.0000, loss=10.4984, ot=0.0
000, t=0.496, tswd=0.6332]
Epoch 2/5:  64%|██████▍   | 133/208 [02:39<01:33,  1.24s/it, curv=0.0000, flow=2.2996, kin=0.0000, loss=10.4984, ot=0.0
000, t=0.496, tswd=0.6332]
Epoch 2/5:  64%|██████▍   | 134/208 [02:40<01:30,  1.23s/it, curv=0.0000, flow=2.2996, kin=0.0000, loss=10.4984, ot=0.0
000, t=0.496, tswd=0.6332]
Epoch 2/5:  65%|██████▍   | 135/208 [02:41<01:33,  1.29s/it, curv=0.0000, flow=2.2996, kin=0.0000, loss=10.4984, ot=0.0
000, t=0.496, tswd=0.6332]
Epoch 2/5:  65%|██████▌   | 136/208 [02:43<01:39,  1.38s/it, curv=0.0000, flow=2.2996, kin=0.0000, loss=10.4984, ot=0.0
000, t=0.496, tswd=0.6332]
Epoch 2/5:  66%|██████▌   | 137/208 [02:44<01:36,  1.36s/it, curv=0.0000, flow=2.2996, kin=0.0000, loss=10.4984, ot=0.0
000, t=0.496, tswd=0.6332]
Epoch 2/5:  66%|██████▋   | 138/208 [02:45<01:29,  1.28s/it, curv=0.0000, flow=2.2996, kin=0.0000, loss=10.4984, ot=0.0
000, t=0.496, tswd=0.6332]
Epoch 2/5:  67%|██████▋   | 139/208 [02:46<01:22,  1.19s/it, curv=0.0000, flow=2.2996, kin=0.0000, loss=10.4984, ot=0.0
000, t=0.496, tswd=0.6332]
Epoch 2/5:  67%|██████▋   | 139/208 [02:47<01:22,  1.19s/it, curv=0.0000, flow=2.2875, kin=0.0000, loss=10.4591, ot=0.0
000, t=0.496, tswd=0.6313]
Epoch 2/5:  67%|██████▋   | 140/208 [02:47<01:16,  1.13s/it, curv=0.0000, flow=2.2875, kin=0.0000, loss=10.4591, ot=0.0
000, t=0.496, tswd=0.6313]
Epoch 2/5:  68%|██████▊   | 141/208 [02:48<01:14,  1.10s/it, curv=0.0000, flow=2.2875, kin=0.0000, loss=10.4591, ot=0.0
000, t=0.496, tswd=0.6313]
Epoch 2/5:  68%|██████▊   | 142/208 [02:50<01:14,  1.12s/it, curv=0.0000, flow=2.2875, kin=0.0000, loss=10.4591, ot=0.0
000, t=0.496, tswd=0.6313]
Epoch 2/5:  69%|██████▉   | 143/208 [02:51<01:14,  1.15s/it, curv=0.0000, flow=2.2875, kin=0.0000, loss=10.4591, ot=0.0
000, t=0.496, tswd=0.6313]
Epoch 2/5:  69%|██████▉   | 144/208 [02:52<01:12,  1.14s/it, curv=0.0000, flow=2.2875, kin=0.0000, loss=10.4591, ot=0.0
000, t=0.496, tswd=0.6313]
Epoch 2/5:  70%|██████▉   | 145/208 [02:53<01:11,  1.13s/it, curv=0.0000, flow=2.2875, kin=0.0000, loss=10.4591, ot=0.0
000, t=0.496, tswd=0.6313]
Epoch 2/5:  70%|███████   | 146/208 [02:54<01:10,  1.14s/it, curv=0.0000, flow=2.2875, kin=0.0000, loss=10.4591, ot=0.0
000, t=0.496, tswd=0.6313]
Epoch 2/5:  71%|███████   | 147/208 [02:55<01:08,  1.13s/it, curv=0.0000, flow=2.2875, kin=0.0000, loss=10.4591, ot=0.0
000, t=0.496, tswd=0.6313]
Epoch 2/5:  71%|███████   | 148/208 [02:56<01:07,  1.12s/it, curv=0.0000, flow=2.2875, kin=0.0000, loss=10.4591, ot=0.0
000, t=0.496, tswd=0.6313]
Epoch 2/5:  72%|███████▏  | 149/208 [02:57<01:06,  1.12s/it, curv=0.0000, flow=2.2875, kin=0.0000, loss=10.4591, ot=0.0
000, t=0.496, tswd=0.6313]
Epoch 2/5:  72%|███████▏  | 150/208 [02:59<01:04,  1.12s/it, curv=0.0000, flow=2.2875, kin=0.0000, loss=10.4591, ot=0.0
000, t=0.496, tswd=0.6313]
Epoch 2/5:  73%|███████▎  | 151/208 [03:00<01:04,  1.12s/it, curv=0.0000, flow=2.2875, kin=0.0000, loss=10.4591, ot=0.0
000, t=0.496, tswd=0.6313]
Epoch 2/5:  73%|███████▎  | 152/208 [03:01<01:02,  1.12s/it, curv=0.0000, flow=2.2875, kin=0.0000, loss=10.4591, ot=0.0
000, t=0.496, tswd=0.6313]
Epoch 2/5:  74%|███████▎  | 153/208 [03:02<01:01,  1.11s/it, curv=0.0000, flow=2.2875, kin=0.0000, loss=10.4591, ot=0.0
000, t=0.496, tswd=0.6313]
Epoch 2/5:  74%|███████▍  | 154/208 [03:03<01:01,  1.14s/it, curv=0.0000, flow=2.2875, kin=0.0000, loss=10.4591, ot=0.0
000, t=0.496, tswd=0.6313]
Epoch 2/5:  75%|███████▍  | 155/208 [03:04<01:01,  1.16s/it, curv=0.0000, flow=2.2875, kin=0.0000, loss=10.4591, ot=0.0
000, t=0.496, tswd=0.6313]
Epoch 2/5:  75%|███████▌  | 156/208 [03:06<01:00,  1.17s/it, curv=0.0000, flow=2.2875, kin=0.0000, loss=10.4591, ot=0.0
000, t=0.496, tswd=0.6313]
Epoch 2/5:  75%|███████▌  | 157/208 [03:07<00:59,  1.16s/it, curv=0.0000, flow=2.2875, kin=0.0000, loss=10.4591, ot=0.0
000, t=0.496, tswd=0.6313]
Epoch 2/5:  76%|███████▌  | 158/208 [03:08<00:58,  1.16s/it, curv=0.0000, flow=2.2875, kin=0.0000, loss=10.4591, ot=0.0
000, t=0.496, tswd=0.6313]
Epoch 2/5:  76%|███████▋  | 159/208 [03:09<00:57,  1.18s/it, curv=0.0000, flow=2.2875, kin=0.0000, loss=10.4591, ot=0.0
000, t=0.496, tswd=0.6313]
Epoch 2/5:  76%|███████▋  | 159/208 [03:10<00:57,  1.18s/it, curv=0.0000, flow=2.2794, kin=0.0000, loss=10.4155, ot=0.0
000, t=0.495, tswd=0.6286]
Epoch 2/5:  77%|███████▋  | 160/208 [03:10<00:58,  1.22s/it, curv=0.0000, flow=2.2794, kin=0.0000, loss=10.4155, ot=0.0
000, t=0.495, tswd=0.6286]
Epoch 2/5:  77%|███████▋  | 161/208 [03:11<00:56,  1.19s/it, curv=0.0000, flow=2.2794, kin=0.0000, loss=10.4155, ot=0.0
000, t=0.495, tswd=0.6286]
Epoch 2/5:  78%|███████▊  | 162/208 [03:12<00:52,  1.13s/it, curv=0.0000, flow=2.2794, kin=0.0000, loss=10.4155, ot=0.0
000, t=0.495, tswd=0.6286]
Epoch 2/5:  78%|███████▊  | 163/208 [03:13<00:48,  1.08s/it, curv=0.0000, flow=2.2794, kin=0.0000, loss=10.4155, ot=0.0
000, t=0.495, tswd=0.6286]
Epoch 2/5:  79%|███████▉  | 164/208 [03:14<00:45,  1.04s/it, curv=0.0000, flow=2.2794, kin=0.0000, loss=10.4155, ot=0.0
000, t=0.495, tswd=0.6286]
Epoch 2/5:  79%|███████▉  | 165/208 [03:15<00:44,  1.04s/it, curv=0.0000, flow=2.2794, kin=0.0000, loss=10.4155, ot=0.0
000, t=0.495, tswd=0.6286]
Epoch 2/5:  80%|███████▉  | 166/208 [03:16<00:43,  1.04s/it, curv=0.0000, flow=2.2794, kin=0.0000, loss=10.4155, ot=0.0
000, t=0.495, tswd=0.6286]
Epoch 2/5:  80%|████████  | 167/208 [03:17<00:42,  1.03s/it, curv=0.0000, flow=2.2794, kin=0.0000, loss=10.4155, ot=0.0
000, t=0.495, tswd=0.6286]
Epoch 2/5:  81%|████████  | 168/208 [03:18<00:40,  1.01s/it, curv=0.0000, flow=2.2794, kin=0.0000, loss=10.4155, ot=0.0
000, t=0.495, tswd=0.6286]
Epoch 2/5:  81%|████████▏ | 169/208 [03:19<00:38,  1.00it/s, curv=0.0000, flow=2.2794, kin=0.0000, loss=10.4155, ot=0.0
000, t=0.495, tswd=0.6286]
Epoch 2/5:  82%|████████▏ | 170/208 [03:21<00:39,  1.04s/it, curv=0.0000, flow=2.2794, kin=0.0000, loss=10.4155, ot=0.0
000, t=0.495, tswd=0.6286]
Epoch 2/5:  82%|████████▏ | 171/208 [03:21<00:37,  1.01s/it, curv=0.0000, flow=2.2794, kin=0.0000, loss=10.4155, ot=0.0
000, t=0.495, tswd=0.6286]
Epoch 2/5:  83%|████████▎ | 172/208 [03:22<00:35,  1.01it/s, curv=0.0000, flow=2.2794, kin=0.0000, loss=10.4155, ot=0.0
000, t=0.495, tswd=0.6286]
Epoch 2/5:  83%|████████▎ | 173/208 [03:23<00:35,  1.00s/it, curv=0.0000, flow=2.2794, kin=0.0000, loss=10.4155, ot=0.0
000, t=0.495, tswd=0.6286]
Epoch 2/5:  84%|████████▎ | 174/208 [03:24<00:33,  1.01it/s, curv=0.0000, flow=2.2794, kin=0.0000, loss=10.4155, ot=0.0
000, t=0.495, tswd=0.6286]
Epoch 2/5:  84%|████████▍ | 175/208 [03:26<00:33,  1.03s/it, curv=0.0000, flow=2.2794, kin=0.0000, loss=10.4155, ot=0.0
000, t=0.495, tswd=0.6286]
Epoch 2/5:  85%|████████▍ | 176/208 [03:27<00:33,  1.04s/it, curv=0.0000, flow=2.2794, kin=0.0000, loss=10.4155, ot=0.0
000, t=0.495, tswd=0.6286]
Epoch 2/5:  85%|████████▌ | 177/208 [03:28<00:31,  1.03s/it, curv=0.0000, flow=2.2794, kin=0.0000, loss=10.4155, ot=0.0
000, t=0.495, tswd=0.6286]
Epoch 2/5:  86%|████████▌ | 178/208 [03:29<00:30,  1.01s/it, curv=0.0000, flow=2.2794, kin=0.0000, loss=10.4155, ot=0.0
000, t=0.495, tswd=0.6286]
Epoch 2/5:  86%|████████▌ | 179/208 [03:30<00:28,  1.01it/s, curv=0.0000, flow=2.2794, kin=0.0000, loss=10.4155, ot=0.0
000, t=0.495, tswd=0.6286]
Epoch 2/5:  86%|████████▌ | 179/208 [03:30<00:28,  1.01it/s, curv=0.0000, flow=2.2717, kin=0.0000, loss=10.3829, ot=0.0
000, t=0.495, tswd=0.6269]
Epoch 2/5:  87%|████████▋ | 180/208 [03:30<00:27,  1.02it/s, curv=0.0000, flow=2.2717, kin=0.0000, loss=10.3829, ot=0.0
000, t=0.495, tswd=0.6269]
Epoch 2/5:  87%|████████▋ | 181/208 [03:32<00:26,  1.00it/s, curv=0.0000, flow=2.2717, kin=0.0000, loss=10.3829, ot=0.0
000, t=0.495, tswd=0.6269]
Epoch 2/5:  88%|████████▊ | 182/208 [03:33<00:25,  1.00it/s, curv=0.0000, flow=2.2717, kin=0.0000, loss=10.3829, ot=0.0
000, t=0.495, tswd=0.6269]
Epoch 2/5:  88%|████████▊ | 183/208 [03:33<00:24,  1.02it/s, curv=0.0000, flow=2.2717, kin=0.0000, loss=10.3829, ot=0.0
000, t=0.495, tswd=0.6269]
Epoch 2/5:  88%|████████▊ | 184/208 [03:34<00:23,  1.02it/s, curv=0.0000, flow=2.2717, kin=0.0000, loss=10.3829, ot=0.0
000, t=0.495, tswd=0.6269]
Epoch 2/5:  89%|████████▉ | 185/208 [03:35<00:22,  1.02it/s, curv=0.0000, flow=2.2717, kin=0.0000, loss=10.3829, ot=0.0
000, t=0.495, tswd=0.6269]
Epoch 2/5:  89%|████████▉ | 186/208 [03:36<00:21,  1.04it/s, curv=0.0000, flow=2.2717, kin=0.0000, loss=10.3829, ot=0.0
000, t=0.495, tswd=0.6269]
Epoch 2/5:  90%|████████▉ | 187/208 [03:37<00:20,  1.01it/s, curv=0.0000, flow=2.2717, kin=0.0000, loss=10.3829, ot=0.0
000, t=0.495, tswd=0.6269]
Epoch 2/5:  90%|█████████ | 188/208 [03:38<00:19,  1.02it/s, curv=0.0000, flow=2.2717, kin=0.0000, loss=10.3829, ot=0.0
000, t=0.495, tswd=0.6269]
Epoch 2/5:  91%|█████████ | 189/208 [03:39<00:18,  1.03it/s, curv=0.0000, flow=2.2717, kin=0.0000, loss=10.3829, ot=0.0
000, t=0.495, tswd=0.6269]
Epoch 2/5:  91%|█████████▏| 190/208 [03:40<00:17,  1.03it/s, curv=0.0000, flow=2.2717, kin=0.0000, loss=10.3829, ot=0.0
000, t=0.495, tswd=0.6269]
Epoch 2/5:  92%|█████████▏| 191/208 [03:41<00:16,  1.04it/s, curv=0.0000, flow=2.2717, kin=0.0000, loss=10.3829, ot=0.0
000, t=0.495, tswd=0.6269]
Epoch 2/5:  92%|█████████▏| 192/208 [03:42<00:15,  1.04it/s, curv=0.0000, flow=2.2717, kin=0.0000, loss=10.3829, ot=0.0
000, t=0.495, tswd=0.6269]
Epoch 2/5:  93%|█████████▎| 193/208 [03:43<00:14,  1.01it/s, curv=0.0000, flow=2.2717, kin=0.0000, loss=10.3829, ot=0.0
000, t=0.495, tswd=0.6269]
Epoch 2/5:  93%|█████████▎| 194/208 [03:44<00:13,  1.02it/s, curv=0.0000, flow=2.2717, kin=0.0000, loss=10.3829, ot=0.0
000, t=0.495, tswd=0.6269]
Epoch 2/5:  94%|█████████▍| 195/208 [03:45<00:12,  1.01it/s, curv=0.0000, flow=2.2717, kin=0.0000, loss=10.3829, ot=0.0
000, t=0.495, tswd=0.6269]
Epoch 2/5:  94%|█████████▍| 196/208 [03:46<00:11,  1.02it/s, curv=0.0000, flow=2.2717, kin=0.0000, loss=10.3829, ot=0.0
000, t=0.495, tswd=0.6269]
Epoch 2/5:  95%|█████████▍| 197/208 [03:47<00:10,  1.01it/s, curv=0.0000, flow=2.2717, kin=0.0000, loss=10.3829, ot=0.0
000, t=0.495, tswd=0.6269]
Epoch 2/5:  95%|█████████▌| 198/208 [03:48<00:09,  1.00it/s, curv=0.0000, flow=2.2717, kin=0.0000, loss=10.3829, ot=0.0
000, t=0.495, tswd=0.6269]
Epoch 2/5:  96%|█████████▌| 199/208 [03:49<00:08,  1.01it/s, curv=0.0000, flow=2.2717, kin=0.0000, loss=10.3829, ot=0.0
000, t=0.495, tswd=0.6269]
Epoch 2/5:  96%|█████████▌| 199/208 [03:50<00:08,  1.01it/s, curv=0.0000, flow=2.2605, kin=0.0000, loss=10.3362, ot=0.0
000, t=0.495, tswd=0.6244]
Epoch 2/5:  96%|█████████▌| 200/208 [03:50<00:07,  1.03it/s, curv=0.0000, flow=2.2605, kin=0.0000, loss=10.3362, ot=0.0
000, t=0.495, tswd=0.6244]
Epoch 2/5:  97%|█████████▋| 201/208 [03:51<00:06,  1.02it/s, curv=0.0000, flow=2.2605, kin=0.0000, loss=10.3362, ot=0.0
000, t=0.495, tswd=0.6244]
Epoch 2/5:  97%|█████████▋| 202/208 [03:52<00:05,  1.02it/s, curv=0.0000, flow=2.2605, kin=0.0000, loss=10.3362, ot=0.0
000, t=0.495, tswd=0.6244]
Epoch 2/5:  98%|█████████▊| 203/208 [03:53<00:04,  1.03it/s, curv=0.0000, flow=2.2605, kin=0.0000, loss=10.3362, ot=0.0
000, t=0.495, tswd=0.6244]
Epoch 2/5:  98%|█████████▊| 204/208 [03:54<00:04,  1.08s/it, curv=0.0000, flow=2.2605, kin=0.0000, loss=10.3362, ot=0.0
000, t=0.495, tswd=0.6244]
Epoch 2/5:  99%|█████████▊| 205/208 [03:56<00:03,  1.17s/it, curv=0.0000, flow=2.2605, kin=0.0000, loss=10.3362, ot=0.0
000, t=0.495, tswd=0.6244]
Epoch 2/5:  99%|█████████▉| 206/208 [03:57<00:02,  1.24s/it, curv=0.0000, flow=2.2605, kin=0.0000, loss=10.3362, ot=0.0
000, t=0.495, tswd=0.6244]
Epoch 2/5: 100%|█████████▉| 207/208 [03:58<00:01,  1.26s/it, curv=0.0000, flow=2.2605, kin=0.0000, loss=10.3362, ot=0.0
000, t=0.495, tswd=0.6244]
Epoch 2/5: 100%|█████████▉| 207/208 [04:00<00:01,  1.26s/it, curv=0.0000, flow=2.2601, kin=0.0000, loss=10.3297, ot=0.0
000, t=0.496, tswd=0.6240]
Epoch 2/5: 100%|██████████| 208/208 [04:00<00:00,  1.26s/it, curv=0.0000, flow=2.2601, kin=0.0000, loss=10.3297, ot=0.0
000, t=0.496, tswd=0.6240]
Epoch 2/5: 100%|██████████| 208/208 [04:00<00:00,  1.15s/it, curv=0.0000, flow=2.2601, kin=0.0000, loss=10.3297, ot=0.0
000, t=0.496, tswd=0.6240]
2026-07-08 09:48:55,004 - INFO - Epoch 2/5 | loss=10.3297 flow=2.2601 kin=0.0000 ot=0.0000 tswd=0.6240 gini=0.000 hub=0
.000 otd=0.0000 fiber=0.000 leak=0.0000 tgtshift=0.0000 cla=0.0000 cea=0.0000 sem_attn=0.000 sem_k=0.000 topo_ent=0.000
 topo_on=0 plan_ent=0.000 bary_ent=0.000 tok_ent=0.000 tok_eff=0.0 tok_max=0.000 tok_svd=0.000 tok_cos=0.000 app_s=0.00
0 app_d=0.000 sigma=0.000 bex=0 idr=0.00 t=0.496 |v|=0.000 lr=1.82e-04 data=1.7s comp=229.4s epoch=240.2s sps=20.78 bst
ep=1.155s gpu=30.7/86.0% vram=4.94/5.11GB power=31.1/70.0W peak=1.42/2.12GB
2026-07-08 09:48:55,010 - INFO - Pairing cache epoch=3 active_topk=8 mode=rank_stratified rank_schedule=fixed explore=0
.000/0 dual_mix=0.000/0 aux_topk=0
2026-07-08 09:48:55,011 - INFO - Epoch 3 weight schedule: stage=0 w_content=1.0000 w_style=8.0000 w_style_strength_reg=
0.0000 sigma=0.0200

Epoch 3/5:   0%|          | 0/208 [00:00<?, ?it/s]
Epoch 3/5:   0%|          | 0/208 [00:01<?, ?it/s, curv=0.0000, flow=2.1114, kin=0.0000, loss=9.7954, ot=0.0000, t=0.40
7, tswd=0.5974]
Epoch 3/5:   0%|          | 1/208 [00:01<03:54,  1.13s/it, curv=0.0000, flow=2.1114, kin=0.0000, loss=9.7954, ot=0.0000
, t=0.407, tswd=0.5974]
Epoch 3/5:   1%|          | 2/208 [00:02<03:52,  1.13s/it, curv=0.0000, flow=2.1114, kin=0.0000, loss=9.7954, ot=0.0000
, t=0.407, tswd=0.5974]
Epoch 3/5:   1%|▏         | 3/208 [00:03<03:58,  1.16s/it, curv=0.0000, flow=2.1114, kin=0.0000, loss=9.7954, ot=0.0000
, t=0.407, tswd=0.5974]
Epoch 3/5:   2%|▏         | 4/208 [00:04<03:55,  1.15s/it, curv=0.0000, flow=2.1114, kin=0.0000, loss=9.7954, ot=0.0000
, t=0.407, tswd=0.5974]
Epoch 3/5:   2%|▏         | 5/208 [00:05<03:51,  1.14s/it, curv=0.0000, flow=2.1114, kin=0.0000, loss=9.7954, ot=0.0000
, t=0.407, tswd=0.5974]
Epoch 3/5:   3%|▎         | 6/208 [00:06<03:49,  1.14s/it, curv=0.0000, flow=2.1114, kin=0.0000, loss=9.7954, ot=0.0000
, t=0.407, tswd=0.5974]
Epoch 3/5:   3%|▎         | 7/208 [00:07<03:45,  1.12s/it, curv=0.0000, flow=2.1114, kin=0.0000, loss=9.7954, ot=0.0000
, t=0.407, tswd=0.5974]
Epoch 3/5:   4%|▍         | 8/208 [00:08<03:34,  1.07s/it, curv=0.0000, flow=2.1114, kin=0.0000, loss=9.7954, ot=0.0000
, t=0.407, tswd=0.5974]
