

=== CMD ===
C:\Users\xy\AppData\Local\Programs\Python\Python312\python.exe train.py --dataroot G:\GitHub\Latent_Style\Related_Works\run_511\outputs\review_baseline_suite_full4g\cast\work\cast_data --name run511_cast --model cast --batch_size 1 --n_epochs 50 --n_epochs_decay 50 --save_epoch_freq 5 --save_latest_freq 100000000 --checkpoints_dir G:\GitHub\Latent_Style\Related_Works\run_511\outputs\review_baseline_suite_full4g\cast\checkpoints --load_size 286 --crop_size 256 --num_threads 0 --serial_batches --no_html --display_id -1 --gpu_ids 0
G:\GitHub\Latent_Style\Related_Works\run_511\repos\cast\models\base_model.py:161: UserWarning: Converting a tensor with requires_grad=True to a scalar may lead to unexpected behavior.
Consider using tensor.detach() first. (Triggered internally at C:\actions-runner\_work\pytorch\pytorch\pytorch\torch\csrc\autograd\generated\python_variable_methods.cpp:837.)
  errors_ret[name] = float(getattr(self, 'loss_' + name))  # float(...) works for both scalar tensor and float number
----------------- Options ---------------
                CAST_mode: CAST                          
               batch_size: 1                             
                    beta1: 0.5                           
                    beta2: 0.999                         
          checkpoints_dir: G:\GitHub\Latent_Style\Related_Works\run_511\outputs\review_baseline_suite_full4g\cast\checkpoints	[default: ./checkpoints]
           continue_train: False                         
                crop_size: 256                           
                 dataroot: G:\GitHub\Latent_Style\Related_Works\run_511\outputs\review_baseline_suite_full4g\cast\work\cast_data	[default: placeholder]
             dataset_mode: unaligned                     
                direction: AtoB                          
              display_env: main                          
             display_freq: 400                           
               display_id: -1                            	[default: None]
            display_ncols: 4                             
             display_port: 8097                          
           display_server: http://localhost              
          display_winsize: 256                           
               easy_label: experiment_name               
                    epoch: latest                        
              epoch_count: 1                             
          evaluation_freq: 5000                          
              feature_dim: 256                           
                 gan_mode: hinge                         
                  gpu_ids: 0                             
          hypersphere_dim: 256                           
                init_gain: 0.02                          
                init_type: xavier                        
                 input_nc: 3                             
                  isTrain: True                          	[default: None]
               lambda_CYC: 4.0                           
           lambda_GAN_D_A: 1.0                           
           lambda_GAN_D_B: 1.0                           
           lambda_GAN_G_A: 0.1                           
           lambda_GAN_G_B: 0.1                           
             lambda_NCE_D: 1.0                           
             lambda_NCE_G: 0.05                          
                load_size: 286                           
                     lr_D: 0.0001                        
                 lr_D_NCE: 0.0001                        
                     lr_G: 0.0001                        
           lr_decay_iters: 50                            
                lr_policy: linear                        
             max_conv_dim: 512                           
         max_dataset_size: inf                           
                    model: cast                          
                 n_epochs: 50                            	[default: 200]
           n_epochs_decay: 50                            	[default: 200]
               n_layers_D: 3                             
                     name: run511_cast                   	[default: experiment_name]
               nce_layers: 0,1,2,3                       
                      ndf: 64                            
                     netD: basic                         
                     netG: resnet_9blocks                
                      ngf: 64                            
             no_antialias: False                         
          no_antialias_up: False                         
               no_dropout: True                          
                  no_flip: False                         
                  no_html: True                          	[default: False]
                    normD: instance                      
                    normG: instance                      
              num_threads: 0                             	[default: 4]
                output_nc: 3                             
                    phase: train                         
                pool_size: 0                             
               preprocess: resize_and_crop               
          pretrained_name: None                          
               print_freq: 100                           
               queue_size: 4096                          
         random_scale_max: 3.0                           
             save_by_iter: False                         
          save_epoch_freq: 5                             	[default: 50]
         save_latest_freq: 100000000                     	[default: 5000]
           serial_batches: True                          	[default: False]
                style_dim: 256                           
                   suffix:                               
              temperature: 0.07                          
         update_html_freq: 100                           
                  verbose: False                         
----------------- End -------------------
dataset [UnalignedDataset] was created
initialize network with normal
initialize network with normal
initialize network with normal
initialize network with normal
initialize network with normal
model [CASTModel] was created
The number of training images = 61
---------- Networks initialized -------------
[Network AE] Total number of parameters : 3.506 M
[Network Dec_A] Total number of parameters : 3.505 M
[Network Dec_B] Total number of parameters : 3.505 M
[Network D] Total number of parameters : 31.226 M
[Network P_style] Total number of parameters : 39.811 M
[Network D_A] Total number of parameters : 2.765 M
[Network D_B] Total number of parameters : 2.765 M
-----------------------------------------------
End of epoch 1 / 100 	 Time Taken: 34 sec
learning rate = 0.0001000
(epoch: 2, iters: 39, time: 0.220, data: 0.018) G: 2.095 G_A: 0.218 G_B: 0.219 D_A: 0.049 D_B: 0.000 G_NCE_style: 0.106 NCE_D: 2.649 cyc: 1.771 
End of epoch 2 / 100 	 Time Taken: 17 sec
learning rate = 0.0001000
End of epoch 3 / 100 	 Time Taken: 17 sec
learning rate = 0.0001000
(epoch: 4, iters: 17, time: 0.242, data: 0.005) G: 2.468 G_A: 0.132 G_B: 0.248 D_A: 0.408 D_B: 0.991 G_NCE_style: 0.119 NCE_D: 2.883 cyc: 2.159 
End of epoch 4 / 100 	 Time Taken: 17 sec
learning rate = 0.0001000
(epoch: 5, iters: 56, time: 0.256, data: 0.006) G: 1.486 G_A: 0.240 G_B: 0.247 D_A: 0.197 D_B: 1.165 G_NCE_style: 0.102 NCE_D: 2.700 cyc: 1.141 
saving the model at the end of epoch 5, iters 305
End of epoch 5 / 100 	 Time Taken: 17 sec
learning rate = 0.0001000
End of epoch 6 / 100 	 Time Taken: 17 sec
learning rate = 0.0001000
(epoch: 7, iters: 34, time: 0.264, data: 0.005) G: 1.412 G_A: 0.038 G_B: 0.245 D_A: 0.286 D_B: 0.427 G_NCE_style: 0.123 NCE_D: 3.008 cyc: 1.147 
End of epoch 7 / 100 	 Time Taken: 17 sec
learning rate = 0.0001000
End of epoch 8 / 100 	 Time Taken: 17 sec
learning rate = 0.0001000
(epoch: 9, iters: 12, time: 0.271, data: 0.006) G: 1.487 G_A: 0.153 G_B: 0.285 D_A: 0.213 D_B: 0.866 G_NCE_style: 0.094 NCE_D: 2.635 cyc: 1.174 
End of epoch 9 / 100 	 Time Taken: 17 sec
learning rate = 0.0001000
(epoch: 10, iters: 51, time: 0.275, data: 0.005) G: 1.089 G_A: 0.203 G_B: 0.238 D_A: 0.365 D_B: 0.767 G_NCE_style: 0.117 NCE_D: 2.945 cyc: 0.751 
saving the model at the end of epoch 10, iters 610
End of epoch 10 / 100 	 Time Taken: 18 sec
learning rate = 0.0001000
End of epoch 11 / 100 	 Time Taken: 17 sec
learning rate = 0.0001000
(epoch: 12, iters: 29, time: 0.276, data: 0.006) G: 1.059 G_A: 0.189 G_B: 0.258 D_A: 0.048 D_B: 0.627 G_NCE_style: 0.125 NCE_D: 3.071 cyc: 0.710 
End of epoch 12 / 100 	 Time Taken: 17 sec
learning rate = 0.0001000
End of epoch 13 / 100 	 Time Taken: 17 sec
learning rate = 0.0001000
(epoch: 14, iters: 7, time: 0.277, data: 0.006) G: 1.507 G_A: 0.206 G_B: 0.227 D_A: 0.311 D_B: 0.303 G_NCE_style: 0.127 NCE_D: 2.993 cyc: 1.163 
End of epoch 14 / 100 	 Time Taken: 17 sec
learning rate = 0.0001000
(epoch: 15, iters: 46, time: 0.277, data: 0.004) G: 1.194 G_A: 0.152 G_B: 0.279 D_A: 0.081 D_B: 0.819 G_NCE_style: 0.113 NCE_D: 3.000 cyc: 0.866 
saving the model at the end of epoch 15, iters 915
End of epoch 15 / 100 	 Time Taken: 18 sec
learning rate = 0.0001000
End of epoch 16 / 100 	 Time Taken: 17 sec
learning rate = 0.0001000
(epoch: 17, iters: 24, time: 0.277, data: 0.005) G: 1.279 G_A: 0.232 G_B: 0.212 D_A: 0.103 D_B: 0.261 G_NCE_style: 0.113 NCE_D: 2.694 cyc: 0.944 
End of epoch 17 / 100 	 Time Taken: 17 sec
learning rate = 0.0001000
End of epoch 18 / 100 	 Time Taken: 17 sec
learning rate = 0.0001000
(epoch: 19, iters: 2, time: 0.276, data: 0.004) G: 0.965 G_A: 0.246 G_B: 0.210 D_A: 0.733 D_B: 0.434 G_NCE_style: 0.128 NCE_D: 3.009 cyc: 0.609 
End of epoch 19 / 100 	 Time Taken: 17 sec
learning rate = 0.0001000
(epoch: 20, iters: 41, time: 0.277, data: 0.005) G: 1.297 G_A: 0.140 G_B: 0.190 D_A: 0.525 D_B: 1.608 G_NCE_style: 0.138 NCE_D: 3.256 cyc: 0.994 
saving the model at the end of epoch 20, iters 1220
End of epoch 20 / 100 	 Time Taken: 17 sec
learning rate = 0.0001000
End of epoch 21 / 100 	 Time Taken: 17 sec
learning rate = 0.0001000
(epoch: 22, iters: 19, time: 0.277, data: 0.005) G: 1.586 G_A: 0.238 G_B: 0.218 D_A: 0.747 D_B: 0.125 G_NCE_style: 0.138 NCE_D: 2.658 cyc: 1.220 
End of epoch 22 / 100 	 Time Taken: 17 sec
learning rate = 0.0001000
(epoch: 23, iters: 58, time: 0.278, data: 0.005) G: 1.192 G_A: 0.247 G_B: 0.344 D_A: 0.050 D_B: 0.186 G_NCE_style: 0.146 NCE_D: 3.362 cyc: 0.751 
End of epoch 23 / 100 	 Time Taken: 17 sec
learning rate = 0.0001000
End of epoch 24 / 100 	 Time Taken: 17 sec
learning rate = 0.0001000
(epoch: 25, iters: 36, time: 0.277, data: 0.005) G: 1.653 G_A: 0.255 G_B: 0.323 D_A: 0.409 D_B: 0.067 G_NCE_style: 0.143 NCE_D: 3.159 cyc: 1.220 
saving the model at the end of epoch 25, iters 1525
End of epoch 25 / 100 	 Time Taken: 18 sec
learning rate = 0.0001000
End of epoch 26 / 100 	 Time Taken: 17 sec
learning rate = 0.0001000
(epoch: 27, iters: 14, time: 0.279, data: 0.015) G: 1.234 G_A: 0.255 G_B: 0.263 D_A: 0.045 D_B: 0.755 G_NCE_style: 0.143 NCE_D: 3.289 cyc: 0.832 
End of epoch 27 / 100 	 Time Taken: 17 sec
learning rate = 0.0001000
(epoch: 28, iters: 53, time: 0.279, data: 0.004) G: 1.350 G_A: 0.264 G_B: 0.248 D_A: 0.145 D_B: 0.005 G_NCE_style: 0.155 NCE_D: 3.635 cyc: 0.938 
End of epoch 28 / 100 	 Time Taken: 17 sec
learning rate = 0.0001000
End of epoch 29 / 100 	 Time Taken: 17 sec
learning rate = 0.0001000
(epoch: 30, iters: 31, time: 0.280, data: 0.005) G: 0.980 G_A: 0.217 G_B: 0.265 D_A: 0.098 D_B: 0.757 G_NCE_style: 0.148 NCE_D: 3.372 cyc: 0.591 
saving the model at the end of epoch 30, iters 1830
End of epoch 30 / 100 	 Time Taken: 18 sec
learning rate = 0.0001000
End of epoch 31 / 100 	 Time Taken: 17 sec
learning rate = 0.0001000
(epoch: 32, iters: 9, time: 0.280, data: 0.005) G: 1.201 G_A: 0.229 G_B: 0.276 D_A: 0.128 D_B: 0.219 G_NCE_style: 0.118 NCE_D: 3.115 cyc: 0.830 
End of epoch 32 / 100 	 Time Taken: 17 sec
learning rate = 0.0001000
(epoch: 33, iters: 48, time: 0.279, data: 0.005) G: 1.357 G_A: 0.163 G_B: 0.401 D_A: 0.042 D_B: 0.790 G_NCE_style: 0.151 NCE_D: 3.319 cyc: 0.924 
End of epoch 33 / 100 	 Time Taken: 17 sec
learning rate = 0.0001000
End of epoch 34 / 100 	 Time Taken: 17 sec
learning rate = 0.0001000
(epoch: 35, iters: 26, time: 0.278, data: 0.005) G: 1.270 G_A: 0.210 G_B: 0.339 D_A: 0.032 D_B: 0.251 G_NCE_style: 0.126 NCE_D: 3.058 cyc: 0.870 
saving the model at the end of epoch 35, iters 2135
End of epoch 35 / 100 	 Time Taken: 18 sec
learning rate = 0.0001000
End of epoch 36 / 100 	 Time Taken: 17 sec
learning rate = 0.0001000
(epoch: 37, iters: 4, time: 0.278, data: 0.007) G: 1.339 G_A: 0.232 G_B: 0.347 D_A: 0.042 D_B: 0.927 G_NCE_style: 0.148 NCE_D: 3.342 cyc: 0.902 
End of epoch 37 / 100 	 Time Taken: 17 sec
learning rate = 0.0001000
(epoch: 38, iters: 43, time: 0.278, data: 0.005) G: 1.008 G_A: 0.167 G_B: 0.202 D_A: 0.629 D_B: 0.473 G_NCE_style: 0.147 NCE_D: 3.424 cyc: 0.676 
End of epoch 38 / 100 	 Time Taken: 17 sec
learning rate = 0.0001000
End of epoch 39 / 100 	 Time Taken: 17 sec
learning rate = 0.0001000
(epoch: 40, iters: 21, time: 0.277, data: 0.005) G: 1.254 G_A: 0.298 G_B: 0.156 D_A: 0.821 D_B: 0.157 G_NCE_style: 0.108 NCE_D: 2.880 cyc: 0.919 
saving the model at the end of epoch 40, iters 2440
End of epoch 40 / 100 	 Time Taken: 18 sec
learning rate = 0.0001000
(epoch: 41, iters: 60, time: 0.278, data: 0.005) G: 1.194 G_A: 0.123 G_B: 0.203 D_A: 0.804 D_B: 1.471 G_NCE_style: 0.137 NCE_D: 3.119 cyc: 0.893 
End of epoch 41 / 100 	 Time Taken: 17 sec
learning rate = 0.0001000
End of epoch 42 / 100 	 Time Taken: 17 sec
learning rate = 0.0001000
(epoch: 43, iters: 38, time: 0.278, data: 0.005) G: 1.089 G_A: 0.177 G_B: 0.167 D_A: 0.760 D_B: 0.362 G_NCE_style: 0.160 NCE_D: 3.486 cyc: 0.757 
End of epoch 43 / 100 	 Time Taken: 17 sec
learning rate = 0.0001000
End of epoch 44 / 100 	 Time Taken: 17 sec
learning rate = 0.0001000
(epoch: 45, iters: 16, time: 0.277, data: 0.005) G: 1.235 G_A: 0.227 G_B: 0.394 D_A: 0.049 D_B: 0.472 G_NCE_style: 0.156 NCE_D: 3.498 cyc: 0.768 
saving the model at the end of epoch 45, iters 2745
End of epoch 45 / 100 	 Time Taken: 17 sec
learning rate = 0.0001000
(epoch: 46, iters: 55, time: 0.277, data: 0.005) G: 1.505 G_A: 0.178 G_B: 0.350 D_A: 0.243 D_B: 0.824 G_NCE_style: 0.158 NCE_D: 3.566 cyc: 1.083 
End of epoch 46 / 100 	 Time Taken: 17 sec
learning rate = 0.0001000
End of epoch 47 / 100 	 Time Taken: 17 sec
learning rate = 0.0001000
(epoch: 48, iters: 33, time: 0.277, data: 0.005) G: 1.182 G_A: 0.254 G_B: 0.277 D_A: 0.277 D_B: 1.027 G_NCE_style: 0.165 NCE_D: 3.553 cyc: 0.752 
End of epoch 48 / 100 	 Time Taken: 17 sec
learning rate = 0.0001000
End of epoch 49 / 100 	 Time Taken: 17 sec
learning rate = 0.0001000
(epoch: 50, iters: 11, time: 0.277, data: 0.005) G: 1.112 G_A: 0.207 G_B: 0.309 D_A: 0.067 D_B: 0.437 G_NCE_style: 0.186 NCE_D: 3.677 cyc: 0.668 
saving the model at the end of epoch 50, iters 3050
End of epoch 50 / 100 	 Time Taken: 17 sec
learning rate = 0.0000980
(epoch: 51, iters: 50, time: 0.277, data: 0.005) G: 1.047 G_A: 0.155 G_B: 0.309 D_A: 0.018 D_B: 0.606 G_NCE_style: 0.144 NCE_D: 3.432 cyc: 0.671 
End of epoch 51 / 100 	 Time Taken: 17 sec
learning rate = 0.0000961
End of epoch 52 / 100 	 Time Taken: 17 sec
learning rate = 0.0000941
(epoch: 53, iters: 28, time: 0.276, data: 0.003) G: 1.479 G_A: 0.277 G_B: 0.303 D_A: 0.053 D_B: 0.348 G_NCE_style: 0.183 NCE_D: 3.946 cyc: 1.005 
End of epoch 53 / 100 	 Time Taken: 17 sec
learning rate = 0.0000922
End of epoch 54 / 100 	 Time Taken: 17 sec
learning rate = 0.0000902
(epoch: 55, iters: 6, time: 0.276, data: 0.004) G: 1.021 G_A: 0.332 G_B: 0.171 D_A: 0.832 D_B: 1.277 G_NCE_style: 0.178 NCE_D: 3.591 cyc: 0.591 
saving the model at the end of epoch 55, iters 3355
End of epoch 55 / 100 	 Time Taken: 17 sec
learning rate = 0.0000882
(epoch: 56, iters: 45, time: 0.276, data: 0.003) G: 0.910 G_A: 0.291 G_B: 0.234 D_A: 0.369 D_B: 0.253 G_NCE_style: 0.163 NCE_D: 3.548 cyc: 0.484 
End of epoch 56 / 100 	 Time Taken: 17 sec
learning rate = 0.0000863
End of epoch 57 / 100 	 Time Taken: 17 sec
learning rate = 0.0000843
(epoch: 58, iters: 23, time: 0.276, data: 0.015) G: 1.495 G_A: 0.224 G_B: 0.252 D_A: 0.420 D_B: 0.072 G_NCE_style: 0.165 NCE_D: 3.577 cyc: 1.092 
End of epoch 58 / 100 	 Time Taken: 17 sec
learning rate = 0.0000824
End of epoch 59 / 100 	 Time Taken: 17 sec
learning rate = 0.0000804
(epoch: 60, iters: 1, time: 0.277, data: 0.003) G: 1.038 G_A: 0.242 G_B: 0.286 D_A: 0.179 D_B: 0.191 G_NCE_style: 0.163 NCE_D: 3.453 cyc: 0.611 
saving the model at the end of epoch 60, iters 3660
End of epoch 60 / 100 	 Time Taken: 17 sec
learning rate = 0.0000784
(epoch: 61, iters: 40, time: 0.277, data: 0.003) G: 1.152 G_A: 0.255 G_B: 0.281 D_A: 0.248 D_B: 0.436 G_NCE_style: 0.190 NCE_D: 3.997 cyc: 0.694 
End of epoch 61 / 100 	 Time Taken: 17 sec
learning rate = 0.0000765
End of epoch 62 / 100 	 Time Taken: 17 sec
learning rate = 0.0000745
(epoch: 63, iters: 18, time: 0.277, data: 0.003) G: 1.171 G_A: 0.290 G_B: 0.254 D_A: 0.155 D_B: 0.084 G_NCE_style: 0.199 NCE_D: 4.195 cyc: 0.699 
End of epoch 63 / 100 	 Time Taken: 17 sec
learning rate = 0.0000725
(epoch: 64, iters: 57, time: 0.277, data: 0.003) G: 1.399 G_A: 0.219 G_B: 0.226 D_A: 0.508 D_B: 0.663 G_NCE_style: 0.178 NCE_D: 3.883 cyc: 0.999 
End of epoch 64 / 100 	 Time Taken: 17 sec
learning rate = 0.0000706
saving the model at the end of epoch 65, iters 3965
End of epoch 65 / 100 	 Time Taken: 17 sec
learning rate = 0.0000686
(epoch: 66, iters: 35, time: 0.279, data: 0.002) G: 1.106 G_A: 0.221 G_B: 0.372 D_A: 0.099 D_B: 0.455 G_NCE_style: 0.215 NCE_D: 4.164 cyc: 0.595 
End of epoch 66 / 100 	 Time Taken: 17 sec
learning rate = 0.0000667
End of epoch 67 / 100 	 Time Taken: 17 sec
learning rate = 0.0000647
(epoch: 68, iters: 13, time: 0.279, data: 0.004) G: 1.072 G_A: 0.261 G_B: 0.287 D_A: 0.032 D_B: 0.032 G_NCE_style: 0.205 NCE_D: 4.454 cyc: 0.593 
End of epoch 68 / 100 	 Time Taken: 17 sec
learning rate = 0.0000627
(epoch: 69, iters: 52, time: 0.278, data: 0.003) G: 1.314 G_A: 0.144 G_B: 0.217 D_A: 0.079 D_B: 1.317 G_NCE_style: 0.205 NCE_D: 4.329 cyc: 0.928 
End of epoch 69 / 100 	 Time Taken: 17 sec
learning rate = 0.0000608
saving the model at the end of epoch 70, iters 4270
End of epoch 70 / 100 	 Time Taken: 17 sec
learning rate = 0.0000588
(epoch: 71, iters: 30, time: 0.278, data: 0.004) G: 1.279 G_A: 0.238 G_B: 0.297 D_A: 0.168 D_B: 0.446 G_NCE_style: 0.184 NCE_D: 3.875 cyc: 0.827 
End of epoch 71 / 100 	 Time Taken: 17 sec
learning rate = 0.0000569
End of epoch 72 / 100 	 Time Taken: 17 sec
learning rate = 0.0000549
(epoch: 73, iters: 8, time: 0.278, data: 0.003) G: 1.011 G_A: 0.207 G_B: 0.332 D_A: 0.069 D_B: 0.381 G_NCE_style: 0.197 NCE_D: 4.179 cyc: 0.545 
End of epoch 73 / 100 	 Time Taken: 17 sec
learning rate = 0.0000529
(epoch: 74, iters: 47, time: 0.278, data: 0.004) G: 0.916 G_A: 0.224 G_B: 0.271 D_A: 0.040 D_B: 0.202 G_NCE_style: 0.211 NCE_D: 3.999 cyc: 0.457 
End of epoch 74 / 100 	 Time Taken: 17 sec
learning rate = 0.0000510
saving the model at the end of epoch 75, iters 4575
End of epoch 75 / 100 	 Time Taken: 17 sec
learning rate = 0.0000490
(epoch: 76, iters: 25, time: 0.277, data: 0.003) G: 1.090 G_A: 0.184 G_B: 0.304 D_A: 0.084 D_B: 0.493 G_NCE_style: 0.216 NCE_D: 4.397 cyc: 0.630 
End of epoch 76 / 100 	 Time Taken: 17 sec
learning rate = 0.0000471
End of epoch 77 / 100 	 Time Taken: 17 sec
learning rate = 0.0000451
(epoch: 78, iters: 3, time: 0.278, data: 0.004) G: 1.100 G_A: 0.194 G_B: 0.307 D_A: 0.003 D_B: 0.499 G_NCE_style: 0.222 NCE_D: 4.642 cyc: 0.627 
End of epoch 78 / 100 	 Time Taken: 17 sec
learning rate = 0.0000431
(epoch: 79, iters: 42, time: 0.277, data: 0.003) G: 1.085 G_A: 0.308 G_B: 0.296 D_A: 0.022 D_B: 0.047 G_NCE_style: 0.224 NCE_D: 4.686 cyc: 0.559 
End of epoch 79 / 100 	 Time Taken: 17 sec
learning rate = 0.0000412
saving the model at the end of epoch 80, iters 4880
End of epoch 80 / 100 	 Time Taken: 17 sec
learning rate = 0.0000392
(epoch: 81, iters: 20, time: 0.278, data: 0.003) G: 1.161 G_A: 0.243 G_B: 0.185 D_A: 0.413 D_B: 0.325 G_NCE_style: 0.244 NCE_D: 5.039 cyc: 0.702 
End of epoch 81 / 100 	 Time Taken: 17 sec
learning rate = 0.0000373
(epoch: 82, iters: 59, time: 0.277, data: 0.004) G: 1.187 G_A: 0.263 G_B: 0.456 D_A: 0.017 D_B: 0.660 G_NCE_style: 0.217 NCE_D: 4.420 cyc: 0.611 
End of epoch 82 / 100 	 Time Taken: 17 sec
learning rate = 0.0000353
End of epoch 83 / 100 	 Time Taken: 17 sec
learning rate = 0.0000333
(epoch: 84, iters: 37, time: 0.277, data: 0.004) G: 1.102 G_A: 0.249 G_B: 0.231 D_A: 0.436 D_B: 0.348 G_NCE_style: 0.237 NCE_D: 4.833 cyc: 0.625 
End of epoch 84 / 100 	 Time Taken: 17 sec
learning rate = 0.0000314
saving the model at the end of epoch 85, iters 5185
End of epoch 85 / 100 	 Time Taken: 17 sec
learning rate = 0.0000294
(epoch: 86, iters: 15, time: 0.277, data: 0.002) G: 0.969 G_A: 0.210 G_B: 0.278 D_A: 0.097 D_B: 0.401 G_NCE_style: 0.244 NCE_D: 5.166 cyc: 0.482 
End of epoch 86 / 100 	 Time Taken: 17 sec
learning rate = 0.0000275
(epoch: 87, iters: 54, time: 0.278, data: 0.004) G: 1.083 G_A: 0.217 G_B: 0.296 D_A: 0.021 D_B: 0.220 G_NCE_style: 0.237 NCE_D: 4.918 cyc: 0.590 
End of epoch 87 / 100 	 Time Taken: 17 sec
learning rate = 0.0000255
End of epoch 88 / 100 	 Time Taken: 17 sec
learning rate = 0.0000235
(epoch: 89, iters: 32, time: 0.277, data: 0.003) G: 1.168 G_A: 0.240 G_B: 0.375 D_A: 0.000 D_B: 0.169 G_NCE_style: 0.281 NCE_D: 5.262 cyc: 0.580 
End of epoch 89 / 100 	 Time Taken: 17 sec
learning rate = 0.0000216
saving the model at the end of epoch 90, iters 5490
End of epoch 90 / 100 	 Time Taken: 17 sec
learning rate = 0.0000196
(epoch: 91, iters: 10, time: 0.278, data: 0.003) G: 1.149 G_A: 0.230 G_B: 0.308 D_A: 0.010 D_B: 0.123 G_NCE_style: 0.276 NCE_D: 5.665 cyc: 0.604 
End of epoch 91 / 100 	 Time Taken: 17 sec
learning rate = 0.0000176
(epoch: 92, iters: 49, time: 0.278, data: 0.003) G: 0.961 G_A: 0.239 G_B: 0.259 D_A: 0.032 D_B: 0.604 G_NCE_style: 0.280 NCE_D: 5.690 cyc: 0.433 
End of epoch 92 / 100 	 Time Taken: 17 sec
learning rate = 0.0000157
End of epoch 93 / 100 	 Time Taken: 17 sec
learning rate = 0.0000137
(epoch: 94, iters: 27, time: 0.278, data: 0.003) G: 1.178 G_A: 0.257 G_B: 0.273 D_A: 0.022 D_B: 0.186 G_NCE_style: 0.261 NCE_D: 5.458 cyc: 0.653 
End of epoch 94 / 100 	 Time Taken: 17 sec
learning rate = 0.0000118
saving the model at the end of epoch 95, iters 5795
End of epoch 95 / 100 	 Time Taken: 17 sec
learning rate = 0.0000098
(epoch: 96, iters: 5, time: 0.279, data: 0.004) G: 1.258 G_A: 0.219 G_B: 0.248 D_A: 0.209 D_B: 0.112 G_NCE_style: 0.306 NCE_D: 6.219 cyc: 0.718 
End of epoch 96 / 100 	 Time Taken: 17 sec
learning rate = 0.0000078
(epoch: 97, iters: 44, time: 0.278, data: 0.004) G: 1.384 G_A: 0.212 G_B: 0.306 D_A: 0.001 D_B: 0.116 G_NCE_style: 0.339 NCE_D: 6.709 cyc: 0.787 
End of epoch 97 / 100 	 Time Taken: 17 sec
learning rate = 0.0000059
End of epoch 98 / 100 	 Time Taken: 17 sec
learning rate = 0.0000039
(epoch: 99, iters: 22, time: 0.279, data: 0.004) G: 1.096 G_A: 0.176 G_B: 0.233 D_A: 0.046 D_B: 0.273 G_NCE_style: 0.380 NCE_D: 7.716 cyc: 0.511 
End of epoch 99 / 100 	 Time Taken: 17 sec
learning rate = 0.0000020
(epoch: 100, iters: 61, time: 0.278, data: 0.003) G: 1.209 G_A: 0.234 G_B: 0.326 D_A: 0.001 D_B: 0.193 G_NCE_style: 0.436 NCE_D: 8.589 cyc: 0.493 
saving the model at the end of epoch 100, iters 6100
End of epoch 100 / 100 	 Time Taken: 17 sec
learning rate = 0.0000000
