

=== CMD ===
C:\Users\xy\AppData\Local\Programs\Python\Python312\python.exe test.py --dataroot G:\GitHub\Latent_Style\Related_Works\run_511\outputs\review_baseline_suite_full4g\cast\work\infer\cezanne\cast_data --name run511_cast --model cast --checkpoints_dir G:\GitHub\Latent_Style\Related_Works\run_511\outputs\review_baseline_suite_full4g\cast\checkpoints --results_dir G:\GitHub\Latent_Style\Related_Works\run_511\outputs\review_baseline_suite_full4g\cast\results_cast\cezanne --epoch 100 --eval --num_test 150 --gpu_ids 0
----------------- Options ---------------
                CAST_mode: CAST                          
               batch_size: 1                             
          checkpoints_dir: G:\GitHub\Latent_Style\Related_Works\run_511\outputs\review_baseline_suite_full4g\cast\checkpoints	[default: ./checkpoints]
                crop_size: 256                           
                 dataroot: G:\GitHub\Latent_Style\Related_Works\run_511\outputs\review_baseline_suite_full4g\cast\work\infer\cezanne\cast_data	[default: placeholder]
             dataset_mode: unaligned                     
                direction: AtoB                          
          display_winsize: 256                           
               easy_label: experiment_name               
                    epoch: 100                           	[default: latest]
                     eval: True                          	[default: False]
              feature_dim: 256                           
                  gpu_ids: 0                             
          hypersphere_dim: 256                           
                init_gain: 0.02                          
                init_type: xavier                        
                 input_nc: 3                             
                  isTrain: False                         	[default: None]
               lambda_CYC: 4.0                           
           lambda_GAN_D_A: 1.0                           
           lambda_GAN_D_B: 1.0                           
           lambda_GAN_G_A: 0.1                           
           lambda_GAN_G_B: 0.1                           
             lambda_NCE_D: 1.0                           
             lambda_NCE_G: 0.05                          
                load_size: 256                           
             max_conv_dim: 512                           
         max_dataset_size: inf                           
                    model: cast                          
               n_layers_D: 3                             
                     name: run511_cast                   	[default: experiment_name]
               nce_layers: 0,1,2,3                       
                      ndf: 64                            
                     netD: basic                         
                     netG: resnet_9blocks                
                      ngf: 64                            
             no_antialias: False                         
          no_antialias_up: False                         
               no_dropout: True                          
                  no_flip: False                         
                    normD: instance                      
                    normG: instance                      
                 num_test: 150                           	[default: 5000]
              num_threads: 4                             
                output_nc: 3                             
                    phase: test                          
                pool_size: 0                             
               preprocess: resize_and_crop               
               queue_size: 4096                          
         random_scale_max: 3.0                           
              results_dir: G:\GitHub\Latent_Style\Related_Works\run_511\outputs\review_baseline_suite_full4g\cast\results_cast\cezanne	[default: ./results/]
           serial_batches: False                         
                style_dim: 256                           
                   suffix:                               
              temperature: 0.07                          
                  verbose: False                         
----------------- End -------------------
dataset [UnalignedDataset] was created
initialize network with normal
initialize network with normal
initialize network with normal
model [CASTModel] was created
creating web directory G:\GitHub\Latent_Style\Related_Works\run_511\outputs\review_baseline_suite_full4g\cast\results_cast\cezanne\run511_cast\test_100
loading the model from G:\GitHub\Latent_Style\Related_Works\run_511\outputs\review_baseline_suite_full4g\cast\checkpoints\run511_cast\100_net_AE.pth
loading the model from G:\GitHub\Latent_Style\Related_Works\run_511\outputs\review_baseline_suite_full4g\cast\checkpoints\run511_cast\100_net_Dec_A.pth
loading the model from G:\GitHub\Latent_Style\Related_Works\run_511\outputs\review_baseline_suite_full4g\cast\checkpoints\run511_cast\100_net_Dec_B.pth
---------- Networks initialized -------------
[Network AE] Total number of parameters : 3.506 M
[Network Dec_A] Total number of parameters : 3.505 M
[Network Dec_B] Total number of parameters : 3.505 M
-----------------------------------------------
processing (0000)-th image... ['G:\\GitHub\\Latent_Style\\Related_Works\\run_511\\outputs\\review_baseline_suite_full4g\\cast\\work\\infer\\cezanne\\cast_data\\testA\\Hayao_0.jpg']
processing (0005)-th image... ['G:\\GitHub\\Latent_Style\\Related_Works\\run_511\\outputs\\review_baseline_suite_full4g\\cast\\work\\infer\\cezanne\\cast_data\\testA\\Hayao_1008.jpg']
processing (0010)-th image... ['G:\\GitHub\\Latent_Style\\Related_Works\\run_511\\outputs\\review_baseline_suite_full4g\\cast\\work\\infer\\cezanne\\cast_data\\testA\\Hayao_1016.jpg']
processing (0015)-th image... ['G:\\GitHub\\Latent_Style\\Related_Works\\run_511\\outputs\\review_baseline_suite_full4g\\cast\\work\\infer\\cezanne\\cast_data\\testA\\Hayao_1020.jpg']
processing (0020)-th image... ['G:\\GitHub\\Latent_Style\\Related_Works\\run_511\\outputs\\review_baseline_suite_full4g\\cast\\work\\infer\\cezanne\\cast_data\\testA\\Hayao_1026.jpg']
processing (0025)-th image... ['G:\\GitHub\\Latent_Style\\Related_Works\\run_511\\outputs\\review_baseline_suite_full4g\\cast\\work\\infer\\cezanne\\cast_data\\testA\\Hayao_1040.jpg']
processing (0030)-th image... ['G:\\GitHub\\Latent_Style\\Related_Works\\run_511\\outputs\\review_baseline_suite_full4g\\cast\\work\\infer\\cezanne\\cast_data\\testA\\cezanne_00057.jpg']
processing (0035)-th image... ['G:\\GitHub\\Latent_Style\\Related_Works\\run_511\\outputs\\review_baseline_suite_full4g\\cast\\work\\infer\\cezanne\\cast_data\\testA\\cezanne_00219.jpg']
processing (0040)-th image... ['G:\\GitHub\\Latent_Style\\Related_Works\\run_511\\outputs\\review_baseline_suite_full4g\\cast\\work\\infer\\cezanne\\cast_data\\testA\\cezanne_00286.jpg']
processing (0045)-th image... ['G:\\GitHub\\Latent_Style\\Related_Works\\run_511\\outputs\\review_baseline_suite_full4g\\cast\\work\\infer\\cezanne\\cast_data\\testA\\cezanne_00342.jpg']
processing (0050)-th image... ['G:\\GitHub\\Latent_Style\\Related_Works\\run_511\\outputs\\review_baseline_suite_full4g\\cast\\work\\infer\\cezanne\\cast_data\\testA\\cezanne_00388.jpg']
processing (0055)-th image... ['G:\\GitHub\\Latent_Style\\Related_Works\\run_511\\outputs\\review_baseline_suite_full4g\\cast\\work\\infer\\cezanne\\cast_data\\testA\\cezanne_00517.jpg']
processing (0060)-th image... ['G:\\GitHub\\Latent_Style\\Related_Works\\run_511\\outputs\\review_baseline_suite_full4g\\cast\\work\\infer\\cezanne\\cast_data\\testA\\monet_00018.jpg']
processing (0065)-th image... ['G:\\GitHub\\Latent_Style\\Related_Works\\run_511\\outputs\\review_baseline_suite_full4g\\cast\\work\\infer\\cezanne\\cast_data\\testA\\monet_00286.jpg']
processing (0070)-th image... ['G:\\GitHub\\Latent_Style\\Related_Works\\run_511\\outputs\\review_baseline_suite_full4g\\cast\\work\\infer\\cezanne\\cast_data\\testA\\monet_00446.jpg']
processing (0075)-th image... ['G:\\GitHub\\Latent_Style\\Related_Works\\run_511\\outputs\\review_baseline_suite_full4g\\cast\\work\\infer\\cezanne\\cast_data\\testA\\monet_00695.jpg']
processing (0080)-th image... ['G:\\GitHub\\Latent_Style\\Related_Works\\run_511\\outputs\\review_baseline_suite_full4g\\cast\\work\\infer\\cezanne\\cast_data\\testA\\monet_00812.jpg']
processing (0085)-th image... ['G:\\GitHub\\Latent_Style\\Related_Works\\run_511\\outputs\\review_baseline_suite_full4g\\cast\\work\\infer\\cezanne\\cast_data\\testA\\monet_01127.jpg']
processing (0090)-th image... ['G:\\GitHub\\Latent_Style\\Related_Works\\run_511\\outputs\\review_baseline_suite_full4g\\cast\\work\\infer\\cezanne\\cast_data\\testA\\photo_2013-11-08 16_45_24.jpg']
processing (0095)-th image... ['G:\\GitHub\\Latent_Style\\Related_Works\\run_511\\outputs\\review_baseline_suite_full4g\\cast\\work\\infer\\cezanne\\cast_data\\testA\\photo_2013-11-12 10_29_19.jpg']
processing (0100)-th image... ['G:\\GitHub\\Latent_Style\\Related_Works\\run_511\\outputs\\review_baseline_suite_full4g\\cast\\work\\infer\\cezanne\\cast_data\\testA\\photo_2013-11-17 09_05_09.jpg']
processing (0105)-th image... ['G:\\GitHub\\Latent_Style\\Related_Works\\run_511\\outputs\\review_baseline_suite_full4g\\cast\\work\\infer\\cezanne\\cast_data\\testA\\photo_2013-11-17 23_58_45.jpg']
processing (0110)-th image... ['G:\\GitHub\\Latent_Style\\Related_Works\\run_511\\outputs\\review_baseline_suite_full4g\\cast\\work\\infer\\cezanne\\cast_data\\testA\\photo_2013-11-19 00_58_04.jpg']
processing (0115)-th image... ['G:\\GitHub\\Latent_Style\\Related_Works\\run_511\\outputs\\review_baseline_suite_full4g\\cast\\work\\infer\\cezanne\\cast_data\\testA\\photo_2013-11-21 17_44_44.jpg']
processing (0120)-th image... ['G:\\GitHub\\Latent_Style\\Related_Works\\run_511\\outputs\\review_baseline_suite_full4g\\cast\\work\\infer\\cezanne\\cast_data\\testA\\vangogh_00005.jpg']
processing (0125)-th image... ['G:\\GitHub\\Latent_Style\\Related_Works\\run_511\\outputs\\review_baseline_suite_full4g\\cast\\work\\infer\\cezanne\\cast_data\\testA\\vangogh_00169.jpg']
processing (0130)-th image... ['G:\\GitHub\\Latent_Style\\Related_Works\\run_511\\outputs\\review_baseline_suite_full4g\\cast\\work\\infer\\cezanne\\cast_data\\testA\\vangogh_00264.jpg']
processing (0135)-th image... ['G:\\GitHub\\Latent_Style\\Related_Works\\run_511\\outputs\\review_baseline_suite_full4g\\cast\\work\\infer\\cezanne\\cast_data\\testA\\vangogh_00295.jpg']
processing (0140)-th image... ['G:\\GitHub\\Latent_Style\\Related_Works\\run_511\\outputs\\review_baseline_suite_full4g\\cast\\work\\infer\\cezanne\\cast_data\\testA\\vangogh_00427.jpg']
processing (0145)-th image... ['G:\\GitHub\\Latent_Style\\Related_Works\\run_511\\outputs\\review_baseline_suite_full4g\\cast\\work\\infer\\cezanne\\cast_data\\testA\\vangogh_00557.jpg']
