

=== CMD ===
C:\Users\xy\AppData\Local\Programs\Python\Python312\python.exe main.py --type test --content_dir G:\GitHub\Latent_Style\Related_Works\run_511\outputs\aespa_smoke_debug2\work\aespa\photo\content --style_dir G:\GitHub\Latent_Style\Related_Works\run_511\outputs\aespa_smoke_debug2\work\aespa\photo\style --train_result_dir G:\GitHub\Latent_Style\Related_Works\run_511\outputs\aespa_smoke_debug2\checkpoints\aespa --test_result_dir G:\GitHub\Latent_Style\Related_Works\run_511\outputs\aespa_smoke_debug2\test_results\photo --comment run511 --batch_size 1 --imsize 256 --cropsize 256
Traceback (most recent call last):
  File "<string>", line 1, in <module>
  File "C:\Users\xy\AppData\Local\Programs\Python\Python312\Lib\multiprocessing\spawn.py", line 122, in spawn_main
    exitcode = _main(fd, parent_sentinel)
               ^^^^^^^^^^^^^^^^^^^^^^^^^^
  File "C:\Users\xy\AppData\Local\Programs\Python\Python312\Lib\multiprocessing\spawn.py", line 132, in _main
    self = reduction.pickle.load(from_parent)
           ^^^^^^^^^^^^^^^^^^^^^^^^^^^^^^^^^^
  File "C:\Users\xy\AppData\Local\Programs\Python\Python312\Lib\site-packages\torch\__init__.py", line 285, in <module>
    _load_dll_libraries()
  File "C:\Users\xy\AppData\Local\Programs\Python\Python312\Lib\site-packages\torch\__init__.py", line 268, in _load_dll_libraries
    raise err
OSError: [WinError 1455] 页面文件太小，无法完成操作。 Error loading "C:\Users\xy\AppData\Local\Programs\Python\Python312\Lib\site-packages\torch\lib\shm.dll" or one of its dependencies.
Traceback (most recent call last):
  File "<string>", line 1, in <module>
  File "C:\Users\xy\AppData\Local\Programs\Python\Python312\Lib\multiprocessing\spawn.py", line 122, in spawn_main
    exitcode = _main(fd, parent_sentinel)
               ^^^^^^^^^^^^^^^^^^^^^^^^^^
  File "C:\Users\xy\AppData\Local\Programs\Python\Python312\Lib\multiprocessing\spawn.py", line 132, in _main
    self = reduction.pickle.load(from_parent)
           ^^^^^^^^^^^^^^^^^^^^^^^^^^^^^^^^^^
  File "C:\Users\xy\AppData\Local\Programs\Python\Python312\Lib\site-packages\torch\__init__.py", line 285, in <module>
    _load_dll_libraries()
  File "C:\Users\xy\AppData\Local\Programs\Python\Python312\Lib\site-packages\torch\__init__.py", line 268, in _load_dll_libraries
    raise err
OSError: [WinError 1455] 页面文件太小，无法完成操作。 Error loading "C:\Users\xy\AppData\Local\Programs\Python\Python312\Lib\site-packages\torch\lib\cublas64_12.dll" or one of its dependencies.
Traceback (most recent call last):
  File "<string>", line 1, in <module>
  File "C:\Users\xy\AppData\Local\Programs\Python\Python312\Lib\multiprocessing\spawn.py", line 122, in spawn_main
    exitcode = _main(fd, parent_sentinel)
               ^^^^^^^^^^^^^^^^^^^^^^^^^^
  File "C:\Users\xy\AppData\Local\Programs\Python\Python312\Lib\multiprocessing\spawn.py", line 132, in _main
    self = reduction.pickle.load(from_parent)
           ^^^^^^^^^^^^^^^^^^^^^^^^^^^^^^^^^^
  File "G:\GitHub\Latent_Style\Related_Works\run_511\repos\AesPA-Net\data\dataset_util.py", line 4, in <module>
    import torchvision
  File "C:\Users\xy\AppData\Local\Programs\Python\Python312\Lib\site-packages\torchvision\__init__.py", line 8, in <module>
    from torchvision import _meta_registrations, datasets, io, models, ops, transforms, utils  # usort:skip
    ^^^^^^^^^^^^^^^^^^^^^^^^^^^^^^^^^^^^^^^^^^^^^^^^^^^^^^^^^^^^^^^^^^^^^^^^^^^^^^^^^^^^^^^^^
  File "C:\Users\xy\AppData\Local\Programs\Python\Python312\Lib\site-packages\torchvision\models\__init__.py", line 2, in <module>
    from .convnext import *
  File "C:\Users\xy\AppData\Local\Programs\Python\Python312\Lib\site-packages\torchvision\models\convnext.py", line 9, in <module>
    from ..ops.misc import Conv2dNormActivation, Permute
  File "C:\Users\xy\AppData\Local\Programs\Python\Python312\Lib\site-packages\torchvision\ops\__init__.py", line 23, in <module>
    from .poolers import MultiScaleRoIAlign
  File "C:\Users\xy\AppData\Local\Programs\Python\Python312\Lib\site-packages\torchvision\ops\poolers.py", line 10, in <module>
    from .roi_align import roi_align
  File "C:\Users\xy\AppData\Local\Programs\Python\Python312\Lib\site-packages\torchvision\ops\roi_align.py", line 7, in <module>
    from torch._dynamo.utils import is_compile_supported
  File "C:\Users\xy\AppData\Local\Programs\Python\Python312\Lib\site-packages\torch\_dynamo\__init__.py", line 13, in <module>
    from . import (
  File "C:\Users\xy\AppData\Local\Programs\Python\Python312\Lib\site-packages\torch\_dynamo\aot_compile.py", line 15, in <module>
    from torch._dynamo.convert_frame import GraphRuntimeEnv
  File "C:\Users\xy\AppData\Local\Programs\Python\Python312\Lib\site-packages\torch\_dynamo\convert_frame.py", line 62, in <module>
    from torch._dynamo.symbolic_convert import TensorifyState
  File "C:\Users\xy\AppData\Local\Programs\Python\Python312\Lib\site-packages\torch\_dynamo\symbolic_convert.py", line 60, in <module>
    from . import (
  File "C:\Users\xy\AppData\Local\Programs\Python\Python312\Lib\site-packages\torch\_dynamo\trace_rules.py", line 59, in <module>
    from .variables import (
  File "C:\Users\xy\AppData\Local\Programs\Python\Python312\Lib\site-packages\torch\_dynamo\variables\__init__.py", line 19, in <module>
Traceback (most recent call last):
  File "<string>", line 1, in <module>
  File "C:\Users\xy\AppData\Local\Programs\Python\Python312\Lib\multiprocessing\spawn.py", line 122, in spawn_main
    exitcode = _main(fd, parent_sentinel)
               ^^^^^^^^^^^^^^^^^^^^^^^^^^
  File "C:\Users\xy\AppData\Local\Programs\Python\Python312\Lib\multiprocessing\spawn.py", line 132, in _main
    self = reduction.pickle.load(from_parent)
           ^^^^^^^^^^^^^^^^^^^^^^^^^^^^^^^^^^
  File "G:\GitHub\Latent_Style\Related_Works\run_511\repos\AesPA-Net\data\dataset_util.py", line 4, in <module>
    import torchvision
  File "C:\Users\xy\AppData\Local\Programs\Python\Python312\Lib\site-packages\torchvision\__init__.py", line 8, in <module>
    from torchvision import _meta_registrations, datasets, io, models, ops, transforms, utils  # usort:skip
    ^^^^^^^^^^^^^^^^^^^^^^^^^^^^^^^^^^^^^^^^^^^^^^^^^^^^^^^^^^^^^^^^^^^^^^^^^^^^^^^^^^^^^^^^^
  File "C:\Users\xy\AppData\Local\Programs\Python\Python312\Lib\site-packages\torchvision\models\__init__.py", line 2, in <module>
    from .convnext import *
  File "C:\Users\xy\AppData\Local\Programs\Python\Python312\Lib\site-packages\torchvision\models\convnext.py", line 9, in <module>
    from ..ops.misc import Conv2dNormActivation, Permute
    from .base import VariableTracker
  File "C:\Users\xy\AppData\Local\Programs\Python\Python312\Lib\site-packages\torchvision\ops\__init__.py", line 23, in <module>
  File "C:\Users\xy\AppData\Local\Programs\Python\Python312\Lib\site-packages\torch\_dynamo\variables\base.py", line 929, in <module>
    from .poolers import MultiScaleRoIAlign
  File "C:\Users\xy\AppData\Local\Programs\Python\Python312\Lib\site-packages\torchvision\ops\poolers.py", line 10, in <module>
    from .roi_align import roi_align
  File "C:\Users\xy\AppData\Local\Programs\Python\Python312\Lib\site-packages\torchvision\ops\roi_align.py", line 7, in <module>
    from torch._dynamo.utils import is_compile_supported
  File "C:\Users\xy\AppData\Local\Programs\Python\Python312\Lib\site-packages\torch\_dynamo\__init__.py", line 13, in <module>
    from . import (
  File "C:\Users\xy\AppData\Local\Programs\Python\Python312\Lib\site-packages\torch\_dynamo\aot_compile.py", line 15, in <module>
    from torch._dynamo.convert_frame import GraphRuntimeEnv
  File "C:\Users\xy\AppData\Local\Programs\Python\Python312\Lib\site-packages\torch\_dynamo\convert_frame.py", line 62, in <module>
    from torch._dynamo.symbolic_convert import TensorifyState
  File "C:\Users\xy\AppData\Local\Programs\Python\Python312\Lib\site-packages\torch\_dynamo\symbolic_convert.py", line 60, in <module>
    from . import (
  File "C:\Users\xy\AppData\Local\Programs\Python\Python312\Lib\site-packages\torch\_dynamo\trace_rules.py", line 52, in <module>
    from .utils import (
ImportError: cannot import name 'NP_SUPPORTED_MODULES' from 'torch._dynamo.utils' (C:\Users\xy\AppData\Local\Programs\Python\Python312\Lib\site-packages\torch\_dynamo\utils.py)
    from . import builder
  File "C:\Users\xy\AppData\Local\Programs\Python\Python312\Lib\site-packages\torch\_dynamo\variables\builder.py", line 110, in <module>
    from ..side_effects import SideEffects
  File "C:\Users\xy\AppData\Local\Programs\Python\Python312\Lib\site-packages\torch\_dynamo\side_effects.py", line 37, in <module>
    from torch._dynamo.variables.misc import AutogradFunctionContextVariable
  File "C:\Users\xy\AppData\Local\Programs\Python\Python312\Lib\site-packages\torch\_dynamo\variables\misc.py", line 39, in <module>
    from torch._dynamo.variables.lists import TupleVariable
  File "C:\Users\xy\AppData\Local\Programs\Python\Python312\Lib\site-packages\torch\_dynamo\variables\lists.py", line 51, in <module>
    from .functions import UserFunctionVariable
  File "C:\Users\xy\AppData\Local\Programs\Python\Python312\Lib\site-packages\torch\_dynamo\variables\functions.py", line 93, in <module>
    from torch.distributed.fsdp._fully_shard import _fsdp_param_group
  File "C:\Users\xy\AppData\Local\Programs\Python\Python312\Lib\site-packages\torch\distributed\fsdp\__init__.py", line 1, in <module>
    from ._flat_param import FlatParameter as FlatParameter
  File "C:\Users\xy\AppData\Local\Programs\Python\Python312\Lib\site-packages\torch\distributed\fsdp\_flat_param.py", line 33, in <module>
    from ._fsdp_extensions import (
  File "C:\Users\xy\AppData\Local\Programs\Python\Python312\Lib\site-packages\torch\distributed\fsdp\_fsdp_extensions.py", line 8, in <module>
    from torch.distributed.fsdp._shard_utils import (
  File "C:\Users\xy\AppData\Local\Programs\Python\Python312\Lib\site-packages\torch\distributed\fsdp\_shard_utils.py", line 17, in <module>
    from torch.distributed.tensor import DeviceMesh, DTensor, Replicate, Shard as DShard
  File "C:\Users\xy\AppData\Local\Programs\Python\Python312\Lib\site-packages\torch\distributed\tensor\__init__.py", line 4, in <module>
    import torch.distributed.tensor._ops  # force import all built-in dtensor ops
    ^^^^^^^^^^^^^^^^^^^^^^^^^^^^^^^^^^^^
  File "C:\Users\xy\AppData\Local\Programs\Python\Python312\Lib\site-packages\torch\distributed\tensor\_ops\__init__.py", line 2, in <module>
    from ._conv_ops import *  # noqa: F403
    ^^^^^^^^^^^^^^^^^^^^^^^^
  File "C:\Users\xy\AppData\Local\Programs\Python\Python312\Lib\site-packages\torch\distributed\tensor\_ops\_conv_ops.py", line 5, in <module>
    from torch.distributed.tensor._dtensor_spec import DTensorSpec, TensorMeta
  File "C:\Users\xy\AppData\Local\Programs\Python\Python312\Lib\site-packages\torch\distributed\tensor\_dtensor_spec.py", line 9, in <module>
    from torch.distributed.tensor.placement_types import (
  File "C:\Users\xy\AppData\Local\Programs\Python\Python312\Lib\site-packages\torch\distributed\tensor\placement_types.py", line 10, in <module>
    import torch.distributed._functional_collectives as funcol
  File "C:\Users\xy\AppData\Local\Programs\Python\Python312\Lib\site-packages\torch\distributed\_functional_collectives.py", line 1246, in <module>
    @torch.library.custom_op(
     ^^^^^^^^^^^^^^^^^^^^^^^^
  File "C:\Users\xy\AppData\Local\Programs\Python\Python312\Lib\site-packages\torch\_library\custom_ops.py", line 157, in inner
    result = CustomOpDef(namespace, opname, schema_str, fn, tags)
             ^^^^^^^^^^^^^^^^^^^^^^^^^^^^^^^^^^^^^^^^^^^^^^^^^^^^
  File "C:\Users\xy\AppData\Local\Programs\Python\Python312\Lib\site-packages\torch\_library\custom_ops.py", line 215, in __init__
    self._register_to_dispatcher(self._tags)
  File "C:\Users\xy\AppData\Local\Programs\Python\Python312\Lib\site-packages\torch\_library\custom_ops.py", line 640, in _register_to_dispatcher
    autograd_impl = autograd.make_autograd_impl(self._opoverload, self)
                    ^^^^^^^^^^^^^^^^^^^^^^^^^^^^^^^^^^^^^^^^^^^^^^^^^^^
  File "C:\Users\xy\AppData\Local\Programs\Python\Python312\Lib\site-packages\torch\_library\autograd.py", line 29, in make_autograd_impl
    @dataclass
     ^^^^^^^^^
  File "C:\Users\xy\AppData\Local\Programs\Python\Python312\Lib\dataclasses.py", line 1266, in dataclass
    return wrap(cls)
           ^^^^^^^^^
  File "C:\Users\xy\AppData\Local\Programs\Python\Python312\Lib\dataclasses.py", line 1256, in wrap
    return _process_class(cls, init, repr, eq, order, unsafe_hash,
           ^^^^^^^^^^^^^^^^^^^^^^^^^^^^^^^^^^^^^^^^^^^^^^^^^^^^^^^
  File "C:\Users\xy\AppData\Local\Programs\Python\Python312\Lib\dataclasses.py", line 1134, in _process_class
    text_sig = str(inspect.signature(cls)).replace(' -> None', '')
                   ^^^^^^^^^^^^^^^^^^^^^^
  File "C:\Users\xy\AppData\Local\Programs\Python\Python312\Lib\inspect.py", line 3327, in signature
    return Signature.from_callable(obj, follow_wrapped=follow_wrapped,
           ^^^^^^^^^^^^^^^^^^^^^^^^^^^^^^^^^^^^^^^^^^^^^^^^^^^^^^^^^^^
  File "C:\Users\xy\AppData\Local\Programs\Python\Python312\Lib\inspect.py", line 3071, in from_callable
    return _signature_from_callable(obj, sigcls=cls,
           ^^^^^^^^^^^^^^^^^^^^^^^^^^^^^^^^^^^^^^^^^
  File "C:\Users\xy\AppData\Local\Programs\Python\Python312\Lib\inspect.py", line 2598, in _signature_from_callable
    sig = _get_signature_of(factory_method)
          ^^^^^^^^^^^^^^^^^^^^^^^^^^^^^^^^^
  File "C:\Users\xy\AppData\Local\Programs\Python\Python312\Lib\inspect.py", line 2500, in _signature_from_callable
    obj = unwrap(obj, stop=(lambda f: hasattr(f, "__signature__")
          ^^^^^^^^^^^^^^^^^^^^^^^^^^^^^^^^^^^^^^^^^^^^^^^^^^^^^^^
MemoryError
G:\GitHub\Latent_Style\Related_Works\run_511\repos\AesPA-Net\utils.py:143: UserWarning: This overload of baddbmm is deprecated:
	baddbmm(Number beta, Tensor input, Number alpha, Tensor batch1, Tensor batch2, *, Tensor out = None)
Consider using one of the following signatures instead:
	baddbmm(Tensor input, Tensor batch1, Tensor batch2, *, Number beta = 1, Number alpha = 1, Tensor out = None)
	baddbmm(Tensor input, Tensor batch1, Tensor batch2, torch.dtype out_dtype, *, Number beta = 1, Number alpha = 1, Tensor out = None) (Triggered internally at C:\actions-runner\_work\pytorch\pytorch\pytorch\torch\csrc\utils\python_arg_parser.cpp:1853.)
  P = torch.baddbmm(1.5, P, -0.5, torch.matrix_power(P, 3), cov_N)
avg :  0.8500769000002038
