[run_remote_round1_family_segmented] start family_id=attn_pnp_selfinject segment_epochs=1
[run_remote_round1_family_segmented] latest_epoch=0 latest_ckpt=none
[run_remote_round1_family_segmented] expected_epoch>=1
[launch_remote_round1_family_train] C:\Users\xy\AppData\Local\Programs\Python\Python312\python.exe G:\GitHub\Latent_Style\SchrodingerBridge\tools\experiments\launch_remote_wsl_command.py --task-name round1-aaai2027_round1_attn_pnp_selfinject_seed42_b8a2-train --remote-log-path /mnt/i/Github/Latent_Style/exp/inmortal-exp/aaai2027_round1_attn_pnp_selfinject_seed42_b8a2_train.log --remote-wsl-cwd /mnt/i/Github/Latent_Style --python-bin /home/xy/venvs/samam312/bin/python --sync-path SchrodingerBridge/src --sync-path SchrodingerBridge/tools/experiments/launch_remote_round1_family_train.py --sync-path SchrodingerBridge/docs/experiments/2026-06-10-round1-full-sweep-master.md --sync-path SchrodingerBridge/docs/experiments/round1_full_sweep --sync-path SchrodingerBridge\configs\aaai2027\round1_full_sweep\aaai2027_round1_attn_pnp_selfinject_seed42_b8a2.segmented.launch.json --verify-python-file SchrodingerBridge/src/run.py --verify-python-file SchrodingerBridge/src/losses.py --verify-python-file SchrodingerBridge/src/model.py --max-prelaunch-memory-mib 7000 --health-wait-seconds 30 --min-runtime-memory-mib 9000 --max-runtime-memory-mib 11000 --runtime-guard-max-memory-mib 11000 --runtime-guard-poll-seconds 10 --runtime-guard-min-memory-mib 9000 --runtime-guard-min-warmup-seconds 300 --runtime-guard-min-consecutive-polls 3 --runtime-guard-min-mode stop -- bash -lc set -euo pipefail; export PYTHONPATH=SchrodingerBridge/src; /home/xy/venvs/samam312/bin/python SchrodingerBridge/src/run.py --config /mnt/i/Github/Latent_Style/SchrodingerBridge/configs/aaai2027/round1_full_sweep/aaai2027_round1_attn_pnp_selfinject_seed42_b8a2.segmented.launch.json
STARTED TASK=round1-aaai2027_round1_attn_pnp_selfinject_seed42_b8a2-train
yes
17976
  17976 bash
2026-06-10 19:55:57,943 - INFO - Loading latent dataset from /mnt/i/wikiarts_5_full_notest_latents_ema/train
2026-06-10 19:55:58,304 - INFO - Loaded packed latent cache: /mnt/i/wikiarts_5_full_notest_latents_ema/train/.latent_cache/packed/00_Early_Renaissance.pt
2026-06-10 19:55:58,310 - INFO -   style=Early_Renaissance id=0 count=1361
2026-06-10 19:56:01,672 - INFO - Loaded packed latent cache: /mnt/i/wikiarts_5_full_notest_latents_ema/train/.latent_cache/packed/01_Impressionism.pt
2026-06-10 19:56:01,730 - INFO -   style=Impressionism id=1 count=13030
2026-06-10 19:56:02,084 - INFO - Loaded packed latent cache: /mnt/i/wikiarts_5_full_notest_latents_ema/train/.latent_cache/packed/02_Minimalism.pt
2026-06-10 19:56:02,095 - INFO -   style=Minimalism id=2 count=1307
2026-06-10 19:56:02,644 - INFO - Loaded packed latent cache: /mnt/i/wikiarts_5_full_notest_latents_ema/train/.latent_cache/packed/03_Rococo.pt
2026-06-10 19:56:02,653 - INFO -   style=Rococo id=3 count=2059
2026-06-10 19:56:02,957 - INFO - Loaded packed latent cache: /mnt/i/wikiarts_5_full_notest_latents_ema/train/.latent_cache/packed/04_Ukiyo_e.pt
2026-06-10 19:56:02,962 - INFO -   style=Ukiyo_e id=4 count=1137
2026-06-10 19:56:03,325 - INFO - Loaded pairing cache /mnt/i/wikiarts_5_full_notest_latents_ema/train/.latent_cache/prototype_pairing_top8.pt with 75576 source-target routes
2026-06-10 19:56:03,393 - INFO - DataLoader | batch=18 workers=0 shuffle=False pin_memory=True persistent_workers=False preload_to_gpu=False balanced_target=True pairing_cache=True pairing_mode=rank_biased rank_schedule=fixed active_topk=2 min_topk=2 curriculum_epochs=0 rank_power=1.500 topk=8 explore=0.150/8 dual_mix=0.500/1 aux_topk=1
2026-06-10 19:56:11,745 - INFO - Initialized global_vq tokenizer from VAE latent statistics.
2026-06-10 19:56:11,770 - INFO - Model params: 5,596,703
2026-06-10 19:56:13,529 - INFO - Partially resumed model from /mnt/i/Github/Latent_Style/SchrodingerBridge/exp/inmortal-exp/aaai2027_inmortal_xpred_kmanifold_pattn_anisostokes_queue_from_pattn_seed42_b8a2/epoch_0013.pt | loaded=232 skipped=16 missing=28 unexpected=0 include=[] ignore=[]
2026-06-10 19:56:13,533 - INFO - Resumed from /mnt/i/Github/Latent_Style/SchrodingerBridge/exp/inmortal-exp/aaai2027_inmortal_xpred_kmanifold_pattn_anisostokes_queue_from_pattn_seed42_b8a2/epoch_0013.pt at epoch=1 global_step=0
2026-06-10 19:56:13,536 - INFO - Freeze mode=attention_only | trainable_count=36 | trainable=body_blocks.0.log_temp, body_blocks.0.gamma, body_blocks.0.norm_x.weight, body_blocks.0.norm_x.bias, body_blocks.0.norm_s.weight, body_blocks.0.norm_s.bias, body_blocks.0.to_q.weight, body_blocks.0.to_k.weight, body_blocks.0.to_v.weight, body_blocks.1.log_temp, body_blocks.1.gamma, body_blocks.1.norm_x.weight, body_blocks.1.norm_x.bias, body_blocks.1.norm_s.weight, body_blocks.1.norm_s.bias, body_blocks.1.to_q.weight, body_blocks.1.to_k.weight, body_blocks.1.to_v.weight, body_blocks.2.log_temp, body_blocks.2.gamma, body_blocks.2.norm_x.weight, body_blocks.2.norm_x.bias, body_blocks.2.norm_s.weight, body_blocks.2.norm_s.bias
2026-06-10 19:56:13,577 - INFO - Pairing cache epoch=1 active_topk=2 mode=rank_biased rank_schedule=fixed explore=0.150/8 dual_mix=0.500/1 aux_topk=1

Epoch 1/1:   0%|          | 0/1049 [00:00<?, ?it/s]
Epoch 1/1:   0%|          | 0/1049 [00:04<?, ?it/s, curv=0.0000, flow=0.7694, kin=0.0695, loss=9.7546, ot=0.0000, t=1.000, tswd=7.9062]
Epoch 1/1:   0%|          | 1/1049 [00:04<1:10:50,  4.06s/it, curv=0.0000, flow=0.7694, kin=0.0695, loss=9.7546, ot=0.0000, t=1.000, tswd=7.9062]
Epoch 1/1:   0%|          | 2/1049 [00:04<35:05,  2.01s/it, curv=0.0000, flow=0.7694, kin=0.0695, loss=9.7546, ot=0.0000, t=1.000, tswd=7.9062]  
Epoch 1/1:   0%|          | 3/1049 [00:04<21:33,  1.24s/it, curv=0.0000, flow=0.7694, kin=0.0695, loss=9.7546, ot=0.0000, t=1.000, tswd=7.9062]
Epoch 1/1:   0%|          | 4/1049 [00:05<16:14,  1.07it/s, curv=0.0000, flow=0.7694, kin=0.0695, loss=9.7546, ot=0.0000, t=1.000, tswd=7.9062]
Epoch 1/1:   0%|          | 5/1049 [00:05<12:19,  1.41it/s, curv=0.0000, flow=0.7694, kin=0.0695, loss=9.7546, ot=0.0000, t=1.000, tswd=7.9062]
Epoch 1/1:   1%|          | 6/1049 [00:06<10:51,  1.60it/s, curv=0.0000, flow=0.7694, kin=0.0695, loss=9.7546, ot=0.0000, t=1.000, tswd=7.9062]
Epoch 1/1:   1%|          | 7/1049 [00:06<09:06,  1.91it/s, curv=0.0000, flow=0.7694, kin=0.0695, loss=9.7546, ot=0.0000, t=1.000, tswd=7.9062]
Epoch 1/1:   1%|          | 8/1049 [00:06<08:47,  1.97it/s, curv=0.0000, flow=0.7694, kin=0.0695, loss=9.7546, ot=0.0000, t=1.000, tswd=7.9062]
Epoch 1/1:   1%|          | 9/1049 [00:07<07:44,  2.24it/s, curv=0.0000, flow=0.7694, kin=0.0695, loss=9.7546, ot=0.0000, t=1.000, tswd=7.9062]
Epoch 1/1:   1%|          | 10/1049 [00:07<07:50,  2.21it/s, curv=0.0000, flow=0.7694, kin=0.0695, loss=9.7546, ot=0.0000, t=1.000, tswd=7.9062]
Epoch 1/1:   1%|          | 11/1049 [00:08<07:03,  2.45it/s, curv=0.0000, flow=0.7694, kin=0.0695, loss=9.7546, ot=0.0000, t=1.000, tswd=7.9062]
Epoch 1/1:   1%|          | 12/1049 [00:08<07:19,  2.36it/s, curv=0.0000, flow=0.7694, kin=0.0695, loss=9.7546, ot=0.0000, t=1.000, tswd=7.9062]
Epoch 1/1:   1%|          | 13/1049 [00:08<06:43,  2.57it/s, curv=0.0000, flow=0.7694, kin=0.0695, loss=9.7546, ot=0.0000, t=1.000, tswd=7.9062]
Epoch 1/1:   1%|¨‡         | 14/1049 [00:09<07:05,  2.43it/s, curv=0.0000, flow=0.7694, kin=0.0695, loss=9.7546, ot=0.0000, t=1.000, tswd=7.9062]
Epoch 1/1:   1%|¨‡         | 15/1049 [00:09<06:33,  2.63it/s, curv=0.0000, flow=0.7694, kin=0.0695, loss=9.7546, ot=0.0000, t=1.000, tswd=7.9062]
Epoch 1/1:   2%|¨‡         | 16/1049 [00:10<06:58,  2.47it/s, curv=0.0000, flow=0.7694, kin=0.0695, loss=9.7546, ot=0.0000, t=1.000, tswd=7.9062]
Epoch 1/1:   2%|¨‡         | 17/1049 [00:10<06:28,  2.66it/s, curv=0.0000, flow=0.7694, kin=0.0695, loss=9.7546, ot=0.0000, t=1.000, tswd=7.9062]
Epoch 1/1:   2%|¨‡         | 18/1049 [00:10<06:54,  2.49it/s, curv=0.0000, flow=0.7694, kin=0.0695, loss=9.7546, ot=0.0000, t=1.000, tswd=7.9062]
Epoch 1/1:   2%|¨‡         | 19/1049 [00:11<06:25,  2.67it/s, curv=0.0000, flow=0.7694, kin=0.0695, loss=9.7546, ot=0.0000, t=1.000, tswd=7.9062]
Epoch 1/1:   2%|¨‡         | 19/1049 [00:11<06:25,  2.67it/s, curv=0.0000, flow=0.7827, kin=0.0690, loss=9.8265, ot=0.0000, t=1.000, tswd=8.0000]
Epoch 1/1:   2%|¨‡         | 20/1049 [00:11<07:14,  2.37it/s, curv=0.0000, flow=0.7827, kin=0.0690, loss=9.8265, ot=0.0000, t=1.000, tswd=8.0000]
Epoch 1/1:   2%|¨‡         | 21/1049 [00:11<06:39,  2.57it/s, curv=0.0000, flow=0.7827, kin=0.0690, loss=9.8265, ot=0.0000, t=1.000, tswd=8.0000]
Epoch 1/1:   2%|¨‡         | 22/1049 [00:12<07:05,  2.41it/s, curv=0.0000, flow=0.7827, kin=0.0690, loss=9.8265, ot=0.0000, t=1.000, tswd=8.0000]
Epoch 1/1:   2%|¨‡         | 23/1049 [00:12<06:33,  2.61it/s, curv=0.0000, flow=0.7827, kin=0.0690, loss=9.8265, ot=0.0000, t=1.000, tswd=8.0000]prelaunch_gpu_memory_used_mib=537
effective_max_prelaunch_memory_mib=2000
health_gpu_memory_used_mib=8321
Health check failed: remote GPU memory stayed below the expected minimum band 9000 MiB (effective floor 8872 MiB) with observed usage 8321 MiB.
