

=== CMD ===
C:\Users\xy\AppData\Local\Programs\Python\Python312\python.exe -c import os, sys; repo='G:\\GitHub\\Latent_Style\\run_511\\repos\\AesFA'; os.chdir(repo); sys.path.insert(0, repo); from Config import Config; Config.phase='train'; Config.train_continue='off'; Config.data_num=2; Config.content_dir='G:\\GitHub\\Latent_Style\\run_511\\outputs\\aesfa_timing_probe\\datasets\\aesfa_content'; Config.style_dir='G:\\GitHub\\Latent_Style\\run_511\\outputs\\aesfa_timing_probe\\datasets\\aesfa_style'; Config.file_n='run511'; Config.log_dir='G:\\GitHub\\Latent_Style\\run_511\\outputs\\aesfa_timing_probe\\tb_logs\\aesfa'; Config.ckpt_dir='G:\\GitHub\\Latent_Style\\run_511\\outputs\\aesfa_timing_probe\\checkpoints\\aesfa'; Config.img_dir='G:\\GitHub\\Latent_Style\\run_511\\outputs\\aesfa_timing_probe\\preview\\aesfa'; Config.vgg_model='G:\\GitHub\\Latent_Style\\run_511\\repos\\AesFA\\vgg_normalised.pth'; Config.n_iter=1; Config.save_interval=1; Config.batch_size=1; Config.num_workers=0; Config.load_size=256; Config.crop_size=256; import train; train.main()
Traceback (most recent call last):
  File "<string>", line 1, in <module>
  File "G:\GitHub\Latent_Style\run_511\repos\AesFA\train.py", line 7, in <module>
    from DataSplit import DataSplit
  File "G:\GitHub\Latent_Style\run_511\repos\AesFA\DataSplit.py", line 1, in <module>
    from path import Path
ModuleNotFoundError: No module named 'path'


=== CMD ===
C:\Users\xy\AppData\Local\Programs\Python\Python312\python.exe -c import os, sys; repo='G:\\GitHub\\Latent_Style\\run_511\\repos\\AesFA'; os.chdir(repo); sys.path.insert(0, repo); from Config import Config; Config.phase='train'; Config.train_continue='off'; Config.data_num=2; Config.content_dir='G:\\GitHub\\Latent_Style\\run_511\\outputs\\aesfa_timing_probe\\datasets\\aesfa_content'; Config.style_dir='G:\\GitHub\\Latent_Style\\run_511\\outputs\\aesfa_timing_probe\\datasets\\aesfa_style'; Config.file_n='run511'; Config.log_dir='G:\\GitHub\\Latent_Style\\run_511\\outputs\\aesfa_timing_probe\\tb_logs\\aesfa'; Config.ckpt_dir='G:\\GitHub\\Latent_Style\\run_511\\outputs\\aesfa_timing_probe\\checkpoints\\aesfa'; Config.img_dir='G:\\GitHub\\Latent_Style\\run_511\\outputs\\aesfa_timing_probe\\preview\\aesfa'; Config.vgg_model='G:\\GitHub\\Latent_Style\\run_511\\repos\\AesFA\\vgg_normalised.pth'; Config.n_iter=1; Config.save_interval=1; Config.batch_size=1; Config.num_workers=0; Config.load_size=256; Config.crop_size=256; import train; train.main()
Traceback (most recent call last):
  File "<string>", line 1, in <module>
  File "G:\GitHub\Latent_Style\run_511\repos\AesFA\train.py", line 84, in main
    train_dict = model.train_step(data)
                 ^^^^^^^^^^^^^^^^^^^^^^
  File "G:\GitHub\Latent_Style\run_511\repos\AesFA\model.py", line 66, in train_step
    self.calc_G_loss()
  File "G:\GitHub\Latent_Style\run_511\repos\AesFA\model.py", line 54, in calc_G_loss
    self.G_percept, self.neg_idx = self.vgg_loss.perceptual_loss(self.real_A, self.real_B, self.trs_AtoB)
                                   ^^^^^^^^^^^^^^^^^^^^^^^^^^^^^^^^^^^^^^^^^^^^^^^^^^^^^^^^^^^^^^^^^^^^^^
  File "G:\GitHub\Latent_Style\run_511\repos\AesFA\vgg19.py", line 161, in perceptual_loss
    neg_idx.append([neg_lst[0]])
                    ~~~~~~~^^^
IndexError: list index out of range
Exception ignored in atexit callback: <function FileWriter.__init__.<locals>.cleanup at 0x0000000046BAE160>
Traceback (most recent call last):
  File "C:\Users\xy\AppData\Local\Programs\Python\Python312\Lib\site-packages\tensorboardX\writer.py", line 122, in cleanup
    self.event_writer.close()
  File "C:\Users\xy\AppData\Local\Programs\Python\Python312\Lib\site-packages\tensorboardX\event_file_writer.py", line 154, in close
    self._worker.stop()
  File "C:\Users\xy\AppData\Local\Programs\Python\Python312\Lib\site-packages\tensorboardX\event_file_writer.py", line 185, in stop
    self._queue.put(self._shutdown_signal)
  File "C:\Users\xy\AppData\Local\Programs\Python\Python312\Lib\multiprocessing\queues.py", line 94, in put
    self._start_thread()
  File "C:\Users\xy\AppData\Local\Programs\Python\Python312\Lib\multiprocessing\queues.py", line 177, in _start_thread
    self._thread.start()
  File "C:\Users\xy\AppData\Local\Programs\Python\Python312\Lib\threading.py", line 971, in start
    _start_new_thread(self._bootstrap, ())
RuntimeError: can't create new thread at interpreter shutdown
cuda: cuda:0
Version: run511
content dir: G:\GitHub\Latent_Style\run_511\outputs\aesfa_timing_probe\datasets\aesfa_content/train
style dir: G:\GitHub\Latent_Style\run_511\outputs\aesfa_timing_probe\datasets\aesfa_style/train
Train:  2 images:  2 x 1 (batch size) = 2
# of parameter: 6726575
parameters of networks: {'netE': 825728, 'netS': 825728, 'netG': 1569379, 'vgg_loss': 3505740}
