
===== Q1: latent inference speed =====
  b= 1 steps=1 heun  bf16 -> 36.53 ms/img (27.4 img/s)
  b= 1 steps=1 heun  fp32 -> 28.16 ms/img (35.5 img/s)
  b= 1 steps=1 euler bf16 -> 32.01 ms/img (31.2 img/s)
  b= 1 steps=1 euler fp32 -> 23.37 ms/img (42.8 img/s)
  b= 1 steps=2 heun  bf16 -> 60.86 ms/img (16.4 img/s)
  b= 1 steps=2 heun  fp32 -> 46.74 ms/img (21.4 img/s)
  b= 1 steps=2 euler bf16 -> 53.23 ms/img (18.8 img/s)
  b= 1 steps=2 euler fp32 -> 48.60 ms/img (20.6 img/s)
  b= 1 steps=4 heun  bf16 -> 103.58 ms/img (9.7 img/s)
  b= 1 steps=4 heun  fp32 -> 109.01 ms/img (9.2 img/s)
  b= 1 steps=4 euler bf16 -> 105.56 ms/img (9.5 img/s)
  b= 1 steps=4 euler fp32 -> 91.46 ms/img (10.9 img/s)
  b= 8 steps=1 heun  bf16 -> 3.99 ms/img (250.4 img/s)
  b= 8 steps=1 heun  fp32 -> 5.33 ms/img (187.6 img/s)
  b= 8 steps=1 euler bf16 -> 4.36 ms/img (229.2 img/s)
  b= 8 steps=1 euler fp32 -> 5.22 ms/img (191.6 img/s)
  b= 8 steps=2 heun  bf16 -> 9.04 ms/img (110.6 img/s)
  b= 8 steps=2 heun  fp32 -> 11.54 ms/img (86.7 img/s)
  b= 8 steps=2 euler bf16 -> 7.75 ms/img (129.1 img/s)
  b= 8 steps=2 euler fp32 -> 10.62 ms/img (94.1 img/s)
  b= 8 steps=4 heun  bf16 -> 15.99 ms/img (62.6 img/s)
  b= 8 steps=4 heun  fp32 -> 24.53 ms/img (40.8 img/s)
  b= 8 steps=4 euler bf16 -> 17.91 ms/img (55.8 img/s)
  b= 8 steps=4 euler fp32 -> 22.32 ms/img (44.8 img/s)
  b=16 steps=1 heun  bf16 -> 4.69 ms/img (213.3 img/s)
  b=16 steps=1 heun  fp32 -> 5.32 ms/img (188.1 img/s)
  b=16 steps=1 euler bf16 -> 3.78 ms/img (264.8 img/s)
  b=16 steps=1 euler fp32 -> 5.41 ms/img (184.8 img/s)
  b=16 steps=2 heun  bf16 -> 7.43 ms/img (134.6 img/s)
  b=16 steps=2 heun  fp32 -> 11.55 ms/img (86.6 img/s)
  b=16 steps=2 euler bf16 -> 7.32 ms/img (136.7 img/s)
  b=16 steps=2 euler fp32 -> 9.94 ms/img (100.6 img/s)
  b=16 steps=4 heun  bf16 -> 14.56 ms/img (68.7 img/s)
  b=16 steps=4 heun  fp32 -> 22.26 ms/img (44.9 img/s)
  b=16 steps=4 euler bf16 -> 14.60 ms/img (68.5 img/s)
  b=16 steps=4 euler fp32 -> 20.93 ms/img (47.8 img/s)
  b=32 steps=1 heun  bf16 -> 3.97 ms/img (252.0 img/s)
  b=32 steps=1 heun  fp32 -> 5.99 ms/img (166.8 img/s)
  b=32 steps=1 euler bf16 -> 3.97 ms/img (252.1 img/s)
  b=32 steps=1 euler fp32 -> 5.13 ms/img (195.0 img/s)
  b=32 steps=2 heun  bf16 -> 7.89 ms/img (126.8 img/s)
  b=32 steps=2 heun  fp32 -> 11.78 ms/img (84.9 img/s)
  b=32 steps=2 euler bf16 -> 7.82 ms/img (127.9 img/s)
  b=32 steps=2 euler fp32 -> 10.24 ms/img (97.7 img/s)
  b=32 steps=4 heun  bf16 -> 15.56 ms/img (64.3 img/s)
  b=32 steps=4 heun  fp32 -> 20.86 ms/img (47.9 img/s)
  b=32 steps=4 euler bf16 -> 15.19 ms/img (65.8 img/s)
  b=32 steps=4 euler fp32 -> 21.07 ms/img (47.5 img/s)

===== Q2: batched 512x512 VAE decode (750 images) =====
