
### D5-512 / adain  (wikiart)
  DINO-con=0.2135 DINO-sty=0.3362 DINO-str=0.0569 (style_n=750, content_n=750, skip=0)
  Saved g:\GitHub\Latent_Style\SchrodingerBridge\state\dino\D5-512__adain.json

### D5-512 / cut  (wikiart)
  DINO-con=0.7949 DINO-sty=0.4709 DINO-str=0.0240 (style_n=750, content_n=750, skip=0)
  Saved g:\GitHub\Latent_Style\SchrodingerBridge\state\dino\D5-512__cut.json

### D5-512 / identity  (wikiart)
  DINO-con=1.0000 DINO-sty=0.4960 DINO-str=0.0000 (style_n=750, content_n=750, skip=0)
  Saved g:\GitHub\Latent_Style\SchrodingerBridge\state\dino\D5-512__identity.json

### D5-512 / samam  (wikiart)
  DINO-con=0.8117 DINO-sty=0.4771 DINO-str=0.0124 (style_n=750, content_n=750, skip=0)
  Saved g:\GitHub\Latent_Style\SchrodingerBridge\state\dino\D5-512__samam.json

### D5-512 / samst  (wikiart)
  DINO-con=0.1445 DINO-sty=0.2710 DINO-str=0.1406 (style_n=750, content_n=750, skip=0)
  Saved g:\GitHub\Latent_Style\SchrodingerBridge\state\dino\D5-512__samst.json

### D5-512 / sdturbo  (wikiart)
  DINO-con=0.9221 DINO-sty=0.4838 DINO-str=0.0218 (style_n=750, content_n=750, skip=0)
  Saved g:\GitHub\Latent_Style\SchrodingerBridge\state\dino\D5-512__sdturbo.json

### D5-512 / seedream  (wikiart)
  DINO-con=0.7386 DINO-sty=0.4864 DINO-str=0.0299 (style_n=750, content_n=720, skip=0)
  Saved g:\GitHub\Latent_Style\SchrodingerBridge\state\dino\D5-512__seedream.json

### D5-512 / stylealigned  (wikiart)
  DINO-con=0.2394 DINO-sty=0.6751 DINO-str=0.0511 (style_n=750, content_n=750, skip=0)
  Saved g:\GitHub\Latent_Style\SchrodingerBridge\state\dino\D5-512__stylealigned.json

### D5-512 / styleid  (wikiart)
  DINO-con=0.4157 DINO-sty=0.5477 DINO-str=0.0395 (style_n=750, content_n=750, skip=0)
  Saved g:\GitHub\Latent_Style\SchrodingerBridge\state\dino\D5-512__styleid.json

### D5-512 / styleshot  (wikiart)
  DINO-con=0.3771 DINO-sty=0.5630 DINO-str=0.0388 (style_n=745, content_n=745, skip=0)
  Saved g:\GitHub\Latent_Style\SchrodingerBridge\state\dino\D5-512__styleshot.json

### D5-512 / wct  (wikiart)
  DINO-con=0.0253 DINO-sty=0.1358 DINO-str=0.2055 (style_n=750, content_n=750, skip=0)
  Saved g:\GitHub\Latent_Style\SchrodingerBridge\state\dino\D5-512__wct.json

### D5-512 / weave  (wikiart)
  DINO-con=0.7782 DINO-sty=0.4917 DINO-str=0.0254 (style_n=750, content_n=750, skip=0)
  Saved g:\GitHub\Latent_Style\SchrodingerBridge\state\dino\D5-512__weave.json

### D5-512 / zstar  (wikiart)
  DINO-con=0.5485 DINO-sty=0.4488 DINO-str=0.0340 (style_n=750, content_n=750, skip=0)
  Saved g:\GitHub\Latent_Style\SchrodingerBridge\state\dino\D5-512__zstar.json

### P2A-256 / adain  (p2a)
  DINO-con=0.1864 DINO-sty=0.2896 DINO-str=0.0506 (style_n=600, content_n=600, skip=150)
  Saved g:\GitHub\Latent_Style\SchrodingerBridge\state\dino\P2A-256__adain.json

### P2A-256 / cut  (p2a)
  DINO-con=n/a DINO-sty=n/a DINO-str=n/a (style_n=0, content_n=0, skip=0)
  Saved g:\GitHub\Latent_Style\SchrodingerBridge\state\dino\P2A-256__cut.json

### P2A-256 / identity  (p2a)
  DINO-con=1.0000 DINO-sty=0.5230 DINO-str=0.0000 (style_n=600, content_n=600, skip=150)
  Saved g:\GitHub\Latent_Style\SchrodingerBridge\state\dino\P2A-256__identity.json

### P2A-256 / samam  (p2a)
  DINO-con=0.8700 DINO-sty=0.5048 DINO-str=0.0114 (style_n=600, content_n=600, skip=150)
  Saved g:\GitHub\Latent_Style\SchrodingerBridge\state\dino\P2A-256__samam.json

### P2A-256 / samst  (p2a)
  DINO-con=0.8376 DINO-sty=0.5006 DINO-str=0.0099 (style_n=600, content_n=600, skip=150)
  Saved g:\GitHub\Latent_Style\SchrodingerBridge\state\dino\P2A-256__samst.json

### P2A-256 / sdturbo  (p2a)
  DINO-con=0.2787 DINO-sty=0.3406 DINO-str=0.0357 (style_n=600, content_n=600, skip=150)
  Saved g:\GitHub\Latent_Style\SchrodingerBridge\state\dino\P2A-256__sdturbo.json

### P2A-256 / seedream  (p2a)
  DINO-con=n/a DINO-sty=n/a DINO-str=n/a (style_n=0, content_n=0, skip=0)
  Saved g:\GitHub\Latent_Style\SchrodingerBridge\state\dino\P2A-256__seedream.json

### P2A-256 / stylealigned  (p2a)
  DINO-con=0.3104 DINO-sty=0.6116 DINO-str=0.0445 (style_n=600, content_n=600, skip=150)
  Saved g:\GitHub\Latent_Style\SchrodingerBridge\state\dino\P2A-256__stylealigned.json

### P2A-256 / styleid  (p2a)
  DINO-con=0.1470 DINO-sty=0.2561 DINO-str=0.0381 (style_n=600, content_n=600, skip=150)
  Saved g:\GitHub\Latent_Style\SchrodingerBridge\state\dino\P2A-256__styleid.json

### P2A-256 / styleshot  (p2a)
  DINO-con=0.3347 DINO-sty=0.5516 DINO-str=0.0376 (style_n=600, content_n=600, skip=150)
  Saved g:\GitHub\Latent_Style\SchrodingerBridge\state\dino\P2A-256__styleshot.json

### P2A-256 / wct  (p2a)
  DINO-con=0.1952 DINO-sty=0.3050 DINO-str=0.0476 (style_n=600, content_n=600, skip=150)
  Saved g:\GitHub\Latent_Style\SchrodingerBridge\state\dino\P2A-256__wct.json

### P2A-256 / weave  (p2a)
  DINO-con=0.8780 DINO-sty=0.5100 DINO-str=0.0098 (style_n=600, content_n=600, skip=150)
  Saved g:\GitHub\Latent_Style\SchrodingerBridge\state\dino\P2A-256__weave.json

### P2A-256 / zstar  (p2a)
  DINO-con=0.5522 DINO-sty=0.4975 DINO-str=0.0296 (style_n=600, content_n=600, skip=150)
  Saved g:\GitHub\Latent_Style\SchrodingerBridge\state\dino\P2A-256__zstar.json

### R5-WikiArt / cut  (wikiart)
  DINO-con=0.8315 DINO-sty=0.4410 DINO-str=0.0208 (style_n=750, content_n=15, skip=0)
  Saved g:\GitHub\Latent_Style\SchrodingerBridge\state\dino\R5-WikiArt__cut.json

### R5-WikiArt / samam  (wikiart)
  DINO-con=0.9254 DINO-sty=0.5033 DINO-str=0.0074 (style_n=750, content_n=750, skip=0)
  Saved g:\GitHub\Latent_Style\SchrodingerBridge\state\dino\R5-WikiArt__samam.json

### R5-WikiArt / samst  (wikiart)
  DINO-con=0.6146 DINO-sty=0.4611 DINO-str=0.0299 (style_n=750, content_n=750, skip=0)
  Saved g:\GitHub\Latent_Style\SchrodingerBridge\state\dino\R5-WikiArt__samst.json

### R5-WikiArt / sdturbo  (wikiart)
  DINO-con=0.5383 DINO-sty=0.5051 DINO-str=0.0344 (style_n=1123, content_n=1123, skip=0)
  Saved g:\GitHub\Latent_Style\SchrodingerBridge\state\dino\R5-WikiArt__sdturbo.json

### R5-WikiArt / seedream  (wikiart)
  DINO-con=n/a DINO-sty=n/a DINO-str=n/a (style_n=0, content_n=0, skip=0)
  Saved g:\GitHub\Latent_Style\SchrodingerBridge\state\dino\R5-WikiArt__seedream.json

### R5-WikiArt / styleid  (wikiart)
  DINO-con=0.3854 DINO-sty=0.5512 DINO-str=0.0391 (style_n=750, content_n=750, skip=0)
  Saved g:\GitHub\Latent_Style\SchrodingerBridge\state\dino\R5-WikiArt__styleid.json

WROTE g:\GitHub\Latent_Style\SchrodingerBridge\state\dino\dino_main.json  cells=32
  D5-512|adain                 con=0.2135 sty=0.3362 str=0.0569 nS=750 nC=750
  D5-512|cut                   con=0.7949 sty=0.4709 str=0.0240 nS=750 nC=750
  D5-512|identity              con=1.0000 sty=0.4960 str=0.0000 nS=750 nC=750
  D5-512|samam                 con=0.8117 sty=0.4771 str=0.0124 nS=750 nC=750
  D5-512|samst                 con=0.1445 sty=0.2710 str=0.1406 nS=750 nC=750
  D5-512|sdturbo               con=0.9221 sty=0.4838 str=0.0218 nS=750 nC=750
  D5-512|seedream              con=0.7386 sty=0.4864 str=0.0299 nS=750 nC=720
  D5-512|stylealigned          con=0.2394 sty=0.6751 str=0.0511 nS=750 nC=750
  D5-512|styleid               con=0.4157 sty=0.5477 str=0.0395 nS=750 nC=750
  D5-512|styleshot             con=0.3771 sty=0.5630 str=0.0388 nS=745 nC=745
  D5-512|wct                   con=0.0253 sty=0.1358 str=0.2055 nS=750 nC=750
  D5-512|weave                 con=0.7782 sty=0.4917 str=0.0254 nS=750 nC=750
  D5-512|zstar                 con=0.5485 sty=0.4488 str=0.0340 nS=750 nC=750
  P2A-256|adain                con=0.1864 sty=0.2896 str=0.0506 nS=600 nC=600
  P2A-256|cut                  con= n/a   sty= n/a   str= n/a   nS=0 nC=0
  P2A-256|identity             con=1.0000 sty=0.5230 str=0.0000 nS=600 nC=600
  P2A-256|samam                con=0.8700 sty=0.5048 str=0.0114 nS=600 nC=600
  P2A-256|samst                con=0.8376 sty=0.5006 str=0.0099 nS=600 nC=600
  P2A-256|sdturbo              con=0.2787 sty=0.3406 str=0.0357 nS=600 nC=600
  P2A-256|seedream             con= n/a   sty= n/a   str= n/a   nS=0 nC=0
  P2A-256|stylealigned         con=0.3104 sty=0.6116 str=0.0445 nS=600 nC=600
  P2A-256|styleid              con=0.1470 sty=0.2561 str=0.0381 nS=600 nC=600
  P2A-256|styleshot            con=0.3347 sty=0.5516 str=0.0376 nS=600 nC=600
  P2A-256|wct                  con=0.1952 sty=0.3050 str=0.0476 nS=600 nC=600
  P2A-256|weave                con=0.8780 sty=0.5100 str=0.0098 nS=600 nC=600
  P2A-256|zstar                con=0.5522 sty=0.4975 str=0.0296 nS=600 nC=600
  R5-WikiArt|cut               con=0.8315 sty=0.4410 str=0.0208 nS=750 nC=15
  R5-WikiArt|samam             con=0.9254 sty=0.5033 str=0.0074 nS=750 nC=750
  R5-WikiArt|samst             con=0.6146 sty=0.4611 str=0.0299 nS=750 nC=750
  R5-WikiArt|sdturbo           con=0.5383 sty=0.5051 str=0.0344 nS=1123 nC=1123
  R5-WikiArt|seedream          con= n/a   sty= n/a   str= n/a   nS=0 nC=0
  R5-WikiArt|styleid           con=0.3854 sty=0.5512 str=0.0391 nS=750 nC=750
