This is pdfTeX, Version 3.141592653-2.6-1.40.29 (TeX Live 2026) (preloaded format=pdflatex 2026.4.11)  13 MAY 2026 18:06
entering extended mode
 restricted \write18 enabled.
 %&-line parsing enabled.
**paper_aaai2026.tex
(./paper_aaai2026.tex
LaTeX2e <2025-11-01>
L3 programming layer <2026-01-19>
(c:/texlive/2026/texmf-dist/tex/latex/base/article.cls
Document Class: article 2025/01/22 v1.4n Standard LaTeX document class
(c:/texlive/2026/texmf-dist/tex/latex/base/size10.clo
File: size10.clo 2025/01/22 v1.4n Standard LaTeX file (size option)
)
\c@part=\count275
\c@section=\count276
\c@subsection=\count277
\c@subsubsection=\count278
\c@paragraph=\count279
\c@subparagraph=\count280
\c@figure=\count281
\c@table=\count282
\abovecaptionskip=\skip49
\belowcaptionskip=\skip50
\bibindent=\dimen148
) (./aaai2026.sty
Package: aaai2026 2026/06/17 AAAI 2026 Submission format

Conference Style for AAAI for LaTeX 2e -- version for submission
\titlebox=\skip51
(c:/texlive/2026/texmf-dist/tex/latex/xcolor/xcolor.sty
Package: xcolor 2024/09/29 v3.02 LaTeX color extensions (UK)

(c:/texlive/2026/texmf-dist/tex/latex/graphics-cfg/color.cfg
File: color.cfg 2016/01/02 v1.6 sample color configuration
)
Package xcolor Info: Driver file: pdftex.def on input line 274.

(c:/texlive/2026/texmf-dist/tex/latex/graphics-def/pdftex.def
File: pdftex.def 2025/09/29 v1.2d Graphics/color driver for pdftex
)
(c:/texlive/2026/texmf-dist/tex/latex/graphics/mathcolor.ltx)
Package xcolor Info: Model `cmy' substituted by `cmy0' on input line 1349.
Package xcolor Info: Model `hsb' substituted by `rgb' on input line 1353.
Package xcolor Info: Model `RGB' extended on input line 1365.
Package xcolor Info: Model `HTML' substituted by `rgb' on input line 1367.
Package xcolor Info: Model `Hsb' substituted by `hsb' on input line 1368.
Package xcolor Info: Model `tHsb' substituted by `hsb' on input line 1369.
Package xcolor Info: Model `HSB' substituted by `hsb' on input line 1370.
Package xcolor Info: Model `Gray' substituted by `gray' on input line 1371.
Package xcolor Info: Model `wave' substituted by `hsb' on input line 1372.
))
(c:/texlive/2026/texmf-dist/tex/latex/psnfss/times.sty
Package: times 2020/03/25 PSNFSS-v9.3 (SPQR) 
)
(c:/texlive/2026/texmf-dist/tex/latex/psnfss/helvet.sty
Package: helvet 2020/03/25 PSNFSS-v9.3 (WaS) 

(c:/texlive/2026/texmf-dist/tex/latex/graphics/keyval.sty
Package: keyval 2022/05/29 v1.15 key=value parser (DPC)
\KV@toks@=\toks17
))
(c:/texlive/2026/texmf-dist/tex/latex/psnfss/courier.sty
Package: courier 2020/03/25 PSNFSS-v9.3 (WaS) 
)
(c:/texlive/2026/texmf-dist/tex/latex/url/url.sty
\Urlmuskip=\muskip17
Package: url 2013/09/16  ver 3.4  Verb mode for urls, etc.
)
(c:/texlive/2026/texmf-dist/tex/latex/graphics/graphicx.sty
Package: graphicx 2024/12/31 v1.2e Enhanced LaTeX Graphics (DPC,SPQR)

(c:/texlive/2026/texmf-dist/tex/latex/graphics/graphics.sty
Package: graphics 2024/08/06 v1.4g Standard LaTeX Graphics (DPC,SPQR)

(c:/texlive/2026/texmf-dist/tex/latex/graphics/trig.sty
Package: trig 2023/12/02 v1.11 sin cos tan (DPC)
)
(c:/texlive/2026/texmf-dist/tex/latex/graphics-cfg/graphics.cfg
File: graphics.cfg 2016/06/04 v1.11 sample graphics configuration
)
Package graphics Info: Driver file: pdftex.def on input line 106.
)
\Gin@req@height=\dimen149
\Gin@req@width=\dimen150
)
(c:/texlive/2026/texmf-dist/tex/latex/natbib/natbib.sty
Package: natbib 2010/09/13 8.31b (PWD, AO)
\bibhang=\skip52
\bibsep=\skip53
LaTeX Info: Redefining \cite on input line 694.
\c@NAT@ctr=\count283
)
(c:/texlive/2026/texmf-dist/tex/latex/caption/caption.sty
Package: caption 2023/08/05 v3.6o Customizing captions (AR)

(c:/texlive/2026/texmf-dist/tex/latex/caption/caption3.sty
Package: caption3 2023/07/31 v2.4d caption3 kernel (AR)
\caption@tempdima=\dimen151
\captionmargin=\dimen152
\caption@leftmargin=\dimen153
\caption@rightmargin=\dimen154
\caption@width=\dimen155
\caption@indent=\dimen156
\caption@parindent=\dimen157
\caption@hangindent=\dimen158
Package caption Info: Standard document class detected.
)
\c@caption@flags=\count284
\c@continuedfloat=\count285
)
(c:/texlive/2026/texmf-dist/tex/latex/amsmath/amsmath.sty
Package: amsmath 2025/07/09 v2.17z AMS math features
\@mathmargin=\skip54

For additional information on amsmath, use the `?' option.
(c:/texlive/2026/texmf-dist/tex/latex/amsmath/amstext.sty
Package: amstext 2024/11/17 v2.01 AMS text

(c:/texlive/2026/texmf-dist/tex/latex/amsmath/amsgen.sty
File: amsgen.sty 1999/11/30 v2.0 generic functions
\@emptytoks=\toks18
\ex@=\dimen159
))
(c:/texlive/2026/texmf-dist/tex/latex/amsmath/amsbsy.sty
Package: amsbsy 1999/11/29 v1.2d Bold Symbols
\pmbraise@=\dimen160
)
(c:/texlive/2026/texmf-dist/tex/latex/amsmath/amsopn.sty
Package: amsopn 2022/04/08 v2.04 operator names
)
\inf@bad=\count286
LaTeX Info: Redefining \frac on input line 233.
\uproot@=\count287
\leftroot@=\count288
LaTeX Info: Redefining \overline on input line 398.
LaTeX Info: Redefining \colon on input line 409.
\classnum@=\count289
\DOTSCASE@=\count290
LaTeX Info: Redefining \ldots on input line 495.
LaTeX Info: Redefining \dots on input line 498.
LaTeX Info: Redefining \cdots on input line 619.
\Mathstrutbox@=\box53
\strutbox@=\box54
LaTeX Info: Redefining \big on input line 721.
LaTeX Info: Redefining \Big on input line 722.
LaTeX Info: Redefining \bigg on input line 723.
LaTeX Info: Redefining \Bigg on input line 724.
\big@size=\dimen161
LaTeX Font Info:    Redeclaring font encoding OML on input line 742.
LaTeX Font Info:    Redeclaring font encoding OMS on input line 743.
\macc@depth=\count291
LaTeX Info: Redefining \bmod on input line 904.
LaTeX Info: Redefining \pmod on input line 909.
LaTeX Info: Redefining \smash on input line 939.
LaTeX Info: Redefining \relbar on input line 969.
LaTeX Info: Redefining \Relbar on input line 970.
\c@MaxMatrixCols=\count292
\dotsspace@=\muskip18
\c@parentequation=\count293
\dspbrk@lvl=\count294
\tag@help=\toks19
\row@=\count295
\column@=\count296
\maxfields@=\count297
\andhelp@=\toks20
\eqnshift@=\dimen162
\alignsep@=\dimen163
\tagshift@=\dimen164
\tagwidth@=\dimen165
\totwidth@=\dimen166
\lineht@=\dimen167
\@envbody=\toks21
\multlinegap=\skip55
\multlinetaggap=\skip56
\mathdisplay@stack=\toks22
LaTeX Info: Redefining \[ on input line 2950.
LaTeX Info: Redefining \] on input line 2951.
)
(c:/texlive/2026/texmf-dist/tex/latex/amsfonts/amssymb.sty
Package: amssymb 2013/01/14 v3.01 AMS font symbols

(c:/texlive/2026/texmf-dist/tex/latex/amsfonts/amsfonts.sty
Package: amsfonts 2013/01/14 v3.01 Basic AMSFonts support
\symAMSa=\mathgroup4
\symAMSb=\mathgroup5
LaTeX Font Info:    Redeclaring math symbol \hbar on input line 98.
LaTeX Font Info:    Overwriting math alphabet `\mathfrak' in version `bold'
(Font)                  U/euf/m/n --> U/euf/b/n on input line 106.
))
(c:/texlive/2026/texmf-dist/tex/latex/booktabs/booktabs.sty
Package: booktabs 2020/01/12 v1.61803398 Publication quality tables
\heavyrulewidth=\dimen168
\lightrulewidth=\dimen169
\cmidrulewidth=\dimen170
\belowrulesep=\dimen171
\belowbottomsep=\dimen172
\aboverulesep=\dimen173
\abovetopsep=\dimen174
\cmidrulesep=\dimen175
\cmidrulekern=\dimen176
\defaultaddspace=\dimen177
\@cmidla=\count298
\@cmidlb=\count299
\@aboverulesep=\dimen178
\@belowrulesep=\dimen179
\@thisruleclass=\count300
\@lastruleclass=\count301
\@thisrulewidth=\dimen180
)
(c:/texlive/2026/texmf-dist/tex/latex/multirow/multirow.sty
Package: multirow 2024/11/12 v2.9 Span multiple rows of a table
\multirow@colwidth=\skip57
\multirow@cntb=\count302
\multirow@dima=\skip58
\bigstrutjot=\dimen181
)
LaTeX Font Info:    Trying to load font information for OT1+ptm on input line 2
7.

(c:/texlive/2026/texmf-dist/tex/latex/psnfss/ot1ptm.fd
File: ot1ptm.fd 2001/06/04 font definitions for OT1/ptm.
)
(c:/texlive/2026/texmf-dist/tex/latex/l3backend/l3backend-pdftex.def
File: l3backend-pdftex.def 2025-10-09 L3 backend support: PDF output (pdfTeX)
\l__color_backend_stack_int=\count303
)
(./paper_aaai2026.aux)
\openout1 = `paper_aaai2026.aux'.

LaTeX Font Info:    Checking defaults for OML/cmm/m/it on input line 27.
LaTeX Font Info:    ... okay on input line 27.
LaTeX Font Info:    Checking defaults for OMS/cmsy/m/n on input line 27.
LaTeX Font Info:    ... okay on input line 27.
LaTeX Font Info:    Checking defaults for OT1/cmr/m/n on input line 27.
LaTeX Font Info:    ... okay on input line 27.
LaTeX Font Info:    Checking defaults for T1/cmr/m/n on input line 27.
LaTeX Font Info:    ... okay on input line 27.
LaTeX Font Info:    Checking defaults for TS1/cmr/m/n on input line 27.
LaTeX Font Info:    ... okay on input line 27.
LaTeX Font Info:    Checking defaults for OMX/cmex/m/n on input line 27.
LaTeX Font Info:    ... okay on input line 27.
LaTeX Font Info:    Checking defaults for U/cmr/m/n on input line 27.
LaTeX Font Info:    ... okay on input line 27.

(c:/texlive/2026/texmf-dist/tex/context/base/mkii/supp-pdf.mkii
[Loading MPS to PDF converter (version 2006.09.02).]
\scratchcounter=\count304
\scratchdimen=\dimen182
\scratchbox=\box55
\nofMPsegments=\count305
\nofMParguments=\count306
\everyMPshowfont=\toks23
\MPscratchCnt=\count307
\MPscratchDim=\dimen183
\MPnumerator=\count308
\makeMPintoPDFobject=\count309
\everyMPtoPDFconversion=\toks24
) (c:/texlive/2026/texmf-dist/tex/latex/epstopdf-pkg/epstopdf-base.sty
Package: epstopdf-base 2020-01-24 v2.11 Base part for package epstopdf
Package epstopdf-base Info: Redefining graphics rule for `.eps' on input line 4
85.

(c:/texlive/2026/texmf-dist/tex/latex/latexconfig/epstopdf-sys.cfg
File: epstopdf-sys.cfg 2010/07/13 v1.3 Configuration of (r)epstopdf for TeX Liv
e
))
Package caption Info: Begin \AtBeginDocument code.
Package caption Info: End \AtBeginDocument code.
\c@eqfn=\count310
\titlearea=\box56
\actualheight=\skip59

Underfull \hbox (badness 2065) in paragraph at lines 31--32
\OT1/ptm/m/n/9 of-ten con-flict. We study domain-level multi-style artis-
 []


Underfull \hbox (badness 1383) in paragraph at lines 31--32
\OT1/ptm/m/n/9 tic trans-fer and pro-pose a la-tent bridge-inspired frame-
 []


Underfull \hbox (badness 1082) in paragraph at lines 37--38
\OT1/ptm/m/n/10 style trans-fer. Ef-fi-cient multi-style sys-tems can sup-port
 []

LaTeX Font Info:    Trying to load font information for TS1+ptm on input line 4
5.
(c:/texlive/2026/texmf-dist/tex/latex/psnfss/ts1ptm.fd
File: ts1ptm.fd 2001/06/04 font definitions for TS1/ptm.
) [1{c:/texlive/2026/texmf-var/fonts/map/pdftex/updmap/pdftex.map}{c:/texlive/2
026/texmf-dist/fonts/enc/dvips/base/8r.enc}



]
LaTeX Font Info:    Trying to load font information for U+msa on input line 55.

 (c:/texlive/2026/texmf-dist/tex/latex/amsfonts/umsa.fd
File: umsa.fd 2013/01/14 v3.01 AMS symbols A
)
LaTeX Font Info:    Trying to load font information for U+msb on input line 55.


(c:/texlive/2026/texmf-dist/tex/latex/amsfonts/umsb.fd
File: umsb.fd 2013/01/14 v3.01 AMS symbols B
)
Underfull \hbox (badness 10000) in paragraph at lines 59--59
[]\OT1/ptm/m/n/10 Terminal SWD
 []


Underfull \hbox (badness 5245) in paragraph at lines 59--60
[]\OT1/ptm/m/n/10 Removing ter-mi-nal SWD drops
 []


Underfull \hbox (badness 10000) in paragraph at lines 60--61
[]\OT1/ptm/m/n/10 Removing ki-netic keeps style
 []


Underfull \hbox (badness 1107) in paragraph at lines 63--64
[]\OT1/ptm/m/n/10 The 40-run sweep finds K2 bal-
 []


Underfull \hbox (badness 5374) in paragraph at lines 73--74
 \OT1/ptm/b/n/10 Trans-former and multi-style trans-fer. \OT1/ptm/m/n/10 Transf
ormer-
 []


Underfull \hbox (badness 10000) in paragraph at lines 76--77
 \OT1/ptm/b/n/10 Training-free and diffusion-based style trans-fer.
 []


Underfull \hbox (badness 1314) in paragraph at lines 76--77
\OT1/ptm/m/n/10 Training-free and diffusion-based ap-proaches pro-vide a
 []


Underfull \hbox (badness 10000) in paragraph at lines 109--110
[]\OT1/ptm/m/n/10 At in-fer-ence, in-te-grate $\OML/cmm/m/it/10 z[] \OT1/cmr/m/
n/10 = \OML/cmm/m/it/10 z[] \OT1/cmr/m/n/10 +
 []


Underfull \hbox (badness 1226) in paragraph at lines 109--110
\OML/cmm/m/it/10 v[]\OT1/cmr/m/n/10 (\OML/cmm/m/it/10 z[]; t; s\OT1/cmr/m/n/10 
)^^A\OML/cmm/m/it/10 t$ \OT1/ptm/m/n/10 for 12 Eu-ler steps and de-code
 []

[2]
LaTeX Font Info:    Trying to load font information for OMS+ptm on input line 1
19.
 (c:/texlive/2026/texmf-dist/tex/latex/psnfss/omsptm.fd
File: omsptm.fd 
)
LaTeX Font Info:    Font shape `OMS/ptm/m/n' in size <10> not available
(Font)              Font shape `OMS/cmsy/m/n' tried instead on input line 119.

Underfull \hbox (badness 10000) in paragraph at lines 140--141
[]\OT1/ptm/m/n/10 4 se-man-tic cross-
 []


Underfull \hbox (badness 2521) in paragraph at lines 151--152
[]\OT1/ptm/m/n/10 12 Eu-ler steps, step
 []


Overfull \hbox (7.4005pt too wide) detected at line 185
[][][]
 []

[3]
<fig_framework_overview.png, id=23, 787.743pt x 368.577pt>
File: fig_framework_overview.png Graphic file (type png)
<use fig_framework_overview.png>
Package pdftex.def Info: fig_framework_overview.png  used on input line 196.
(pdftex.def)             Requested size: 227.42392pt x 106.40654pt.

Underfull \hbox (badness 2384) in paragraph at lines 206--208
\OT1/ptm/m/n/10 For artifact-sensitive anal-y-sis we also re-port MUSIQ,
 []


Underfull \hbox (badness 1661) in paragraph at lines 210--211
\OT1/ptm/m/n/10 man-tic met-rics, CLIP-style and CLIP-content, mea-sure
 []


Underfull \hbox (badness 10000) in paragraph at lines 220--220
[]\OT1/ptm/m/n/10 AdaIN
 []


Underfull \hbox (badness 10000) in paragraph at lines 220--220
[]\OT1/ptm/m/n/10 complete strict-
 []


Underfull \hbox (badness 10000) in paragraph at lines 220--221
[]\OT1/ptm/m/n/10 classical fast
 []


Underfull \hbox (badness 10000) in paragraph at lines 221--221
[]\OT1/ptm/m/n/10 complete strict-
 []


Underfull \hbox (badness 10000) in paragraph at lines 222--222
[]\OT1/ptm/m/n/10 complete strict-
 []


Underfull \hbox (badness 10000) in paragraph at lines 222--223
[]\OT1/ptm/m/n/10 diffusion-style
 []


Underfull \hbox (badness 10000) in paragraph at lines 223--223
[]\OT1/ptm/m/n/10 complete strict-
 []


Underfull \hbox (badness 10000) in paragraph at lines 223--224
[]\OT1/ptm/m/n/10 transformer
 []

<fig_quality_tradeoff.png, id=25, 469.5141pt x 355.0866pt>
File: fig_quality_tradeoff.png Graphic file (type png)
<use fig_quality_tradeoff.png>
Package pdftex.def Info: fig_quality_tradeoff.png  used on input line 260.
(pdftex.def)             Requested size: 196.30513pt x 148.46349pt.
<fig_qual_grid_ours_vs_samst.png, id=26, 1465.475pt x 676.5275pt>
File: fig_qual_grid_ours_vs_samst.png Graphic file (type png)
<use fig_qual_grid_ours_vs_samst.png>
Package pdftex.def Info: fig_qual_grid_ours_vs_samst.png  used on input line 26
7.
(pdftex.def)             Requested size: 495.77003pt x 228.86012pt.
<fig_zoom_ours_vs_samst.png, id=27, 584.1825pt x 373.395pt>
File: fig_zoom_ours_vs_samst.png Graphic file (type png)
<use fig_zoom_ours_vs_samst.png>
Package pdftex.def Info: fig_zoom_ours_vs_samst.png  used on input line 274.
(pdftex.def)             Requested size: 220.24239pt x 140.77486pt.
[4 <./fig_framework_overview.png>]
<fig_artifact_diagnostics.png, id=32, 513.3579pt x 325.4559pt>
File: fig_artifact_diagnostics.png Graphic file (type png)
<use fig_artifact_diagnostics.png>
Package pdftex.def Info: fig_artifact_diagnostics.png  used on input line 304.
(pdftex.def)             Requested size: 205.8793pt x 130.5227pt.
<fig_ablation_pareto.png, id=33, 448.5558pt x 340.3917pt>
File: fig_ablation_pareto.png Graphic file (type png)
<use fig_ablation_pareto.png>
Package pdftex.def Info: fig_ablation_pareto.png  used on input line 332.
(pdftex.def)             Requested size: 196.30513pt x 148.96774pt.
<fig_weight_sweep_summary.png, id=34, 513.5988pt x 268.8444pt>
File: fig_weight_sweep_summary.png Graphic file (type png)
<use fig_weight_sweep_summary.png>
Package pdftex.def Info: fig_weight_sweep_summary.png  used on input line 342.
(pdftex.def)             Requested size: 205.8793pt x 107.76558pt.

Underfull \hbox (badness 1024) in paragraph at lines 350--351
\OT1/ptm/m/n/10 ap-prox-i-mately 290.65 sec-onds for the mea-sured seven-
 []

[5 <./fig_quality_tradeoff.png>]
Underfull \hbox (badness 1221) in paragraph at lines 363--364
[]\OT1/ptm/m/n/10 train ex-trap-o-
 []

[6 <./fig_qual_grid_ours_vs_samst.png (PNG copy)> <./fig_zoom_ours_vs_samst.png
 (PNG copy)> <./fig_artifact_diagnostics.png>] (./paper_aaai2026.bbl [7 <./fig_
ablation_pareto.png> <./fig_weight_sweep_summary.png>]) [8

]
(./paper_aaai2026.aux)
 ***********
LaTeX2e <2025-11-01>
L3 programming layer <2026-01-19>
 ***********
 ) 
Here is how much of TeX's memory you used:
 5305 strings out of 467525
 84153 string characters out of 5423209
 513114 words of memory out of 5000000
 34160 multiletter control sequences out of 15000+600000
 642613 words of font info for 66 fonts, out of 8000000 for 9000
 1141 hyphenation exceptions out of 8191
 57i,13n,76p,1504b,302s stack positions out of 10000i,1000n,20000p,200000b,200000s
<c:/texlive/2026/texmf-dist/fonts/type1/public/amsfonts/cm/cmex10.pfb><c:/tex
live/2026/texmf-dist/fonts/type1/public/amsfonts/cm/cmmi10.pfb><c:/texlive/2026
/texmf-dist/fonts/type1/public/amsfonts/cm/cmmi7.pfb><c:/texlive/2026/texmf-dis
t/fonts/type1/public/amsfonts/cm/cmr10.pfb><c:/texlive/2026/texmf-dist/fonts/ty
pe1/public/amsfonts/cm/cmr7.pfb><c:/texlive/2026/texmf-dist/fonts/type1/public/
amsfonts/cm/cmsy10.pfb><c:/texlive/2026/texmf-dist/fonts/type1/public/amsfonts/
cm/cmsy7.pfb><c:/texlive/2026/texmf-dist/fonts/type1/public/amsfonts/symbols/ms
bm10.pfb><c:/texlive/2026/texmf-dist/fonts/type1/urw/times/utmb8a.pfb><c:/texli
ve/2026/texmf-dist/fonts/type1/urw/times/utmr8a.pfb><c:/texlive/2026/texmf-dist
/fonts/type1/urw/times/utmri8a.pfb>
Output written on paper_aaai2026.pdf (8 pages, 2615664 bytes).
PDF statistics:
 100 PDF objects out of 1000 (max. 8388607)
 55 compressed objects within 1 object stream
 0 named destinations out of 1000 (max. 500000)
 36 words of extra memory for PDF output out of 10000 (max. 10000000)

