{"row_count": 72, "best_step": 5750, "best_clip_style": 0.617343221505483, "best_content_lpips": 0.35035002425312994, "newest_step": 18000, "newest_clip_style": 0.5985689658423264, "newest_content_lpips": 0.24148657891899347, "best_in_newest_2": false, "pareto_steps": [250, 500, 750, 1000, 1250, 1500, 1750, 2000, 2250, 2500, 2750, 3000, 3250, 3750, 4000, 4250, 5000, 5250, 5500, 5750, 6250, 6500, 6750, 7250, 7500, 7750, 8250, 8500, 8750, 9250, 9500, 9750, 10250, 10500, 10750, 13250, 13500, 13750, 14250, 14750, 15000, 15500, 17500, 17750], "last_pareto_step": 17750, "since_last_pareto": 1, "tail_flat": false, "patience": 4, "style_key": "transfer_clip_style", "lpips_key": "transfer_lpips", "converged": false, "curve_csv": "G:\\GitHub\\Latent_Style\\Related_Works\\baseline_pipeline\\results\\samam_wikiarts5_patch8_segmented_20260610_094447\\curve_metrics.csv"}
G:\GitHub\Latent_Style\SchrodingerBridge\aaai2027\wikiarts5_page1\wikiarts5_page1_summary.json
G:\GitHub\Latent_Style\SchrodingerBridge\aaai2027\wikiarts5_page1\wikiarts5_page1_summary.csv
G:\GitHub\Latent_Style\SchrodingerBridge\aaai2027\wikiarts5_page1\wikiarts5_page1_curve.csv
G:\GitHub\Latent_Style\SchrodingerBridge\aaai2027\figures\fig_wikiarts5_page1_summary.png
G:\GitHub\Latent_Style\SchrodingerBridge\aaai2027\figures\fig_wikiarts5_qualitative_main.png
G:\GitHub\Latent_Style\SchrodingerBridge\docs\experiments\2026-06-10-wikiarts5-baseline-repro.md
G:\GitHub\Latent_Style\Related_Works\baseline_pipeline\results\samam_wikiarts5_patch8_segmented_20260610_094447\baseline_live_status.json
G:\GitHub\Latent_Style\SchrodingerBridge\docs\experiments\2026-06-10-wikiarts5-page1-read.md
{"row_count": 72, "best_step": 5750, "best_clip_style": 0.617343221505483, "best_content_lpips": 0.35035002425312994, "newest_step": 18000, "newest_clip_style": 0.5985689658423264, "newest_content_lpips": 0.24148657891899347, "best_in_newest_2": false, "pareto_steps": [250, 500, 750, 1000, 1250, 1500, 1750, 2000, 2250, 2500, 2750, 3000, 3250, 3750, 4000, 4250, 5000, 5250, 5500, 5750, 6250, 6500, 6750, 7250, 7500, 7750, 8250, 8500, 8750, 9250, 9500, 9750, 10250, 10500, 10750, 13250, 13500, 13750, 14250, 14750, 15000, 15500, 17500, 17750], "last_pareto_step": 17750, "since_last_pareto": 1, "tail_flat": false, "patience": 4, "style_key": "transfer_clip_style", "lpips_key": "transfer_lpips", "converged": false, "curve_csv": "G:\\GitHub\\Latent_Style\\Related_Works\\baseline_pipeline\\results\\samam_wikiarts5_patch8_segmented_20260610_094447\\curve_metrics.csv"}
{"row_count": 73, "best_step": 5750, "best_clip_style": 0.617343221505483, "best_content_lpips": 0.35035002425312994, "newest_step": 18250, "newest_clip_style": 0.600771620720625, "newest_content_lpips": 0.23303685770680507, "best_in_newest_2": false, "pareto_steps": [250, 500, 750, 1000, 1250, 1500, 1750, 2000, 2250, 2500, 2750, 3000, 3250, 3750, 4000, 4250, 5000, 5250, 5500, 5750, 6250, 6500, 6750, 7250, 7500, 7750, 8250, 8500, 8750, 9250, 9500, 9750, 10250, 10500, 10750, 13250, 13500, 13750, 14250, 14750, 15000, 15500, 17500, 17750, 18250], "last_pareto_step": 18250, "since_last_pareto": 0, "tail_flat": false, "patience": 4, "style_key": "transfer_clip_style", "lpips_key": "transfer_lpips", "converged": false, "curve_csv": "G:\\GitHub\\Latent_Style\\Related_Works\\baseline_pipeline\\results\\samam_wikiarts5_patch8_segmented_20260610_094447\\curve_metrics.csv"}
G:\GitHub\Latent_Style\SchrodingerBridge\aaai2027\wikiarts5_page1\wikiarts5_page1_summary.json
G:\GitHub\Latent_Style\SchrodingerBridge\aaai2027\wikiarts5_page1\wikiarts5_page1_summary.csv
G:\GitHub\Latent_Style\SchrodingerBridge\aaai2027\wikiarts5_page1\wikiarts5_page1_curve.csv
G:\GitHub\Latent_Style\SchrodingerBridge\aaai2027\figures\fig_wikiarts5_page1_summary.png
G:\GitHub\Latent_Style\SchrodingerBridge\aaai2027\figures\fig_wikiarts5_qualitative_main.png
G:\GitHub\Latent_Style\SchrodingerBridge\docs\experiments\2026-06-10-wikiarts5-baseline-repro.md
G:\GitHub\Latent_Style\Related_Works\baseline_pipeline\results\samam_wikiarts5_patch8_segmented_20260610_094447\baseline_live_status.json
G:\GitHub\Latent_Style\SchrodingerBridge\docs\experiments\2026-06-10-wikiarts5-page1-read.md
{"row_count": 73, "best_step": 5750, "best_clip_style": 0.617343221505483, "best_content_lpips": 0.35035002425312994, "newest_step": 18250, "newest_clip_style": 0.600771620720625, "newest_content_lpips": 0.23303685770680507, "best_in_newest_2": false, "pareto_steps": [250, 500, 750, 1000, 1250, 1500, 1750, 2000, 2250, 2500, 2750, 3000, 3250, 3750, 4000, 4250, 5000, 5250, 5500, 5750, 6250, 6500, 6750, 7250, 7500, 7750, 8250, 8500, 8750, 9250, 9500, 9750, 10250, 10500, 10750, 13250, 13500, 13750, 14250, 14750, 15000, 15500, 17500, 17750, 18250], "last_pareto_step": 18250, "since_last_pareto": 0, "tail_flat": false, "patience": 4, "style_key": "transfer_clip_style", "lpips_key": "transfer_lpips", "converged": false, "curve_csv": "G:\\GitHub\\Latent_Style\\Related_Works\\baseline_pipeline\\results\\samam_wikiarts5_patch8_segmented_20260610_094447\\curve_metrics.csv"}
{"row_count": 74, "best_step": 5750, "best_clip_style": 0.617343221505483, "best_content_lpips": 0.35035002425312994, "newest_step": 18500, "newest_clip_style": 0.5990547469258308, "newest_content_lpips": 0.22752921332915624, "best_in_newest_2": false, "pareto_steps": [250, 500, 750, 1000, 1250, 1500, 1750, 2000, 2250, 2500, 2750, 3000, 3250, 3750, 4000, 4250, 5000, 5250, 5500, 5750, 6250, 6500, 6750, 7250, 7500, 7750, 8250, 8500, 8750, 9250, 9500, 9750, 10250, 10500, 10750, 13250, 13500, 13750, 14250, 14750, 15000, 15500, 17500, 17750, 18250, 18500], "last_pareto_step": 18500, "since_last_pareto": 0, "tail_flat": false, "patience": 4, "style_key": "transfer_clip_style", "lpips_key": "transfer_lpips", "converged": false, "curve_csv": "G:\\GitHub\\Latent_Style\\Related_Works\\baseline_pipeline\\results\\samam_wikiarts5_patch8_segmented_20260610_094447\\curve_metrics.csv"}
G:\GitHub\Latent_Style\SchrodingerBridge\aaai2027\wikiarts5_page1\wikiarts5_page1_summary.json
G:\GitHub\Latent_Style\SchrodingerBridge\aaai2027\wikiarts5_page1\wikiarts5_page1_summary.csv
G:\GitHub\Latent_Style\SchrodingerBridge\aaai2027\wikiarts5_page1\wikiarts5_page1_curve.csv
G:\GitHub\Latent_Style\SchrodingerBridge\aaai2027\figures\fig_wikiarts5_page1_summary.png
G:\GitHub\Latent_Style\SchrodingerBridge\aaai2027\figures\fig_wikiarts5_qualitative_main.png
G:\GitHub\Latent_Style\SchrodingerBridge\docs\experiments\2026-06-10-wikiarts5-baseline-repro.md
G:\GitHub\Latent_Style\Related_Works\baseline_pipeline\results\samam_wikiarts5_patch8_segmented_20260610_094447\baseline_live_status.json
G:\GitHub\Latent_Style\SchrodingerBridge\docs\experiments\2026-06-10-wikiarts5-page1-read.md
{"row_count": 74, "best_step": 5750, "best_clip_style": 0.617343221505483, "best_content_lpips": 0.35035002425312994, "newest_step": 18500, "newest_clip_style": 0.5990547469258308, "newest_content_lpips": 0.22752921332915624, "best_in_newest_2": false, "pareto_steps": [250, 500, 750, 1000, 1250, 1500, 1750, 2000, 2250, 2500, 2750, 3000, 3250, 3750, 4000, 4250, 5000, 5250, 5500, 5750, 6250, 6500, 6750, 7250, 7500, 7750, 8250, 8500, 8750, 9250, 9500, 9750, 10250, 10500, 10750, 13250, 13500, 13750, 14250, 14750, 15000, 15500, 17500, 17750, 18250, 18500], "last_pareto_step": 18500, "since_last_pareto": 0, "tail_flat": false, "patience": 4, "style_key": "transfer_clip_style", "lpips_key": "transfer_lpips", "converged": false, "curve_csv": "G:\\GitHub\\Latent_Style\\Related_Works\\baseline_pipeline\\results\\samam_wikiarts5_patch8_segmented_20260610_094447\\curve_metrics.csv"}
{"row_count": 74, "best_step": 5750, "best_clip_style": 0.617343221505483, "best_content_lpips": 0.35035002425312994, "newest_step": 18500, "newest_clip_style": 0.5990547469258308, "newest_content_lpips": 0.22752921332915624, "best_in_newest_2": false, "pareto_steps": [250, 500, 750, 1000, 1250, 1500, 1750, 2000, 2250, 2500, 2750, 3000, 3250, 3750, 4000, 4250, 5000, 5250, 5500, 5750, 6250, 6500, 6750, 7250, 7500, 7750, 8250, 8500, 8750, 9250, 9500, 9750, 10250, 10500, 10750, 13250, 13500, 13750, 14250, 14750, 15000, 15500, 17500, 17750, 18250, 18500], "last_pareto_step": 18500, "since_last_pareto": 0, "tail_flat": false, "patience": 4, "style_key": "transfer_clip_style", "lpips_key": "transfer_lpips", "converged": false, "curve_csv": "G:\\GitHub\\Latent_Style\\Related_Works\\baseline_pipeline\\results\\samam_wikiarts5_patch8_segmented_20260610_094447\\curve_metrics.csv"}
{"row_count": 75, "best_step": 5750, "best_clip_style": 0.617343221505483, "best_content_lpips": 0.35035002425312994, "newest_step": 18750, "newest_clip_style": 0.5982917975882689, "newest_content_lpips": 0.22874724581837655, "best_in_newest_2": false, "pareto_steps": [250, 500, 750, 1000, 1250, 1500, 1750, 2000, 2250, 2500, 2750, 3000, 3250, 3750, 4000, 4250, 5000, 5250, 5500, 5750, 6250, 6500, 6750, 7250, 7500, 7750, 8250, 8500, 8750, 9250, 9500, 9750, 10250, 10500, 10750, 13250, 13500, 13750, 14250, 14750, 15000, 15500, 17500, 17750, 18250, 18500], "last_pareto_step": 18500, "since_last_pareto": 1, "tail_flat": true, "patience": 4, "style_key": "transfer_clip_style", "lpips_key": "transfer_lpips", "converged": false, "curve_csv": "G:\\GitHub\\Latent_Style\\Related_Works\\baseline_pipeline\\results\\samam_wikiarts5_patch8_segmented_20260610_094447\\curve_metrics.csv"}
G:\GitHub\Latent_Style\SchrodingerBridge\aaai2027\wikiarts5_page1\wikiarts5_page1_summary.json
G:\GitHub\Latent_Style\SchrodingerBridge\aaai2027\wikiarts5_page1\wikiarts5_page1_summary.csv
G:\GitHub\Latent_Style\SchrodingerBridge\aaai2027\wikiarts5_page1\wikiarts5_page1_curve.csv
G:\GitHub\Latent_Style\SchrodingerBridge\aaai2027\figures\fig_wikiarts5_page1_summary.png
G:\GitHub\Latent_Style\SchrodingerBridge\aaai2027\figures\fig_wikiarts5_qualitative_main.png
G:\GitHub\Latent_Style\SchrodingerBridge\docs\experiments\2026-06-10-wikiarts5-baseline-repro.md
G:\GitHub\Latent_Style\Related_Works\baseline_pipeline\results\samam_wikiarts5_patch8_segmented_20260610_094447\baseline_live_status.json
G:\GitHub\Latent_Style\SchrodingerBridge\docs\experiments\2026-06-10-wikiarts5-page1-read.md
{"row_count": 75, "best_step": 5750, "best_clip_style": 0.617343221505483, "best_content_lpips": 0.35035002425312994, "newest_step": 18750, "newest_clip_style": 0.5982917975882689, "newest_content_lpips": 0.22874724581837655, "best_in_newest_2": false, "pareto_steps": [250, 500, 750, 1000, 1250, 1500, 1750, 2000, 2250, 2500, 2750, 3000, 3250, 3750, 4000, 4250, 5000, 5250, 5500, 5750, 6250, 6500, 6750, 7250, 7500, 7750, 8250, 8500, 8750, 9250, 9500, 9750, 10250, 10500, 10750, 13250, 13500, 13750, 14250, 14750, 15000, 15500, 17500, 17750, 18250, 18500], "last_pareto_step": 18500, "since_last_pareto": 1, "tail_flat": true, "patience": 4, "style_key": "transfer_clip_style", "lpips_key": "transfer_lpips", "converged": false, "curve_csv": "G:\\GitHub\\Latent_Style\\Related_Works\\baseline_pipeline\\results\\samam_wikiarts5_patch8_segmented_20260610_094447\\curve_metrics.csv"}
{"row_count": 75, "best_step": 5750, "best_clip_style": 0.617343221505483, "best_content_lpips": 0.35035002425312994, "newest_step": 18750, "newest_clip_style": 0.5982917975882689, "newest_content_lpips": 0.22874724581837655, "best_in_newest_2": false, "pareto_steps": [250, 500, 750, 1000, 1250, 1500, 1750, 2000, 2250, 2500, 2750, 3000, 3250, 3750, 4000, 4250, 5000, 5250, 5500, 5750, 6250, 6500, 6750, 7250, 7500, 7750, 8250, 8500, 8750, 9250, 9500, 9750, 10250, 10500, 10750, 13250, 13500, 13750, 14250, 14750, 15000, 15500, 17500, 17750, 18250, 18500], "last_pareto_step": 18500, "since_last_pareto": 1, "tail_flat": true, "patience": 4, "style_key": "transfer_clip_style", "lpips_key": "transfer_lpips", "converged": false, "curve_csv": "G:\\GitHub\\Latent_Style\\Related_Works\\baseline_pipeline\\results\\samam_wikiarts5_patch8_segmented_20260610_094447\\curve_metrics.csv"}
{"row_count": 76, "best_step": 5750, "best_clip_style": 0.617343221505483, "best_content_lpips": 0.35035002425312994, "newest_step": 19000, "newest_clip_style": 0.6019828267892202, "newest_content_lpips": 0.25499140871067844, "best_in_newest_2": false, "pareto_steps": [250, 500, 750, 1000, 1250, 1500, 1750, 2000, 2250, 2500, 2750, 3000, 3250, 3750, 4000, 4250, 5000, 5250, 5500, 5750, 6250, 6500, 6750, 7250, 7500, 7750, 8250, 8500, 8750, 9250, 9500, 9750, 10250, 10500, 10750, 13250, 13500, 13750, 14250, 14750, 15000, 15500, 17500, 17750, 18250, 18500], "last_pareto_step": 18500, "since_last_pareto": 2, "tail_flat": false, "patience": 4, "style_key": "transfer_clip_style", "lpips_key": "transfer_lpips", "converged": false, "curve_csv": "G:\\GitHub\\Latent_Style\\Related_Works\\baseline_pipeline\\results\\samam_wikiarts5_patch8_segmented_20260610_094447\\curve_metrics.csv"}
G:\GitHub\Latent_Style\SchrodingerBridge\aaai2027\wikiarts5_page1\wikiarts5_page1_summary.json
G:\GitHub\Latent_Style\SchrodingerBridge\aaai2027\wikiarts5_page1\wikiarts5_page1_summary.csv
G:\GitHub\Latent_Style\SchrodingerBridge\aaai2027\wikiarts5_page1\wikiarts5_page1_curve.csv
G:\GitHub\Latent_Style\SchrodingerBridge\aaai2027\figures\fig_wikiarts5_page1_summary.png
G:\GitHub\Latent_Style\SchrodingerBridge\aaai2027\figures\fig_wikiarts5_qualitative_main.png
G:\GitHub\Latent_Style\SchrodingerBridge\docs\experiments\2026-06-10-wikiarts5-baseline-repro.md
G:\GitHub\Latent_Style\Related_Works\baseline_pipeline\results\samam_wikiarts5_patch8_segmented_20260610_094447\baseline_live_status.json
G:\GitHub\Latent_Style\SchrodingerBridge\docs\experiments\2026-06-10-wikiarts5-page1-read.md
{"row_count": 76, "best_step": 5750, "best_clip_style": 0.617343221505483, "best_content_lpips": 0.35035002425312994, "newest_step": 19000, "newest_clip_style": 0.6019828267892202, "newest_content_lpips": 0.25499140871067844, "best_in_newest_2": false, "pareto_steps": [250, 500, 750, 1000, 1250, 1500, 1750, 2000, 2250, 2500, 2750, 3000, 3250, 3750, 4000, 4250, 5000, 5250, 5500, 5750, 6250, 6500, 6750, 7250, 7500, 7750, 8250, 8500, 8750, 9250, 9500, 9750, 10250, 10500, 10750, 13250, 13500, 13750, 14250, 14750, 15000, 15500, 17500, 17750, 18250, 18500], "last_pareto_step": 18500, "since_last_pareto": 2, "tail_flat": false, "patience": 4, "style_key": "transfer_clip_style", "lpips_key": "transfer_lpips", "converged": false, "curve_csv": "G:\\GitHub\\Latent_Style\\Related_Works\\baseline_pipeline\\results\\samam_wikiarts5_patch8_segmented_20260610_094447\\curve_metrics.csv"}
{"row_count": 77, "best_step": 5750, "best_clip_style": 0.617343221505483, "best_content_lpips": 0.35035002425312994, "newest_step": 19250, "newest_clip_style": 0.601899598389864, "newest_content_lpips": 0.24532729852944613, "best_in_newest_2": false, "pareto_steps": [250, 500, 750, 1000, 1250, 1500, 1750, 2000, 2250, 2500, 2750, 3000, 3250, 3750, 4000, 4250, 5000, 5250, 5500, 5750, 6250, 6500, 6750, 7250, 7500, 7750, 8250, 8500, 8750, 9250, 9500, 9750, 10250, 10500, 10750, 13250, 13500, 13750, 14250, 14750, 15000, 15500, 17500, 17750, 18250, 18500, 19250], "last_pareto_step": 19250, "since_last_pareto": 0, "tail_flat": false, "patience": 4, "style_key": "transfer_clip_style", "lpips_key": "transfer_lpips", "converged": false, "curve_csv": "G:\\GitHub\\Latent_Style\\Related_Works\\baseline_pipeline\\results\\samam_wikiarts5_patch8_segmented_20260610_094447\\curve_metrics.csv"}
G:\GitHub\Latent_Style\SchrodingerBridge\aaai2027\wikiarts5_page1\wikiarts5_page1_summary.json
G:\GitHub\Latent_Style\SchrodingerBridge\aaai2027\wikiarts5_page1\wikiarts5_page1_summary.csv
G:\GitHub\Latent_Style\SchrodingerBridge\aaai2027\wikiarts5_page1\wikiarts5_page1_curve.csv
G:\GitHub\Latent_Style\SchrodingerBridge\aaai2027\figures\fig_wikiarts5_page1_summary.png
G:\GitHub\Latent_Style\SchrodingerBridge\aaai2027\figures\fig_wikiarts5_qualitative_main.png
G:\GitHub\Latent_Style\SchrodingerBridge\docs\experiments\2026-06-10-wikiarts5-baseline-repro.md
G:\GitHub\Latent_Style\Related_Works\baseline_pipeline\results\samam_wikiarts5_patch8_segmented_20260610_094447\baseline_live_status.json
G:\GitHub\Latent_Style\SchrodingerBridge\docs\experiments\2026-06-10-wikiarts5-page1-read.md
{"row_count": 77, "best_step": 5750, "best_clip_style": 0.617343221505483, "best_content_lpips": 0.35035002425312994, "newest_step": 19250, "newest_clip_style": 0.601899598389864, "newest_content_lpips": 0.24532729852944613, "best_in_newest_2": false, "pareto_steps": [250, 500, 750, 1000, 1250, 1500, 1750, 2000, 2250, 2500, 2750, 3000, 3250, 3750, 4000, 4250, 5000, 5250, 5500, 5750, 6250, 6500, 6750, 7250, 7500, 7750, 8250, 8500, 8750, 9250, 9500, 9750, 10250, 10500, 10750, 13250, 13500, 13750, 14250, 14750, 15000, 15500, 17500, 17750, 18250, 18500, 19250], "last_pareto_step": 19250, "since_last_pareto": 0, "tail_flat": false, "patience": 4, "style_key": "transfer_clip_style", "lpips_key": "transfer_lpips", "converged": false, "curve_csv": "G:\\GitHub\\Latent_Style\\Related_Works\\baseline_pipeline\\results\\samam_wikiarts5_patch8_segmented_20260610_094447\\curve_metrics.csv"}
{"row_count": 77, "best_step": 5750, "best_clip_style": 0.617343221505483, "best_content_lpips": 0.35035002425312994, "newest_step": 19250, "newest_clip_style": 0.601899598389864, "newest_content_lpips": 0.24532729852944613, "best_in_newest_2": false, "pareto_steps": [250, 500, 750, 1000, 1250, 1500, 1750, 2000, 2250, 2500, 2750, 3000, 3250, 3750, 4000, 4250, 5000, 5250, 5500, 5750, 6250, 6500, 6750, 7250, 7500, 7750, 8250, 8500, 8750, 9250, 9500, 9750, 10250, 10500, 10750, 13250, 13500, 13750, 14250, 14750, 15000, 15500, 17500, 17750, 18250, 18500, 19250], "last_pareto_step": 19250, "since_last_pareto": 0, "tail_flat": false, "patience": 4, "style_key": "transfer_clip_style", "lpips_key": "transfer_lpips", "converged": false, "curve_csv": "G:\\GitHub\\Latent_Style\\Related_Works\\baseline_pipeline\\results\\samam_wikiarts5_patch8_segmented_20260610_094447\\curve_metrics.csv"}
{"row_count": 78, "best_step": 5750, "best_clip_style": 0.617343221505483, "best_content_lpips": 0.35035002425312994, "newest_step": 19500, "newest_clip_style": 0.5998508524894715, "newest_content_lpips": 0.22085246174285808, "best_in_newest_2": false, "pareto_steps": [250, 500, 750, 1000, 1250, 1500, 1750, 2000, 2250, 2500, 2750, 3000, 3250, 3750, 4000, 4250, 5000, 5250, 5500, 5750, 6250, 6500, 6750, 7250, 7500, 7750, 8250, 8500, 8750, 9250, 9500, 9750, 10250, 10500, 10750, 13250, 13500, 13750, 14250, 14750, 15000, 15500, 17500, 17750, 18250, 18500, 19250, 19500], "last_pareto_step": 19500, "since_last_pareto": 0, "tail_flat": false, "patience": 4, "style_key": "transfer_clip_style", "lpips_key": "transfer_lpips", "converged": false, "curve_csv": "G:\\GitHub\\Latent_Style\\Related_Works\\baseline_pipeline\\results\\samam_wikiarts5_patch8_segmented_20260610_094447\\curve_metrics.csv"}
G:\GitHub\Latent_Style\SchrodingerBridge\aaai2027\wikiarts5_page1\wikiarts5_page1_summary.json
G:\GitHub\Latent_Style\SchrodingerBridge\aaai2027\wikiarts5_page1\wikiarts5_page1_summary.csv
G:\GitHub\Latent_Style\SchrodingerBridge\aaai2027\wikiarts5_page1\wikiarts5_page1_curve.csv
G:\GitHub\Latent_Style\SchrodingerBridge\aaai2027\figures\fig_wikiarts5_page1_summary.png
G:\GitHub\Latent_Style\SchrodingerBridge\aaai2027\figures\fig_wikiarts5_qualitative_main.png
G:\GitHub\Latent_Style\SchrodingerBridge\docs\experiments\2026-06-10-wikiarts5-baseline-repro.md
G:\GitHub\Latent_Style\Related_Works\baseline_pipeline\results\samam_wikiarts5_patch8_segmented_20260610_094447\baseline_live_status.json
G:\GitHub\Latent_Style\SchrodingerBridge\docs\experiments\2026-06-10-wikiarts5-page1-read.md
{"row_count": 78, "best_step": 5750, "best_clip_style": 0.617343221505483, "best_content_lpips": 0.35035002425312994, "newest_step": 19500, "newest_clip_style": 0.5998508524894715, "newest_content_lpips": 0.22085246174285808, "best_in_newest_2": false, "pareto_steps": [250, 500, 750, 1000, 1250, 1500, 1750, 2000, 2250, 2500, 2750, 3000, 3250, 3750, 4000, 4250, 5000, 5250, 5500, 5750, 6250, 6500, 6750, 7250, 7500, 7750, 8250, 8500, 8750, 9250, 9500, 9750, 10250, 10500, 10750, 13250, 13500, 13750, 14250, 14750, 15000, 15500, 17500, 17750, 18250, 18500, 19250, 19500], "last_pareto_step": 19500, "since_last_pareto": 0, "tail_flat": false, "patience": 4, "style_key": "transfer_clip_style", "lpips_key": "transfer_lpips", "converged": false, "curve_csv": "G:\\GitHub\\Latent_Style\\Related_Works\\baseline_pipeline\\results\\samam_wikiarts5_patch8_segmented_20260610_094447\\curve_metrics.csv"}
{"row_count": 79, "best_step": 5750, "best_clip_style": 0.617343221505483, "best_content_lpips": 0.35035002425312994, "newest_step": 19750, "newest_clip_style": 0.5977134833733241, "newest_content_lpips": 0.2395979418605566, "best_in_newest_2": false, "pareto_steps": [250, 500, 750, 1000, 1250, 1500, 1750, 2000, 2250, 2500, 2750, 3000, 3250, 3750, 4000, 4250, 5000, 5250, 5500, 5750, 6250, 6500, 6750, 7250, 7500, 7750, 8250, 8500, 8750, 9250, 9500, 9750, 10250, 10500, 10750, 13250, 13500, 13750, 14250, 14750, 15000, 15500, 17500, 17750, 18250, 18500, 19250, 19500], "last_pareto_step": 19500, "since_last_pareto": 1, "tail_flat": false, "patience": 4, "style_key": "transfer_clip_style", "lpips_key": "transfer_lpips", "converged": false, "curve_csv": "G:\\GitHub\\Latent_Style\\Related_Works\\baseline_pipeline\\results\\samam_wikiarts5_patch8_segmented_20260610_094447\\curve_metrics.csv"}
G:\GitHub\Latent_Style\SchrodingerBridge\aaai2027\wikiarts5_page1\wikiarts5_page1_summary.json
G:\GitHub\Latent_Style\SchrodingerBridge\aaai2027\wikiarts5_page1\wikiarts5_page1_summary.csv
G:\GitHub\Latent_Style\SchrodingerBridge\aaai2027\wikiarts5_page1\wikiarts5_page1_curve.csv
G:\GitHub\Latent_Style\SchrodingerBridge\aaai2027\figures\fig_wikiarts5_page1_summary.png
G:\GitHub\Latent_Style\SchrodingerBridge\aaai2027\figures\fig_wikiarts5_qualitative_main.png
G:\GitHub\Latent_Style\SchrodingerBridge\docs\experiments\2026-06-10-wikiarts5-baseline-repro.md
G:\GitHub\Latent_Style\Related_Works\baseline_pipeline\results\samam_wikiarts5_patch8_segmented_20260610_094447\baseline_live_status.json
G:\GitHub\Latent_Style\SchrodingerBridge\docs\experiments\2026-06-10-wikiarts5-page1-read.md
{"row_count": 79, "best_step": 5750, "best_clip_style": 0.617343221505483, "best_content_lpips": 0.35035002425312994, "newest_step": 19750, "newest_clip_style": 0.5977134833733241, "newest_content_lpips": 0.2395979418605566, "best_in_newest_2": false, "pareto_steps": [250, 500, 750, 1000, 1250, 1500, 1750, 2000, 2250, 2500, 2750, 3000, 3250, 3750, 4000, 4250, 5000, 5250, 5500, 5750, 6250, 6500, 6750, 7250, 7500, 7750, 8250, 8500, 8750, 9250, 9500, 9750, 10250, 10500, 10750, 13250, 13500, 13750, 14250, 14750, 15000, 15500, 17500, 17750, 18250, 18500, 19250, 19500], "last_pareto_step": 19500, "since_last_pareto": 1, "tail_flat": false, "patience": 4, "style_key": "transfer_clip_style", "lpips_key": "transfer_lpips", "converged": false, "curve_csv": "G:\\GitHub\\Latent_Style\\Related_Works\\baseline_pipeline\\results\\samam_wikiarts5_patch8_segmented_20260610_094447\\curve_metrics.csv"}
{"row_count": 79, "best_step": 5750, "best_clip_style": 0.617343221505483, "best_content_lpips": 0.35035002425312994, "newest_step": 19750, "newest_clip_style": 0.5977134833733241, "newest_content_lpips": 0.2395979418605566, "best_in_newest_2": false, "pareto_steps": [250, 500, 750, 1000, 1250, 1500, 1750, 2000, 2250, 2500, 2750, 3000, 3250, 3750, 4000, 4250, 5000, 5250, 5500, 5750, 6250, 6500, 6750, 7250, 7500, 7750, 8250, 8500, 8750, 9250, 9500, 9750, 10250, 10500, 10750, 13250, 13500, 13750, 14250, 14750, 15000, 15500, 17500, 17750, 18250, 18500, 19250, 19500], "last_pareto_step": 19500, "since_last_pareto": 1, "tail_flat": false, "patience": 4, "style_key": "transfer_clip_style", "lpips_key": "transfer_lpips", "converged": false, "curve_csv": "G:\\GitHub\\Latent_Style\\Related_Works\\baseline_pipeline\\results\\samam_wikiarts5_patch8_segmented_20260610_094447\\curve_metrics.csv"}
{"row_count": 80, "best_step": 5750, "best_clip_style": 0.617343221505483, "best_content_lpips": 0.35035002425312994, "newest_step": 20000, "newest_clip_style": 0.5936881498992443, "newest_content_lpips": 0.2392250884945194, "best_in_newest_2": false, "pareto_steps": [250, 500, 750, 1000, 1250, 1500, 1750, 2000, 2250, 2500, 2750, 3000, 3250, 3750, 4000, 4250, 5000, 5250, 5500, 5750, 6250, 6500, 6750, 7250, 7500, 7750, 8250, 8500, 8750, 9250, 9500, 9750, 10250, 10500, 10750, 13250, 13500, 13750, 14250, 14750, 15000, 15500, 17500, 17750, 18250, 18500, 19250, 19500], "last_pareto_step": 19500, "since_last_pareto": 2, "tail_flat": false, "patience": 4, "style_key": "transfer_clip_style", "lpips_key": "transfer_lpips", "converged": false, "curve_csv": "G:\\GitHub\\Latent_Style\\Related_Works\\baseline_pipeline\\results\\samam_wikiarts5_patch8_segmented_20260610_094447\\curve_metrics.csv"}
G:\GitHub\Latent_Style\SchrodingerBridge\aaai2027\wikiarts5_page1\wikiarts5_page1_summary.json
G:\GitHub\Latent_Style\SchrodingerBridge\aaai2027\wikiarts5_page1\wikiarts5_page1_summary.csv
G:\GitHub\Latent_Style\SchrodingerBridge\aaai2027\wikiarts5_page1\wikiarts5_page1_curve.csv
G:\GitHub\Latent_Style\SchrodingerBridge\aaai2027\figures\fig_wikiarts5_page1_summary.png
G:\GitHub\Latent_Style\SchrodingerBridge\aaai2027\figures\fig_wikiarts5_qualitative_main.png
G:\GitHub\Latent_Style\SchrodingerBridge\docs\experiments\2026-06-10-wikiarts5-baseline-repro.md
G:\GitHub\Latent_Style\Related_Works\baseline_pipeline\results\samam_wikiarts5_patch8_segmented_20260610_094447\baseline_live_status.json
G:\GitHub\Latent_Style\SchrodingerBridge\docs\experiments\2026-06-10-wikiarts5-page1-read.md
{"row_count": 80, "best_step": 5750, "best_clip_style": 0.617343221505483, "best_content_lpips": 0.35035002425312994, "newest_step": 20000, "newest_clip_style": 0.5936881498992443, "newest_content_lpips": 0.2392250884945194, "best_in_newest_2": false, "pareto_steps": [250, 500, 750, 1000, 1250, 1500, 1750, 2000, 2250, 2500, 2750, 3000, 3250, 3750, 4000, 4250, 5000, 5250, 5500, 5750, 6250, 6500, 6750, 7250, 7500, 7750, 8250, 8500, 8750, 9250, 9500, 9750, 10250, 10500, 10750, 13250, 13500, 13750, 14250, 14750, 15000, 15500, 17500, 17750, 18250, 18500, 19250, 19500], "last_pareto_step": 19500, "since_last_pareto": 2, "tail_flat": false, "patience": 4, "style_key": "transfer_clip_style", "lpips_key": "transfer_lpips", "converged": false, "curve_csv": "G:\\GitHub\\Latent_Style\\Related_Works\\baseline_pipeline\\results\\samam_wikiarts5_patch8_segmented_20260610_094447\\curve_metrics.csv"}
{"row_count": 80, "best_step": 5750, "best_clip_style": 0.617343221505483, "best_content_lpips": 0.35035002425312994, "newest_step": 20000, "newest_clip_style": 0.5936881498992443, "newest_content_lpips": 0.2392250884945194, "best_in_newest_2": false, "pareto_steps": [250, 500, 750, 1000, 1250, 1500, 1750, 2000, 2250, 2500, 2750, 3000, 3250, 3750, 4000, 4250, 5000, 5250, 5500, 5750, 6250, 6500, 6750, 7250, 7500, 7750, 8250, 8500, 8750, 9250, 9500, 9750, 10250, 10500, 10750, 13250, 13500, 13750, 14250, 14750, 15000, 15500, 17500, 17750, 18250, 18500, 19250, 19500], "last_pareto_step": 19500, "since_last_pareto": 2, "tail_flat": false, "patience": 4, "style_key": "transfer_clip_style", "lpips_key": "transfer_lpips", "converged": false, "curve_csv": "G:\\GitHub\\Latent_Style\\Related_Works\\baseline_pipeline\\results\\samam_wikiarts5_patch8_segmented_20260610_094447\\curve_metrics.csv"}
{"row_count": 81, "best_step": 5750, "best_clip_style": 0.617343221505483, "best_content_lpips": 0.35035002425312994, "newest_step": 20250, "newest_clip_style": 0.5980167162915071, "newest_content_lpips": 0.23379255695889392, "best_in_newest_2": false, "pareto_steps": [250, 500, 750, 1000, 1250, 1500, 1750, 2000, 2250, 2500, 2750, 3000, 3250, 3750, 4000, 4250, 5000, 5250, 5500, 5750, 6250, 6500, 6750, 7250, 7500, 7750, 8250, 8500, 8750, 9250, 9500, 9750, 10250, 10500, 10750, 13250, 13500, 13750, 14250, 14750, 15000, 15500, 17500, 17750, 18250, 18500, 19250, 19500], "last_pareto_step": 19500, "since_last_pareto": 3, "tail_flat": true, "patience": 4, "style_key": "transfer_clip_style", "lpips_key": "transfer_lpips", "converged": false, "curve_csv": "G:\\GitHub\\Latent_Style\\Related_Works\\baseline_pipeline\\results\\samam_wikiarts5_patch8_segmented_20260610_094447\\curve_metrics.csv"}
G:\GitHub\Latent_Style\SchrodingerBridge\aaai2027\wikiarts5_page1\wikiarts5_page1_summary.json
G:\GitHub\Latent_Style\SchrodingerBridge\aaai2027\wikiarts5_page1\wikiarts5_page1_summary.csv
G:\GitHub\Latent_Style\SchrodingerBridge\aaai2027\wikiarts5_page1\wikiarts5_page1_curve.csv
G:\GitHub\Latent_Style\SchrodingerBridge\aaai2027\figures\fig_wikiarts5_page1_summary.png
G:\GitHub\Latent_Style\SchrodingerBridge\aaai2027\figures\fig_wikiarts5_qualitative_main.png
G:\GitHub\Latent_Style\SchrodingerBridge\docs\experiments\2026-06-10-wikiarts5-baseline-repro.md
G:\GitHub\Latent_Style\Related_Works\baseline_pipeline\results\samam_wikiarts5_patch8_segmented_20260610_094447\baseline_live_status.json
G:\GitHub\Latent_Style\SchrodingerBridge\docs\experiments\2026-06-10-wikiarts5-page1-read.md
{"row_count": 81, "best_step": 5750, "best_clip_style": 0.617343221505483, "best_content_lpips": 0.35035002425312994, "newest_step": 20250, "newest_clip_style": 0.5980167162915071, "newest_content_lpips": 0.23379255695889392, "best_in_newest_2": false, "pareto_steps": [250, 500, 750, 1000, 1250, 1500, 1750, 2000, 2250, 2500, 2750, 3000, 3250, 3750, 4000, 4250, 5000, 5250, 5500, 5750, 6250, 6500, 6750, 7250, 7500, 7750, 8250, 8500, 8750, 9250, 9500, 9750, 10250, 10500, 10750, 13250, 13500, 13750, 14250, 14750, 15000, 15500, 17500, 17750, 18250, 18500, 19250, 19500], "last_pareto_step": 19500, "since_last_pareto": 3, "tail_flat": true, "patience": 4, "style_key": "transfer_clip_style", "lpips_key": "transfer_lpips", "converged": false, "curve_csv": "G:\\GitHub\\Latent_Style\\Related_Works\\baseline_pipeline\\results\\samam_wikiarts5_patch8_segmented_20260610_094447\\curve_metrics.csv"}
{"row_count": 81, "best_step": 5750, "best_clip_style": 0.617343221505483, "best_content_lpips": 0.35035002425312994, "newest_step": 20250, "newest_clip_style": 0.5980167162915071, "newest_content_lpips": 0.23379255695889392, "best_in_newest_2": false, "pareto_steps": [250, 500, 750, 1000, 1250, 1500, 1750, 2000, 2250, 2500, 2750, 3000, 3250, 3750, 4000, 4250, 5000, 5250, 5500, 5750, 6250, 6500, 6750, 7250, 7500, 7750, 8250, 8500, 8750, 9250, 9500, 9750, 10250, 10500, 10750, 13250, 13500, 13750, 14250, 14750, 15000, 15500, 17500, 17750, 18250, 18500, 19250, 19500], "last_pareto_step": 19500, "since_last_pareto": 3, "tail_flat": true, "patience": 4, "style_key": "transfer_clip_style", "lpips_key": "transfer_lpips", "converged": false, "curve_csv": "G:\\GitHub\\Latent_Style\\Related_Works\\baseline_pipeline\\results\\samam_wikiarts5_patch8_segmented_20260610_094447\\curve_metrics.csv"}
{"row_count": 82, "best_step": 5750, "best_clip_style": 0.617343221505483, "best_content_lpips": 0.35035002425312994, "newest_step": 20500, "newest_clip_style": 0.5988596612711747, "newest_content_lpips": 0.22748771912107865, "best_in_newest_2": false, "pareto_steps": [250, 500, 750, 1000, 1250, 1500, 1750, 2000, 2250, 2500, 2750, 3000, 3250, 3750, 4000, 4250, 5000, 5250, 5500, 5750, 6250, 6500, 6750, 7250, 7500, 7750, 8250, 8500, 8750, 9250, 9500, 9750, 10250, 10500, 10750, 13250, 13500, 13750, 14250, 14750, 15000, 15500, 17500, 17750, 18250, 18500, 19250, 19500], "last_pareto_step": 19500, "since_last_pareto": 4, "tail_flat": false, "patience": 4, "style_key": "transfer_clip_style", "lpips_key": "transfer_lpips", "converged": false, "curve_csv": "G:\\GitHub\\Latent_Style\\Related_Works\\baseline_pipeline\\results\\samam_wikiarts5_patch8_segmented_20260610_094447\\curve_metrics.csv"}
G:\GitHub\Latent_Style\SchrodingerBridge\aaai2027\wikiarts5_page1\wikiarts5_page1_summary.json
G:\GitHub\Latent_Style\SchrodingerBridge\aaai2027\wikiarts5_page1\wikiarts5_page1_summary.csv
G:\GitHub\Latent_Style\SchrodingerBridge\aaai2027\wikiarts5_page1\wikiarts5_page1_curve.csv
G:\GitHub\Latent_Style\SchrodingerBridge\aaai2027\figures\fig_wikiarts5_page1_summary.png
G:\GitHub\Latent_Style\SchrodingerBridge\aaai2027\figures\fig_wikiarts5_qualitative_main.png
G:\GitHub\Latent_Style\SchrodingerBridge\docs\experiments\2026-06-10-wikiarts5-baseline-repro.md
G:\GitHub\Latent_Style\Related_Works\baseline_pipeline\results\samam_wikiarts5_patch8_segmented_20260610_094447\baseline_live_status.json
G:\GitHub\Latent_Style\SchrodingerBridge\docs\experiments\2026-06-10-wikiarts5-page1-read.md
{"row_count": 82, "best_step": 5750, "best_clip_style": 0.617343221505483, "best_content_lpips": 0.35035002425312994, "newest_step": 20500, "newest_clip_style": 0.5988596612711747, "newest_content_lpips": 0.22748771912107865, "best_in_newest_2": false, "pareto_steps": [250, 500, 750, 1000, 1250, 1500, 1750, 2000, 2250, 2500, 2750, 3000, 3250, 3750, 4000, 4250, 5000, 5250, 5500, 5750, 6250, 6500, 6750, 7250, 7500, 7750, 8250, 8500, 8750, 9250, 9500, 9750, 10250, 10500, 10750, 13250, 13500, 13750, 14250, 14750, 15000, 15500, 17500, 17750, 18250, 18500, 19250, 19500], "last_pareto_step": 19500, "since_last_pareto": 4, "tail_flat": false, "patience": 4, "style_key": "transfer_clip_style", "lpips_key": "transfer_lpips", "converged": false, "curve_csv": "G:\\GitHub\\Latent_Style\\Related_Works\\baseline_pipeline\\results\\samam_wikiarts5_patch8_segmented_20260610_094447\\curve_metrics.csv"}
{"row_count": 83, "best_step": 5750, "best_clip_style": 0.617343221505483, "best_content_lpips": 0.35035002425312994, "newest_step": 20750, "newest_clip_style": 0.5968419428169728, "newest_content_lpips": 0.23949947026868662, "best_in_newest_2": false, "pareto_steps": [250, 500, 750, 1000, 1250, 1500, 1750, 2000, 2250, 2500, 2750, 3000, 3250, 3750, 4000, 4250, 5000, 5250, 5500, 5750, 6250, 6500, 6750, 7250, 7500, 7750, 8250, 8500, 8750, 9250, 9500, 9750, 10250, 10500, 10750, 13250, 13500, 13750, 14250, 14750, 15000, 15500, 17500, 17750, 18250, 18500, 19250, 19500], "last_pareto_step": 19500, "since_last_pareto": 5, "tail_flat": false, "patience": 4, "style_key": "transfer_clip_style", "lpips_key": "transfer_lpips", "converged": false, "curve_csv": "G:\\GitHub\\Latent_Style\\Related_Works\\baseline_pipeline\\results\\samam_wikiarts5_patch8_segmented_20260610_094447\\curve_metrics.csv"}
G:\GitHub\Latent_Style\SchrodingerBridge\aaai2027\wikiarts5_page1\wikiarts5_page1_summary.json
G:\GitHub\Latent_Style\SchrodingerBridge\aaai2027\wikiarts5_page1\wikiarts5_page1_summary.csv
G:\GitHub\Latent_Style\SchrodingerBridge\aaai2027\wikiarts5_page1\wikiarts5_page1_curve.csv
G:\GitHub\Latent_Style\SchrodingerBridge\aaai2027\figures\fig_wikiarts5_page1_summary.png
G:\GitHub\Latent_Style\SchrodingerBridge\aaai2027\figures\fig_wikiarts5_qualitative_main.png
G:\GitHub\Latent_Style\SchrodingerBridge\docs\experiments\2026-06-10-wikiarts5-baseline-repro.md
G:\GitHub\Latent_Style\Related_Works\baseline_pipeline\results\samam_wikiarts5_patch8_segmented_20260610_094447\baseline_live_status.json
G:\GitHub\Latent_Style\SchrodingerBridge\docs\experiments\2026-06-10-wikiarts5-page1-read.md
{"row_count": 83, "best_step": 5750, "best_clip_style": 0.617343221505483, "best_content_lpips": 0.35035002425312994, "newest_step": 20750, "newest_clip_style": 0.5968419428169728, "newest_content_lpips": 0.23949947026868662, "best_in_newest_2": false, "pareto_steps": [250, 500, 750, 1000, 1250, 1500, 1750, 2000, 2250, 2500, 2750, 3000, 3250, 3750, 4000, 4250, 5000, 5250, 5500, 5750, 6250, 6500, 6750, 7250, 7500, 7750, 8250, 8500, 8750, 9250, 9500, 9750, 10250, 10500, 10750, 13250, 13500, 13750, 14250, 14750, 15000, 15500, 17500, 17750, 18250, 18500, 19250, 19500], "last_pareto_step": 19500, "since_last_pareto": 5, "tail_flat": false, "patience": 4, "style_key": "transfer_clip_style", "lpips_key": "transfer_lpips", "converged": false, "curve_csv": "G:\\GitHub\\Latent_Style\\Related_Works\\baseline_pipeline\\results\\samam_wikiarts5_patch8_segmented_20260610_094447\\curve_metrics.csv"}
{"row_count": 83, "best_step": 5750, "best_clip_style": 0.617343221505483, "best_content_lpips": 0.35035002425312994, "newest_step": 20750, "newest_clip_style": 0.5968419428169728, "newest_content_lpips": 0.23949947026868662, "best_in_newest_2": false, "pareto_steps": [250, 500, 750, 1000, 1250, 1500, 1750, 2000, 2250, 2500, 2750, 3000, 3250, 3750, 4000, 4250, 5000, 5250, 5500, 5750, 6250, 6500, 6750, 7250, 7500, 7750, 8250, 8500, 8750, 9250, 9500, 9750, 10250, 10500, 10750, 13250, 13500, 13750, 14250, 14750, 15000, 15500, 17500, 17750, 18250, 18500, 19250, 19500], "last_pareto_step": 19500, "since_last_pareto": 5, "tail_flat": false, "patience": 4, "style_key": "transfer_clip_style", "lpips_key": "transfer_lpips", "converged": false, "curve_csv": "G:\\GitHub\\Latent_Style\\Related_Works\\baseline_pipeline\\results\\samam_wikiarts5_patch8_segmented_20260610_094447\\curve_metrics.csv"}
{"row_count": 84, "best_step": 5750, "best_clip_style": 0.617343221505483, "best_content_lpips": 0.35035002425312994, "newest_step": 21000, "newest_clip_style": 0.5949564511080583, "newest_content_lpips": 0.24605387584616742, "best_in_newest_2": false, "pareto_steps": [250, 500, 750, 1000, 1250, 1500, 1750, 2000, 2250, 2500, 2750, 3000, 3250, 3750, 4000, 4250, 5000, 5250, 5500, 5750, 6250, 6500, 6750, 7250, 7500, 7750, 8250, 8500, 8750, 9250, 9500, 9750, 10250, 10500, 10750, 13250, 13500, 13750, 14250, 14750, 15000, 15500, 17500, 17750, 18250, 18500, 19250, 19500], "last_pareto_step": 19500, "since_last_pareto": 6, "tail_flat": false, "patience": 4, "style_key": "transfer_clip_style", "lpips_key": "transfer_lpips", "converged": false, "curve_csv": "G:\\GitHub\\Latent_Style\\Related_Works\\baseline_pipeline\\results\\samam_wikiarts5_patch8_segmented_20260610_094447\\curve_metrics.csv"}
G:\GitHub\Latent_Style\SchrodingerBridge\aaai2027\wikiarts5_page1\wikiarts5_page1_summary.json
G:\GitHub\Latent_Style\SchrodingerBridge\aaai2027\wikiarts5_page1\wikiarts5_page1_summary.csv
G:\GitHub\Latent_Style\SchrodingerBridge\aaai2027\wikiarts5_page1\wikiarts5_page1_curve.csv
G:\GitHub\Latent_Style\SchrodingerBridge\aaai2027\figures\fig_wikiarts5_page1_summary.png
G:\GitHub\Latent_Style\SchrodingerBridge\aaai2027\figures\fig_wikiarts5_qualitative_main.png
G:\GitHub\Latent_Style\SchrodingerBridge\docs\experiments\2026-06-10-wikiarts5-baseline-repro.md
G:\GitHub\Latent_Style\Related_Works\baseline_pipeline\results\samam_wikiarts5_patch8_segmented_20260610_094447\baseline_live_status.json
G:\GitHub\Latent_Style\SchrodingerBridge\docs\experiments\2026-06-10-wikiarts5-page1-read.md
{"row_count": 84, "best_step": 5750, "best_clip_style": 0.617343221505483, "best_content_lpips": 0.35035002425312994, "newest_step": 21000, "newest_clip_style": 0.5949564511080583, "newest_content_lpips": 0.24605387584616742, "best_in_newest_2": false, "pareto_steps": [250, 500, 750, 1000, 1250, 1500, 1750, 2000, 2250, 2500, 2750, 3000, 3250, 3750, 4000, 4250, 5000, 5250, 5500, 5750, 6250, 6500, 6750, 7250, 7500, 7750, 8250, 8500, 8750, 9250, 9500, 9750, 10250, 10500, 10750, 13250, 13500, 13750, 14250, 14750, 15000, 15500, 17500, 17750, 18250, 18500, 19250, 19500], "last_pareto_step": 19500, "since_last_pareto": 6, "tail_flat": false, "patience": 4, "style_key": "transfer_clip_style", "lpips_key": "transfer_lpips", "converged": false, "curve_csv": "G:\\GitHub\\Latent_Style\\Related_Works\\baseline_pipeline\\results\\samam_wikiarts5_patch8_segmented_20260610_094447\\curve_metrics.csv"}
{"row_count": 85, "best_step": 5750, "best_clip_style": 0.617343221505483, "best_content_lpips": 0.35035002425312994, "newest_step": 21250, "newest_clip_style": 0.5947062143186728, "newest_content_lpips": 0.22976562834034364, "best_in_newest_2": false, "pareto_steps": [250, 500, 750, 1000, 1250, 1500, 1750, 2000, 2250, 2500, 2750, 3000, 3250, 3750, 4000, 4250, 5000, 5250, 5500, 5750, 6250, 6500, 6750, 7250, 7500, 7750, 8250, 8500, 8750, 9250, 9500, 9750, 10250, 10500, 10750, 13250, 13500, 13750, 14250, 14750, 15000, 15500, 17500, 17750, 18250, 18500, 19250, 19500], "last_pareto_step": 19500, "since_last_pareto": 7, "tail_flat": false, "patience": 4, "style_key": "transfer_clip_style", "lpips_key": "transfer_lpips", "converged": false, "curve_csv": "G:\\GitHub\\Latent_Style\\Related_Works\\baseline_pipeline\\results\\samam_wikiarts5_patch8_segmented_20260610_094447\\curve_metrics.csv"}
G:\GitHub\Latent_Style\SchrodingerBridge\aaai2027\wikiarts5_page1\wikiarts5_page1_summary.json
G:\GitHub\Latent_Style\SchrodingerBridge\aaai2027\wikiarts5_page1\wikiarts5_page1_summary.csv
G:\GitHub\Latent_Style\SchrodingerBridge\aaai2027\wikiarts5_page1\wikiarts5_page1_curve.csv
G:\GitHub\Latent_Style\SchrodingerBridge\aaai2027\figures\fig_wikiarts5_page1_summary.png
G:\GitHub\Latent_Style\SchrodingerBridge\aaai2027\figures\fig_wikiarts5_qualitative_main.png
G:\GitHub\Latent_Style\SchrodingerBridge\docs\experiments\2026-06-10-wikiarts5-baseline-repro.md
G:\GitHub\Latent_Style\Related_Works\baseline_pipeline\results\samam_wikiarts5_patch8_segmented_20260610_094447\baseline_live_status.json
G:\GitHub\Latent_Style\SchrodingerBridge\docs\experiments\2026-06-10-wikiarts5-page1-read.md
{"row_count": 85, "best_step": 5750, "best_clip_style": 0.617343221505483, "best_content_lpips": 0.35035002425312994, "newest_step": 21250, "newest_clip_style": 0.5947062143186728, "newest_content_lpips": 0.22976562834034364, "best_in_newest_2": false, "pareto_steps": [250, 500, 750, 1000, 1250, 1500, 1750, 2000, 2250, 2500, 2750, 3000, 3250, 3750, 4000, 4250, 5000, 5250, 5500, 5750, 6250, 6500, 6750, 7250, 7500, 7750, 8250, 8500, 8750, 9250, 9500, 9750, 10250, 10500, 10750, 13250, 13500, 13750, 14250, 14750, 15000, 15500, 17500, 17750, 18250, 18500, 19250, 19500], "last_pareto_step": 19500, "since_last_pareto": 7, "tail_flat": false, "patience": 4, "style_key": "transfer_clip_style", "lpips_key": "transfer_lpips", "converged": false, "curve_csv": "G:\\GitHub\\Latent_Style\\Related_Works\\baseline_pipeline\\results\\samam_wikiarts5_patch8_segmented_20260610_094447\\curve_metrics.csv"}
{"row_count": 85, "best_step": 5750, "best_clip_style": 0.617343221505483, "best_content_lpips": 0.35035002425312994, "newest_step": 21250, "newest_clip_style": 0.5947062143186728, "newest_content_lpips": 0.22976562834034364, "best_in_newest_2": false, "pareto_steps": [250, 500, 750, 1000, 1250, 1500, 1750, 2000, 2250, 2500, 2750, 3000, 3250, 3750, 4000, 4250, 5000, 5250, 5500, 5750, 6250, 6500, 6750, 7250, 7500, 7750, 8250, 8500, 8750, 9250, 9500, 9750, 10250, 10500, 10750, 13250, 13500, 13750, 14250, 14750, 15000, 15500, 17500, 17750, 18250, 18500, 19250, 19500], "last_pareto_step": 19500, "since_last_pareto": 7, "tail_flat": false, "patience": 4, "style_key": "transfer_clip_style", "lpips_key": "transfer_lpips", "converged": false, "curve_csv": "G:\\GitHub\\Latent_Style\\Related_Works\\baseline_pipeline\\results\\samam_wikiarts5_patch8_segmented_20260610_094447\\curve_metrics.csv"}
{"row_count": 86, "best_step": 5750, "best_clip_style": 0.617343221505483, "best_content_lpips": 0.35035002425312994, "newest_step": 21500, "newest_clip_style": 0.5995628642042478, "newest_content_lpips": 0.24501860889295737, "best_in_newest_2": false, "pareto_steps": [250, 500, 750, 1000, 1250, 1500, 1750, 2000, 2250, 2500, 2750, 3000, 3250, 3750, 4000, 4250, 5000, 5250, 5500, 5750, 6250, 6500, 6750, 7250, 7500, 7750, 8250, 8500, 8750, 9250, 9500, 9750, 10250, 10500, 10750, 13250, 13500, 13750, 14250, 14750, 15000, 15500, 17500, 17750, 18250, 18500, 19250, 19500], "last_pareto_step": 19500, "since_last_pareto": 8, "tail_flat": false, "patience": 4, "style_key": "transfer_clip_style", "lpips_key": "transfer_lpips", "converged": false, "curve_csv": "G:\\GitHub\\Latent_Style\\Related_Works\\baseline_pipeline\\results\\samam_wikiarts5_patch8_segmented_20260610_094447\\curve_metrics.csv"}
G:\GitHub\Latent_Style\SchrodingerBridge\aaai2027\wikiarts5_page1\wikiarts5_page1_summary.json
G:\GitHub\Latent_Style\SchrodingerBridge\aaai2027\wikiarts5_page1\wikiarts5_page1_summary.csv
G:\GitHub\Latent_Style\SchrodingerBridge\aaai2027\wikiarts5_page1\wikiarts5_page1_curve.csv
G:\GitHub\Latent_Style\SchrodingerBridge\aaai2027\figures\fig_wikiarts5_page1_summary.png
G:\GitHub\Latent_Style\SchrodingerBridge\aaai2027\figures\fig_wikiarts5_qualitative_main.png
G:\GitHub\Latent_Style\SchrodingerBridge\docs\experiments\2026-06-10-wikiarts5-baseline-repro.md
G:\GitHub\Latent_Style\Related_Works\baseline_pipeline\results\samam_wikiarts5_patch8_segmented_20260610_094447\baseline_live_status.json
G:\GitHub\Latent_Style\SchrodingerBridge\docs\experiments\2026-06-10-wikiarts5-page1-read.md
{"row_count": 86, "best_step": 5750, "best_clip_style": 0.617343221505483, "best_content_lpips": 0.35035002425312994, "newest_step": 21500, "newest_clip_style": 0.5995628642042478, "newest_content_lpips": 0.24501860889295737, "best_in_newest_2": false, "pareto_steps": [250, 500, 750, 1000, 1250, 1500, 1750, 2000, 2250, 2500, 2750, 3000, 3250, 3750, 4000, 4250, 5000, 5250, 5500, 5750, 6250, 6500, 6750, 7250, 7500, 7750, 8250, 8500, 8750, 9250, 9500, 9750, 10250, 10500, 10750, 13250, 13500, 13750, 14250, 14750, 15000, 15500, 17500, 17750, 18250, 18500, 19250, 19500], "last_pareto_step": 19500, "since_last_pareto": 8, "tail_flat": false, "patience": 4, "style_key": "transfer_clip_style", "lpips_key": "transfer_lpips", "converged": false, "curve_csv": "G:\\GitHub\\Latent_Style\\Related_Works\\baseline_pipeline\\results\\samam_wikiarts5_patch8_segmented_20260610_094447\\curve_metrics.csv"}
{"row_count": 86, "best_step": 5750, "best_clip_style": 0.617343221505483, "best_content_lpips": 0.35035002425312994, "newest_step": 21500, "newest_clip_style": 0.5995628642042478, "newest_content_lpips": 0.24501860889295737, "best_in_newest_2": false, "pareto_steps": [250, 500, 750, 1000, 1250, 1500, 1750, 2000, 2250, 2500, 2750, 3000, 3250, 3750, 4000, 4250, 5000, 5250, 5500, 5750, 6250, 6500, 6750, 7250, 7500, 7750, 8250, 8500, 8750, 9250, 9500, 9750, 10250, 10500, 10750, 13250, 13500, 13750, 14250, 14750, 15000, 15500, 17500, 17750, 18250, 18500, 19250, 19500], "last_pareto_step": 19500, "since_last_pareto": 8, "tail_flat": false, "patience": 4, "style_key": "transfer_clip_style", "lpips_key": "transfer_lpips", "converged": false, "curve_csv": "G:\\GitHub\\Latent_Style\\Related_Works\\baseline_pipeline\\results\\samam_wikiarts5_patch8_segmented_20260610_094447\\curve_metrics.csv"}
{"row_count": 86, "best_step": 5750, "best_clip_style": 0.617343221505483, "best_content_lpips": 0.35035002425312994, "newest_step": 21500, "newest_clip_style": 0.5995628642042478, "newest_content_lpips": 0.24501860889295737, "best_in_newest_2": false, "pareto_steps": [250, 500, 750, 1000, 1250, 1500, 1750, 2000, 2250, 2500, 2750, 3000, 3250, 3750, 4000, 4250, 5000, 5250, 5500, 5750, 6250, 6500, 6750, 7250, 7500, 7750, 8250, 8500, 8750, 9250, 9500, 9750, 10250, 10500, 10750, 13250, 13500, 13750, 14250, 14750, 15000, 15500, 17500, 17750, 18250, 18500, 19250, 19500], "last_pareto_step": 19500, "since_last_pareto": 8, "tail_flat": false, "patience": 4, "style_key": "transfer_clip_style", "lpips_key": "transfer_lpips", "converged": false, "curve_csv": "G:\\GitHub\\Latent_Style\\Related_Works\\baseline_pipeline\\results\\samam_wikiarts5_patch8_segmented_20260610_094447\\curve_metrics.csv"}
{"row_count": 87, "best_step": 5750, "best_clip_style": 0.617343221505483, "best_content_lpips": 0.35035002425312994, "newest_step": 21750, "newest_clip_style": 0.6064499560991923, "newest_content_lpips": 0.3138653473680218, "best_in_newest_2": false, "pareto_steps": [250, 500, 750, 1000, 1250, 1500, 1750, 2000, 2250, 2500, 2750, 3000, 3250, 3750, 4000, 4250, 5000, 5250, 5500, 5750, 6250, 6500, 6750, 7250, 7500, 7750, 8250, 8500, 8750, 9250, 9500, 9750, 10250, 10500, 10750, 13250, 13500, 13750, 14250, 14750, 15000, 15500, 17500, 17750, 18250, 18500, 19250, 19500], "last_pareto_step": 19500, "since_last_pareto": 9, "tail_flat": false, "patience": 4, "style_key": "transfer_clip_style", "lpips_key": "transfer_lpips", "converged": false, "curve_csv": "G:\\GitHub\\Latent_Style\\Related_Works\\baseline_pipeline\\results\\samam_wikiarts5_patch8_segmented_20260610_094447\\curve_metrics.csv"}
G:\GitHub\Latent_Style\SchrodingerBridge\aaai2027\wikiarts5_page1\wikiarts5_page1_summary.json
G:\GitHub\Latent_Style\SchrodingerBridge\aaai2027\wikiarts5_page1\wikiarts5_page1_summary.csv
G:\GitHub\Latent_Style\SchrodingerBridge\aaai2027\wikiarts5_page1\wikiarts5_page1_curve.csv
G:\GitHub\Latent_Style\SchrodingerBridge\aaai2027\figures\fig_wikiarts5_page1_summary.png
G:\GitHub\Latent_Style\SchrodingerBridge\aaai2027\figures\fig_wikiarts5_qualitative_main.png
G:\GitHub\Latent_Style\SchrodingerBridge\docs\experiments\2026-06-10-wikiarts5-baseline-repro.md
G:\GitHub\Latent_Style\Related_Works\baseline_pipeline\results\samam_wikiarts5_patch8_segmented_20260610_094447\baseline_live_status.json
G:\GitHub\Latent_Style\SchrodingerBridge\docs\experiments\2026-06-10-wikiarts5-page1-read.md
{"row_count": 87, "best_step": 5750, "best_clip_style": 0.617343221505483, "best_content_lpips": 0.35035002425312994, "newest_step": 21750, "newest_clip_style": 0.6064499560991923, "newest_content_lpips": 0.3138653473680218, "best_in_newest_2": false, "pareto_steps": [250, 500, 750, 1000, 1250, 1500, 1750, 2000, 2250, 2500, 2750, 3000, 3250, 3750, 4000, 4250, 5000, 5250, 5500, 5750, 6250, 6500, 6750, 7250, 7500, 7750, 8250, 8500, 8750, 9250, 9500, 9750, 10250, 10500, 10750, 13250, 13500, 13750, 14250, 14750, 15000, 15500, 17500, 17750, 18250, 18500, 19250, 19500], "last_pareto_step": 19500, "since_last_pareto": 9, "tail_flat": false, "patience": 4, "style_key": "transfer_clip_style", "lpips_key": "transfer_lpips", "converged": false, "curve_csv": "G:\\GitHub\\Latent_Style\\Related_Works\\baseline_pipeline\\results\\samam_wikiarts5_patch8_segmented_20260610_094447\\curve_metrics.csv"}
{"row_count": 87, "best_step": 5750, "best_clip_style": 0.617343221505483, "best_content_lpips": 0.35035002425312994, "newest_step": 21750, "newest_clip_style": 0.6064499560991923, "newest_content_lpips": 0.3138653473680218, "best_in_newest_2": false, "pareto_steps": [250, 500, 750, 1000, 1250, 1500, 1750, 2000, 2250, 2500, 2750, 3000, 3250, 3750, 4000, 4250, 5000, 5250, 5500, 5750, 6250, 6500, 6750, 7250, 7500, 7750, 8250, 8500, 8750, 9250, 9500, 9750, 10250, 10500, 10750, 13250, 13500, 13750, 14250, 14750, 15000, 15500, 17500, 17750, 18250, 18500, 19250, 19500], "last_pareto_step": 19500, "since_last_pareto": 9, "tail_flat": false, "patience": 4, "style_key": "transfer_clip_style", "lpips_key": "transfer_lpips", "converged": false, "curve_csv": "G:\\GitHub\\Latent_Style\\Related_Works\\baseline_pipeline\\results\\samam_wikiarts5_patch8_segmented_20260610_094447\\curve_metrics.csv"}
{"row_count": 87, "best_step": 5750, "best_clip_style": 0.617343221505483, "best_content_lpips": 0.35035002425312994, "newest_step": 21750, "newest_clip_style": 0.6064499560991923, "newest_content_lpips": 0.3138653473680218, "best_in_newest_2": false, "pareto_steps": [250, 500, 750, 1000, 1250, 1500, 1750, 2000, 2250, 2500, 2750, 3000, 3250, 3750, 4000, 4250, 5000, 5250, 5500, 5750, 6250, 6500, 6750, 7250, 7500, 7750, 8250, 8500, 8750, 9250, 9500, 9750, 10250, 10500, 10750, 13250, 13500, 13750, 14250, 14750, 15000, 15500, 17500, 17750, 18250, 18500, 19250, 19500], "last_pareto_step": 19500, "since_last_pareto": 9, "tail_flat": false, "patience": 4, "style_key": "transfer_clip_style", "lpips_key": "transfer_lpips", "converged": false, "curve_csv": "G:\\GitHub\\Latent_Style\\Related_Works\\baseline_pipeline\\results\\samam_wikiarts5_patch8_segmented_20260610_094447\\curve_metrics.csv"}
{"row_count": 88, "best_step": 5750, "best_clip_style": 0.617343221505483, "best_content_lpips": 0.35035002425312994, "newest_step": 22000, "newest_clip_style": 0.6014263926446438, "newest_content_lpips": 0.2471125076338649, "best_in_newest_2": false, "pareto_steps": [250, 500, 750, 1000, 1250, 1500, 1750, 2000, 2250, 2500, 2750, 3000, 3250, 3750, 4000, 4250, 5000, 5250, 5500, 5750, 6250, 6500, 6750, 7250, 7500, 7750, 8250, 8500, 8750, 9250, 9500, 9750, 10250, 10500, 10750, 13250, 13500, 13750, 14250, 14750, 15000, 15500, 17500, 17750, 18250, 18500, 19250, 19500], "last_pareto_step": 19500, "since_last_pareto": 10, "tail_flat": false, "patience": 4, "style_key": "transfer_clip_style", "lpips_key": "transfer_lpips", "converged": false, "curve_csv": "G:\\GitHub\\Latent_Style\\Related_Works\\baseline_pipeline\\results\\samam_wikiarts5_patch8_segmented_20260610_094447\\curve_metrics.csv"}
G:\GitHub\Latent_Style\SchrodingerBridge\aaai2027\wikiarts5_page1\wikiarts5_page1_summary.json
G:\GitHub\Latent_Style\SchrodingerBridge\aaai2027\wikiarts5_page1\wikiarts5_page1_summary.csv
G:\GitHub\Latent_Style\SchrodingerBridge\aaai2027\wikiarts5_page1\wikiarts5_page1_curve.csv
G:\GitHub\Latent_Style\SchrodingerBridge\aaai2027\figures\fig_wikiarts5_page1_summary.png
G:\GitHub\Latent_Style\SchrodingerBridge\aaai2027\figures\fig_wikiarts5_qualitative_main.png
G:\GitHub\Latent_Style\SchrodingerBridge\docs\experiments\2026-06-10-wikiarts5-baseline-repro.md
G:\GitHub\Latent_Style\Related_Works\baseline_pipeline\results\samam_wikiarts5_patch8_segmented_20260610_094447\baseline_live_status.json
G:\GitHub\Latent_Style\SchrodingerBridge\docs\experiments\2026-06-10-wikiarts5-page1-read.md
{"row_count": 88, "best_step": 5750, "best_clip_style": 0.617343221505483, "best_content_lpips": 0.35035002425312994, "newest_step": 22000, "newest_clip_style": 0.6014263926446438, "newest_content_lpips": 0.2471125076338649, "best_in_newest_2": false, "pareto_steps": [250, 500, 750, 1000, 1250, 1500, 1750, 2000, 2250, 2500, 2750, 3000, 3250, 3750, 4000, 4250, 5000, 5250, 5500, 5750, 6250, 6500, 6750, 7250, 7500, 7750, 8250, 8500, 8750, 9250, 9500, 9750, 10250, 10500, 10750, 13250, 13500, 13750, 14250, 14750, 15000, 15500, 17500, 17750, 18250, 18500, 19250, 19500], "last_pareto_step": 19500, "since_last_pareto": 10, "tail_flat": false, "patience": 4, "style_key": "transfer_clip_style", "lpips_key": "transfer_lpips", "converged": false, "curve_csv": "G:\\GitHub\\Latent_Style\\Related_Works\\baseline_pipeline\\results\\samam_wikiarts5_patch8_segmented_20260610_094447\\curve_metrics.csv"}
{"row_count": 88, "best_step": 5750, "best_clip_style": 0.617343221505483, "best_content_lpips": 0.35035002425312994, "newest_step": 22000, "newest_clip_style": 0.6014263926446438, "newest_content_lpips": 0.2471125076338649, "best_in_newest_2": false, "pareto_steps": [250, 500, 750, 1000, 1250, 1500, 1750, 2000, 2250, 2500, 2750, 3000, 3250, 3750, 4000, 4250, 5000, 5250, 5500, 5750, 6250, 6500, 6750, 7250, 7500, 7750, 8250, 8500, 8750, 9250, 9500, 9750, 10250, 10500, 10750, 13250, 13500, 13750, 14250, 14750, 15000, 15500, 17500, 17750, 18250, 18500, 19250, 19500], "last_pareto_step": 19500, "since_last_pareto": 10, "tail_flat": false, "patience": 4, "style_key": "transfer_clip_style", "lpips_key": "transfer_lpips", "converged": false, "curve_csv": "G:\\GitHub\\Latent_Style\\Related_Works\\baseline_pipeline\\results\\samam_wikiarts5_patch8_segmented_20260610_094447\\curve_metrics.csv"}
{"row_count": 89, "best_step": 5750, "best_clip_style": 0.617343221505483, "best_content_lpips": 0.35035002425312994, "newest_step": 22250, "newest_clip_style": 0.5995354601244132, "newest_content_lpips": 0.2364428908129533, "best_in_newest_2": false, "pareto_steps": [250, 500, 750, 1000, 1250, 1500, 1750, 2000, 2250, 2500, 2750, 3000, 3250, 3750, 4000, 4250, 5000, 5250, 5500, 5750, 6250, 6500, 6750, 7250, 7500, 7750, 8250, 8500, 8750, 9250, 9500, 9750, 10250, 10500, 10750, 13250, 13500, 13750, 14250, 14750, 15000, 15500, 17500, 17750, 18250, 18500, 19250, 19500], "last_pareto_step": 19500, "since_last_pareto": 11, "tail_flat": false, "patience": 4, "style_key": "transfer_clip_style", "lpips_key": "transfer_lpips", "converged": false, "curve_csv": "G:\\GitHub\\Latent_Style\\Related_Works\\baseline_pipeline\\results\\samam_wikiarts5_patch8_segmented_20260610_094447\\curve_metrics.csv"}
G:\GitHub\Latent_Style\SchrodingerBridge\aaai2027\wikiarts5_page1\wikiarts5_page1_summary.json
G:\GitHub\Latent_Style\SchrodingerBridge\aaai2027\wikiarts5_page1\wikiarts5_page1_summary.csv
G:\GitHub\Latent_Style\SchrodingerBridge\aaai2027\wikiarts5_page1\wikiarts5_page1_curve.csv
G:\GitHub\Latent_Style\SchrodingerBridge\aaai2027\figures\fig_wikiarts5_page1_summary.png
G:\GitHub\Latent_Style\SchrodingerBridge\aaai2027\figures\fig_wikiarts5_qualitative_main.png
G:\GitHub\Latent_Style\SchrodingerBridge\docs\experiments\2026-06-10-wikiarts5-baseline-repro.md
G:\GitHub\Latent_Style\Related_Works\baseline_pipeline\results\samam_wikiarts5_patch8_segmented_20260610_094447\baseline_live_status.json
G:\GitHub\Latent_Style\SchrodingerBridge\docs\experiments\2026-06-10-wikiarts5-page1-read.md
{"row_count": 89, "best_step": 5750, "best_clip_style": 0.617343221505483, "best_content_lpips": 0.35035002425312994, "newest_step": 22250, "newest_clip_style": 0.5995354601244132, "newest_content_lpips": 0.2364428908129533, "best_in_newest_2": false, "pareto_steps": [250, 500, 750, 1000, 1250, 1500, 1750, 2000, 2250, 2500, 2750, 3000, 3250, 3750, 4000, 4250, 5000, 5250, 5500, 5750, 6250, 6500, 6750, 7250, 7500, 7750, 8250, 8500, 8750, 9250, 9500, 9750, 10250, 10500, 10750, 13250, 13500, 13750, 14250, 14750, 15000, 15500, 17500, 17750, 18250, 18500, 19250, 19500], "last_pareto_step": 19500, "since_last_pareto": 11, "tail_flat": false, "patience": 4, "style_key": "transfer_clip_style", "lpips_key": "transfer_lpips", "converged": false, "curve_csv": "G:\\GitHub\\Latent_Style\\Related_Works\\baseline_pipeline\\results\\samam_wikiarts5_patch8_segmented_20260610_094447\\curve_metrics.csv"}
{"row_count": 89, "best_step": 5750, "best_clip_style": 0.617343221505483, "best_content_lpips": 0.35035002425312994, "newest_step": 22250, "newest_clip_style": 0.5995354601244132, "newest_content_lpips": 0.2364428908129533, "best_in_newest_2": false, "pareto_steps": [250, 500, 750, 1000, 1250, 1500, 1750, 2000, 2250, 2500, 2750, 3000, 3250, 3750, 4000, 4250, 5000, 5250, 5500, 5750, 6250, 6500, 6750, 7250, 7500, 7750, 8250, 8500, 8750, 9250, 9500, 9750, 10250, 10500, 10750, 13250, 13500, 13750, 14250, 14750, 15000, 15500, 17500, 17750, 18250, 18500, 19250, 19500], "last_pareto_step": 19500, "since_last_pareto": 11, "tail_flat": false, "patience": 4, "style_key": "transfer_clip_style", "lpips_key": "transfer_lpips", "converged": false, "curve_csv": "G:\\GitHub\\Latent_Style\\Related_Works\\baseline_pipeline\\results\\samam_wikiarts5_patch8_segmented_20260610_094447\\curve_metrics.csv"}
{"row_count": 90, "best_step": 5750, "best_clip_style": 0.617343221505483, "best_content_lpips": 0.35035002425312994, "newest_step": 22500, "newest_clip_style": 0.5929272295037905, "newest_content_lpips": 0.22420445196330546, "best_in_newest_2": false, "pareto_steps": [250, 500, 750, 1000, 1250, 1500, 1750, 2000, 2250, 2500, 2750, 3000, 3250, 3750, 4000, 4250, 5000, 5250, 5500, 5750, 6250, 6500, 6750, 7250, 7500, 7750, 8250, 8500, 8750, 9250, 9500, 9750, 10250, 10500, 10750, 13250, 13500, 13750, 14250, 14750, 15000, 15500, 17500, 17750, 18250, 18500, 19250, 19500], "last_pareto_step": 19500, "since_last_pareto": 12, "tail_flat": false, "patience": 4, "style_key": "transfer_clip_style", "lpips_key": "transfer_lpips", "converged": false, "curve_csv": "G:\\GitHub\\Latent_Style\\Related_Works\\baseline_pipeline\\results\\samam_wikiarts5_patch8_segmented_20260610_094447\\curve_metrics.csv"}
G:\GitHub\Latent_Style\SchrodingerBridge\aaai2027\wikiarts5_page1\wikiarts5_page1_summary.json
G:\GitHub\Latent_Style\SchrodingerBridge\aaai2027\wikiarts5_page1\wikiarts5_page1_summary.csv
G:\GitHub\Latent_Style\SchrodingerBridge\aaai2027\wikiarts5_page1\wikiarts5_page1_curve.csv
G:\GitHub\Latent_Style\SchrodingerBridge\aaai2027\figures\fig_wikiarts5_page1_summary.png
G:\GitHub\Latent_Style\SchrodingerBridge\aaai2027\figures\fig_wikiarts5_qualitative_main.png
G:\GitHub\Latent_Style\SchrodingerBridge\docs\experiments\2026-06-10-wikiarts5-baseline-repro.md
G:\GitHub\Latent_Style\Related_Works\baseline_pipeline\results\samam_wikiarts5_patch8_segmented_20260610_094447\baseline_live_status.json
G:\GitHub\Latent_Style\SchrodingerBridge\docs\experiments\2026-06-10-wikiarts5-page1-read.md
{"row_count": 90, "best_step": 5750, "best_clip_style": 0.617343221505483, "best_content_lpips": 0.35035002425312994, "newest_step": 22500, "newest_clip_style": 0.5929272295037905, "newest_content_lpips": 0.22420445196330546, "best_in_newest_2": false, "pareto_steps": [250, 500, 750, 1000, 1250, 1500, 1750, 2000, 2250, 2500, 2750, 3000, 3250, 3750, 4000, 4250, 5000, 5250, 5500, 5750, 6250, 6500, 6750, 7250, 7500, 7750, 8250, 8500, 8750, 9250, 9500, 9750, 10250, 10500, 10750, 13250, 13500, 13750, 14250, 14750, 15000, 15500, 17500, 17750, 18250, 18500, 19250, 19500], "last_pareto_step": 19500, "since_last_pareto": 12, "tail_flat": false, "patience": 4, "style_key": "transfer_clip_style", "lpips_key": "transfer_lpips", "converged": false, "curve_csv": "G:\\GitHub\\Latent_Style\\Related_Works\\baseline_pipeline\\results\\samam_wikiarts5_patch8_segmented_20260610_094447\\curve_metrics.csv"}
{"row_count": 90, "best_step": 5750, "best_clip_style": 0.617343221505483, "best_content_lpips": 0.35035002425312994, "newest_step": 22500, "newest_clip_style": 0.5929272295037905, "newest_content_lpips": 0.22420445196330546, "best_in_newest_2": false, "pareto_steps": [250, 500, 750, 1000, 1250, 1500, 1750, 2000, 2250, 2500, 2750, 3000, 3250, 3750, 4000, 4250, 5000, 5250, 5500, 5750, 6250, 6500, 6750, 7250, 7500, 7750, 8250, 8500, 8750, 9250, 9500, 9750, 10250, 10500, 10750, 13250, 13500, 13750, 14250, 14750, 15000, 15500, 17500, 17750, 18250, 18500, 19250, 19500], "last_pareto_step": 19500, "since_last_pareto": 12, "tail_flat": false, "patience": 4, "style_key": "transfer_clip_style", "lpips_key": "transfer_lpips", "converged": false, "curve_csv": "G:\\GitHub\\Latent_Style\\Related_Works\\baseline_pipeline\\results\\samam_wikiarts5_patch8_segmented_20260610_094447\\curve_metrics.csv"}
{"row_count": 90, "best_step": 5750, "best_clip_style": 0.617343221505483, "best_content_lpips": 0.35035002425312994, "newest_step": 22500, "newest_clip_style": 0.5929272295037905, "newest_content_lpips": 0.22420445196330546, "best_in_newest_2": false, "pareto_steps": [250, 500, 750, 1000, 1250, 1500, 1750, 2000, 2250, 2500, 2750, 3000, 3250, 3750, 4000, 4250, 5000, 5250, 5500, 5750, 6250, 6500, 6750, 7250, 7500, 7750, 8250, 8500, 8750, 9250, 9500, 9750, 10250, 10500, 10750, 13250, 13500, 13750, 14250, 14750, 15000, 15500, 17500, 17750, 18250, 18500, 19250, 19500], "last_pareto_step": 19500, "since_last_pareto": 12, "tail_flat": false, "patience": 4, "style_key": "transfer_clip_style", "lpips_key": "transfer_lpips", "converged": false, "curve_csv": "G:\\GitHub\\Latent_Style\\Related_Works\\baseline_pipeline\\results\\samam_wikiarts5_patch8_segmented_20260610_094447\\curve_metrics.csv"}
{"row_count": 91, "best_step": 5750, "best_clip_style": 0.617343221505483, "best_content_lpips": 0.35035002425312994, "newest_step": 22750, "newest_clip_style": 0.5986664751668771, "newest_content_lpips": 0.22789953280240297, "best_in_newest_2": false, "pareto_steps": [250, 500, 750, 1000, 1250, 1500, 1750, 2000, 2250, 2500, 2750, 3000, 3250, 3750, 4000, 4250, 5000, 5250, 5500, 5750, 6250, 6500, 6750, 7250, 7500, 7750, 8250, 8500, 8750, 9250, 9500, 9750, 10250, 10500, 10750, 13250, 13500, 13750, 14250, 14750, 15000, 15500, 17500, 17750, 18250, 18500, 19250, 19500], "last_pareto_step": 19500, "since_last_pareto": 13, "tail_flat": false, "patience": 4, "style_key": "transfer_clip_style", "lpips_key": "transfer_lpips", "converged": false, "curve_csv": "G:\\GitHub\\Latent_Style\\Related_Works\\baseline_pipeline\\results\\samam_wikiarts5_patch8_segmented_20260610_094447\\curve_metrics.csv"}
G:\GitHub\Latent_Style\SchrodingerBridge\aaai2027\wikiarts5_page1\wikiarts5_page1_summary.json
G:\GitHub\Latent_Style\SchrodingerBridge\aaai2027\wikiarts5_page1\wikiarts5_page1_summary.csv
G:\GitHub\Latent_Style\SchrodingerBridge\aaai2027\wikiarts5_page1\wikiarts5_page1_curve.csv
G:\GitHub\Latent_Style\SchrodingerBridge\aaai2027\figures\fig_wikiarts5_page1_summary.png
G:\GitHub\Latent_Style\SchrodingerBridge\aaai2027\figures\fig_wikiarts5_qualitative_main.png
G:\GitHub\Latent_Style\SchrodingerBridge\docs\experiments\2026-06-10-wikiarts5-baseline-repro.md
G:\GitHub\Latent_Style\Related_Works\baseline_pipeline\results\samam_wikiarts5_patch8_segmented_20260610_094447\baseline_live_status.json
G:\GitHub\Latent_Style\SchrodingerBridge\docs\experiments\2026-06-10-wikiarts5-page1-read.md
{"row_count": 91, "best_step": 5750, "best_clip_style": 0.617343221505483, "best_content_lpips": 0.35035002425312994, "newest_step": 22750, "newest_clip_style": 0.5986664751668771, "newest_content_lpips": 0.22789953280240297, "best_in_newest_2": false, "pareto_steps": [250, 500, 750, 1000, 1250, 1500, 1750, 2000, 2250, 2500, 2750, 3000, 3250, 3750, 4000, 4250, 5000, 5250, 5500, 5750, 6250, 6500, 6750, 7250, 7500, 7750, 8250, 8500, 8750, 9250, 9500, 9750, 10250, 10500, 10750, 13250, 13500, 13750, 14250, 14750, 15000, 15500, 17500, 17750, 18250, 18500, 19250, 19500], "last_pareto_step": 19500, "since_last_pareto": 13, "tail_flat": false, "patience": 4, "style_key": "transfer_clip_style", "lpips_key": "transfer_lpips", "converged": false, "curve_csv": "G:\\GitHub\\Latent_Style\\Related_Works\\baseline_pipeline\\results\\samam_wikiarts5_patch8_segmented_20260610_094447\\curve_metrics.csv"}
{"row_count": 91, "best_step": 5750, "best_clip_style": 0.617343221505483, "best_content_lpips": 0.35035002425312994, "newest_step": 22750, "newest_clip_style": 0.5986664751668771, "newest_content_lpips": 0.22789953280240297, "best_in_newest_2": false, "pareto_steps": [250, 500, 750, 1000, 1250, 1500, 1750, 2000, 2250, 2500, 2750, 3000, 3250, 3750, 4000, 4250, 5000, 5250, 5500, 5750, 6250, 6500, 6750, 7250, 7500, 7750, 8250, 8500, 8750, 9250, 9500, 9750, 10250, 10500, 10750, 13250, 13500, 13750, 14250, 14750, 15000, 15500, 17500, 17750, 18250, 18500, 19250, 19500], "last_pareto_step": 19500, "since_last_pareto": 13, "tail_flat": false, "patience": 4, "style_key": "transfer_clip_style", "lpips_key": "transfer_lpips", "converged": false, "curve_csv": "G:\\GitHub\\Latent_Style\\Related_Works\\baseline_pipeline\\results\\samam_wikiarts5_patch8_segmented_20260610_094447\\curve_metrics.csv"}
{"row_count": 91, "best_step": 5750, "best_clip_style": 0.617343221505483, "best_content_lpips": 0.35035002425312994, "newest_step": 22750, "newest_clip_style": 0.5986664751668771, "newest_content_lpips": 0.22789953280240297, "best_in_newest_2": false, "pareto_steps": [250, 500, 750, 1000, 1250, 1500, 1750, 2000, 2250, 2500, 2750, 3000, 3250, 3750, 4000, 4250, 5000, 5250, 5500, 5750, 6250, 6500, 6750, 7250, 7500, 7750, 8250, 8500, 8750, 9250, 9500, 9750, 10250, 10500, 10750, 13250, 13500, 13750, 14250, 14750, 15000, 15500, 17500, 17750, 18250, 18500, 19250, 19500], "last_pareto_step": 19500, "since_last_pareto": 13, "tail_flat": false, "patience": 4, "style_key": "transfer_clip_style", "lpips_key": "transfer_lpips", "converged": false, "curve_csv": "G:\\GitHub\\Latent_Style\\Related_Works\\baseline_pipeline\\results\\samam_wikiarts5_patch8_segmented_20260610_094447\\curve_metrics.csv"}
{"row_count": 92, "best_step": 5750, "best_clip_style": 0.617343221505483, "best_content_lpips": 0.35035002425312994, "newest_step": 23000, "newest_clip_style": 0.5953483907878399, "newest_content_lpips": 0.2245745631804069, "best_in_newest_2": false, "pareto_steps": [250, 500, 750, 1000, 1250, 1500, 1750, 2000, 2250, 2500, 2750, 3000, 3250, 3750, 4000, 4250, 5000, 5250, 5500, 5750, 6250, 6500, 6750, 7250, 7500, 7750, 8250, 8500, 8750, 9250, 9500, 9750, 10250, 10500, 10750, 13250, 13500, 13750, 14250, 14750, 15000, 15500, 17500, 17750, 18250, 18500, 19250, 19500], "last_pareto_step": 19500, "since_last_pareto": 14, "tail_flat": true, "patience": 4, "style_key": "transfer_clip_style", "lpips_key": "transfer_lpips", "converged": true, "curve_csv": "G:\\GitHub\\Latent_Style\\Related_Works\\baseline_pipeline\\results\\samam_wikiarts5_patch8_segmented_20260610_094447\\curve_metrics.csv"}
G:\GitHub\Latent_Style\SchrodingerBridge\aaai2027\wikiarts5_page1\wikiarts5_page1_summary.json
G:\GitHub\Latent_Style\SchrodingerBridge\aaai2027\wikiarts5_page1\wikiarts5_page1_summary.csv
G:\GitHub\Latent_Style\SchrodingerBridge\aaai2027\wikiarts5_page1\wikiarts5_page1_curve.csv
G:\GitHub\Latent_Style\SchrodingerBridge\aaai2027\figures\fig_wikiarts5_page1_summary.png
G:\GitHub\Latent_Style\SchrodingerBridge\aaai2027\figures\fig_wikiarts5_qualitative_main.png
G:\GitHub\Latent_Style\SchrodingerBridge\docs\experiments\2026-06-10-wikiarts5-baseline-repro.md
G:\GitHub\Latent_Style\Related_Works\baseline_pipeline\results\samam_wikiarts5_patch8_segmented_20260610_094447\baseline_live_status.json
G:\GitHub\Latent_Style\SchrodingerBridge\docs\experiments\2026-06-10-wikiarts5-page1-read.md
