

=== CMD ===
C:\Users\xy\AppData\Local\Programs\Python\Python312\python.exe train.py --dataroot G:\GitHub\Latent_Style\run_511\outputs\cast_smoke3\work\cast_data --name run511_cast --model cast --batch_size 1 --n_epochs 1 --n_epochs_decay 0 --save_epoch_freq 1 --save_latest_freq 100000000 --checkpoints_dir G:\GitHub\Latent_Style\run_511\outputs\cast_smoke3\checkpoints --load_size 286 --crop_size 256 --no_html --display_id -1 --gpu_ids 0
----------------- Options ---------------
                CAST_mode: CAST                          
               batch_size: 1                             
                    beta1: 0.5                           
                    beta2: 0.999                         
          checkpoints_dir: G:\GitHub\Latent_Style\run_511\outputs\cast_smoke3\checkpoints	[default: ./checkpoints]
           continue_train: False                         
                crop_size: 256                           
                 dataroot: G:\GitHub\Latent_Style\run_511\outputs\cast_smoke3\work\cast_data	[default: placeholder]
             dataset_mode: unaligned                     
                direction: AtoB                          
              display_env: main                          
             display_freq: 400                           
               display_id: -1                            	[default: None]
            display_ncols: 4                             
             display_port: 8097                          
           display_server: http://localhost              
          display_winsize: 256                           
               easy_label: experiment_name               
                    epoch: latest                        
              epoch_count: 1                             
          evaluation_freq: 5000                          
              feature_dim: 256                           
                 gan_mode: hinge                         
                  gpu_ids: 0                             
          hypersphere_dim: 256                           
                init_gain: 0.02                          
                init_type: xavier                        
                 input_nc: 3                             
                  isTrain: True                          	[default: None]
               lambda_CYC: 4.0                           
           lambda_GAN_D_A: 1.0                           
           lambda_GAN_D_B: 1.0                           
           lambda_GAN_G_A: 0.1                           
           lambda_GAN_G_B: 0.1                           
             lambda_NCE_D: 1.0                           
             lambda_NCE_G: 0.05                          
                load_size: 286                           
                     lr_D: 0.0001                        
                 lr_D_NCE: 0.0001                        
                     lr_G: 0.0001                        
           lr_decay_iters: 50                            
                lr_policy: linear                        
             max_conv_dim: 512                           
         max_dataset_size: inf                           
                    model: cast                          
                 n_epochs: 1                             	[default: 200]
           n_epochs_decay: 0                             	[default: 200]
               n_layers_D: 3                             
                     name: run511_cast                   	[default: experiment_name]
               nce_layers: 0,1,2,3                       
                      ndf: 64                            
                     netD: basic                         
                     netG: resnet_9blocks                
                      ngf: 64                            
             no_antialias: False                         
          no_antialias_up: False                         
               no_dropout: True                          
                  no_flip: False                         
                  no_html: True                          	[default: False]
                    normD: instance                      
                    normG: instance                      
              num_threads: 4                             
                output_nc: 3                             
                    phase: train                         
                pool_size: 0                             
               preprocess: resize_and_crop               
          pretrained_name: None                          
               print_freq: 100                           
               queue_size: 4096                          
         random_scale_max: 3.0                           
             save_by_iter: False                         
          save_epoch_freq: 1                             	[default: 50]
         save_latest_freq: 100000000                     	[default: 5000]
           serial_batches: False                         
                style_dim: 256                           
                   suffix:                               
              temperature: 0.07                          
         update_html_freq: 100                           
                  verbose: False                         
----------------- End -------------------
dataset [UnalignedDataset] was created
initialize network with normal
initialize network with normal
initialize network with normal
initialize network with normal
initialize network with normal
model [CASTModel] was created
The number of training images = 7
---------- Networks initialized -------------
[Network AE] Total number of parameters : 3.506 M
[Network Dec_A] Total number of parameters : 3.505 M
[Network Dec_B] Total number of parameters : 3.505 M
[Network D] Total number of parameters : 31.226 M
[Network P_style] Total number of parameters : 39.811 M
[Network D_A] Total number of parameters : 2.765 M
[Network D_B] Total number of parameters : 2.765 M
-----------------------------------------------
saving the model at the end of epoch 1, iters 7
End of epoch 1 / 1 	 Time Taken: 24 sec
learning rate = 0.0000000
