[IntroStyle] encoding bank style=Early_Renaissance images=30 batch_size=1
[IntroStyle] encoding bank style=Impressionism images=30 batch_size=1
[IntroStyle] encoding bank style=Minimalism images=30 batch_size=1
[IntroStyle] encoding bank style=Rococo images=30 batch_size=1
[IntroStyle] encoding bank style=Ukiyo_e images=30 batch_size=1
Evaluating LBM/epoch_0009
[IntroStyle] run=epoch_0009 chunk=1/750 images=1
[IntroStyle] run=epoch_0009 chunk=2/750 images=1
[IntroStyle] run=epoch_0009 chunk=3/750 images=1
[IntroStyle] run=epoch_0009 chunk=4/750 images=1
[IntroStyle] run=epoch_0009 chunk=5/750 images=1
[IntroStyle] run=epoch_0009 chunk=6/750 images=1
[IntroStyle] run=epoch_0009 chunk=7/750 images=1
[IntroStyle] run=epoch_0009 chunk=8/750 images=1
[IntroStyle] run=epoch_0009 chunk=9/750 images=1
[IntroStyle] run=epoch_0009 chunk=10/750 images=1
[IntroStyle] run=epoch_0009 chunk=11/750 images=1
[IntroStyle] run=epoch_0009 chunk=12/750 images=1
[IntroStyle] run=epoch_0009 chunk=13/750 images=1
[IntroStyle] run=epoch_0009 chunk=14/750 images=1
[IntroStyle] run=epoch_0009 chunk=15/750 images=1
[IntroStyle] run=epoch_0009 chunk=16/750 images=1
[IntroStyle] run=epoch_0009 chunk=17/750 images=1
[IntroStyle] run=epoch_0009 chunk=18/750 images=1
[IntroStyle] run=epoch_0009 chunk=19/750 images=1
[IntroStyle] run=epoch_0009 chunk=20/750 images=1
[IntroStyle] run=epoch_0009 chunk=21/750 images=1
[IntroStyle] run=epoch_0009 chunk=22/750 images=1
[IntroStyle] run=epoch_0009 chunk=23/750 images=1
[IntroStyle] run=epoch_0009 chunk=24/750 images=1
[IntroStyle] run=epoch_0009 chunk=25/750 images=1
[IntroStyle] run=epoch_0009 chunk=26/750 images=1
[IntroStyle] run=epoch_0009 chunk=27/750 images=1
[IntroStyle] run=epoch_0009 chunk=28/750 images=1
[IntroStyle] run=epoch_0009 chunk=29/750 images=1
[IntroStyle] run=epoch_0009 chunk=30/750 images=1
[IntroStyle] run=epoch_0009 chunk=31/750 images=1
[IntroStyle] run=epoch_0009 chunk=32/750 images=1
[IntroStyle] run=epoch_0009 chunk=33/750 images=1
[IntroStyle] run=epoch_0009 chunk=34/750 images=1
[IntroStyle] run=epoch_0009 chunk=35/750 images=1
[IntroStyle] run=epoch_0009 chunk=36/750 images=1
[IntroStyle] run=epoch_0009 chunk=37/750 images=1
[IntroStyle] run=epoch_0009 chunk=38/750 images=1
[IntroStyle] run=epoch_0009 chunk=39/750 images=1
[IntroStyle] run=epoch_0009 chunk=40/750 images=1
[IntroStyle] run=epoch_0009 chunk=41/750 images=1
[IntroStyle] run=epoch_0009 chunk=42/750 images=1
[IntroStyle] run=epoch_0009 chunk=43/750 images=1
[IntroStyle] run=epoch_0009 chunk=44/750 images=1
[IntroStyle] run=epoch_0009 chunk=45/750 images=1
[IntroStyle] run=epoch_0009 chunk=46/750 images=1
[IntroStyle] run=epoch_0009 chunk=47/750 images=1
[IntroStyle] run=epoch_0009 chunk=48/750 images=1
[IntroStyle] run=epoch_0009 chunk=49/750 images=1
[IntroStyle] run=epoch_0009 chunk=50/750 images=1
[IntroStyle] run=epoch_0009 chunk=51/750 images=1
[IntroStyle] run=epoch_0009 chunk=52/750 images=1
[IntroStyle] run=epoch_0009 chunk=53/750 images=1
[IntroStyle] run=epoch_0009 chunk=54/750 images=1
[IntroStyle] run=epoch_0009 chunk=55/750 images=1
[IntroStyle] run=epoch_0009 chunk=56/750 images=1
[IntroStyle] run=epoch_0009 chunk=57/750 images=1
[IntroStyle] run=epoch_0009 chunk=58/750 images=1
[IntroStyle] run=epoch_0009 chunk=59/750 images=1
[IntroStyle] run=epoch_0009 chunk=60/750 images=1
[IntroStyle] run=epoch_0009 chunk=61/750 images=1
[IntroStyle] run=epoch_0009 chunk=62/750 images=1
[IntroStyle] run=epoch_0009 chunk=63/750 images=1
[IntroStyle] run=epoch_0009 chunk=64/750 images=1
[IntroStyle] run=epoch_0009 chunk=65/750 images=1
[IntroStyle] run=epoch_0009 chunk=66/750 images=1
[IntroStyle] run=epoch_0009 chunk=67/750 images=1
[IntroStyle] run=epoch_0009 chunk=68/750 images=1
[IntroStyle] run=epoch_0009 chunk=69/750 images=1
[IntroStyle] run=epoch_0009 chunk=70/750 images=1
[IntroStyle] run=epoch_0009 chunk=71/750 images=1
[IntroStyle] run=epoch_0009 chunk=72/750 images=1
[IntroStyle] run=epoch_0009 chunk=73/750 images=1
[IntroStyle] run=epoch_0009 chunk=74/750 images=1
[IntroStyle] run=epoch_0009 chunk=75/750 images=1
[IntroStyle] run=epoch_0009 chunk=76/750 images=1
[IntroStyle] run=epoch_0009 chunk=77/750 images=1
[IntroStyle] run=epoch_0009 chunk=78/750 images=1
[IntroStyle] run=epoch_0009 chunk=79/750 images=1
[IntroStyle] run=epoch_0009 chunk=80/750 images=1
[IntroStyle] run=epoch_0009 chunk=81/750 images=1
[IntroStyle] run=epoch_0009 chunk=82/750 images=1
[IntroStyle] run=epoch_0009 chunk=83/750 images=1
[IntroStyle] run=epoch_0009 chunk=84/750 images=1
[IntroStyle] run=epoch_0009 chunk=85/750 images=1
[IntroStyle] run=epoch_0009 chunk=86/750 images=1
[IntroStyle] run=epoch_0009 chunk=87/750 images=1
[IntroStyle] run=epoch_0009 chunk=88/750 images=1
[IntroStyle] run=epoch_0009 chunk=89/750 images=1
[IntroStyle] run=epoch_0009 chunk=90/750 images=1
[IntroStyle] run=epoch_0009 chunk=91/750 images=1
[IntroStyle] run=epoch_0009 chunk=92/750 images=1
[IntroStyle] run=epoch_0009 chunk=93/750 images=1
[IntroStyle] run=epoch_0009 chunk=94/750 images=1
[IntroStyle] run=epoch_0009 chunk=95/750 images=1
[IntroStyle] run=epoch_0009 chunk=96/750 images=1
[IntroStyle] run=epoch_0009 chunk=97/750 images=1
[IntroStyle] run=epoch_0009 chunk=98/750 images=1
[IntroStyle] run=epoch_0009 chunk=99/750 images=1
[IntroStyle] run=epoch_0009 chunk=100/750 images=1
[IntroStyle] run=epoch_0009 chunk=101/750 images=1
[IntroStyle] run=epoch_0009 chunk=102/750 images=1
[IntroStyle] run=epoch_0009 chunk=103/750 images=1
[IntroStyle] run=epoch_0009 chunk=104/750 images=1
[IntroStyle] run=epoch_0009 chunk=105/750 images=1
[IntroStyle] run=epoch_0009 chunk=106/750 images=1
[IntroStyle] run=epoch_0009 chunk=107/750 images=1
[IntroStyle] run=epoch_0009 chunk=108/750 images=1
[IntroStyle] run=epoch_0009 chunk=109/750 images=1
[IntroStyle] run=epoch_0009 chunk=110/750 images=1
[IntroStyle] run=epoch_0009 chunk=111/750 images=1
[IntroStyle] run=epoch_0009 chunk=112/750 images=1
[IntroStyle] run=epoch_0009 chunk=113/750 images=1
[IntroStyle] run=epoch_0009 chunk=114/750 images=1
[IntroStyle] run=epoch_0009 chunk=115/750 images=1
[IntroStyle] run=epoch_0009 chunk=116/750 images=1
[IntroStyle] run=epoch_0009 chunk=117/750 images=1
[IntroStyle] run=epoch_0009 chunk=118/750 images=1
[IntroStyle] run=epoch_0009 chunk=119/750 images=1
[IntroStyle] run=epoch_0009 chunk=120/750 images=1
[IntroStyle] run=epoch_0009 chunk=121/750 images=1
[IntroStyle] run=epoch_0009 chunk=122/750 images=1
[IntroStyle] run=epoch_0009 chunk=123/750 images=1
[IntroStyle] run=epoch_0009 chunk=124/750 images=1
[IntroStyle] run=epoch_0009 chunk=125/750 images=1
[IntroStyle] run=epoch_0009 chunk=126/750 images=1
[IntroStyle] run=epoch_0009 chunk=127/750 images=1
[IntroStyle] run=epoch_0009 chunk=128/750 images=1
[IntroStyle] run=epoch_0009 chunk=129/750 images=1
[IntroStyle] run=epoch_0009 chunk=130/750 images=1
[IntroStyle] run=epoch_0009 chunk=131/750 images=1
[IntroStyle] run=epoch_0009 chunk=132/750 images=1
[IntroStyle] run=epoch_0009 chunk=133/750 images=1
[IntroStyle] run=epoch_0009 chunk=134/750 images=1
[IntroStyle] run=epoch_0009 chunk=135/750 images=1
[IntroStyle] run=epoch_0009 chunk=136/750 images=1
[IntroStyle] run=epoch_0009 chunk=137/750 images=1
[IntroStyle] run=epoch_0009 chunk=138/750 images=1
[IntroStyle] run=epoch_0009 chunk=139/750 images=1
[IntroStyle] run=epoch_0009 chunk=140/750 images=1
[IntroStyle] run=epoch_0009 chunk=141/750 images=1
[IntroStyle] run=epoch_0009 chunk=142/750 images=1
[IntroStyle] run=epoch_0009 chunk=143/750 images=1
[IntroStyle] run=epoch_0009 chunk=144/750 images=1
[IntroStyle] run=epoch_0009 chunk=145/750 images=1
[IntroStyle] run=epoch_0009 chunk=146/750 images=1
[IntroStyle] run=epoch_0009 chunk=147/750 images=1
[IntroStyle] run=epoch_0009 chunk=148/750 images=1
[IntroStyle] run=epoch_0009 chunk=149/750 images=1
[IntroStyle] run=epoch_0009 chunk=150/750 images=1
[IntroStyle] run=epoch_0009 chunk=151/750 images=1
[IntroStyle] run=epoch_0009 chunk=152/750 images=1
[IntroStyle] run=epoch_0009 chunk=153/750 images=1
[IntroStyle] run=epoch_0009 chunk=154/750 images=1
[IntroStyle] run=epoch_0009 chunk=155/750 images=1
[IntroStyle] run=epoch_0009 chunk=156/750 images=1
[IntroStyle] run=epoch_0009 chunk=157/750 images=1
[IntroStyle] run=epoch_0009 chunk=158/750 images=1
[IntroStyle] run=epoch_0009 chunk=159/750 images=1
[IntroStyle] run=epoch_0009 chunk=160/750 images=1
[IntroStyle] run=epoch_0009 chunk=161/750 images=1
[IntroStyle] run=epoch_0009 chunk=162/750 images=1
[IntroStyle] run=epoch_0009 chunk=163/750 images=1
[IntroStyle] run=epoch_0009 chunk=164/750 images=1
[IntroStyle] run=epoch_0009 chunk=165/750 images=1
[IntroStyle] run=epoch_0009 chunk=166/750 images=1
[IntroStyle] run=epoch_0009 chunk=167/750 images=1
[IntroStyle] run=epoch_0009 chunk=168/750 images=1
[IntroStyle] run=epoch_0009 chunk=169/750 images=1
[IntroStyle] run=epoch_0009 chunk=170/750 images=1
[IntroStyle] run=epoch_0009 chunk=171/750 images=1
[IntroStyle] run=epoch_0009 chunk=172/750 images=1
[IntroStyle] run=epoch_0009 chunk=173/750 images=1
[IntroStyle] run=epoch_0009 chunk=174/750 images=1
[IntroStyle] run=epoch_0009 chunk=175/750 images=1
[IntroStyle] run=epoch_0009 chunk=176/750 images=1
[IntroStyle] run=epoch_0009 chunk=177/750 images=1
[IntroStyle] run=epoch_0009 chunk=178/750 images=1
[IntroStyle] run=epoch_0009 chunk=179/750 images=1
[IntroStyle] run=epoch_0009 chunk=180/750 images=1
[IntroStyle] run=epoch_0009 chunk=181/750 images=1
[IntroStyle] run=epoch_0009 chunk=182/750 images=1
[IntroStyle] run=epoch_0009 chunk=183/750 images=1
[IntroStyle] run=epoch_0009 chunk=184/750 images=1
[IntroStyle] run=epoch_0009 chunk=185/750 images=1
[IntroStyle] run=epoch_0009 chunk=186/750 images=1
[IntroStyle] run=epoch_0009 chunk=187/750 images=1
[IntroStyle] run=epoch_0009 chunk=188/750 images=1
[IntroStyle] run=epoch_0009 chunk=189/750 images=1
[IntroStyle] run=epoch_0009 chunk=190/750 images=1
[IntroStyle] run=epoch_0009 chunk=191/750 images=1
[IntroStyle] run=epoch_0009 chunk=192/750 images=1
[IntroStyle] run=epoch_0009 chunk=193/750 images=1
[IntroStyle] run=epoch_0009 chunk=194/750 images=1
[IntroStyle] run=epoch_0009 chunk=195/750 images=1
[IntroStyle] run=epoch_0009 chunk=196/750 images=1
[IntroStyle] run=epoch_0009 chunk=197/750 images=1
[IntroStyle] run=epoch_0009 chunk=198/750 images=1
[IntroStyle] run=epoch_0009 chunk=199/750 images=1
[IntroStyle] run=epoch_0009 chunk=200/750 images=1
[IntroStyle] run=epoch_0009 chunk=201/750 images=1
[IntroStyle] run=epoch_0009 chunk=202/750 images=1
[IntroStyle] run=epoch_0009 chunk=203/750 images=1
[IntroStyle] run=epoch_0009 chunk=204/750 images=1
[IntroStyle] run=epoch_0009 chunk=205/750 images=1
[IntroStyle] run=epoch_0009 chunk=206/750 images=1
[IntroStyle] run=epoch_0009 chunk=207/750 images=1
[IntroStyle] run=epoch_0009 chunk=208/750 images=1
[IntroStyle] run=epoch_0009 chunk=209/750 images=1
[IntroStyle] run=epoch_0009 chunk=210/750 images=1
[IntroStyle] run=epoch_0009 chunk=211/750 images=1
[IntroStyle] run=epoch_0009 chunk=212/750 images=1
[IntroStyle] run=epoch_0009 chunk=213/750 images=1
[IntroStyle] run=epoch_0009 chunk=214/750 images=1
[IntroStyle] run=epoch_0009 chunk=215/750 images=1
[IntroStyle] run=epoch_0009 chunk=216/750 images=1
[IntroStyle] run=epoch_0009 chunk=217/750 images=1
[IntroStyle] run=epoch_0009 chunk=218/750 images=1
[IntroStyle] run=epoch_0009 chunk=219/750 images=1
[IntroStyle] run=epoch_0009 chunk=220/750 images=1
[IntroStyle] run=epoch_0009 chunk=221/750 images=1
[IntroStyle] run=epoch_0009 chunk=222/750 images=1
[IntroStyle] run=epoch_0009 chunk=223/750 images=1
[IntroStyle] run=epoch_0009 chunk=224/750 images=1
[IntroStyle] run=epoch_0009 chunk=225/750 images=1
[IntroStyle] run=epoch_0009 chunk=226/750 images=1
[IntroStyle] run=epoch_0009 chunk=227/750 images=1
[IntroStyle] run=epoch_0009 chunk=228/750 images=1
[IntroStyle] run=epoch_0009 chunk=229/750 images=1
[IntroStyle] run=epoch_0009 chunk=230/750 images=1
[IntroStyle] run=epoch_0009 chunk=231/750 images=1
[IntroStyle] run=epoch_0009 chunk=232/750 images=1
[IntroStyle] run=epoch_0009 chunk=233/750 images=1
[IntroStyle] run=epoch_0009 chunk=234/750 images=1
[IntroStyle] run=epoch_0009 chunk=235/750 images=1
[IntroStyle] run=epoch_0009 chunk=236/750 images=1
[IntroStyle] run=epoch_0009 chunk=237/750 images=1
[IntroStyle] run=epoch_0009 chunk=238/750 images=1
[IntroStyle] run=epoch_0009 chunk=239/750 images=1
[IntroStyle] run=epoch_0009 chunk=240/750 images=1
[IntroStyle] run=epoch_0009 chunk=241/750 images=1
[IntroStyle] run=epoch_0009 chunk=242/750 images=1
[IntroStyle] run=epoch_0009 chunk=243/750 images=1
[IntroStyle] run=epoch_0009 chunk=244/750 images=1
[IntroStyle] run=epoch_0009 chunk=245/750 images=1
[IntroStyle] run=epoch_0009 chunk=246/750 images=1
[IntroStyle] run=epoch_0009 chunk=247/750 images=1
[IntroStyle] run=epoch_0009 chunk=248/750 images=1
[IntroStyle] run=epoch_0009 chunk=249/750 images=1
[IntroStyle] run=epoch_0009 chunk=250/750 images=1
[IntroStyle] run=epoch_0009 chunk=251/750 images=1
[IntroStyle] run=epoch_0009 chunk=252/750 images=1
[IntroStyle] run=epoch_0009 chunk=253/750 images=1
[IntroStyle] run=epoch_0009 chunk=254/750 images=1
[IntroStyle] run=epoch_0009 chunk=255/750 images=1
[IntroStyle] run=epoch_0009 chunk=256/750 images=1
[IntroStyle] run=epoch_0009 chunk=257/750 images=1
[IntroStyle] run=epoch_0009 chunk=258/750 images=1
[IntroStyle] run=epoch_0009 chunk=259/750 images=1
[IntroStyle] run=epoch_0009 chunk=260/750 images=1
[IntroStyle] run=epoch_0009 chunk=261/750 images=1
[IntroStyle] run=epoch_0009 chunk=262/750 images=1
[IntroStyle] run=epoch_0009 chunk=263/750 images=1
[IntroStyle] run=epoch_0009 chunk=264/750 images=1
[IntroStyle] run=epoch_0009 chunk=265/750 images=1
[IntroStyle] run=epoch_0009 chunk=266/750 images=1
[IntroStyle] run=epoch_0009 chunk=267/750 images=1
[IntroStyle] run=epoch_0009 chunk=268/750 images=1
[IntroStyle] run=epoch_0009 chunk=269/750 images=1
[IntroStyle] run=epoch_0009 chunk=270/750 images=1
[IntroStyle] run=epoch_0009 chunk=271/750 images=1
[IntroStyle] run=epoch_0009 chunk=272/750 images=1
[IntroStyle] run=epoch_0009 chunk=273/750 images=1
[IntroStyle] run=epoch_0009 chunk=274/750 images=1
[IntroStyle] run=epoch_0009 chunk=275/750 images=1
[IntroStyle] run=epoch_0009 chunk=276/750 images=1
[IntroStyle] run=epoch_0009 chunk=277/750 images=1
[IntroStyle] run=epoch_0009 chunk=278/750 images=1
[IntroStyle] run=epoch_0009 chunk=279/750 images=1
[IntroStyle] run=epoch_0009 chunk=280/750 images=1
[IntroStyle] run=epoch_0009 chunk=281/750 images=1
[IntroStyle] run=epoch_0009 chunk=282/750 images=1
[IntroStyle] run=epoch_0009 chunk=283/750 images=1
[IntroStyle] run=epoch_0009 chunk=284/750 images=1
[IntroStyle] run=epoch_0009 chunk=285/750 images=1
[IntroStyle] run=epoch_0009 chunk=286/750 images=1
[IntroStyle] run=epoch_0009 chunk=287/750 images=1
[IntroStyle] run=epoch_0009 chunk=288/750 images=1
[IntroStyle] run=epoch_0009 chunk=289/750 images=1
[IntroStyle] run=epoch_0009 chunk=290/750 images=1
[IntroStyle] run=epoch_0009 chunk=291/750 images=1
[IntroStyle] run=epoch_0009 chunk=292/750 images=1
[IntroStyle] run=epoch_0009 chunk=293/750 images=1
[IntroStyle] run=epoch_0009 chunk=294/750 images=1
[IntroStyle] run=epoch_0009 chunk=295/750 images=1
[IntroStyle] run=epoch_0009 chunk=296/750 images=1
[IntroStyle] run=epoch_0009 chunk=297/750 images=1
[IntroStyle] run=epoch_0009 chunk=298/750 images=1
[IntroStyle] run=epoch_0009 chunk=299/750 images=1
[IntroStyle] run=epoch_0009 chunk=300/750 images=1
[IntroStyle] run=epoch_0009 chunk=301/750 images=1
[IntroStyle] run=epoch_0009 chunk=302/750 images=1
[IntroStyle] run=epoch_0009 chunk=303/750 images=1
[IntroStyle] run=epoch_0009 chunk=304/750 images=1
[IntroStyle] run=epoch_0009 chunk=305/750 images=1
[IntroStyle] run=epoch_0009 chunk=306/750 images=1
[IntroStyle] run=epoch_0009 chunk=307/750 images=1
[IntroStyle] run=epoch_0009 chunk=308/750 images=1
[IntroStyle] run=epoch_0009 chunk=309/750 images=1
[IntroStyle] run=epoch_0009 chunk=310/750 images=1
[IntroStyle] run=epoch_0009 chunk=311/750 images=1
[IntroStyle] run=epoch_0009 chunk=312/750 images=1
[IntroStyle] run=epoch_0009 chunk=313/750 images=1
[IntroStyle] run=epoch_0009 chunk=314/750 images=1
[IntroStyle] run=epoch_0009 chunk=315/750 images=1
[IntroStyle] run=epoch_0009 chunk=316/750 images=1
[IntroStyle] run=epoch_0009 chunk=317/750 images=1
[IntroStyle] run=epoch_0009 chunk=318/750 images=1
[IntroStyle] run=epoch_0009 chunk=319/750 images=1
[IntroStyle] run=epoch_0009 chunk=320/750 images=1
[IntroStyle] run=epoch_0009 chunk=321/750 images=1
[IntroStyle] run=epoch_0009 chunk=322/750 images=1
[IntroStyle] run=epoch_0009 chunk=323/750 images=1
[IntroStyle] run=epoch_0009 chunk=324/750 images=1
[IntroStyle] run=epoch_0009 chunk=325/750 images=1
[IntroStyle] run=epoch_0009 chunk=326/750 images=1
[IntroStyle] run=epoch_0009 chunk=327/750 images=1
[IntroStyle] run=epoch_0009 chunk=328/750 images=1
[IntroStyle] run=epoch_0009 chunk=329/750 images=1
[IntroStyle] run=epoch_0009 chunk=330/750 images=1
[IntroStyle] run=epoch_0009 chunk=331/750 images=1
[IntroStyle] run=epoch_0009 chunk=332/750 images=1
[IntroStyle] run=epoch_0009 chunk=333/750 images=1
[IntroStyle] run=epoch_0009 chunk=334/750 images=1
[IntroStyle] run=epoch_0009 chunk=335/750 images=1
[IntroStyle] run=epoch_0009 chunk=336/750 images=1
[IntroStyle] run=epoch_0009 chunk=337/750 images=1
[IntroStyle] run=epoch_0009 chunk=338/750 images=1
[IntroStyle] run=epoch_0009 chunk=339/750 images=1
[IntroStyle] run=epoch_0009 chunk=340/750 images=1
[IntroStyle] run=epoch_0009 chunk=341/750 images=1
[IntroStyle] run=epoch_0009 chunk=342/750 images=1
[IntroStyle] run=epoch_0009 chunk=343/750 images=1
[IntroStyle] run=epoch_0009 chunk=344/750 images=1
[IntroStyle] run=epoch_0009 chunk=345/750 images=1
[IntroStyle] run=epoch_0009 chunk=346/750 images=1
[IntroStyle] run=epoch_0009 chunk=347/750 images=1
[IntroStyle] run=epoch_0009 chunk=348/750 images=1
[IntroStyle] run=epoch_0009 chunk=349/750 images=1
[IntroStyle] run=epoch_0009 chunk=350/750 images=1
[IntroStyle] run=epoch_0009 chunk=351/750 images=1
[IntroStyle] run=epoch_0009 chunk=352/750 images=1
[IntroStyle] run=epoch_0009 chunk=353/750 images=1
[IntroStyle] run=epoch_0009 chunk=354/750 images=1
[IntroStyle] run=epoch_0009 chunk=355/750 images=1
[IntroStyle] run=epoch_0009 chunk=356/750 images=1
[IntroStyle] run=epoch_0009 chunk=357/750 images=1
[IntroStyle] run=epoch_0009 chunk=358/750 images=1
[IntroStyle] run=epoch_0009 chunk=359/750 images=1
[IntroStyle] run=epoch_0009 chunk=360/750 images=1
[IntroStyle] run=epoch_0009 chunk=361/750 images=1
[IntroStyle] run=epoch_0009 chunk=362/750 images=1
[IntroStyle] run=epoch_0009 chunk=363/750 images=1
[IntroStyle] run=epoch_0009 chunk=364/750 images=1
[IntroStyle] run=epoch_0009 chunk=365/750 images=1
[IntroStyle] run=epoch_0009 chunk=366/750 images=1
[IntroStyle] run=epoch_0009 chunk=367/750 images=1
[IntroStyle] run=epoch_0009 chunk=368/750 images=1
[IntroStyle] run=epoch_0009 chunk=369/750 images=1
[IntroStyle] run=epoch_0009 chunk=370/750 images=1
[IntroStyle] run=epoch_0009 chunk=371/750 images=1
[IntroStyle] run=epoch_0009 chunk=372/750 images=1
[IntroStyle] run=epoch_0009 chunk=373/750 images=1
[IntroStyle] run=epoch_0009 chunk=374/750 images=1
[IntroStyle] run=epoch_0009 chunk=375/750 images=1
[IntroStyle] run=epoch_0009 chunk=376/750 images=1
[IntroStyle] run=epoch_0009 chunk=377/750 images=1
[IntroStyle] run=epoch_0009 chunk=378/750 images=1
[IntroStyle] run=epoch_0009 chunk=379/750 images=1
[IntroStyle] run=epoch_0009 chunk=380/750 images=1
[IntroStyle] run=epoch_0009 chunk=381/750 images=1
[IntroStyle] run=epoch_0009 chunk=382/750 images=1
[IntroStyle] run=epoch_0009 chunk=383/750 images=1
[IntroStyle] run=epoch_0009 chunk=384/750 images=1
[IntroStyle] run=epoch_0009 chunk=385/750 images=1
[IntroStyle] run=epoch_0009 chunk=386/750 images=1
[IntroStyle] run=epoch_0009 chunk=387/750 images=1
[IntroStyle] run=epoch_0009 chunk=388/750 images=1
[IntroStyle] run=epoch_0009 chunk=389/750 images=1
[IntroStyle] run=epoch_0009 chunk=390/750 images=1
[IntroStyle] run=epoch_0009 chunk=391/750 images=1
[IntroStyle] run=epoch_0009 chunk=392/750 images=1
[IntroStyle] run=epoch_0009 chunk=393/750 images=1
[IntroStyle] run=epoch_0009 chunk=394/750 images=1
[IntroStyle] run=epoch_0009 chunk=395/750 images=1
[IntroStyle] run=epoch_0009 chunk=396/750 images=1
[IntroStyle] run=epoch_0009 chunk=397/750 images=1
[IntroStyle] run=epoch_0009 chunk=398/750 images=1
[IntroStyle] run=epoch_0009 chunk=399/750 images=1
[IntroStyle] run=epoch_0009 chunk=400/750 images=1
[IntroStyle] run=epoch_0009 chunk=401/750 images=1
[IntroStyle] run=epoch_0009 chunk=402/750 images=1
[IntroStyle] run=epoch_0009 chunk=403/750 images=1
[IntroStyle] run=epoch_0009 chunk=404/750 images=1
[IntroStyle] run=epoch_0009 chunk=405/750 images=1
[IntroStyle] run=epoch_0009 chunk=406/750 images=1
[IntroStyle] run=epoch_0009 chunk=407/750 images=1
[IntroStyle] run=epoch_0009 chunk=408/750 images=1
[IntroStyle] run=epoch_0009 chunk=409/750 images=1
[IntroStyle] run=epoch_0009 chunk=410/750 images=1
[IntroStyle] run=epoch_0009 chunk=411/750 images=1
[IntroStyle] run=epoch_0009 chunk=412/750 images=1
[IntroStyle] run=epoch_0009 chunk=413/750 images=1
[IntroStyle] run=epoch_0009 chunk=414/750 images=1
[IntroStyle] run=epoch_0009 chunk=415/750 images=1
[IntroStyle] run=epoch_0009 chunk=416/750 images=1
[IntroStyle] run=epoch_0009 chunk=417/750 images=1
[IntroStyle] run=epoch_0009 chunk=418/750 images=1
[IntroStyle] run=epoch_0009 chunk=419/750 images=1
[IntroStyle] run=epoch_0009 chunk=420/750 images=1
[IntroStyle] run=epoch_0009 chunk=421/750 images=1
[IntroStyle] run=epoch_0009 chunk=422/750 images=1
[IntroStyle] run=epoch_0009 chunk=423/750 images=1
[IntroStyle] run=epoch_0009 chunk=424/750 images=1
[IntroStyle] run=epoch_0009 chunk=425/750 images=1
[IntroStyle] run=epoch_0009 chunk=426/750 images=1
[IntroStyle] run=epoch_0009 chunk=427/750 images=1
[IntroStyle] run=epoch_0009 chunk=428/750 images=1
[IntroStyle] run=epoch_0009 chunk=429/750 images=1
[IntroStyle] run=epoch_0009 chunk=430/750 images=1
[IntroStyle] run=epoch_0009 chunk=431/750 images=1
[IntroStyle] run=epoch_0009 chunk=432/750 images=1
[IntroStyle] run=epoch_0009 chunk=433/750 images=1
[IntroStyle] run=epoch_0009 chunk=434/750 images=1
[IntroStyle] run=epoch_0009 chunk=435/750 images=1
[IntroStyle] run=epoch_0009 chunk=436/750 images=1
[IntroStyle] run=epoch_0009 chunk=437/750 images=1
[IntroStyle] run=epoch_0009 chunk=438/750 images=1
[IntroStyle] run=epoch_0009 chunk=439/750 images=1
[IntroStyle] run=epoch_0009 chunk=440/750 images=1
[IntroStyle] run=epoch_0009 chunk=441/750 images=1
[IntroStyle] run=epoch_0009 chunk=442/750 images=1
[IntroStyle] run=epoch_0009 chunk=443/750 images=1
[IntroStyle] run=epoch_0009 chunk=444/750 images=1
[IntroStyle] run=epoch_0009 chunk=445/750 images=1
[IntroStyle] run=epoch_0009 chunk=446/750 images=1
[IntroStyle] run=epoch_0009 chunk=447/750 images=1
[IntroStyle] run=epoch_0009 chunk=448/750 images=1
[IntroStyle] run=epoch_0009 chunk=449/750 images=1
[IntroStyle] run=epoch_0009 chunk=450/750 images=1
[IntroStyle] run=epoch_0009 chunk=451/750 images=1
[IntroStyle] run=epoch_0009 chunk=452/750 images=1
[IntroStyle] run=epoch_0009 chunk=453/750 images=1
[IntroStyle] run=epoch_0009 chunk=454/750 images=1
[IntroStyle] run=epoch_0009 chunk=455/750 images=1
[IntroStyle] run=epoch_0009 chunk=456/750 images=1
[IntroStyle] run=epoch_0009 chunk=457/750 images=1
[IntroStyle] run=epoch_0009 chunk=458/750 images=1
[IntroStyle] run=epoch_0009 chunk=459/750 images=1
[IntroStyle] run=epoch_0009 chunk=460/750 images=1
[IntroStyle] run=epoch_0009 chunk=461/750 images=1
[IntroStyle] run=epoch_0009 chunk=462/750 images=1
[IntroStyle] run=epoch_0009 chunk=463/750 images=1
[IntroStyle] run=epoch_0009 chunk=464/750 images=1
[IntroStyle] run=epoch_0009 chunk=465/750 images=1
[IntroStyle] run=epoch_0009 chunk=466/750 images=1
[IntroStyle] run=epoch_0009 chunk=467/750 images=1
[IntroStyle] run=epoch_0009 chunk=468/750 images=1
[IntroStyle] run=epoch_0009 chunk=469/750 images=1
[IntroStyle] run=epoch_0009 chunk=470/750 images=1
[IntroStyle] run=epoch_0009 chunk=471/750 images=1
[IntroStyle] run=epoch_0009 chunk=472/750 images=1
[IntroStyle] run=epoch_0009 chunk=473/750 images=1
[IntroStyle] run=epoch_0009 chunk=474/750 images=1
[IntroStyle] run=epoch_0009 chunk=475/750 images=1
[IntroStyle] run=epoch_0009 chunk=476/750 images=1
[IntroStyle] run=epoch_0009 chunk=477/750 images=1
[IntroStyle] run=epoch_0009 chunk=478/750 images=1
[IntroStyle] run=epoch_0009 chunk=479/750 images=1
[IntroStyle] run=epoch_0009 chunk=480/750 images=1
[IntroStyle] run=epoch_0009 chunk=481/750 images=1
[IntroStyle] run=epoch_0009 chunk=482/750 images=1
[IntroStyle] run=epoch_0009 chunk=483/750 images=1
[IntroStyle] run=epoch_0009 chunk=484/750 images=1
[IntroStyle] run=epoch_0009 chunk=485/750 images=1
[IntroStyle] run=epoch_0009 chunk=486/750 images=1
[IntroStyle] run=epoch_0009 chunk=487/750 images=1
[IntroStyle] run=epoch_0009 chunk=488/750 images=1
[IntroStyle] run=epoch_0009 chunk=489/750 images=1
[IntroStyle] run=epoch_0009 chunk=490/750 images=1
[IntroStyle] run=epoch_0009 chunk=491/750 images=1
[IntroStyle] run=epoch_0009 chunk=492/750 images=1
[IntroStyle] run=epoch_0009 chunk=493/750 images=1
[IntroStyle] run=epoch_0009 chunk=494/750 images=1
[IntroStyle] run=epoch_0009 chunk=495/750 images=1
[IntroStyle] run=epoch_0009 chunk=496/750 images=1
[IntroStyle] run=epoch_0009 chunk=497/750 images=1
[IntroStyle] run=epoch_0009 chunk=498/750 images=1
[IntroStyle] run=epoch_0009 chunk=499/750 images=1
[IntroStyle] run=epoch_0009 chunk=500/750 images=1
[IntroStyle] run=epoch_0009 chunk=501/750 images=1
[IntroStyle] run=epoch_0009 chunk=502/750 images=1
[IntroStyle] run=epoch_0009 chunk=503/750 images=1
[IntroStyle] run=epoch_0009 chunk=504/750 images=1
[IntroStyle] run=epoch_0009 chunk=505/750 images=1
[IntroStyle] run=epoch_0009 chunk=506/750 images=1
[IntroStyle] run=epoch_0009 chunk=507/750 images=1
[IntroStyle] run=epoch_0009 chunk=508/750 images=1
[IntroStyle] run=epoch_0009 chunk=509/750 images=1
[IntroStyle] run=epoch_0009 chunk=510/750 images=1
[IntroStyle] run=epoch_0009 chunk=511/750 images=1
[IntroStyle] run=epoch_0009 chunk=512/750 images=1
[IntroStyle] run=epoch_0009 chunk=513/750 images=1
[IntroStyle] run=epoch_0009 chunk=514/750 images=1
[IntroStyle] run=epoch_0009 chunk=515/750 images=1
[IntroStyle] run=epoch_0009 chunk=516/750 images=1
[IntroStyle] run=epoch_0009 chunk=517/750 images=1
[IntroStyle] run=epoch_0009 chunk=518/750 images=1
[IntroStyle] run=epoch_0009 chunk=519/750 images=1
[IntroStyle] run=epoch_0009 chunk=520/750 images=1
[IntroStyle] run=epoch_0009 chunk=521/750 images=1
[IntroStyle] run=epoch_0009 chunk=522/750 images=1
[IntroStyle] run=epoch_0009 chunk=523/750 images=1
[IntroStyle] run=epoch_0009 chunk=524/750 images=1
[IntroStyle] run=epoch_0009 chunk=525/750 images=1
[IntroStyle] run=epoch_0009 chunk=526/750 images=1
[IntroStyle] run=epoch_0009 chunk=527/750 images=1
[IntroStyle] run=epoch_0009 chunk=528/750 images=1
[IntroStyle] run=epoch_0009 chunk=529/750 images=1
[IntroStyle] run=epoch_0009 chunk=530/750 images=1
[IntroStyle] run=epoch_0009 chunk=531/750 images=1
[IntroStyle] run=epoch_0009 chunk=532/750 images=1
[IntroStyle] run=epoch_0009 chunk=533/750 images=1
[IntroStyle] run=epoch_0009 chunk=534/750 images=1
[IntroStyle] run=epoch_0009 chunk=535/750 images=1
[IntroStyle] run=epoch_0009 chunk=536/750 images=1
[IntroStyle] run=epoch_0009 chunk=537/750 images=1
[IntroStyle] run=epoch_0009 chunk=538/750 images=1
[IntroStyle] run=epoch_0009 chunk=539/750 images=1
[IntroStyle] run=epoch_0009 chunk=540/750 images=1
[IntroStyle] run=epoch_0009 chunk=541/750 images=1
[IntroStyle] run=epoch_0009 chunk=542/750 images=1
[IntroStyle] run=epoch_0009 chunk=543/750 images=1
[IntroStyle] run=epoch_0009 chunk=544/750 images=1
[IntroStyle] run=epoch_0009 chunk=545/750 images=1
[IntroStyle] run=epoch_0009 chunk=546/750 images=1
[IntroStyle] run=epoch_0009 chunk=547/750 images=1
[IntroStyle] run=epoch_0009 chunk=548/750 images=1
[IntroStyle] run=epoch_0009 chunk=549/750 images=1
[IntroStyle] run=epoch_0009 chunk=550/750 images=1
[IntroStyle] run=epoch_0009 chunk=551/750 images=1
[IntroStyle] run=epoch_0009 chunk=552/750 images=1
[IntroStyle] run=epoch_0009 chunk=553/750 images=1
[IntroStyle] run=epoch_0009 chunk=554/750 images=1
[IntroStyle] run=epoch_0009 chunk=555/750 images=1
[IntroStyle] run=epoch_0009 chunk=556/750 images=1
[IntroStyle] run=epoch_0009 chunk=557/750 images=1
[IntroStyle] run=epoch_0009 chunk=558/750 images=1
[IntroStyle] run=epoch_0009 chunk=559/750 images=1
[IntroStyle] run=epoch_0009 chunk=560/750 images=1
[IntroStyle] run=epoch_0009 chunk=561/750 images=1
[IntroStyle] run=epoch_0009 chunk=562/750 images=1
[IntroStyle] run=epoch_0009 chunk=563/750 images=1
[IntroStyle] run=epoch_0009 chunk=564/750 images=1
[IntroStyle] run=epoch_0009 chunk=565/750 images=1
[IntroStyle] run=epoch_0009 chunk=566/750 images=1
[IntroStyle] run=epoch_0009 chunk=567/750 images=1
[IntroStyle] run=epoch_0009 chunk=568/750 images=1
[IntroStyle] run=epoch_0009 chunk=569/750 images=1
[IntroStyle] run=epoch_0009 chunk=570/750 images=1
[IntroStyle] run=epoch_0009 chunk=571/750 images=1
[IntroStyle] run=epoch_0009 chunk=572/750 images=1
[IntroStyle] run=epoch_0009 chunk=573/750 images=1
[IntroStyle] run=epoch_0009 chunk=574/750 images=1
[IntroStyle] run=epoch_0009 chunk=575/750 images=1
[IntroStyle] run=epoch_0009 chunk=576/750 images=1
[IntroStyle] run=epoch_0009 chunk=577/750 images=1
[IntroStyle] run=epoch_0009 chunk=578/750 images=1
[IntroStyle] run=epoch_0009 chunk=579/750 images=1
[IntroStyle] run=epoch_0009 chunk=580/750 images=1
[IntroStyle] run=epoch_0009 chunk=581/750 images=1
[IntroStyle] run=epoch_0009 chunk=582/750 images=1
[IntroStyle] run=epoch_0009 chunk=583/750 images=1
[IntroStyle] run=epoch_0009 chunk=584/750 images=1
[IntroStyle] run=epoch_0009 chunk=585/750 images=1
[IntroStyle] run=epoch_0009 chunk=586/750 images=1
[IntroStyle] run=epoch_0009 chunk=587/750 images=1
[IntroStyle] run=epoch_0009 chunk=588/750 images=1
[IntroStyle] run=epoch_0009 chunk=589/750 images=1
[IntroStyle] run=epoch_0009 chunk=590/750 images=1
[IntroStyle] run=epoch_0009 chunk=591/750 images=1
[IntroStyle] run=epoch_0009 chunk=592/750 images=1
[IntroStyle] run=epoch_0009 chunk=593/750 images=1
[IntroStyle] run=epoch_0009 chunk=594/750 images=1
[IntroStyle] run=epoch_0009 chunk=595/750 images=1
[IntroStyle] run=epoch_0009 chunk=596/750 images=1
[IntroStyle] run=epoch_0009 chunk=597/750 images=1
[IntroStyle] run=epoch_0009 chunk=598/750 images=1
[IntroStyle] run=epoch_0009 chunk=599/750 images=1
[IntroStyle] run=epoch_0009 chunk=600/750 images=1
[IntroStyle] run=epoch_0009 chunk=601/750 images=1
[IntroStyle] run=epoch_0009 chunk=602/750 images=1
[IntroStyle] run=epoch_0009 chunk=603/750 images=1
[IntroStyle] run=epoch_0009 chunk=604/750 images=1
[IntroStyle] run=epoch_0009 chunk=605/750 images=1
[IntroStyle] run=epoch_0009 chunk=606/750 images=1
[IntroStyle] run=epoch_0009 chunk=607/750 images=1
[IntroStyle] run=epoch_0009 chunk=608/750 images=1
[IntroStyle] run=epoch_0009 chunk=609/750 images=1
[IntroStyle] run=epoch_0009 chunk=610/750 images=1
[IntroStyle] run=epoch_0009 chunk=611/750 images=1
[IntroStyle] run=epoch_0009 chunk=612/750 images=1
[IntroStyle] run=epoch_0009 chunk=613/750 images=1
[IntroStyle] run=epoch_0009 chunk=614/750 images=1
[IntroStyle] run=epoch_0009 chunk=615/750 images=1
[IntroStyle] run=epoch_0009 chunk=616/750 images=1
[IntroStyle] run=epoch_0009 chunk=617/750 images=1
[IntroStyle] run=epoch_0009 chunk=618/750 images=1
[IntroStyle] run=epoch_0009 chunk=619/750 images=1
[IntroStyle] run=epoch_0009 chunk=620/750 images=1
[IntroStyle] run=epoch_0009 chunk=621/750 images=1
[IntroStyle] run=epoch_0009 chunk=622/750 images=1
[IntroStyle] run=epoch_0009 chunk=623/750 images=1
[IntroStyle] run=epoch_0009 chunk=624/750 images=1
[IntroStyle] run=epoch_0009 chunk=625/750 images=1
[IntroStyle] run=epoch_0009 chunk=626/750 images=1
[IntroStyle] run=epoch_0009 chunk=627/750 images=1
[IntroStyle] run=epoch_0009 chunk=628/750 images=1
[IntroStyle] run=epoch_0009 chunk=629/750 images=1
[IntroStyle] run=epoch_0009 chunk=630/750 images=1
[IntroStyle] run=epoch_0009 chunk=631/750 images=1
[IntroStyle] run=epoch_0009 chunk=632/750 images=1
[IntroStyle] run=epoch_0009 chunk=633/750 images=1
[IntroStyle] run=epoch_0009 chunk=634/750 images=1
[IntroStyle] run=epoch_0009 chunk=635/750 images=1
[IntroStyle] run=epoch_0009 chunk=636/750 images=1
[IntroStyle] run=epoch_0009 chunk=637/750 images=1
[IntroStyle] run=epoch_0009 chunk=638/750 images=1
[IntroStyle] run=epoch_0009 chunk=639/750 images=1
[IntroStyle] run=epoch_0009 chunk=640/750 images=1
[IntroStyle] run=epoch_0009 chunk=641/750 images=1
[IntroStyle] run=epoch_0009 chunk=642/750 images=1
[IntroStyle] run=epoch_0009 chunk=643/750 images=1
[IntroStyle] run=epoch_0009 chunk=644/750 images=1
[IntroStyle] run=epoch_0009 chunk=645/750 images=1
[IntroStyle] run=epoch_0009 chunk=646/750 images=1
[IntroStyle] run=epoch_0009 chunk=647/750 images=1
[IntroStyle] run=epoch_0009 chunk=648/750 images=1
[IntroStyle] run=epoch_0009 chunk=649/750 images=1
[IntroStyle] run=epoch_0009 chunk=650/750 images=1
[IntroStyle] run=epoch_0009 chunk=651/750 images=1
[IntroStyle] run=epoch_0009 chunk=652/750 images=1
[IntroStyle] run=epoch_0009 chunk=653/750 images=1
[IntroStyle] run=epoch_0009 chunk=654/750 images=1
[IntroStyle] run=epoch_0009 chunk=655/750 images=1
[IntroStyle] run=epoch_0009 chunk=656/750 images=1
[IntroStyle] run=epoch_0009 chunk=657/750 images=1
[IntroStyle] run=epoch_0009 chunk=658/750 images=1
[IntroStyle] run=epoch_0009 chunk=659/750 images=1
[IntroStyle] run=epoch_0009 chunk=660/750 images=1
[IntroStyle] run=epoch_0009 chunk=661/750 images=1
[IntroStyle] run=epoch_0009 chunk=662/750 images=1
[IntroStyle] run=epoch_0009 chunk=663/750 images=1
[IntroStyle] run=epoch_0009 chunk=664/750 images=1
[IntroStyle] run=epoch_0009 chunk=665/750 images=1
[IntroStyle] run=epoch_0009 chunk=666/750 images=1
[IntroStyle] run=epoch_0009 chunk=667/750 images=1
[IntroStyle] run=epoch_0009 chunk=668/750 images=1
[IntroStyle] run=epoch_0009 chunk=669/750 images=1
[IntroStyle] run=epoch_0009 chunk=670/750 images=1
[IntroStyle] run=epoch_0009 chunk=671/750 images=1
[IntroStyle] run=epoch_0009 chunk=672/750 images=1
[IntroStyle] run=epoch_0009 chunk=673/750 images=1
[IntroStyle] run=epoch_0009 chunk=674/750 images=1
[IntroStyle] run=epoch_0009 chunk=675/750 images=1
[IntroStyle] run=epoch_0009 chunk=676/750 images=1
[IntroStyle] run=epoch_0009 chunk=677/750 images=1
[IntroStyle] run=epoch_0009 chunk=678/750 images=1
[IntroStyle] run=epoch_0009 chunk=679/750 images=1
[IntroStyle] run=epoch_0009 chunk=680/750 images=1
[IntroStyle] run=epoch_0009 chunk=681/750 images=1
[IntroStyle] run=epoch_0009 chunk=682/750 images=1
[IntroStyle] run=epoch_0009 chunk=683/750 images=1
[IntroStyle] run=epoch_0009 chunk=684/750 images=1
[IntroStyle] run=epoch_0009 chunk=685/750 images=1
[IntroStyle] run=epoch_0009 chunk=686/750 images=1
[IntroStyle] run=epoch_0009 chunk=687/750 images=1
[IntroStyle] run=epoch_0009 chunk=688/750 images=1
[IntroStyle] run=epoch_0009 chunk=689/750 images=1
[IntroStyle] run=epoch_0009 chunk=690/750 images=1
[IntroStyle] run=epoch_0009 chunk=691/750 images=1
[IntroStyle] run=epoch_0009 chunk=692/750 images=1
[IntroStyle] run=epoch_0009 chunk=693/750 images=1
[IntroStyle] run=epoch_0009 chunk=694/750 images=1
[IntroStyle] run=epoch_0009 chunk=695/750 images=1
[IntroStyle] run=epoch_0009 chunk=696/750 images=1
[IntroStyle] run=epoch_0009 chunk=697/750 images=1
[IntroStyle] run=epoch_0009 chunk=698/750 images=1
[IntroStyle] run=epoch_0009 chunk=699/750 images=1
[IntroStyle] run=epoch_0009 chunk=700/750 images=1
[IntroStyle] run=epoch_0009 chunk=701/750 images=1
[IntroStyle] run=epoch_0009 chunk=702/750 images=1
[IntroStyle] run=epoch_0009 chunk=703/750 images=1
[IntroStyle] run=epoch_0009 chunk=704/750 images=1
[IntroStyle] run=epoch_0009 chunk=705/750 images=1
[IntroStyle] run=epoch_0009 chunk=706/750 images=1
[IntroStyle] run=epoch_0009 chunk=707/750 images=1
[IntroStyle] run=epoch_0009 chunk=708/750 images=1
[IntroStyle] run=epoch_0009 chunk=709/750 images=1
[IntroStyle] run=epoch_0009 chunk=710/750 images=1
[IntroStyle] run=epoch_0009 chunk=711/750 images=1
[IntroStyle] run=epoch_0009 chunk=712/750 images=1
[IntroStyle] run=epoch_0009 chunk=713/750 images=1
[IntroStyle] run=epoch_0009 chunk=714/750 images=1
[IntroStyle] run=epoch_0009 chunk=715/750 images=1
[IntroStyle] run=epoch_0009 chunk=716/750 images=1
[IntroStyle] run=epoch_0009 chunk=717/750 images=1
[IntroStyle] run=epoch_0009 chunk=718/750 images=1
[IntroStyle] run=epoch_0009 chunk=719/750 images=1
[IntroStyle] run=epoch_0009 chunk=720/750 images=1
[IntroStyle] run=epoch_0009 chunk=721/750 images=1
[IntroStyle] run=epoch_0009 chunk=722/750 images=1
[IntroStyle] run=epoch_0009 chunk=723/750 images=1
[IntroStyle] run=epoch_0009 chunk=724/750 images=1
[IntroStyle] run=epoch_0009 chunk=725/750 images=1
[IntroStyle] run=epoch_0009 chunk=726/750 images=1
[IntroStyle] run=epoch_0009 chunk=727/750 images=1
[IntroStyle] run=epoch_0009 chunk=728/750 images=1
[IntroStyle] run=epoch_0009 chunk=729/750 images=1
[IntroStyle] run=epoch_0009 chunk=730/750 images=1
[IntroStyle] run=epoch_0009 chunk=731/750 images=1
[IntroStyle] run=epoch_0009 chunk=732/750 images=1
[IntroStyle] run=epoch_0009 chunk=733/750 images=1
[IntroStyle] run=epoch_0009 chunk=734/750 images=1
[IntroStyle] run=epoch_0009 chunk=735/750 images=1
[IntroStyle] run=epoch_0009 chunk=736/750 images=1
[IntroStyle] run=epoch_0009 chunk=737/750 images=1
[IntroStyle] run=epoch_0009 chunk=738/750 images=1
[IntroStyle] run=epoch_0009 chunk=739/750 images=1
[IntroStyle] run=epoch_0009 chunk=740/750 images=1
[IntroStyle] run=epoch_0009 chunk=741/750 images=1
[IntroStyle] run=epoch_0009 chunk=742/750 images=1
[IntroStyle] run=epoch_0009 chunk=743/750 images=1
[IntroStyle] run=epoch_0009 chunk=744/750 images=1
[IntroStyle] run=epoch_0009 chunk=745/750 images=1
[IntroStyle] run=epoch_0009 chunk=746/750 images=1
[IntroStyle] run=epoch_0009 chunk=747/750 images=1
[IntroStyle] run=epoch_0009 chunk=748/750 images=1
[IntroStyle] run=epoch_0009 chunk=749/750 images=1
[IntroStyle] run=epoch_0009 chunk=750/750 images=1
G:\GitHub\Latent_Style\SchrodingerBridge\aaai2027\dualpath_spatial_sinkhorn_bestfew_localreview_20260609\full_eval_imagebacked_bestfew_introstyle_epoch9_only.csv
G:\GitHub\Latent_Style\SchrodingerBridge\aaai2027\dualpath_spatial_sinkhorn_bestfew_localreview_20260609\full_eval_imagebacked_bestfew_introstyle_epoch9_only.json
G:\GitHub\Latent_Style\SchrodingerBridge\aaai2027\dualpath_spatial_sinkhorn_bestfew_localreview_20260609\full_eval_imagebacked_bestfew_introstyle_epoch9_only.md
