
=== [1/40] K1_r00_balanced_default ===
C:\Users\xy\AppData\Local\Programs\Python\Python312\python.exe run.py --config G:\GitHub\Latent_Style\SchrodingerBridge\weight_sweep_40\configs\K1_r00_balanced_default.json
C:\Users\xy\AppData\Local\Programs\Python\Python312\python.exe run_evaluation.py G:\GitHub\Latent_Style\SchrodingerBridge\weight_sweep_40\K1_r00_balanced_default --output G:\GitHub\Latent_Style\SchrodingerBridge\weight_sweep_40\K1_r00_balanced_default\full_eval --batch_size 20 --max_src_samples 30 --max_ref_compare 50 --max_ref_cache 256 --ref_feature_batch_size 64 --num_steps 12 --step_size 1.0
G:\GitHub\Latent_Style\SchrodingerBridge\weight_sweep_40\weight_sweep_40_all_epochs.csv
G:\GitHub\Latent_Style\SchrodingerBridge\weight_sweep_40\weight_sweep_40_best_by_experiment.csv
G:\GitHub\Latent_Style\SchrodingerBridge\weight_sweep_40\weight_sweep_40_scientific_conclusions.md

=== [2/40] K1_r01_uniform_unbalanced ===
C:\Users\xy\AppData\Local\Programs\Python\Python312\python.exe run.py --config G:\GitHub\Latent_Style\SchrodingerBridge\weight_sweep_40\configs\K1_r01_uniform_unbalanced.json
C:\Users\xy\AppData\Local\Programs\Python\Python312\python.exe run_evaluation.py G:\GitHub\Latent_Style\SchrodingerBridge\weight_sweep_40\K1_r01_uniform_unbalanced --output G:\GitHub\Latent_Style\SchrodingerBridge\weight_sweep_40\K1_r01_uniform_unbalanced\full_eval --batch_size 20 --max_src_samples 30 --max_ref_compare 50 --max_ref_cache 256 --ref_feature_batch_size 64 --num_steps 12 --step_size 1.0
G:\GitHub\Latent_Style\SchrodingerBridge\weight_sweep_40\weight_sweep_40_all_epochs.csv
G:\GitHub\Latent_Style\SchrodingerBridge\weight_sweep_40\weight_sweep_40_best_by_experiment.csv
G:\GitHub\Latent_Style\SchrodingerBridge\weight_sweep_40\weight_sweep_40_scientific_conclusions.md

=== [3/40] K1_r02_prev_manual ===
C:\Users\xy\AppData\Local\Programs\Python\Python312\python.exe run.py --config G:\GitHub\Latent_Style\SchrodingerBridge\weight_sweep_40\configs\K1_r02_prev_manual.json
C:\Users\xy\AppData\Local\Programs\Python\Python312\python.exe run_evaluation.py G:\GitHub\Latent_Style\SchrodingerBridge\weight_sweep_40\K1_r02_prev_manual --output G:\GitHub\Latent_Style\SchrodingerBridge\weight_sweep_40\K1_r02_prev_manual\full_eval --batch_size 20 --max_src_samples 30 --max_ref_compare 50 --max_ref_cache 256 --ref_feature_batch_size 64 --num_steps 12 --step_size 1.0
G:\GitHub\Latent_Style\SchrodingerBridge\weight_sweep_40\weight_sweep_40_all_epochs.csv
G:\GitHub\Latent_Style\SchrodingerBridge\weight_sweep_40\weight_sweep_40_best_by_experiment.csv
G:\GitHub\Latent_Style\SchrodingerBridge\weight_sweep_40\weight_sweep_40_scientific_conclusions.md

=== [4/40] K1_r03_hayao_strong ===
C:\Users\xy\AppData\Local\Programs\Python\Python312\python.exe run.py --config G:\GitHub\Latent_Style\SchrodingerBridge\weight_sweep_40\configs\K1_r03_hayao_strong.json
C:\Users\xy\AppData\Local\Programs\Python\Python312\python.exe run_evaluation.py G:\GitHub\Latent_Style\SchrodingerBridge\weight_sweep_40\K1_r03_hayao_strong --output G:\GitHub\Latent_Style\SchrodingerBridge\weight_sweep_40\K1_r03_hayao_strong\full_eval --batch_size 20 --max_src_samples 30 --max_ref_compare 50 --max_ref_cache 256 --ref_feature_batch_size 64 --num_steps 12 --step_size 1.0
G:\GitHub\Latent_Style\SchrodingerBridge\weight_sweep_40\weight_sweep_40_all_epochs.csv
G:\GitHub\Latent_Style\SchrodingerBridge\weight_sweep_40\weight_sweep_40_best_by_experiment.csv
G:\GitHub\Latent_Style\SchrodingerBridge\weight_sweep_40\weight_sweep_40_scientific_conclusions.md

=== [5/40] K1_r04_cezanne_strong ===
C:\Users\xy\AppData\Local\Programs\Python\Python312\python.exe run.py --config G:\GitHub\Latent_Style\SchrodingerBridge\weight_sweep_40\configs\K1_r04_cezanne_strong.json
C:\Users\xy\AppData\Local\Programs\Python\Python312\python.exe run_evaluation.py G:\GitHub\Latent_Style\SchrodingerBridge\weight_sweep_40\K1_r04_cezanne_strong --output G:\GitHub\Latent_Style\SchrodingerBridge\weight_sweep_40\K1_r04_cezanne_strong\full_eval --batch_size 20 --max_src_samples 30 --max_ref_compare 50 --max_ref_cache 256 --ref_feature_batch_size 64 --num_steps 12 --step_size 1.0
G:\GitHub\Latent_Style\SchrodingerBridge\weight_sweep_40\weight_sweep_40_all_epochs.csv
G:\GitHub\Latent_Style\SchrodingerBridge\weight_sweep_40\weight_sweep_40_best_by_experiment.csv
G:\GitHub\Latent_Style\SchrodingerBridge\weight_sweep_40\weight_sweep_40_scientific_conclusions.md

=== [6/40] K1_r05_vangogh_strong ===
C:\Users\xy\AppData\Local\Programs\Python\Python312\python.exe run.py --config G:\GitHub\Latent_Style\SchrodingerBridge\weight_sweep_40\configs\K1_r05_vangogh_strong.json
C:\Users\xy\AppData\Local\Programs\Python\Python312\python.exe run_evaluation.py G:\GitHub\Latent_Style\SchrodingerBridge\weight_sweep_40\K1_r05_vangogh_strong --output G:\GitHub\Latent_Style\SchrodingerBridge\weight_sweep_40\K1_r05_vangogh_strong\full_eval --batch_size 20 --max_src_samples 30 --max_ref_compare 50 --max_ref_cache 256 --ref_feature_batch_size 64 --num_steps 12 --step_size 1.0
G:\GitHub\Latent_Style\SchrodingerBridge\weight_sweep_40\weight_sweep_40_all_epochs.csv
G:\GitHub\Latent_Style\SchrodingerBridge\weight_sweep_40\weight_sweep_40_best_by_experiment.csv
G:\GitHub\Latent_Style\SchrodingerBridge\weight_sweep_40\weight_sweep_40_scientific_conclusions.md

=== [7/40] K1_r06_monet_strong ===
C:\Users\xy\AppData\Local\Programs\Python\Python312\python.exe run.py --config G:\GitHub\Latent_Style\SchrodingerBridge\weight_sweep_40\configs\K1_r06_monet_strong.json
C:\Users\xy\AppData\Local\Programs\Python\Python312\python.exe run_evaluation.py G:\GitHub\Latent_Style\SchrodingerBridge\weight_sweep_40\K1_r06_monet_strong --output G:\GitHub\Latent_Style\SchrodingerBridge\weight_sweep_40\K1_r06_monet_strong\full_eval --batch_size 20 --max_src_samples 30 --max_ref_compare 50 --max_ref_cache 256 --ref_feature_batch_size 64 --num_steps 12 --step_size 1.0
G:\GitHub\Latent_Style\SchrodingerBridge\weight_sweep_40\weight_sweep_40_all_epochs.csv
G:\GitHub\Latent_Style\SchrodingerBridge\weight_sweep_40\weight_sweep_40_best_by_experiment.csv
G:\GitHub\Latent_Style\SchrodingerBridge\weight_sweep_40\weight_sweep_40_scientific_conclusions.md

=== [8/40] K1_r07_art_balanced ===
C:\Users\xy\AppData\Local\Programs\Python\Python312\python.exe run.py --config G:\GitHub\Latent_Style\SchrodingerBridge\weight_sweep_40\configs\K1_r07_art_balanced.json
C:\Users\xy\AppData\Local\Programs\Python\Python312\python.exe run_evaluation.py G:\GitHub\Latent_Style\SchrodingerBridge\weight_sweep_40\K1_r07_art_balanced --output G:\GitHub\Latent_Style\SchrodingerBridge\weight_sweep_40\K1_r07_art_balanced\full_eval --batch_size 20 --max_src_samples 30 --max_ref_compare 50 --max_ref_cache 256 --ref_feature_batch_size 64 --num_steps 12 --step_size 1.0
G:\GitHub\Latent_Style\SchrodingerBridge\weight_sweep_40\weight_sweep_40_all_epochs.csv
G:\GitHub\Latent_Style\SchrodingerBridge\weight_sweep_40\weight_sweep_40_best_by_experiment.csv
G:\GitHub\Latent_Style\SchrodingerBridge\weight_sweep_40\weight_sweep_40_scientific_conclusions.md

=== [9/40] K1_r08_photo_content_high ===
C:\Users\xy\AppData\Local\Programs\Python\Python312\python.exe run.py --config G:\GitHub\Latent_Style\SchrodingerBridge\weight_sweep_40\configs\K1_r08_photo_content_high.json
C:\Users\xy\AppData\Local\Programs\Python\Python312\python.exe run_evaluation.py G:\GitHub\Latent_Style\SchrodingerBridge\weight_sweep_40\K1_r08_photo_content_high --output G:\GitHub\Latent_Style\SchrodingerBridge\weight_sweep_40\K1_r08_photo_content_high\full_eval --batch_size 20 --max_src_samples 30 --max_ref_compare 50 --max_ref_cache 256 --ref_feature_batch_size 64 --num_steps 12 --step_size 1.0
G:\GitHub\Latent_Style\SchrodingerBridge\weight_sweep_40\weight_sweep_40_all_epochs.csv
G:\GitHub\Latent_Style\SchrodingerBridge\weight_sweep_40\weight_sweep_40_best_by_experiment.csv
G:\GitHub\Latent_Style\SchrodingerBridge\weight_sweep_40\weight_sweep_40_scientific_conclusions.md

=== [10/40] K1_r09_photo_content_low ===
C:\Users\xy\AppData\Local\Programs\Python\Python312\python.exe run.py --config G:\GitHub\Latent_Style\SchrodingerBridge\weight_sweep_40\configs\K1_r09_photo_content_low.json
C:\Users\xy\AppData\Local\Programs\Python\Python312\python.exe run_evaluation.py G:\GitHub\Latent_Style\SchrodingerBridge\weight_sweep_40\K1_r09_photo_content_low --output G:\GitHub\Latent_Style\SchrodingerBridge\weight_sweep_40\K1_r09_photo_content_low\full_eval --batch_size 20 --max_src_samples 30 --max_ref_compare 50 --max_ref_cache 256 --ref_feature_batch_size 64 --num_steps 12 --step_size 1.0
G:\GitHub\Latent_Style\SchrodingerBridge\weight_sweep_40\weight_sweep_40_all_epochs.csv
G:\GitHub\Latent_Style\SchrodingerBridge\weight_sweep_40\weight_sweep_40_best_by_experiment.csv
G:\GitHub\Latent_Style\SchrodingerBridge\weight_sweep_40\weight_sweep_40_scientific_conclusions.md

=== [11/40] K1_r10_no_photo_target ===
C:\Users\xy\AppData\Local\Programs\Python\Python312\python.exe run.py --config G:\GitHub\Latent_Style\SchrodingerBridge\weight_sweep_40\configs\K1_r10_no_photo_target.json
C:\Users\xy\AppData\Local\Programs\Python\Python312\python.exe run_evaluation.py G:\GitHub\Latent_Style\SchrodingerBridge\weight_sweep_40\K1_r10_no_photo_target --output G:\GitHub\Latent_Style\SchrodingerBridge\weight_sweep_40\K1_r10_no_photo_target\full_eval --batch_size 20 --max_src_samples 30 --max_ref_compare 50 --max_ref_cache 256 --ref_feature_batch_size 64 --num_steps 12 --step_size 1.0
G:\GitHub\Latent_Style\SchrodingerBridge\weight_sweep_40\weight_sweep_40_all_epochs.csv
G:\GitHub\Latent_Style\SchrodingerBridge\weight_sweep_40\weight_sweep_40_best_by_experiment.csv
G:\GitHub\Latent_Style\SchrodingerBridge\weight_sweep_40\weight_sweep_40_scientific_conclusions.md

=== [12/40] K1_r11_photo_target_some ===
C:\Users\xy\AppData\Local\Programs\Python\Python312\python.exe run.py --config G:\GitHub\Latent_Style\SchrodingerBridge\weight_sweep_40\configs\K1_r11_photo_target_some.json
C:\Users\xy\AppData\Local\Programs\Python\Python312\python.exe run_evaluation.py G:\GitHub\Latent_Style\SchrodingerBridge\weight_sweep_40\K1_r11_photo_target_some --output G:\GitHub\Latent_Style\SchrodingerBridge\weight_sweep_40\K1_r11_photo_target_some\full_eval --batch_size 20 --max_src_samples 30 --max_ref_compare 50 --max_ref_cache 256 --ref_feature_batch_size 64 --num_steps 12 --step_size 1.0
G:\GitHub\Latent_Style\SchrodingerBridge\weight_sweep_40\weight_sweep_40_all_epochs.csv
G:\GitHub\Latent_Style\SchrodingerBridge\weight_sweep_40\weight_sweep_40_best_by_experiment.csv
G:\GitHub\Latent_Style\SchrodingerBridge\weight_sweep_40\weight_sweep_40_scientific_conclusions.md

=== [13/40] K1_r12_hayao_cezanne ===
C:\Users\xy\AppData\Local\Programs\Python\Python312\python.exe run.py --config G:\GitHub\Latent_Style\SchrodingerBridge\weight_sweep_40\configs\K1_r12_hayao_cezanne.json
C:\Users\xy\AppData\Local\Programs\Python\Python312\python.exe run_evaluation.py G:\GitHub\Latent_Style\SchrodingerBridge\weight_sweep_40\K1_r12_hayao_cezanne --output G:\GitHub\Latent_Style\SchrodingerBridge\weight_sweep_40\K1_r12_hayao_cezanne\full_eval --batch_size 20 --max_src_samples 30 --max_ref_compare 50 --max_ref_cache 256 --ref_feature_batch_size 64 --num_steps 12 --step_size 1.0
G:\GitHub\Latent_Style\SchrodingerBridge\weight_sweep_40\weight_sweep_40_all_epochs.csv
G:\GitHub\Latent_Style\SchrodingerBridge\weight_sweep_40\weight_sweep_40_best_by_experiment.csv
G:\GitHub\Latent_Style\SchrodingerBridge\weight_sweep_40\weight_sweep_40_scientific_conclusions.md

=== [14/40] K1_r13_monet_vangogh ===
C:\Users\xy\AppData\Local\Programs\Python\Python312\python.exe run.py --config G:\GitHub\Latent_Style\SchrodingerBridge\weight_sweep_40\configs\K1_r13_monet_vangogh.json
C:\Users\xy\AppData\Local\Programs\Python\Python312\python.exe run_evaluation.py G:\GitHub\Latent_Style\SchrodingerBridge\weight_sweep_40\K1_r13_monet_vangogh --output G:\GitHub\Latent_Style\SchrodingerBridge\weight_sweep_40\K1_r13_monet_vangogh\full_eval --batch_size 20 --max_src_samples 30 --max_ref_compare 50 --max_ref_cache 256 --ref_feature_batch_size 64 --num_steps 12 --step_size 1.0
G:\GitHub\Latent_Style\SchrodingerBridge\weight_sweep_40\weight_sweep_40_all_epochs.csv
G:\GitHub\Latent_Style\SchrodingerBridge\weight_sweep_40\weight_sweep_40_best_by_experiment.csv
G:\GitHub\Latent_Style\SchrodingerBridge\weight_sweep_40\weight_sweep_40_scientific_conclusions.md

=== [15/40] K1_r14_soft_art ===
C:\Users\xy\AppData\Local\Programs\Python\Python312\python.exe run.py --config G:\GitHub\Latent_Style\SchrodingerBridge\weight_sweep_40\configs\K1_r14_soft_art.json
C:\Users\xy\AppData\Local\Programs\Python\Python312\python.exe run_evaluation.py G:\GitHub\Latent_Style\SchrodingerBridge\weight_sweep_40\K1_r14_soft_art --output G:\GitHub\Latent_Style\SchrodingerBridge\weight_sweep_40\K1_r14_soft_art\full_eval --batch_size 20 --max_src_samples 30 --max_ref_compare 50 --max_ref_cache 256 --ref_feature_batch_size 64 --num_steps 12 --step_size 1.0
G:\GitHub\Latent_Style\SchrodingerBridge\weight_sweep_40\weight_sweep_40_all_epochs.csv
G:\GitHub\Latent_Style\SchrodingerBridge\weight_sweep_40\weight_sweep_40_best_by_experiment.csv
G:\GitHub\Latent_Style\SchrodingerBridge\weight_sweep_40\weight_sweep_40_scientific_conclusions.md

=== [16/40] K1_r15_hard_art ===
C:\Users\xy\AppData\Local\Programs\Python\Python312\python.exe run.py --config G:\GitHub\Latent_Style\SchrodingerBridge\weight_sweep_40\configs\K1_r15_hard_art.json
C:\Users\xy\AppData\Local\Programs\Python\Python312\python.exe run_evaluation.py G:\GitHub\Latent_Style\SchrodingerBridge\weight_sweep_40\K1_r15_hard_art --output G:\GitHub\Latent_Style\SchrodingerBridge\weight_sweep_40\K1_r15_hard_art\full_eval --batch_size 20 --max_src_samples 30 --max_ref_compare 50 --max_ref_cache 256 --ref_feature_batch_size 64 --num_steps 12 --step_size 1.0
G:\GitHub\Latent_Style\SchrodingerBridge\weight_sweep_40\weight_sweep_40_all_epochs.csv
G:\GitHub\Latent_Style\SchrodingerBridge\weight_sweep_40\weight_sweep_40_best_by_experiment.csv
G:\GitHub\Latent_Style\SchrodingerBridge\weight_sweep_40\weight_sweep_40_scientific_conclusions.md

=== [17/40] K1_r16_photo_hayao_content_art_target ===
C:\Users\xy\AppData\Local\Programs\Python\Python312\python.exe run.py --config G:\GitHub\Latent_Style\SchrodingerBridge\weight_sweep_40\configs\K1_r16_photo_hayao_content_art_target.json
C:\Users\xy\AppData\Local\Programs\Python\Python312\python.exe run_evaluation.py G:\GitHub\Latent_Style\SchrodingerBridge\weight_sweep_40\K1_r16_photo_hayao_content_art_target --output G:\GitHub\Latent_Style\SchrodingerBridge\weight_sweep_40\K1_r16_photo_hayao_content_art_target\full_eval --batch_size 20 --max_src_samples 30 --max_ref_compare 50 --max_ref_cache 256 --ref_feature_batch_size 64 --num_steps 12 --step_size 1.0
G:\GitHub\Latent_Style\SchrodingerBridge\weight_sweep_40\weight_sweep_40_all_epochs.csv
G:\GitHub\Latent_Style\SchrodingerBridge\weight_sweep_40\weight_sweep_40_best_by_experiment.csv
G:\GitHub\Latent_Style\SchrodingerBridge\weight_sweep_40\weight_sweep_40_scientific_conclusions.md

=== [18/40] K1_r17_art_content_art_target ===
C:\Users\xy\AppData\Local\Programs\Python\Python312\python.exe run.py --config G:\GitHub\Latent_Style\SchrodingerBridge\weight_sweep_40\configs\K1_r17_art_content_art_target.json
C:\Users\xy\AppData\Local\Programs\Python\Python312\python.exe run_evaluation.py G:\GitHub\Latent_Style\SchrodingerBridge\weight_sweep_40\K1_r17_art_content_art_target --output G:\GitHub\Latent_Style\SchrodingerBridge\weight_sweep_40\K1_r17_art_content_art_target\full_eval --batch_size 20 --max_src_samples 30 --max_ref_compare 50 --max_ref_cache 256 --ref_feature_batch_size 64 --num_steps 12 --step_size 1.0
G:\GitHub\Latent_Style\SchrodingerBridge\weight_sweep_40\weight_sweep_40_all_epochs.csv
G:\GitHub\Latent_Style\SchrodingerBridge\weight_sweep_40\weight_sweep_40_best_by_experiment.csv
G:\GitHub\Latent_Style\SchrodingerBridge\weight_sweep_40\weight_sweep_40_scientific_conclusions.md

=== [19/40] K1_r18_cezanne_fix_prev ===
C:\Users\xy\AppData\Local\Programs\Python\Python312\python.exe run.py --config G:\GitHub\Latent_Style\SchrodingerBridge\weight_sweep_40\configs\K1_r18_cezanne_fix_prev.json
C:\Users\xy\AppData\Local\Programs\Python\Python312\python.exe run_evaluation.py G:\GitHub\Latent_Style\SchrodingerBridge\weight_sweep_40\K1_r18_cezanne_fix_prev --output G:\GitHub\Latent_Style\SchrodingerBridge\weight_sweep_40\K1_r18_cezanne_fix_prev\full_eval --batch_size 20 --max_src_samples 30 --max_ref_compare 50 --max_ref_cache 256 --ref_feature_batch_size 64 --num_steps 12 --step_size 1.0
G:\GitHub\Latent_Style\SchrodingerBridge\weight_sweep_40\weight_sweep_40_all_epochs.csv
G:\GitHub\Latent_Style\SchrodingerBridge\weight_sweep_40\weight_sweep_40_best_by_experiment.csv
G:\GitHub\Latent_Style\SchrodingerBridge\weight_sweep_40\weight_sweep_40_scientific_conclusions.md

=== [20/40] K1_r19_hayao_fix_prev ===
C:\Users\xy\AppData\Local\Programs\Python\Python312\python.exe run.py --config G:\GitHub\Latent_Style\SchrodingerBridge\weight_sweep_40\configs\K1_r19_hayao_fix_prev.json
C:\Users\xy\AppData\Local\Programs\Python\Python312\python.exe run_evaluation.py G:\GitHub\Latent_Style\SchrodingerBridge\weight_sweep_40\K1_r19_hayao_fix_prev --output G:\GitHub\Latent_Style\SchrodingerBridge\weight_sweep_40\K1_r19_hayao_fix_prev\full_eval --batch_size 20 --max_src_samples 30 --max_ref_compare 50 --max_ref_cache 256 --ref_feature_batch_size 64 --num_steps 12 --step_size 1.0
G:\GitHub\Latent_Style\SchrodingerBridge\weight_sweep_40\weight_sweep_40_all_epochs.csv
G:\GitHub\Latent_Style\SchrodingerBridge\weight_sweep_40\weight_sweep_40_best_by_experiment.csv
G:\GitHub\Latent_Style\SchrodingerBridge\weight_sweep_40\weight_sweep_40_scientific_conclusions.md

=== [21/40] K2_r00_balanced_default ===
C:\Users\xy\AppData\Local\Programs\Python\Python312\python.exe run.py --config G:\GitHub\Latent_Style\SchrodingerBridge\weight_sweep_40\configs\K2_r00_balanced_default.json
C:\Users\xy\AppData\Local\Programs\Python\Python312\python.exe run_evaluation.py G:\GitHub\Latent_Style\SchrodingerBridge\weight_sweep_40\K2_r00_balanced_default --output G:\GitHub\Latent_Style\SchrodingerBridge\weight_sweep_40\K2_r00_balanced_default\full_eval --batch_size 20 --max_src_samples 30 --max_ref_compare 50 --max_ref_cache 256 --ref_feature_batch_size 64 --num_steps 12 --step_size 1.0
G:\GitHub\Latent_Style\SchrodingerBridge\weight_sweep_40\weight_sweep_40_all_epochs.csv
G:\GitHub\Latent_Style\SchrodingerBridge\weight_sweep_40\weight_sweep_40_best_by_experiment.csv
G:\GitHub\Latent_Style\SchrodingerBridge\weight_sweep_40\weight_sweep_40_scientific_conclusions.md

=== [22/40] K2_r01_uniform_unbalanced ===
C:\Users\xy\AppData\Local\Programs\Python\Python312\python.exe run.py --config G:\GitHub\Latent_Style\SchrodingerBridge\weight_sweep_40\configs\K2_r01_uniform_unbalanced.json
C:\Users\xy\AppData\Local\Programs\Python\Python312\python.exe run_evaluation.py G:\GitHub\Latent_Style\SchrodingerBridge\weight_sweep_40\K2_r01_uniform_unbalanced --output G:\GitHub\Latent_Style\SchrodingerBridge\weight_sweep_40\K2_r01_uniform_unbalanced\full_eval --batch_size 20 --max_src_samples 30 --max_ref_compare 50 --max_ref_cache 256 --ref_feature_batch_size 64 --num_steps 12 --step_size 1.0
G:\GitHub\Latent_Style\SchrodingerBridge\weight_sweep_40\weight_sweep_40_all_epochs.csv
G:\GitHub\Latent_Style\SchrodingerBridge\weight_sweep_40\weight_sweep_40_best_by_experiment.csv
G:\GitHub\Latent_Style\SchrodingerBridge\weight_sweep_40\weight_sweep_40_scientific_conclusions.md

=== [23/40] K2_r02_prev_manual ===
C:\Users\xy\AppData\Local\Programs\Python\Python312\python.exe run.py --config G:\GitHub\Latent_Style\SchrodingerBridge\weight_sweep_40\configs\K2_r02_prev_manual.json
C:\Users\xy\AppData\Local\Programs\Python\Python312\python.exe run_evaluation.py G:\GitHub\Latent_Style\SchrodingerBridge\weight_sweep_40\K2_r02_prev_manual --output G:\GitHub\Latent_Style\SchrodingerBridge\weight_sweep_40\K2_r02_prev_manual\full_eval --batch_size 20 --max_src_samples 30 --max_ref_compare 50 --max_ref_cache 256 --ref_feature_batch_size 64 --num_steps 12 --step_size 1.0
G:\GitHub\Latent_Style\SchrodingerBridge\weight_sweep_40\weight_sweep_40_all_epochs.csv
G:\GitHub\Latent_Style\SchrodingerBridge\weight_sweep_40\weight_sweep_40_best_by_experiment.csv
G:\GitHub\Latent_Style\SchrodingerBridge\weight_sweep_40\weight_sweep_40_scientific_conclusions.md

=== [24/40] K2_r03_hayao_strong ===
C:\Users\xy\AppData\Local\Programs\Python\Python312\python.exe run.py --config G:\GitHub\Latent_Style\SchrodingerBridge\weight_sweep_40\configs\K2_r03_hayao_strong.json
C:\Users\xy\AppData\Local\Programs\Python\Python312\python.exe run_evaluation.py G:\GitHub\Latent_Style\SchrodingerBridge\weight_sweep_40\K2_r03_hayao_strong --output G:\GitHub\Latent_Style\SchrodingerBridge\weight_sweep_40\K2_r03_hayao_strong\full_eval --batch_size 20 --max_src_samples 30 --max_ref_compare 50 --max_ref_cache 256 --ref_feature_batch_size 64 --num_steps 12 --step_size 1.0
G:\GitHub\Latent_Style\SchrodingerBridge\weight_sweep_40\weight_sweep_40_all_epochs.csv
G:\GitHub\Latent_Style\SchrodingerBridge\weight_sweep_40\weight_sweep_40_best_by_experiment.csv
G:\GitHub\Latent_Style\SchrodingerBridge\weight_sweep_40\weight_sweep_40_scientific_conclusions.md

=== [25/40] K2_r04_cezanne_strong ===
C:\Users\xy\AppData\Local\Programs\Python\Python312\python.exe run.py --config G:\GitHub\Latent_Style\SchrodingerBridge\weight_sweep_40\configs\K2_r04_cezanne_strong.json
C:\Users\xy\AppData\Local\Programs\Python\Python312\python.exe run_evaluation.py G:\GitHub\Latent_Style\SchrodingerBridge\weight_sweep_40\K2_r04_cezanne_strong --output G:\GitHub\Latent_Style\SchrodingerBridge\weight_sweep_40\K2_r04_cezanne_strong\full_eval --batch_size 20 --max_src_samples 30 --max_ref_compare 50 --max_ref_cache 256 --ref_feature_batch_size 64 --num_steps 12 --step_size 1.0
G:\GitHub\Latent_Style\SchrodingerBridge\weight_sweep_40\weight_sweep_40_all_epochs.csv
G:\GitHub\Latent_Style\SchrodingerBridge\weight_sweep_40\weight_sweep_40_best_by_experiment.csv
G:\GitHub\Latent_Style\SchrodingerBridge\weight_sweep_40\weight_sweep_40_scientific_conclusions.md

=== [26/40] K2_r05_vangogh_strong ===
C:\Users\xy\AppData\Local\Programs\Python\Python312\python.exe run.py --config G:\GitHub\Latent_Style\SchrodingerBridge\weight_sweep_40\configs\K2_r05_vangogh_strong.json
C:\Users\xy\AppData\Local\Programs\Python\Python312\python.exe run_evaluation.py G:\GitHub\Latent_Style\SchrodingerBridge\weight_sweep_40\K2_r05_vangogh_strong --output G:\GitHub\Latent_Style\SchrodingerBridge\weight_sweep_40\K2_r05_vangogh_strong\full_eval --batch_size 20 --max_src_samples 30 --max_ref_compare 50 --max_ref_cache 256 --ref_feature_batch_size 64 --num_steps 12 --step_size 1.0
G:\GitHub\Latent_Style\SchrodingerBridge\weight_sweep_40\weight_sweep_40_all_epochs.csv
G:\GitHub\Latent_Style\SchrodingerBridge\weight_sweep_40\weight_sweep_40_best_by_experiment.csv
G:\GitHub\Latent_Style\SchrodingerBridge\weight_sweep_40\weight_sweep_40_scientific_conclusions.md

=== [27/40] K2_r06_monet_strong ===
C:\Users\xy\AppData\Local\Programs\Python\Python312\python.exe run.py --config G:\GitHub\Latent_Style\SchrodingerBridge\weight_sweep_40\configs\K2_r06_monet_strong.json
C:\Users\xy\AppData\Local\Programs\Python\Python312\python.exe run_evaluation.py G:\GitHub\Latent_Style\SchrodingerBridge\weight_sweep_40\K2_r06_monet_strong --output G:\GitHub\Latent_Style\SchrodingerBridge\weight_sweep_40\K2_r06_monet_strong\full_eval --batch_size 20 --max_src_samples 30 --max_ref_compare 50 --max_ref_cache 256 --ref_feature_batch_size 64 --num_steps 12 --step_size 1.0
G:\GitHub\Latent_Style\SchrodingerBridge\weight_sweep_40\weight_sweep_40_all_epochs.csv
G:\GitHub\Latent_Style\SchrodingerBridge\weight_sweep_40\weight_sweep_40_best_by_experiment.csv
G:\GitHub\Latent_Style\SchrodingerBridge\weight_sweep_40\weight_sweep_40_scientific_conclusions.md

=== [28/40] K2_r07_art_balanced ===
C:\Users\xy\AppData\Local\Programs\Python\Python312\python.exe run.py --config G:\GitHub\Latent_Style\SchrodingerBridge\weight_sweep_40\configs\K2_r07_art_balanced.json
C:\Users\xy\AppData\Local\Programs\Python\Python312\python.exe run_evaluation.py G:\GitHub\Latent_Style\SchrodingerBridge\weight_sweep_40\K2_r07_art_balanced --output G:\GitHub\Latent_Style\SchrodingerBridge\weight_sweep_40\K2_r07_art_balanced\full_eval --batch_size 20 --max_src_samples 30 --max_ref_compare 50 --max_ref_cache 256 --ref_feature_batch_size 64 --num_steps 12 --step_size 1.0
G:\GitHub\Latent_Style\SchrodingerBridge\weight_sweep_40\weight_sweep_40_all_epochs.csv
G:\GitHub\Latent_Style\SchrodingerBridge\weight_sweep_40\weight_sweep_40_best_by_experiment.csv
G:\GitHub\Latent_Style\SchrodingerBridge\weight_sweep_40\weight_sweep_40_scientific_conclusions.md

=== [29/40] K2_r08_photo_content_high ===
C:\Users\xy\AppData\Local\Programs\Python\Python312\python.exe run.py --config G:\GitHub\Latent_Style\SchrodingerBridge\weight_sweep_40\configs\K2_r08_photo_content_high.json
C:\Users\xy\AppData\Local\Programs\Python\Python312\python.exe run_evaluation.py G:\GitHub\Latent_Style\SchrodingerBridge\weight_sweep_40\K2_r08_photo_content_high --output G:\GitHub\Latent_Style\SchrodingerBridge\weight_sweep_40\K2_r08_photo_content_high\full_eval --batch_size 20 --max_src_samples 30 --max_ref_compare 50 --max_ref_cache 256 --ref_feature_batch_size 64 --num_steps 12 --step_size 1.0
G:\GitHub\Latent_Style\SchrodingerBridge\weight_sweep_40\weight_sweep_40_all_epochs.csv
G:\GitHub\Latent_Style\SchrodingerBridge\weight_sweep_40\weight_sweep_40_best_by_experiment.csv
G:\GitHub\Latent_Style\SchrodingerBridge\weight_sweep_40\weight_sweep_40_scientific_conclusions.md

=== [30/40] K2_r09_photo_content_low ===
C:\Users\xy\AppData\Local\Programs\Python\Python312\python.exe run.py --config G:\GitHub\Latent_Style\SchrodingerBridge\weight_sweep_40\configs\K2_r09_photo_content_low.json
C:\Users\xy\AppData\Local\Programs\Python\Python312\python.exe run_evaluation.py G:\GitHub\Latent_Style\SchrodingerBridge\weight_sweep_40\K2_r09_photo_content_low --output G:\GitHub\Latent_Style\SchrodingerBridge\weight_sweep_40\K2_r09_photo_content_low\full_eval --batch_size 20 --max_src_samples 30 --max_ref_compare 50 --max_ref_cache 256 --ref_feature_batch_size 64 --num_steps 12 --step_size 1.0
G:\GitHub\Latent_Style\SchrodingerBridge\weight_sweep_40\weight_sweep_40_all_epochs.csv
G:\GitHub\Latent_Style\SchrodingerBridge\weight_sweep_40\weight_sweep_40_best_by_experiment.csv
G:\GitHub\Latent_Style\SchrodingerBridge\weight_sweep_40\weight_sweep_40_scientific_conclusions.md

=== [31/40] K2_r10_no_photo_target ===
C:\Users\xy\AppData\Local\Programs\Python\Python312\python.exe run.py --config G:\GitHub\Latent_Style\SchrodingerBridge\weight_sweep_40\configs\K2_r10_no_photo_target.json
C:\Users\xy\AppData\Local\Programs\Python\Python312\python.exe run_evaluation.py G:\GitHub\Latent_Style\SchrodingerBridge\weight_sweep_40\K2_r10_no_photo_target --output G:\GitHub\Latent_Style\SchrodingerBridge\weight_sweep_40\K2_r10_no_photo_target\full_eval --batch_size 20 --max_src_samples 30 --max_ref_compare 50 --max_ref_cache 256 --ref_feature_batch_size 64 --num_steps 12 --step_size 1.0
G:\GitHub\Latent_Style\SchrodingerBridge\weight_sweep_40\weight_sweep_40_all_epochs.csv
G:\GitHub\Latent_Style\SchrodingerBridge\weight_sweep_40\weight_sweep_40_best_by_experiment.csv
G:\GitHub\Latent_Style\SchrodingerBridge\weight_sweep_40\weight_sweep_40_scientific_conclusions.md

=== [32/40] K2_r11_photo_target_some ===
C:\Users\xy\AppData\Local\Programs\Python\Python312\python.exe run.py --config G:\GitHub\Latent_Style\SchrodingerBridge\weight_sweep_40\configs\K2_r11_photo_target_some.json
C:\Users\xy\AppData\Local\Programs\Python\Python312\python.exe run_evaluation.py G:\GitHub\Latent_Style\SchrodingerBridge\weight_sweep_40\K2_r11_photo_target_some --output G:\GitHub\Latent_Style\SchrodingerBridge\weight_sweep_40\K2_r11_photo_target_some\full_eval --batch_size 20 --max_src_samples 30 --max_ref_compare 50 --max_ref_cache 256 --ref_feature_batch_size 64 --num_steps 12 --step_size 1.0
G:\GitHub\Latent_Style\SchrodingerBridge\weight_sweep_40\weight_sweep_40_all_epochs.csv
G:\GitHub\Latent_Style\SchrodingerBridge\weight_sweep_40\weight_sweep_40_best_by_experiment.csv
G:\GitHub\Latent_Style\SchrodingerBridge\weight_sweep_40\weight_sweep_40_scientific_conclusions.md

=== [33/40] K2_r12_hayao_cezanne ===
C:\Users\xy\AppData\Local\Programs\Python\Python312\python.exe run.py --config G:\GitHub\Latent_Style\SchrodingerBridge\weight_sweep_40\configs\K2_r12_hayao_cezanne.json
C:\Users\xy\AppData\Local\Programs\Python\Python312\python.exe run_evaluation.py G:\GitHub\Latent_Style\SchrodingerBridge\weight_sweep_40\K2_r12_hayao_cezanne --output G:\GitHub\Latent_Style\SchrodingerBridge\weight_sweep_40\K2_r12_hayao_cezanne\full_eval --batch_size 20 --max_src_samples 30 --max_ref_compare 50 --max_ref_cache 256 --ref_feature_batch_size 64 --num_steps 12 --step_size 1.0
G:\GitHub\Latent_Style\SchrodingerBridge\weight_sweep_40\weight_sweep_40_all_epochs.csv
G:\GitHub\Latent_Style\SchrodingerBridge\weight_sweep_40\weight_sweep_40_best_by_experiment.csv
G:\GitHub\Latent_Style\SchrodingerBridge\weight_sweep_40\weight_sweep_40_scientific_conclusions.md

=== [34/40] K2_r13_monet_vangogh ===
C:\Users\xy\AppData\Local\Programs\Python\Python312\python.exe run.py --config G:\GitHub\Latent_Style\SchrodingerBridge\weight_sweep_40\configs\K2_r13_monet_vangogh.json
C:\Users\xy\AppData\Local\Programs\Python\Python312\python.exe run_evaluation.py G:\GitHub\Latent_Style\SchrodingerBridge\weight_sweep_40\K2_r13_monet_vangogh --output G:\GitHub\Latent_Style\SchrodingerBridge\weight_sweep_40\K2_r13_monet_vangogh\full_eval --batch_size 20 --max_src_samples 30 --max_ref_compare 50 --max_ref_cache 256 --ref_feature_batch_size 64 --num_steps 12 --step_size 1.0
G:\GitHub\Latent_Style\SchrodingerBridge\weight_sweep_40\weight_sweep_40_all_epochs.csv
G:\GitHub\Latent_Style\SchrodingerBridge\weight_sweep_40\weight_sweep_40_best_by_experiment.csv
G:\GitHub\Latent_Style\SchrodingerBridge\weight_sweep_40\weight_sweep_40_scientific_conclusions.md

=== [35/40] K2_r14_soft_art ===
C:\Users\xy\AppData\Local\Programs\Python\Python312\python.exe run.py --config G:\GitHub\Latent_Style\SchrodingerBridge\weight_sweep_40\configs\K2_r14_soft_art.json
C:\Users\xy\AppData\Local\Programs\Python\Python312\python.exe run_evaluation.py G:\GitHub\Latent_Style\SchrodingerBridge\weight_sweep_40\K2_r14_soft_art --output G:\GitHub\Latent_Style\SchrodingerBridge\weight_sweep_40\K2_r14_soft_art\full_eval --batch_size 20 --max_src_samples 30 --max_ref_compare 50 --max_ref_cache 256 --ref_feature_batch_size 64 --num_steps 12 --step_size 1.0
G:\GitHub\Latent_Style\SchrodingerBridge\weight_sweep_40\weight_sweep_40_all_epochs.csv
G:\GitHub\Latent_Style\SchrodingerBridge\weight_sweep_40\weight_sweep_40_best_by_experiment.csv
G:\GitHub\Latent_Style\SchrodingerBridge\weight_sweep_40\weight_sweep_40_scientific_conclusions.md

=== [36/40] K2_r15_hard_art ===
C:\Users\xy\AppData\Local\Programs\Python\Python312\python.exe run.py --config G:\GitHub\Latent_Style\SchrodingerBridge\weight_sweep_40\configs\K2_r15_hard_art.json
C:\Users\xy\AppData\Local\Programs\Python\Python312\python.exe run_evaluation.py G:\GitHub\Latent_Style\SchrodingerBridge\weight_sweep_40\K2_r15_hard_art --output G:\GitHub\Latent_Style\SchrodingerBridge\weight_sweep_40\K2_r15_hard_art\full_eval --batch_size 20 --max_src_samples 30 --max_ref_compare 50 --max_ref_cache 256 --ref_feature_batch_size 64 --num_steps 12 --step_size 1.0
G:\GitHub\Latent_Style\SchrodingerBridge\weight_sweep_40\weight_sweep_40_all_epochs.csv
G:\GitHub\Latent_Style\SchrodingerBridge\weight_sweep_40\weight_sweep_40_best_by_experiment.csv
G:\GitHub\Latent_Style\SchrodingerBridge\weight_sweep_40\weight_sweep_40_scientific_conclusions.md

=== [37/40] K2_r16_photo_hayao_content_art_target ===
C:\Users\xy\AppData\Local\Programs\Python\Python312\python.exe run.py --config G:\GitHub\Latent_Style\SchrodingerBridge\weight_sweep_40\configs\K2_r16_photo_hayao_content_art_target.json
C:\Users\xy\AppData\Local\Programs\Python\Python312\python.exe run_evaluation.py G:\GitHub\Latent_Style\SchrodingerBridge\weight_sweep_40\K2_r16_photo_hayao_content_art_target --output G:\GitHub\Latent_Style\SchrodingerBridge\weight_sweep_40\K2_r16_photo_hayao_content_art_target\full_eval --batch_size 20 --max_src_samples 30 --max_ref_compare 50 --max_ref_cache 256 --ref_feature_batch_size 64 --num_steps 12 --step_size 1.0
G:\GitHub\Latent_Style\SchrodingerBridge\weight_sweep_40\weight_sweep_40_all_epochs.csv
G:\GitHub\Latent_Style\SchrodingerBridge\weight_sweep_40\weight_sweep_40_best_by_experiment.csv
G:\GitHub\Latent_Style\SchrodingerBridge\weight_sweep_40\weight_sweep_40_scientific_conclusions.md

=== [38/40] K2_r17_art_content_art_target ===
C:\Users\xy\AppData\Local\Programs\Python\Python312\python.exe run.py --config G:\GitHub\Latent_Style\SchrodingerBridge\weight_sweep_40\configs\K2_r17_art_content_art_target.json
C:\Users\xy\AppData\Local\Programs\Python\Python312\python.exe run_evaluation.py G:\GitHub\Latent_Style\SchrodingerBridge\weight_sweep_40\K2_r17_art_content_art_target --output G:\GitHub\Latent_Style\SchrodingerBridge\weight_sweep_40\K2_r17_art_content_art_target\full_eval --batch_size 20 --max_src_samples 30 --max_ref_compare 50 --max_ref_cache 256 --ref_feature_batch_size 64 --num_steps 12 --step_size 1.0
G:\GitHub\Latent_Style\SchrodingerBridge\weight_sweep_40\weight_sweep_40_all_epochs.csv
G:\GitHub\Latent_Style\SchrodingerBridge\weight_sweep_40\weight_sweep_40_best_by_experiment.csv
G:\GitHub\Latent_Style\SchrodingerBridge\weight_sweep_40\weight_sweep_40_scientific_conclusions.md

=== [39/40] K2_r18_cezanne_fix_prev ===
C:\Users\xy\AppData\Local\Programs\Python\Python312\python.exe run.py --config G:\GitHub\Latent_Style\SchrodingerBridge\weight_sweep_40\configs\K2_r18_cezanne_fix_prev.json
C:\Users\xy\AppData\Local\Programs\Python\Python312\python.exe run_evaluation.py G:\GitHub\Latent_Style\SchrodingerBridge\weight_sweep_40\K2_r18_cezanne_fix_prev --output G:\GitHub\Latent_Style\SchrodingerBridge\weight_sweep_40\K2_r18_cezanne_fix_prev\full_eval --batch_size 20 --max_src_samples 30 --max_ref_compare 50 --max_ref_cache 256 --ref_feature_batch_size 64 --num_steps 12 --step_size 1.0
G:\GitHub\Latent_Style\SchrodingerBridge\weight_sweep_40\weight_sweep_40_all_epochs.csv
G:\GitHub\Latent_Style\SchrodingerBridge\weight_sweep_40\weight_sweep_40_best_by_experiment.csv
G:\GitHub\Latent_Style\SchrodingerBridge\weight_sweep_40\weight_sweep_40_scientific_conclusions.md

=== [40/40] K2_r19_hayao_fix_prev ===
C:\Users\xy\AppData\Local\Programs\Python\Python312\python.exe run.py --config G:\GitHub\Latent_Style\SchrodingerBridge\weight_sweep_40\configs\K2_r19_hayao_fix_prev.json
C:\Users\xy\AppData\Local\Programs\Python\Python312\python.exe run_evaluation.py G:\GitHub\Latent_Style\SchrodingerBridge\weight_sweep_40\K2_r19_hayao_fix_prev --output G:\GitHub\Latent_Style\SchrodingerBridge\weight_sweep_40\K2_r19_hayao_fix_prev\full_eval --batch_size 20 --max_src_samples 30 --max_ref_compare 50 --max_ref_cache 256 --ref_feature_batch_size 64 --num_steps 12 --step_size 1.0
G:\GitHub\Latent_Style\SchrodingerBridge\weight_sweep_40\weight_sweep_40_all_epochs.csv
G:\GitHub\Latent_Style\SchrodingerBridge\weight_sweep_40\weight_sweep_40_best_by_experiment.csv
G:\GitHub\Latent_Style\SchrodingerBridge\weight_sweep_40\weight_sweep_40_scientific_conclusions.md
