

=== CMD ===
C:\Users\xy\AppData\Local\Programs\Python\Python312\python.exe test.py --dataroot G:\GitHub\Latent_Style\run_511\outputs\cast_smoke2\work\infer\photo\cast_data --name run511_cast --model cast --checkpoints_dir G:\GitHub\Latent_Style\run_511\outputs\cast_smoke2\checkpoints --results_dir G:\GitHub\Latent_Style\run_511\outputs\cast_smoke2\results_cast\photo --eval --num_test 1 --gpu_ids 0
----------------- Options ---------------
                CAST_mode: CAST                          
               batch_size: 1                             
          checkpoints_dir: G:\GitHub\Latent_Style\run_511\outputs\cast_smoke2\checkpoints	[default: ./checkpoints]
                crop_size: 256                           
                 dataroot: G:\GitHub\Latent_Style\run_511\outputs\cast_smoke2\work\infer\photo\cast_data	[default: placeholder]
             dataset_mode: unaligned                     
                direction: AtoB                          
          display_winsize: 256                           
               easy_label: experiment_name               
                    epoch: latest                        
                     eval: True                          	[default: False]
              feature_dim: 256                           
                  gpu_ids: 0                             
          hypersphere_dim: 256                           
                init_gain: 0.02                          
                init_type: xavier                        
                 input_nc: 3                             
                  isTrain: False                         	[default: None]
               lambda_CYC: 4.0                           
           lambda_GAN_D_A: 1.0                           
           lambda_GAN_D_B: 1.0                           
           lambda_GAN_G_A: 0.1                           
           lambda_GAN_G_B: 0.1                           
             lambda_NCE_D: 1.0                           
             lambda_NCE_G: 0.05                          
                load_size: 256                           
             max_conv_dim: 512                           
         max_dataset_size: inf                           
                    model: cast                          
               n_layers_D: 3                             
                     name: run511_cast                   	[default: experiment_name]
               nce_layers: 0,1,2,3                       
                      ndf: 64                            
                     netD: basic                         
                     netG: resnet_9blocks                
                      ngf: 64                            
             no_antialias: False                         
          no_antialias_up: False                         
               no_dropout: True                          
                  no_flip: False                         
                    normD: instance                      
                    normG: instance                      
                 num_test: 1                             	[default: 5000]
              num_threads: 4                             
                output_nc: 3                             
                    phase: test                          
                pool_size: 0                             
               preprocess: resize_and_crop               
               queue_size: 4096                          
         random_scale_max: 3.0                           
              results_dir: G:\GitHub\Latent_Style\run_511\outputs\cast_smoke2\results_cast\photo	[default: ./results/]
           serial_batches: False                         
                style_dim: 256                           
                   suffix:                               
              temperature: 0.07                          
                  verbose: False                         
----------------- End -------------------
dataset [UnalignedDataset] was created
initialize network with normal
initialize network with normal
initialize network with normal
model [CASTModel] was created
creating web directory G:\GitHub\Latent_Style\run_511\outputs\cast_smoke2\results_cast\photo\run511_cast\test_latest
loading the model from G:\GitHub\Latent_Style\run_511\outputs\cast_smoke2\checkpoints\run511_cast\latest_net_AE.pth
Traceback (most recent call last):
  File "G:\GitHub\Latent_Style\run_511\repos\cast\test.py", line 28, in <module>
    model.setup(opt)               # regular setup: load and print networks; create schedulers
    ^^^^^^^^^^^^^^^^
  File "G:\GitHub\Latent_Style\run_511\repos\cast\models\base_model.py", line 99, in setup
    self.load_networks(load_suffix)
  File "G:\GitHub\Latent_Style\run_511\repos\cast\models\base_model.py", line 217, in load_networks
    state_dict = torch.load(load_path, map_location=str(self.device))
                 ^^^^^^^^^^^^^^^^^^^^^^^^^^^^^^^^^^^^^^^^^^^^^^^^^^^^
  File "C:\Users\xy\AppData\Local\Programs\Python\Python312\Lib\site-packages\torch\serialization.py", line 1530, in load
    with _open_file_like(f, "rb") as opened_file:
         ^^^^^^^^^^^^^^^^^^^^^^^^
  File "C:\Users\xy\AppData\Local\Programs\Python\Python312\Lib\site-packages\torch\serialization.py", line 795, in _open_file_like
    return _open_file(name_or_buffer, mode)
           ^^^^^^^^^^^^^^^^^^^^^^^^^^^^^^^^
  File "C:\Users\xy\AppData\Local\Programs\Python\Python312\Lib\site-packages\torch\serialization.py", line 776, in __init__
    super().__init__(open(name, mode))  # noqa: SIM115
                     ^^^^^^^^^^^^^^^^
FileNotFoundError: [Errno 2] No such file or directory: 'G:\\GitHub\\Latent_Style\\run_511\\outputs\\cast_smoke2\\checkpoints\\run511_cast\\latest_net_AE.pth'
