Initial Win CP for (console input, console output, system): (CP936, CP65001, CP936)
I changed them all to CP936
Rc files read:
  NONE
Latexmk: This is Latexmk, John Collins, 15 June 2025. Version 4.87.
Force everything to be remade.
Latexmk: applying rule 'bibtex paper'...
Rule 'bibtex paper':  Reasons for rerun
Category 'other':
  Rerun of 'bibtex paper' forced or previously required:
    Reason or flag: 'go_mode'

------------
Run number 1 of rule 'bibtex paper'
------------
------------
Running 'bibtex  "paper.aux"'
------------
This is BibTeX, Version 0.99e (TeX Live 2026)
The top-level auxiliary file: paper.aux
The style file: aaai2027.bst
Database file #1: refs.bib
Latexmk: applying rule 'pdflatex'...
Rule 'pdflatex':  Reasons for rerun
Category 'other':
  Rerun of 'pdflatex' forced or previously required:
    Reason or flag: 'go_mode'

------------
Run number 1 of rule 'pdflatex'
------------
------------
Running 'pdflatex  -interaction=nonstopmode -halt-on-error -recorder  "paper.tex"'
------------
This is pdfTeX, Version 3.141592653-2.6-1.40.29 (TeX Live 2026) (preloaded format=pdflatex)
 restricted \write18 enabled.
entering extended mode
(./paper.tex
LaTeX2e <2025-11-01>
L3 programming layer <2026-01-19>
(c:/texlive/2026/texmf-dist/tex/latex/base/article.cls
Document Class: article 2025/01/22 v1.4n Standard LaTeX document class
(c:/texlive/2026/texmf-dist/tex/latex/base/size10.clo)) (./aaai2027.sty
Conference Style for AAAI for LaTeX 2e
(c:/texlive/2026/texmf-dist/tex/generic/iftex/iftex.sty)
(c:/texlive/2026/texmf-dist/tex/latex/base/fontenc.sty)
(c:/texlive/2026/texmf-dist/tex/latex/newtx/newtxtext.sty
`newtxtext' v1.744, 2024/04/01 Text macros taking advantage of TeXGyre Termes a
nd its extensions (msharpe)
(c:/texlive/2026/texmf-dist/tex/latex/xpatch/xpatch.sty
(c:/texlive/2026/texmf-dist/tex/latex/l3kernel/expl3.sty
(c:/texlive/2026/texmf-dist/tex/latex/l3backend/l3backend-pdftex.def))
(c:/texlive/2026/texmf-dist/tex/latex/l3packages/xparse/xparse.sty)
(c:/texlive/2026/texmf-dist/tex/latex/etoolbox/etoolbox.sty))
(c:/texlive/2026/texmf-dist/tex/latex/xcolor/xcolor.sty
(c:/texlive/2026/texmf-dist/tex/latex/graphics-cfg/color.cfg)
(c:/texlive/2026/texmf-dist/tex/latex/graphics-def/pdftex.def)
(c:/texlive/2026/texmf-dist/tex/latex/graphics/mathcolor.ltx))
(c:/texlive/2026/texmf-dist/tex/latex/xkeyval/xkeyval.sty
(c:/texlive/2026/texmf-dist/tex/generic/xkeyval/xkeyval.tex
(c:/texlive/2026/texmf-dist/tex/generic/xkeyval/xkvutils.tex
(c:/texlive/2026/texmf-dist/tex/generic/xkeyval/keyval.tex))))
(c:/texlive/2026/texmf-dist/tex/latex/base/textcomp.sty)
(c:/texlive/2026/texmf-dist/tex/generic/xstring/xstring.sty
(c:/texlive/2026/texmf-dist/tex/generic/xstring/xstring.tex))
(c:/texlive/2026/texmf-dist/tex/latex/base/ifthen.sty)
(c:/texlive/2026/texmf-dist/tex/latex/carlisle/scalefnt.sty)
(c:/texlive/2026/texmf-dist/tex/generic/kastrup/binhex.tex)
(c:/texlive/2026/texmf-dist/tex/latex/fontaxes/fontaxes.sty
(c:/texlive/2026/texmf-dist/tex/latex/figureversions/figureversions.sty)))
(c:/texlive/2026/texmf-dist/tex/latex/psnfss/helvet.sty)
(c:/texlive/2026/texmf-dist/tex/latex/psnfss/courier.sty)
(c:/texlive/2026/texmf-dist/tex/latex/placeins/placeins.sty))
(c:/texlive/2026/texmf-dist/tex/latex/url/url.sty)
(c:/texlive/2026/texmf-dist/tex/latex/graphics/graphicx.sty
(c:/texlive/2026/texmf-dist/tex/latex/graphics/graphics.sty
(c:/texlive/2026/texmf-dist/tex/latex/graphics/trig.sty)
(c:/texlive/2026/texmf-dist/tex/latex/graphics-cfg/graphics.cfg)))
(c:/texlive/2026/texmf-dist/tex/latex/natbib/natbib.sty)
(c:/texlive/2026/texmf-dist/tex/latex/caption/caption.sty
(c:/texlive/2026/texmf-dist/tex/latex/caption/caption3.sty))
(c:/texlive/2026/texmf-dist/tex/latex/amsmath/amsmath.sty
For additional information on amsmath, use the `?' option.
(c:/texlive/2026/texmf-dist/tex/latex/amsmath/amstext.sty
(c:/texlive/2026/texmf-dist/tex/latex/amsmath/amsgen.sty))
(c:/texlive/2026/texmf-dist/tex/latex/amsmath/amsbsy.sty)
(c:/texlive/2026/texmf-dist/tex/latex/amsmath/amsopn.sty))
(c:/texlive/2026/texmf-dist/tex/latex/amsfonts/amssymb.sty
(c:/texlive/2026/texmf-dist/tex/latex/amsfonts/amsfonts.sty))
(c:/texlive/2026/texmf-dist/tex/latex/amscls/amsthm.sty)
(c:/texlive/2026/texmf-dist/tex/latex/booktabs/booktabs.sty)
(c:/texlive/2026/texmf-dist/tex/latex/multirow/multirow.sty)
(c:/texlive/2026/texmf-dist/tex/latex/sttools/cuted.sty)
(c:/texlive/2026/texmf-dist/tex/latex/newtx/t1ntxtlf.fd) (./paper.aux)
(c:/texlive/2026/texmf-dist/tex/context/base/mkii/supp-pdf.mkii
[Loading MPS to PDF converter (version 2006.09.02).]
) (c:/texlive/2026/texmf-dist/tex/latex/epstopdf-pkg/epstopdf-base.sty
(c:/texlive/2026/texmf-dist/tex/latex/latexconfig/epstopdf-sys.cfg))
(c:/texlive/2026/texmf-dist/tex/latex/amsfonts/umsa.fd)
(c:/texlive/2026/texmf-dist/tex/latex/amsfonts/umsb.fd) [1{c:/texlive/2026/texm
f-var/fonts/map/pdftex/updmap/pdftex.map}{c:/texlive/2026/texmf-dist/fonts/enc/
dvips/newtx/ntx-ec-tlf.enc} <./fig_distinct5_page1_summary.pdf>]
Underfull \hbox (badness 1383) in paragraph at lines 83--85
\T1/ntxtlf/m/n/10 multi-scale de-com-po-si-tions as feature-processing mod-

Underfull \hbox (badness 4266) in paragraph at lines 151--154
\T1/ntxtlf/m/n/10 Let $\OMS/cmsy/m/n/10 W\OT1/cmr/m/n/10 (\OML/cmm/m/it/10 z[]\
OT1/cmr/m/n/10 ) = (\OML/cmm/m/it/10 `[]; h[]; h[]; h[]\OT1/cmr/m/n/10 )$ \T1/n
txtlf/m/n/10 and $\OMS/cmsy/m/n/10 W\OT1/cmr/m/n/10 (\OML/cmm/m/it/10 u[]\OT1/c
mr/m/n/10 ) =

Underfull \hbox (badness 10000) in paragraph at lines 151--154
\OT1/cmr/m/n/10 (\OML/cmm/m/it/10 u[]; u[]; u[]; u[]\OT1/cmr/m/n/10 )$\T1/ntxtl
f/m/n/10 . The WEAVE model re-ceives

Underfull \hbox (badness 2809) in paragraph at lines 151--154
\OT1/cmr/m/n/10 (\OML/cmm/m/it/10 `[]; h[]; h[]; h[]\OT1/cmr/m/n/10 )$ \T1/ntxt
lf/m/n/10 and pre-dicts three ve-loc-ity heads

Underfull \hbox (badness 2253) in paragraph at lines 169--171
[]\T1/ntxtlf/m/n/10 The pre-dicted one-step end-point is $[] \OT1/cmr/m/n/10 = 
\OML/cmm/m/it/10 z[] \OT1/cmr/m/n/10 +
[2]
Underfull \hbox (badness 4291) in paragraph at lines 210--218
\OMS/cmsy/m/n/10 f\OT1/cmr/m/n/10 1\OML/cmm/m/it/10 ; \OT1/cmr/m/n/10 2\OML/cmm
/m/it/10 ; \OT1/cmr/m/n/10 3\OMS/cmsy/m/n/10 g$\T1/ntxtlf/m/n/10 , the whitenin
g-coloring map is $\OML/cmm/m/it/10 T[]\OT1/cmr/m/n/10 (\OML/cmm/m/it/10 a\OT1/
cmr/m/n/10 ) =
[3 <./fig_probe_frequency.pdf>] [4 <./framework_sfm_main.png> <./fig_probe_styl
e.pdf>]
Underfull \vbox (badness 10000) has occurred while \output is active [5 <./fig_
teaser_comparison.png (PNG copy)> <./radar_baselines_14.png>]
Underfull \vbox (badness 10000) has occurred while \output is active [6]
(./paper.bbl) [7] (./paper.aux) )
(see the transcript file for additional information)<c:/texlive/2026/texmf-dist
/fonts/type1/public/amsfonts/cm/cmbx10.pfb><c:/texlive/2026/texmf-dist/fonts/ty
pe1/public/amsfonts/cm/cmex10.pfb><c:/texlive/2026/texmf-dist/fonts/type1/publi
c/amsfonts/cm/cmmi10.pfb><c:/texlive/2026/texmf-dist/fonts/type1/public/amsfont
s/cm/cmmi6.pfb><c:/texlive/2026/texmf-dist/fonts/type1/public/amsfonts/cm/cmmi7
.pfb><c:/texlive/2026/texmf-dist/fonts/type1/public/amsfonts/cm/cmr10.pfb><c:/t
exlive/2026/texmf-dist/fonts/type1/public/amsfonts/cm/cmr6.pfb><c:/texlive/2026
/texmf-dist/fonts/type1/public/amsfonts/cm/cmr7.pfb><c:/texlive/2026/texmf-dist
/fonts/type1/public/amsfonts/cm/cmr9.pfb><c:/texlive/2026/texmf-dist/fonts/type
1/public/amsfonts/cm/cmsy10.pfb><c:/texlive/2026/texmf-dist/fonts/type1/public/
amsfonts/cm/cmsy7.pfb><c:/texlive/2026/texmf-dist/fonts/type1/public/amsfonts/c
m/cmsy9.pfb><c:/texlive/2026/texmf-dist/fonts/type1/public/amsfonts/symbols/msb
m10.pfb><c:/texlive/2026/texmf-dist/fonts/type1/public/newtx/ztmb.pfb><c:/texli
ve/2026/texmf-dist/fonts/type1/public/newtx/ztmr.pfb><c:/texlive/2026/texmf-dis
t/fonts/type1/public/newtx/ztmri.pfb>
Output written on paper.pdf (7 pages, 1877809 bytes).
Transcript written on paper.log.
Latexmk: Getting log file 'paper.log'
Latexmk: Examining 'paper.fls'
Latexmk: Examining 'paper.log'
Latexmk: Found input bbl file 'paper.bbl'
Latexmk: Log file says output to 'paper.pdf'
  ===Source file 'paper.bbl' for 'pdflatex'
Latexmk: Using bibtex to make bibliography file(s).
Latexmk: Found bibliography file(s):
  ./refs.bib
Latexmk: All targets (paper.pdf) are up-to-date
Reverting Windows console CPs to (in,out) = (936,65001)

