This is pdfTeX, Version 3.141592653-2.6-1.40.29 (TeX Live 2026) (preloaded format=pdflatex 2026.4.11)  16 JUL 2026 20:52
entering extended mode
 restricted \write18 enabled.
 %&-line parsing enabled.
**supplement.tex
(./supplement.tex
LaTeX2e <2025-11-01>
L3 programming layer <2026-01-19>
(c:/texlive/2026/texmf-dist/tex/latex/base/article.cls
Document Class: article 2025/01/22 v1.4n Standard LaTeX document class
(c:/texlive/2026/texmf-dist/tex/latex/base/size10.clo
File: size10.clo 2025/01/22 v1.4n Standard LaTeX file (size option)
)
\c@part=\count275
\c@section=\count276
\c@subsection=\count277
\c@subsubsection=\count278
\c@paragraph=\count279
\c@subparagraph=\count280
\c@figure=\count281
\c@table=\count282
\abovecaptionskip=\skip49
\belowcaptionskip=\skip50
\bibindent=\dimen148
)
(c:/texlive/2026/texmf-dist/tex/latex/geometry/geometry.sty
Package: geometry 2020/01/02 v5.9 Page Geometry

(c:/texlive/2026/texmf-dist/tex/latex/graphics/keyval.sty
Package: keyval 2022/05/29 v1.15 key=value parser (DPC)
\KV@toks@=\toks17
)
(c:/texlive/2026/texmf-dist/tex/generic/iftex/ifvtex.sty
Package: ifvtex 2019/10/25 v1.7 ifvtex legacy package. Use iftex instead.

(c:/texlive/2026/texmf-dist/tex/generic/iftex/iftex.sty
Package: iftex 2024/12/12 v1.0g TeX engine tests
))
\Gm@cnth=\count283
\Gm@cntv=\count284
\c@Gm@tempcnt=\count285
\Gm@bindingoffset=\dimen149
\Gm@wd@mp=\dimen150
\Gm@odd@mp=\dimen151
\Gm@even@mp=\dimen152
\Gm@layoutwidth=\dimen153
\Gm@layoutheight=\dimen154
\Gm@layouthoffset=\dimen155
\Gm@layoutvoffset=\dimen156
\Gm@dimlist=\toks18
)
(c:/texlive/2026/texmf-dist/tex/latex/base/fontenc.sty
Package: fontenc 2025/07/18 v2.1d Standard LaTeX package
)
(c:/texlive/2026/texmf-dist/tex/latex/base/inputenc.sty
Package: inputenc 2024/02/08 v1.3d Input encoding file
\inpenc@prehook=\toks19
\inpenc@posthook=\toks20
)
(c:/texlive/2026/texmf-dist/tex/latex/lm/lmodern.sty
Package: lmodern 2015/05/01 v1.6.1 Latin Modern Fonts
LaTeX Font Info:    Overwriting symbol font `operators' in version `normal'
(Font)                  OT1/cmr/m/n --> OT1/lmr/m/n on input line 22.
LaTeX Font Info:    Overwriting symbol font `letters' in version `normal'
(Font)                  OML/cmm/m/it --> OML/lmm/m/it on input line 23.
LaTeX Font Info:    Overwriting symbol font `symbols' in version `normal'
(Font)                  OMS/cmsy/m/n --> OMS/lmsy/m/n on input line 24.
LaTeX Font Info:    Overwriting symbol font `largesymbols' in version `normal'
(Font)                  OMX/cmex/m/n --> OMX/lmex/m/n on input line 25.
LaTeX Font Info:    Overwriting symbol font `operators' in version `bold'
(Font)                  OT1/cmr/bx/n --> OT1/lmr/bx/n on input line 26.
LaTeX Font Info:    Overwriting symbol font `letters' in version `bold'
(Font)                  OML/cmm/b/it --> OML/lmm/b/it on input line 27.
LaTeX Font Info:    Overwriting symbol font `symbols' in version `bold'
(Font)                  OMS/cmsy/b/n --> OMS/lmsy/b/n on input line 28.
LaTeX Font Info:    Overwriting symbol font `largesymbols' in version `bold'
(Font)                  OMX/cmex/m/n --> OMX/lmex/m/n on input line 29.
LaTeX Font Info:    Overwriting math alphabet `\mathbf' in version `normal'
(Font)                  OT1/cmr/bx/n --> OT1/lmr/bx/n on input line 31.
LaTeX Font Info:    Overwriting math alphabet `\mathsf' in version `normal'
(Font)                  OT1/cmss/m/n --> OT1/lmss/m/n on input line 32.
LaTeX Font Info:    Overwriting math alphabet `\mathit' in version `normal'
(Font)                  OT1/cmr/m/it --> OT1/lmr/m/it on input line 33.
LaTeX Font Info:    Overwriting math alphabet `\mathtt' in version `normal'
(Font)                  OT1/cmtt/m/n --> OT1/lmtt/m/n on input line 34.
LaTeX Font Info:    Overwriting math alphabet `\mathbf' in version `bold'
(Font)                  OT1/cmr/bx/n --> OT1/lmr/bx/n on input line 35.
LaTeX Font Info:    Overwriting math alphabet `\mathsf' in version `bold'
(Font)                  OT1/cmss/bx/n --> OT1/lmss/bx/n on input line 36.
LaTeX Font Info:    Overwriting math alphabet `\mathit' in version `bold'
(Font)                  OT1/cmr/bx/it --> OT1/lmr/bx/it on input line 37.
LaTeX Font Info:    Overwriting math alphabet `\mathtt' in version `bold'
(Font)                  OT1/cmtt/m/n --> OT1/lmtt/m/n on input line 38.
)
(c:/texlive/2026/texmf-dist/tex/latex/microtype/microtype.sty
Package: microtype 2026/03/01 v3.2d Micro-typographical refinements (RS)

(c:/texlive/2026/texmf-dist/tex/latex/etoolbox/etoolbox.sty
Package: etoolbox 2025/10/02 v2.5m e-TeX tools for LaTeX (JAW)
\etb@tempcnta=\count286
)
\MT@toks=\toks21
\MT@tempbox=\box53
\MT@count=\count287
LaTeX Info: Redefining \noprotrusionifhmode on input line 1084.
LaTeX Info: Redefining \leftprotrusion on input line 1085.
\MT@prot@toks=\toks22
LaTeX Info: Redefining \rightprotrusion on input line 1104.
LaTeX Info: Redefining \textls on input line 1449.
\MT@outer@kern=\dimen157
LaTeX Info: Redefining \microtypecontext on input line 2053.
LaTeX Info: Redefining \textmicrotypecontext on input line 2070.
\MT@listname@count=\count288

(c:/texlive/2026/texmf-dist/tex/latex/microtype/microtype-pdftex.def
File: microtype-pdftex.def 2026/03/01 v3.2d Definitions specific to pdftex (RS)

LaTeX Info: Redefining \lsstyle on input line 944.
LaTeX Info: Redefining \lslig on input line 944.
\MT@outer@space=\skip51
)
Package microtype Info: Loading configuration file microtype.cfg.

(c:/texlive/2026/texmf-dist/tex/latex/microtype/microtype.cfg
File: microtype.cfg 2026/03/01 v3.2d microtype main configuration file (RS)
)
LaTeX Info: Redefining \microtypesetup on input line 3065.
)
(c:/texlive/2026/texmf-dist/tex/latex/amsmath/amsmath.sty
Package: amsmath 2025/07/09 v2.17z AMS math features
\@mathmargin=\skip52

For additional information on amsmath, use the `?' option.
(c:/texlive/2026/texmf-dist/tex/latex/amsmath/amstext.sty
Package: amstext 2024/11/17 v2.01 AMS text

(c:/texlive/2026/texmf-dist/tex/latex/amsmath/amsgen.sty
File: amsgen.sty 1999/11/30 v2.0 generic functions
\@emptytoks=\toks23
\ex@=\dimen158
))
(c:/texlive/2026/texmf-dist/tex/latex/amsmath/amsbsy.sty
Package: amsbsy 1999/11/29 v1.2d Bold Symbols
\pmbraise@=\dimen159
)
(c:/texlive/2026/texmf-dist/tex/latex/amsmath/amsopn.sty
Package: amsopn 2022/04/08 v2.04 operator names
)
\inf@bad=\count289
LaTeX Info: Redefining \frac on input line 233.
\uproot@=\count290
\leftroot@=\count291
LaTeX Info: Redefining \overline on input line 398.
LaTeX Info: Redefining \colon on input line 409.
\classnum@=\count292
\DOTSCASE@=\count293
LaTeX Info: Redefining \ldots on input line 495.
LaTeX Info: Redefining \dots on input line 498.
LaTeX Info: Redefining \cdots on input line 619.
\Mathstrutbox@=\box54
\strutbox@=\box55
LaTeX Info: Redefining \big on input line 721.
LaTeX Info: Redefining \Big on input line 722.
LaTeX Info: Redefining \bigg on input line 723.
LaTeX Info: Redefining \Bigg on input line 724.
\big@size=\dimen160
LaTeX Font Info:    Redeclaring font encoding OML on input line 742.
LaTeX Font Info:    Redeclaring font encoding OMS on input line 743.
\macc@depth=\count294
LaTeX Info: Redefining \bmod on input line 904.
LaTeX Info: Redefining \pmod on input line 909.
LaTeX Info: Redefining \smash on input line 939.
LaTeX Info: Redefining \relbar on input line 969.
LaTeX Info: Redefining \Relbar on input line 970.
\c@MaxMatrixCols=\count295
\dotsspace@=\muskip17
\c@parentequation=\count296
\dspbrk@lvl=\count297
\tag@help=\toks24
\row@=\count298
\column@=\count299
\maxfields@=\count300
\andhelp@=\toks25
\eqnshift@=\dimen161
\alignsep@=\dimen162
\tagshift@=\dimen163
\tagwidth@=\dimen164
\totwidth@=\dimen165
\lineht@=\dimen166
\@envbody=\toks26
\multlinegap=\skip53
\multlinetaggap=\skip54
\mathdisplay@stack=\toks27
LaTeX Info: Redefining \[ on input line 2950.
LaTeX Info: Redefining \] on input line 2951.
)
(c:/texlive/2026/texmf-dist/tex/latex/booktabs/booktabs.sty
Package: booktabs 2020/01/12 v1.61803398 Publication quality tables
\heavyrulewidth=\dimen167
\lightrulewidth=\dimen168
\cmidrulewidth=\dimen169
\belowrulesep=\dimen170
\belowbottomsep=\dimen171
\aboverulesep=\dimen172
\abovetopsep=\dimen173
\cmidrulesep=\dimen174
\cmidrulekern=\dimen175
\defaultaddspace=\dimen176
\@cmidla=\count301
\@cmidlb=\count302
\@aboverulesep=\dimen177
\@belowrulesep=\dimen178
\@thisruleclass=\count303
\@lastruleclass=\count304
\@thisrulewidth=\dimen179
)
(c:/texlive/2026/texmf-dist/tex/latex/tools/longtable.sty
Package: longtable 2025-10-13 v4.24 Multi-page Table package (DPC)
\LTleft=\skip55
\LTright=\skip56
\LTpre=\skip57
\LTpost=\skip58
\LTchunksize=\count305
\LTcapwidth=\dimen180
\LT@head=\box56
\LT@firsthead=\box57
\LT@foot=\box58
\LT@lastfoot=\box59
\LT@gbox=\box60
\LT@cols=\count306
\LT@rows=\count307
\c@LT@tables=\count308
\c@LT@chunks=\count309
\LT@p@ftn=\toks28
)
(c:/texlive/2026/texmf-dist/tex/latex/tools/array.sty
Package: array 2025/09/25 v2.6n Tabular extension package (FMi)
\col@sep=\dimen181
\ar@mcellbox=\box61
\extrarowheight=\dimen182
\NC@list=\toks29
\extratabsurround=\skip59
\backup@length=\skip60
\ar@cellbox=\box62
)
(c:/texlive/2026/texmf-dist/tex/latex/tools/tabularx.sty
Package: tabularx 2023/12/11 v2.12a `tabularx' package (DPC)
\TX@col@width=\dimen183
\TX@old@table=\dimen184
\TX@old@col=\dimen185
\TX@target=\dimen186
\TX@delta=\dimen187
\TX@cols=\count310
\TX@ftn=\toks30
)
(c:/texlive/2026/texmf-dist/tex/latex/graphics/graphicx.sty
Package: graphicx 2024/12/31 v1.2e Enhanced LaTeX Graphics (DPC,SPQR)

(c:/texlive/2026/texmf-dist/tex/latex/graphics/graphics.sty
Package: graphics 2024/08/06 v1.4g Standard LaTeX Graphics (DPC,SPQR)

(c:/texlive/2026/texmf-dist/tex/latex/graphics/trig.sty
Package: trig 2023/12/02 v1.11 sin cos tan (DPC)
)
(c:/texlive/2026/texmf-dist/tex/latex/graphics-cfg/graphics.cfg
File: graphics.cfg 2016/06/04 v1.11 sample graphics configuration
)
Package graphics Info: Driver file: pdftex.def on input line 106.

(c:/texlive/2026/texmf-dist/tex/latex/graphics-def/pdftex.def
File: pdftex.def 2025/09/29 v1.2d Graphics/color driver for pdftex
))
\Gin@req@height=\dimen188
\Gin@req@width=\dimen189
)
(c:/texlive/2026/texmf-dist/tex/latex/caption/caption.sty
Package: caption 2023/08/05 v3.6o Customizing captions (AR)

(c:/texlive/2026/texmf-dist/tex/latex/caption/caption3.sty
Package: caption3 2023/07/31 v2.4d caption3 kernel (AR)
\caption@tempdima=\dimen190
\captionmargin=\dimen191
\caption@leftmargin=\dimen192
\caption@rightmargin=\dimen193
\caption@width=\dimen194
\caption@indent=\dimen195
\caption@parindent=\dimen196
\caption@hangindent=\dimen197
Package caption Info: Standard document class detected.
)
\c@caption@flags=\count311
\c@continuedfloat=\count312
Package caption Info: longtable package is loaded.

(c:/texlive/2026/texmf-dist/tex/latex/caption/ltcaption.sty
Package: ltcaption 2021/01/08 v1.4c longtable captions (AR)
))
(c:/texlive/2026/texmf-dist/tex/latex/xcolor/xcolor.sty
Package: xcolor 2024/09/29 v3.02 LaTeX color extensions (UK)

(c:/texlive/2026/texmf-dist/tex/latex/graphics-cfg/color.cfg
File: color.cfg 2016/01/02 v1.6 sample color configuration
)
Package xcolor Info: Driver file: pdftex.def on input line 274.

(c:/texlive/2026/texmf-dist/tex/latex/graphics/mathcolor.ltx)
Package xcolor Info: Model `cmy' substituted by `cmy0' on input line 1349.
Package xcolor Info: Model `hsb' substituted by `rgb' on input line 1353.
Package xcolor Info: Model `RGB' extended on input line 1365.
Package xcolor Info: Model `HTML' substituted by `rgb' on input line 1367.
Package xcolor Info: Model `Hsb' substituted by `hsb' on input line 1368.
Package xcolor Info: Model `tHsb' substituted by `hsb' on input line 1369.
Package xcolor Info: Model `HSB' substituted by `hsb' on input line 1370.
Package xcolor Info: Model `Gray' substituted by `gray' on input line 1371.
Package xcolor Info: Model `wave' substituted by `hsb' on input line 1372.
)
(c:/texlive/2026/texmf-dist/tex/latex/enumitem/enumitem.sty
Package: enumitem 2025/02/06 v3.11 Customized lists
\labelindent=\skip61
\enit@outerparindent=\dimen198
\enit@toks=\toks31
\enit@inbox=\box63
\enit@count@id=\count313
\enitdp@description=\count314
)
(c:/texlive/2026/texmf-dist/tex/latex/hyperref/hyperref.sty
Package: hyperref 2026-01-29 v7.01p Hypertext links for LaTeX

(c:/texlive/2026/texmf-dist/tex/latex/kvsetkeys/kvsetkeys.sty
Package: kvsetkeys 2022-10-05 v1.19 Key value parser (HO)
)
(c:/texlive/2026/texmf-dist/tex/generic/kvdefinekeys/kvdefinekeys.sty
Package: kvdefinekeys 2019-12-19 v1.6 Define keys (HO)
)
(c:/texlive/2026/texmf-dist/tex/generic/pdfescape/pdfescape.sty
Package: pdfescape 2019/12/09 v1.15 Implements pdfTeX's escape features (HO)

(c:/texlive/2026/texmf-dist/tex/generic/ltxcmds/ltxcmds.sty
Package: ltxcmds 2023-12-04 v1.26 LaTeX kernel commands for general use (HO)
)
(c:/texlive/2026/texmf-dist/tex/generic/pdftexcmds/pdftexcmds.sty
Package: pdftexcmds 2020-06-27 v0.33 Utility functions of pdfTeX for LuaTeX (HO
)

(c:/texlive/2026/texmf-dist/tex/generic/infwarerr/infwarerr.sty
Package: infwarerr 2019/12/03 v1.5 Providing info/warning/error messages (HO)
)
Package pdftexcmds Info: \pdf@primitive is available.
Package pdftexcmds Info: \pdf@ifprimitive is available.
Package pdftexcmds Info: \pdfdraftmode found.
))
(c:/texlive/2026/texmf-dist/tex/latex/hycolor/hycolor.sty
Package: hycolor 2020-01-27 v1.10 Color options for hyperref/bookmark (HO)
)
(c:/texlive/2026/texmf-dist/tex/latex/hyperref/nameref.sty
Package: nameref 2026-01-29 v2.58 Cross-referencing by name of section

(c:/texlive/2026/texmf-dist/tex/latex/refcount/refcount.sty
Package: refcount 2019/12/15 v3.6 Data extraction from label references (HO)
)
(c:/texlive/2026/texmf-dist/tex/generic/gettitlestring/gettitlestring.sty
Package: gettitlestring 2019/12/15 v1.6 Cleanup title references (HO)

(c:/texlive/2026/texmf-dist/tex/latex/kvoptions/kvoptions.sty
Package: kvoptions 2022-06-15 v3.15 Key value format for package options (HO)
))
\c@section@level=\count315
)
(c:/texlive/2026/texmf-dist/tex/generic/stringenc/stringenc.sty
Package: stringenc 2019/11/29 v1.12 Convert strings between diff. encodings (HO
)
)
\@linkdim=\dimen199
\Hy@linkcounter=\count316
\Hy@pagecounter=\count317

(c:/texlive/2026/texmf-dist/tex/latex/hyperref/pd1enc.def
File: pd1enc.def 2026-01-29 v7.01p Hyperref: PDFDocEncoding definition (HO)
Now handling font encoding PD1 ...
... no UTF-8 mapping file for font encoding PD1
)
(c:/texlive/2026/texmf-dist/tex/generic/intcalc/intcalc.sty
Package: intcalc 2019/12/15 v1.3 Expandable calculations with integers (HO)
)
\Hy@SavedSpaceFactor=\count318

(c:/texlive/2026/texmf-dist/tex/latex/hyperref/puenc.def
File: puenc.def 2026-01-29 v7.01p Hyperref: PDF Unicode definition (HO)
Now handling font encoding PU ...
... no UTF-8 mapping file for font encoding PU
)
Package hyperref Info: Hyper figures OFF on input line 4201.
Package hyperref Info: Link nesting OFF on input line 4206.
Package hyperref Info: Hyper index ON on input line 4209.
Package hyperref Info: Plain pages OFF on input line 4216.
Package hyperref Info: Backreferencing OFF on input line 4221.
Package hyperref Info: Implicit mode ON; LaTeX internals redefined.
Package hyperref Info: Bookmarks ON on input line 4468.
\c@Hy@tempcnt=\count319

(c:/texlive/2026/texmf-dist/tex/latex/url/url.sty
\Urlmuskip=\muskip18
Package: url 2013/09/16  ver 3.4  Verb mode for urls, etc.
)
LaTeX Info: Redefining \url on input line 4807.
\XeTeXLinkMargin=\dimen256

(c:/texlive/2026/texmf-dist/tex/generic/bitset/bitset.sty
Package: bitset 2019/12/09 v1.3 Handle bit-vector datatype (HO)

(c:/texlive/2026/texmf-dist/tex/generic/bigintcalc/bigintcalc.sty
Package: bigintcalc 2019/12/15 v1.5 Expandable calculations on big integers (HO
)
))
\Fld@menulength=\count320
\Field@Width=\dimen257
\Fld@charsize=\dimen258
Package hyperref Info: Hyper figures OFF on input line 6084.
Package hyperref Info: Link nesting OFF on input line 6089.
Package hyperref Info: Hyper index ON on input line 6092.
Package hyperref Info: backreferencing OFF on input line 6099.
Package hyperref Info: Link coloring OFF on input line 6104.
Package hyperref Info: Link coloring with OCG OFF on input line 6109.
Package hyperref Info: PDF/A mode OFF on input line 6114.
\Hy@abspage=\count321
\c@Item=\count322
\c@Hfootnote=\count323
)
Package hyperref Info: Driver (autodetected): hpdftex.

(c:/texlive/2026/texmf-dist/tex/latex/hyperref/hpdftex.def
File: hpdftex.def 2026-01-29 v7.01p Hyperref driver for pdfTeX
\Fld@listcount=\count324
\c@bookmark@seq@number=\count325

(c:/texlive/2026/texmf-dist/tex/latex/rerunfilecheck/rerunfilecheck.sty
Package: rerunfilecheck 2025-06-21 v1.11 Rerun checks for auxiliary files (HO)

(c:/texlive/2026/texmf-dist/tex/generic/uniquecounter/uniquecounter.sty
Package: uniquecounter 2019/12/15 v1.4 Provide unlimited unique counter (HO)
)
Package uniquecounter Info: New unique counter `rerunfilecheck' on input line 2
84.
)
\Hy@SectionHShift=\skip62
)
(c:/texlive/2026/texmf-dist/tex/latex/listings/listings.sty
\lst@mode=\count326
\lst@gtempboxa=\box64
\lst@token=\toks32
\lst@length=\count327
\lst@currlwidth=\dimen259
\lst@column=\count328
\lst@pos=\count329
\lst@lostspace=\dimen260
\lst@width=\dimen261
\lst@newlines=\count330
\lst@lineno=\count331
\lst@maxwidth=\dimen262

(c:/texlive/2026/texmf-dist/tex/latex/listings/lstpatch.sty
File: lstpatch.sty 2025/11/14 1.11b (Carsten Heinz)
)
(c:/texlive/2026/texmf-dist/tex/latex/listings/lstmisc.sty
File: lstmisc.sty 2025/11/14 1.11b (Carsten Heinz)
\c@lstnumber=\count332
\lst@skipnumbers=\count333
\lst@framebox=\box65
)
(c:/texlive/2026/texmf-dist/tex/latex/listings/listings.cfg
File: listings.cfg 2025/11/14 1.11b listings configuration
))
Package: listings 2025/11/14 1.11b (Carsten Heinz)

==> First Aid for listings.sty no longer applied!
    Expected:
        2024/09/23 1.10c (Carsten Heinz)
    but found:
        2025/11/14 1.11b (Carsten Heinz)
    so I'm assuming it got fixed.
Package hyperref Info: Option `colorlinks' set `true' on input line 37.
LaTeX Font Info:    Trying to load font information for T1+lmr on input line 59
.
(c:/texlive/2026/texmf-dist/tex/latex/lm/t1lmr.fd
File: t1lmr.fd 2015/05/01 v1.6.1 Font defs for Latin Modern
)
(c:/texlive/2026/texmf-dist/tex/latex/l3backend/l3backend-pdftex.def
File: l3backend-pdftex.def 2025-10-09 L3 backend support: PDF output (pdfTeX)
\l__color_backend_stack_int=\count334
)
(./supplement.aux)
\openout1 = `supplement.aux'.

LaTeX Font Info:    Checking defaults for OML/cmm/m/it on input line 59.
LaTeX Font Info:    ... okay on input line 59.
LaTeX Font Info:    Checking defaults for OMS/cmsy/m/n on input line 59.
LaTeX Font Info:    ... okay on input line 59.
LaTeX Font Info:    Checking defaults for OT1/cmr/m/n on input line 59.
LaTeX Font Info:    ... okay on input line 59.
LaTeX Font Info:    Checking defaults for T1/cmr/m/n on input line 59.
LaTeX Font Info:    ... okay on input line 59.
LaTeX Font Info:    Checking defaults for TS1/cmr/m/n on input line 59.
LaTeX Font Info:    ... okay on input line 59.
LaTeX Font Info:    Checking defaults for OMX/cmex/m/n on input line 59.
LaTeX Font Info:    ... okay on input line 59.
LaTeX Font Info:    Checking defaults for U/cmr/m/n on input line 59.
LaTeX Font Info:    ... okay on input line 59.
LaTeX Font Info:    Checking defaults for PD1/pdf/m/n on input line 59.
LaTeX Font Info:    ... okay on input line 59.
LaTeX Font Info:    Checking defaults for PU/pdf/m/n on input line 59.
LaTeX Font Info:    ... okay on input line 59.

*geometry* driver: auto-detecting
*geometry* detected driver: pdftex
*geometry* verbose mode - [ preamble ] result:
* driver: pdftex
* paper: letterpaper
* layout: <same size as paper>
* layoutoffset:(h,v)=(0.0pt,0.0pt)
* modes: 
* h-part:(L,W,R)=(39.74872pt, 534.79756pt, 39.74872pt)
* v-part:(T,H,B)=(39.74872pt, 715.47255pt, 39.74872pt)
* \paperwidth=614.295pt
* \paperheight=794.96999pt
* \textwidth=534.79756pt
* \textheight=715.47255pt
* \oddsidemargin=-32.52127pt
* \evensidemargin=-32.52127pt
* \topmargin=-69.52127pt
* \headheight=12.0pt
* \headsep=25.0pt
* \topskip=10.0pt
* \footskip=30.0pt
* \marginparwidth=4.0pt
* \marginparsep=10.0pt
* \columnsep=15.89948pt
* \skip\footins=9.0pt plus 4.0pt minus 2.0pt
* \hoffset=0.0pt
* \voffset=0.0pt
* \mag=1000
* \@twocolumntrue
* \@twosidefalse
* \@mparswitchfalse
* \@reversemarginfalse
* (1in=72.27pt=25.4mm, 1cm=28.453pt)

LaTeX Info: Redefining \microtypecontext on input line 59.
Package microtype Info: Applying patch `item' on input line 59.
Package microtype Info: Applying patch `toc' on input line 59.
Package microtype Info: Applying patch `eqnum' on input line 59.
Package microtype Info: Applying patch `footnote' on input line 59.
Package microtype Info: Applying patch `verbatim' on input line 59.
LaTeX Info: Redefining \microtypesetup on input line 59.
Package microtype Info: Generating PDF output.
Package microtype Info: Character protrusion enabled (level 2).
Package microtype Info: Using default protrusion set `alltext'.
Package microtype Info: Automatic font expansion enabled (level 2),
(microtype)             stretch: 20, shrink: 20, step: 1, non-selected.
Package microtype Info: Using default expansion set `alltext-nott'.
Package microtype Info: Patching command `\showhyphens'.
Package microtype Info: No adjustment of tracking.
Package microtype Info: No adjustment of interword spacing.
Package microtype Info: No adjustment of character kerning.
(c:/texlive/2026/texmf-dist/tex/latex/microtype/mt-cmr.cfg
File: mt-cmr.cfg 2013/05/19 v2.2 microtype config. file: Computer Modern Roman 
(RS)
)
(c:/texlive/2026/texmf-dist/tex/context/base/mkii/supp-pdf.mkii
[Loading MPS to PDF converter (version 2006.09.02).]
\scratchcounter=\count335
\scratchdimen=\dimen263
\scratchbox=\box66
\nofMPsegments=\count336
\nofMParguments=\count337
\everyMPshowfont=\toks33
\MPscratchCnt=\count338
\MPscratchDim=\dimen264
\MPnumerator=\count339
\makeMPintoPDFobject=\count340
\everyMPtoPDFconversion=\toks34
) (c:/texlive/2026/texmf-dist/tex/latex/epstopdf-pkg/epstopdf-base.sty
Package: epstopdf-base 2020-01-24 v2.11 Base part for package epstopdf
Package epstopdf-base Info: Redefining graphics rule for `.eps' on input line 4
85.

(c:/texlive/2026/texmf-dist/tex/latex/latexconfig/epstopdf-sys.cfg
File: epstopdf-sys.cfg 2010/07/13 v1.3 Configuration of (r)epstopdf for TeX Liv
e
))
Package caption Info: Begin \AtBeginDocument code.
Package caption Info: hyperref package is loaded.
Package caption Info: listings package is loaded.
Package caption Info: End \AtBeginDocument code.
Package hyperref Info: Link coloring ON on input line 59.

(./supplement.out) (./supplement.out)
\@outlinefile=\write3
\openout3 = `supplement.out'.

\c@lstlisting=\count341
LaTeX Font Info:    Trying to load font information for OT1+lmr on input line 6
1.

(c:/texlive/2026/texmf-dist/tex/latex/lm/ot1lmr.fd
File: ot1lmr.fd 2015/05/01 v1.6.1 Font defs for Latin Modern
)
LaTeX Font Info:    Trying to load font information for OML+lmm on input line 6
1.

(c:/texlive/2026/texmf-dist/tex/latex/lm/omllmm.fd
File: omllmm.fd 2015/05/01 v1.6.1 Font defs for Latin Modern
)
LaTeX Font Info:    Trying to load font information for OMS+lmsy on input line 
61.

(c:/texlive/2026/texmf-dist/tex/latex/lm/omslmsy.fd
File: omslmsy.fd 2015/05/01 v1.6.1 Font defs for Latin Modern
)
LaTeX Font Info:    Trying to load font information for OMX+lmex on input line 
61.

(c:/texlive/2026/texmf-dist/tex/latex/lm/omxlmex.fd
File: omxlmex.fd 2015/05/01 v1.6.1 Font defs for Latin Modern
)
LaTeX Font Info:    External font `lmex10' loaded for size
(Font)              <12> on input line 61.
LaTeX Font Info:    External font `lmex10' loaded for size
(Font)              <8> on input line 61.
LaTeX Font Info:    External font `lmex10' loaded for size
(Font)              <6> on input line 61.
LaTeX Font Info:    Trying to load font information for T1+lmtt on input line 6
7.

(c:/texlive/2026/texmf-dist/tex/latex/lm/t1lmtt.fd
File: t1lmtt.fd 2015/05/01 v1.6.1 Font defs for Latin Modern
)
Package microtype Info: Loading generic protrusion settings for font family
(microtype)             `lmtt' (encoding: T1).
(microtype)             For optimal results, create family-specific settings.
(microtype)             See the microtype manual for details.
LaTeX Font Info:    Trying to load font information for TS1+lmr on input line 7
8.

(c:/texlive/2026/texmf-dist/tex/latex/lm/ts1lmr.fd
File: ts1lmr.fd 2015/05/01 v1.6.1 Font defs for Latin Modern
)
LaTeX Font Info:    External font `lmex10' loaded for size
(Font)              <10> on input line 78.
LaTeX Font Info:    External font `lmex10' loaded for size
(Font)              <7> on input line 78.
LaTeX Font Info:    External font `lmex10' loaded for size
(Font)              <5> on input line 78.

Underfull \hbox (badness 10000) in paragraph at lines 80--81
[]$\T1/lmtt/m/n/10 aaai2027 _ v4 / fig _ data / method _ probes . json$\T1/lmr/
m/n/10 (+20) :
 []


Underfull \hbox (badness 3108) in paragraph at lines 82--83
[]$\T1/lmtt/m/n/10 runs / submission / hf _ oriented _ internal _ early _
 []


Underfull \hbox (badness 3108) in paragraph at lines 83--84
[]$\T1/lmtt/m/n/10 runs / submission / hf _ oriented _ internal _ early _
 []


Underfull \hbox (badness 1881) in paragraph at lines 84--85
[]$\T1/lmtt/m/n/10 exp / model _ probe / inf _ timing / generation _ only _
 []

<supplement_figures/fig_exp_inventory.pdf, id=140, 260.86522pt x 179.93724pt>
File: supplement_figures/fig_exp_inventory.pdf Graphic file (type pdf)
<use supplement_figures/fig_exp_inventory.pdf>
Package pdftex.def Info: supplement_figures/fig_exp_inventory.pdf  used on inpu
t line 108.
(pdftex.def)             Requested size: 124.53442pt x 85.89938pt.

Underfull \hbox (badness 10000) in paragraph at lines 124--124
[]|\T1/lmr/m/n/10 (+20) Paper-facing
 []


Underfull \hbox (badness 10000) in paragraph at lines 124--124
[]|\T1/lmtt/m/n/10 dino_s_break\T1/lmr/m/n/10 (+20) , \T1/lmtt/m/n/10 main_tabl
e\T1/lmr/m/n/10 (+20) ,
 []


Underfull \hbox (badness 10000) in paragraph at lines 124--124
\T1/lmtt/m/n/10 bench_all_3060\T1/lmr/m/n/10 (+20) , \T1/lmtt/m/n/10 other5_eva
l\T1/lmr/m/n/10 (+20) ,
 []


Underfull \hbox (badness 3428) in paragraph at lines 124--124
\T1/lmr/m/n/10 (+20) sub-mis-sion ta-bles, tim-ing, and
 []


Underfull \hbox (badness 10000) in paragraph at lines 124--124
[]|\T1/lmr/m/n/10 (+20) Mechanism
 []


Underfull \hbox (badness 10000) in paragraph at lines 124--124
\T1/lmr/m/n/10 (+20) and in-fra
 []


Underfull \hbox (badness 10000) in paragraph at lines 124--124
[]|\T1/lmtt/m/n/10 model_probe\T1/lmr/m/n/10 (+20) , \T1/lmtt/m/n/10 infra_diag
\T1/lmr/m/n/10 (+20) ,
 []


Underfull \hbox (badness 10000) in paragraph at lines 124--124
\T1/lmtt/m/n/10 infra_infer_bench\T1/lmr/m/n/10 (+20) , \T1/lmtt/m/n/10 infra_o
pt\T1/lmr/m/n/10 (+20) ,
 []


Underfull \hbox (badness 10000) in paragraph at lines 124--124
\T1/lmr/m/n/10 (+20) speed, target-HF routes, and
 []


Underfull \hbox (badness 2237) in paragraph at lines 124--124
[]|\T1/lmr/m/n/10 (+20) Ablation di-
 []


Underfull \hbox (badness 1147) in paragraph at lines 124--124
[]|\T1/lmtt/m/n/10 ablation_*\T1/lmr/m/n/10 (+20) , \T1/lmtt/m/n/10 abl_*\T1/lm
r/m/n/10 (+20) , \T1/lmtt/m/n/10 sty_inject\T1/lmr/m/n/10 (+20) ,
 []


Underfull \hbox (badness 10000) in paragraph at lines 124--124
[]|\T1/lmr/m/n/10 (+20) Historical
 []


Underfull \hbox (badness 1194) in paragraph at lines 124--124
\T1/lmtt/m/n/10 hp_*\T1/lmr/m/n/10 (+20) , \T1/lmtt/m/n/10 evo_*\T1/lmr/m/n/10 
(+20) , and refac-tor runs.
 []


Underfull \vbox (badness 10000) has occurred while \output is active []

 [1{c:/texlive/2026/texmf-var/fonts/map/pdftex/updmap/pdftex.map}{c:/texlive/20
26/texmf-dist/fonts/enc/dvips/lm/lm-ec.enc}


{c:/texlive/2026/texmf-dist/fonts/enc/dvips/lm/lm-ts1.enc} <./supplement_figure
s/fig_exp_inventory.pdf>]
Underfull \hbox (badness 10000) in paragraph at lines 140--140
[]|\T1/lmr/m/n/10 (+20) Experiment out-put/checkpoint
 []

<supplement_figures/fig_repro_pipeline.pdf, id=205, 418.36302pt x 111.83783pt>
File: supplement_figures/fig_repro_pipeline.pdf Graphic file (type pdf)
<use supplement_figures/fig_repro_pipeline.pdf>
Package pdftex.def Info: supplement_figures/fig_repro_pipeline.pdf  used on inp
ut line 147.
(pdftex.def)             Requested size: 459.92622pt x 122.9537pt.

Underfull \hbox (badness 10000) in paragraph at lines 176--176
[]|\T1/lmr/m/n/8 (+20) Aggregated mechanism-probe
 []


Underfull \hbox (badness 6510) in paragraph at lines 176--176
[]|$\T1/lmtt/m/n/8 method _ probes _ run .
 []


Underfull \hbox (badness 10000) in paragraph at lines 176--176
[]|$\T1/lmtt/m/n/8 method _ probe _
 []


Underfull \hbox (badness 10000) in paragraph at lines 176--176
[]|$\T1/lmtt/m/n/8 method _ probe _
 []


Underfull \hbox (badness 10000) in paragraph at lines 176--176
[]|$\T1/lmtt/m/n/8 swd _ loss _
 []


Underfull \hbox (badness 10000) in paragraph at lines 176--176
[]|$\T1/lmtt/m/n/8 curve _ metrics _ hf .
 []

<supplement_figures/fig_dataset_boards.pdf, id=206, 421.02043pt x 180.13785pt>
File: supplement_figures/fig_dataset_boards.pdf Graphic file (type pdf)
<use supplement_figures/fig_dataset_boards.pdf>
Package pdftex.def Info: supplement_figures/fig_dataset_boards.pdf  used on inp
ut line 208.
(pdftex.def)             Requested size: 228.3164pt x 97.68803pt.

Underfull \hbox (badness 10000) in paragraph at lines 242--242
[]|$\T1/lmtt/m/n/8 <[]DATA _ ROOT >[] /wikiart _
 []


Underfull \hbox (badness 10000) in paragraph at lines 242--242
\T1/lmtt/m/n/8 distinct5 _ samam _ 512 _
 []


Underfull \hbox (badness 10000) in paragraph at lines 242--242
[]|$\T1/lmtt/m/n/8 <[]DATA _ ROOT >[] /wikiart _
 []


Underfull \hbox (badness 10000) in paragraph at lines 242--242
\T1/lmtt/m/n/8 distinct5 _ samam _ 512 _
 []


Underfull \hbox (badness 10000) in paragraph at lines 242--242
\T1/lmtt/m/n/8 latents _ ema / train /
 []


Underfull \hbox (badness 10000) in paragraph at lines 242--242
[]|$\T1/lmtt/m/n/8 <[]DATA _ ROOT >[] /wikiart _
 []


Underfull \hbox (badness 10000) in paragraph at lines 242--242
\T1/lmtt/m/n/8 distinct5 _ samam _ 512 _
 []


Underfull \hbox (badness 10000) in paragraph at lines 242--242
[]|$\T1/lmtt/m/n/8 <[]DATA _ ROOT >[] /wikiart _
 []


Underfull \hbox (badness 8038) in paragraph at lines 242--242
\T1/lmtt/m/n/8 distinct5 _ 512 _ images /
 []

[2{c:/texlive/2026/texmf-dist/fonts/enc/dvips/lm/lm-rm.enc}{c:/texlive/2026/tex
mf-dist/fonts/enc/dvips/lm/lm-mathsy.enc}{c:/texlive/2026/texmf-dist/fonts/enc/
dvips/lm/lm-mathit.enc}]
Underfull \vbox (badness 10000) has occurred while \output is active []


Underfull \hbox (badness 5217) in paragraph at lines 297--297
[]|\T1/lmr/m/n/10 (+20) NVIDIA GeForce RTX 3060,
 []


Underfull \hbox (badness 10000) in paragraph at lines 343--343
[]|$\T1/lmtt/m/n/10 experiments / architecture /
 []


Underfull \vbox (badness 10000) has occurred while \output is active []

 [3 <./supplement_figures/fig_repro_pipeline.pdf> <./supplement_figures/fig_dat
aset_boards.pdf>]
Underfull \hbox (badness 2035) in paragraph at lines 351--355
\T1/lmr/m/n/10 (+20) while the high-frequency tar-get uses the target-style
 []


Overfull \hbox (30.80911pt too wide) in paragraph at lines 391--391
[]|\T1/lmtt/m/n/8 model.target_latent_hf_subband_fusion_enabled| 
 []


Overfull \hbox (26.55911pt too wide) in paragraph at lines 391--391
[]|\T1/lmtt/m/n/8 model.target_latent_hf_head_fusion_gate_init| 
 []


Overfull \hbox (1.05911pt too wide) in paragraph at lines 391--391
[]|\T1/lmtt/m/n/8 bridge.training_target_projection_mode| 
 []


Overfull \hbox (63.58105pt too wide) in paragraph at lines 431--442
 [] 
 []

<supplement_figures/fig_training_audit.pdf, id=376, 476.65765pt x 138.60283pt>
File: supplement_figures/fig_training_audit.pdf Graphic file (type pdf)
<use supplement_figures/fig_training_audit.pdf>
Package pdftex.def Info: supplement_figures/fig_training_audit.pdf  used on inp
ut line 461.
(pdftex.def)             Requested size: 233.50255pt x 67.89693pt.

Underfull \hbox (badness 10000) in paragraph at lines 491--491
[]|$\T1/lmtt/m/n/8 utils / run _
 []


Underfull \vbox (badness 10000) has occurred while \output is active []

 [4 <./supplement_figures/fig_training_audit.pdf>]
Underfull \vbox (badness 10000) has occurred while \output is active []


Underfull \hbox (badness 10000) in paragraph at lines 539--539
[]|\T1/lmr/m/n/8 (+20) Baseline style
 []


Underfull \hbox (badness 8113) in paragraph at lines 539--539
[]|\T1/lmtt/m/n/8 style_id $\OMS/lmsy/m/n/8 !$ \T1/lmr/m/n/8 (+20) style
 []


Underfull \hbox (badness 10000) in paragraph at lines 539--539
\T1/lmr/m/n/8 (+20) mem-ory $\OMS/lmsy/m/n/8 !$ \T1/lmr/m/n/8 (+20) cross-
 []


Underfull \hbox (badness 10000) in paragraph at lines 539--539
[]|\T1/lmr/m/n/8 (+20) Global target-
 []


Underfull \hbox (badness 10000) in paragraph at lines 539--539
[]|\T1/lmr/m/n/8 (+20) target DWT-HF
 []


Underfull \hbox (badness 2142) in paragraph at lines 539--539
[]|\T1/lmr/m/n/8 (+20) Has suf-fi-cient ca-pac-ity,
 []


Underfull \hbox (badness 10000) in paragraph at lines 539--539
[]|\T1/lmr/m/n/8 (+20) Pooled sub-band
 []


Underfull \hbox (badness 10000) in paragraph at lines 539--539
[]|\T1/lmr/m/n/8 (+20) Current us-able path:
 []


Underfull \hbox (badness 10000) in paragraph at lines 539--539
\T1/lmr/m/n/8 (+20) stronger style sig-nal
 []


Underfull \hbox (badness 10000) in paragraph at lines 552--556
\T1/lmr/m/n/10 (+20) All probe rows be-low fine-tune from the same
 []


Underfull \hbox (badness 6893) in paragraph at lines 552--556
\T1/lmtt/m/n/10 brk_a_ll03_10ep \T1/lmr/m/n/10 (+20) check-point fam-ily and ar
e eval-u-
 []

[5{c:/texlive/2026/texmf-dist/fonts/enc/dvips/lm/lm-mathex.enc}]
Underfull \hbox (badness 1072) in paragraph at lines 589--589
[]|\T1/lmr/m/n/7 (+20) Reject: tar-get ge-om-e-try
 []


Underfull \hbox (badness 1540) in paragraph at lines 589--589
[]|\T1/lmr/m/n/7 (+20) Slight off-style gain but
 []


Underfull \hbox (badness 3724) in paragraph at lines 589--589
[]|\T1/lmr/m/n/7 (+20) More stationary-stat to-
 []


Underfull \hbox (badness 10000) in paragraph at lines 589--589
\T1/lmr/m/n/7 (+20) dis-turbs the pre-trained
 []


Underfull \hbox (badness 10000) in paragraph at lines 589--589
[]|\T1/lmr/m/n/7 (+20) Direction aux-il-iary im-
 []


Underfull \hbox (badness 1117) in paragraph at lines 589--589
\T1/lmr/m/n/7 (+20) dows both un-der-per-form
 []


Underfull \hbox (badness 3019) in paragraph at lines 589--589
[]|\T1/lmr/m/n/7 (+20) Removing style mem-ory
 []


Underfull \hbox (badness 10000) in paragraph at lines 589--589
[]|\T1/lmr/m/n/7 (+20) Explicit style-memory
 []

[6]
Underfull \hbox (badness 2261) in paragraph at lines 679--679
[]|\T1/lmr/m/n/8 (+20) Generated-image count for
 []

<supplement_figures/fig_timing_breakdown.pdf, id=459, 268.3011pt x 174.38814pt>

File: supplement_figures/fig_timing_breakdown.pdf Graphic file (type pdf)
<use supplement_figures/fig_timing_breakdown.pdf>
Package pdftex.def Info: supplement_figures/fig_timing_breakdown.pdf  used on i
nput line 693.
(pdftex.def)             Requested size: 145.29082pt x 94.43427pt.

Underfull \hbox (badness 1048) in paragraph at lines 748--750
 []\T1/lmr/bx/n/10 (+20) DINO-C.[] \T1/lmr/m/n/10 (+20) DINO-C mea-sures con-te
nt preser-va-tion as
 []

[7 <./supplement_figures/fig_timing_breakdown.pdf>]
Overfull \hbox (4.6066pt too wide) in paragraph at lines 834--843
 [] 
 []

<supplement_figures/fig_d5_metric_heatmap.pdf, id=523, 254.15453pt x 226.87198p
t>
File: supplement_figures/fig_d5_metric_heatmap.pdf Graphic file (type pdf)
<use supplement_figures/fig_d5_metric_heatmap.pdf>
Package pdftex.def Info: supplement_figures/fig_d5_metric_heatmap.pdf  used on 
input line 878.
(pdftex.def)             Requested size: 259.44904pt x 231.62444pt.
<supplement_figures/fig_d5_tradeoff.pdf, id=524, 302.70303pt x 221.65749pt>
File: supplement_figures/fig_d5_tradeoff.pdf Graphic file (type pdf)
<use supplement_figures/fig_d5_tradeoff.pdf>
Package pdftex.def Info: supplement_figures/fig_d5_tradeoff.pdf  used on input 
line 892.
(pdftex.def)             Requested size: 155.67099pt x 113.9942pt.
[8 <./supplement_figures/fig_d5_metric_heatmap.pdf> <./supplement_figures/fig_d
5_tradeoff.pdf>]
<supplement_figures/fig_cost_quality.pdf, id=680, 435.39804pt x 193.92123pt>
File: supplement_figures/fig_cost_quality.pdf Graphic file (type pdf)
<use supplement_figures/fig_cost_quality.pdf>
Package pdftex.def Info: supplement_figures/fig_cost_quality.pdf  used on input
 line 918.
(pdftex.def)             Requested size: 438.5379pt x 195.32922pt.

Underfull \hbox (badness 10000) in paragraph at lines 956--956
[]|\T1/lmr/m/n/8 (+20) Generated by copy-
 []


Underfull \hbox (badness 1137) in paragraph at lines 956--956
[]|\T1/lmr/m/n/8 (+20) CUT / SaMST /
 []


Underfull \hbox (badness 10000) in paragraph at lines 956--956
[]|\T1/lmr/m/n/8 (+20) Trained or re-
 []


Underfull \hbox (badness 4492) in paragraph at lines 956--956
\T1/lmr/m/n/8 (+20) evaluated where check-
 []


Underfull \hbox (badness 10000) in paragraph at lines 956--956
\T1/lmr/m/n/8 (+20) points/outputs were
 []


Underfull \hbox (badness 10000) in paragraph at lines 956--956
\T1/lmr/m/n/8 (+20) avail-able; train/infer
 []


Underfull \hbox (badness 1527) in paragraph at lines 956--956
\T1/lmr/m/n/8 (+20) times are mea-sured on
 []


Underfull \hbox (badness 10000) in paragraph at lines 956--956
\T1/lmr/m/n/8 (+20) com-pa-ra-ble hard-ware
 []


Underfull \hbox (badness 10000) in paragraph at lines 956--956
[]|\T1/lmr/m/n/8 (+20) SD-Turbo /
 []


Underfull \hbox (badness 2205) in paragraph at lines 956--956
\T1/lmr/m/n/8 (+20) StyleAligned / Z-
 []


Underfull \hbox (badness 10000) in paragraph at lines 956--956
[]|\T1/lmr/m/n/8 (+20) frozen-backbone
 []


Underfull \hbox (badness 5711) in paragraph at lines 956--956
[]|\T1/lmr/m/n/8 (+20) Large pre-trained back-
 []


Underfull \hbox (badness 3148) in paragraph at lines 956--956
\T1/lmr/m/n/8 (+20) bones; no task-specific
 []


Underfull \hbox (badness 1789) in paragraph at lines 956--956
\T1/lmr/m/n/8 (+20) held; met-rics are com-
 []


Underfull \hbox (badness 10000) in paragraph at lines 956--956
[]|\T1/lmr/m/n/8 (+20) single-RTX-3060
 []


Underfull \vbox (badness 10000) has occurred while \output is active []

<supplement_figures/fig_probe_mechanisms.pdf, id=681, 453.79915pt x 186.71754pt
>
File: supplement_figures/fig_probe_mechanisms.pdf Graphic file (type pdf)
<use supplement_figures/fig_probe_mechanisms.pdf>
Package pdftex.def Info: supplement_figures/fig_probe_mechanisms.pdf  used on i
nput line 979.
(pdftex.def)             Requested size: 233.50255pt x 96.0737pt.
 [9]
Underfull \hbox (badness 10000) in paragraph at lines 1012--1012
[]\T1/lmr/bx/n/12 (+20) Corrected Con-trols and Sta-bil-ity
 []

[10 <./supplement_figures/fig_cost_quality.pdf> <./supplement_figures/fig_probe
_mechanisms.pdf>]
Underfull \hbox (badness 1803) in paragraph at lines 1045--1053
\T1/lmr/m/n/10 (+20) S 0.7221/0.7366, LPIPS 0.3591/0.3630, and DINO-C
 []


Underfull \hbox (badness 10000) in paragraph at lines 1091--1091
[]|\T1/lmr/m/n/8 (+20) Compact per-
 []


Underfull \hbox (badness 10000) in paragraph at lines 1091--1091
[]|\T1/lmr/m/n/8 (+20) Orientation-
 []


Underfull \hbox (badness 5316) in paragraph at lines 1091--1091
\T1/lmr/m/n/8 (+20) specific resid-ual
 []


Underfull \hbox (badness 10000) in paragraph at lines 1091--1091
[]|\T1/lmr/m/n/8 (+20) Scalar resid-ual
 []


Underfull \hbox (badness 10000) in paragraph at lines 1091--1091
[]|\T1/lmr/m/n/8 (+20) Direct residual-
 []


Underfull \hbox (badness 10000) in paragraph at lines 1091--1091
\T1/lmr/m/n/8 (+20) direction aux-il-
 []


Underfull \hbox (badness 10000) in paragraph at lines 1091--1091
[]|\T1/lmr/m/n/8 (+20) Time-window
 []


Underfull \hbox (badness 2359) in paragraph at lines 1091--1091
[]|\T1/lmr/m/n/8 (+20) Normalized early/late win-
 []


Underfull \hbox (badness 6204) in paragraph at lines 1091--1091
\T1/lmr/m/n/8 (+20) leak-age but weak-ens the
 []


Underfull \hbox (badness 10000) in paragraph at lines 1091--1091
[]|\T1/lmr/m/n/8 (+20) Current-target
 []


Underfull \hbox (badness 1552) in paragraph at lines 1091--1091
\T1/lmr/m/n/8 (+20) sis-tent and coordinate-free,
 []


Underfull \hbox (badness 10000) in paragraph at lines 1091--1091
[]|\T1/lmr/m/n/8 (+20) Stationary-stat
 []


Underfull \hbox (badness 10000) in paragraph at lines 1091--1091
\T1/lmr/m/n/8 (+20) multi-token
 []


Underfull \hbox (badness 5756) in paragraph at lines 1091--1091
[]|\T1/lmr/m/n/8 (+20) Removing style-
 []


Underfull \hbox (badness 10000) in paragraph at lines 1091--1091
\T1/lmr/m/n/8 (+20) memory cross-
 []


Underfull \hbox (badness 4060) in paragraph at lines 1091--1091
[]|\T1/lmr/m/n/8 (+20) It makes gra-di-ent probes
 []


Underfull \hbox (badness 10000) in paragraph at lines 1091--1091
\T1/lmr/m/n/8 (+20) cleaner but low-ers
 []


Underfull \hbox (badness 10000) in paragraph at lines 1091--1091
\T1/lmr/m/n/8 (+20) style/content met-rics, so
 []


Underfull \hbox (badness 10000) in paragraph at lines 1091--1091
[]|\T1/lmr/m/n/8 (+20) Algebraic
 []


Underfull \hbox (badness 10000) in paragraph at lines 1091--1091
\T1/lmr/m/n/8 (+20) memory-prior
 []


Underfull \hbox (badness 2197) in paragraph at lines 1091--1091
[]|\T1/lmr/m/n/8 (+20) Raw tar-get HF
 []


Underfull \hbox (badness 1515) in paragraph at lines 1091--1091
[]|\T1/lmr/m/n/8 (+20) LL target-image
 []


Underfull \vbox (badness 10000) has occurred while \output is active []

Package hyperref Info: bookmark level for unknown lstlisting defaults to 0 on i
nput line 1106.
 [11]
Underfull \hbox (badness 10000) in paragraph at lines 1182--1183
[]\T1/lmr/m/n/10 (+20) Run \T1/lmtt/m/n/10 python run.py --config
 []


Overfull \hbox (77.58229pt too wide) in paragraph at lines 1182--1183
\T1/lmtt/m/n/10 experiments/architecture/hf_oriented_internal_early_stop.json\T
1/lmr/m/n/10 (-20) . 
 []


Underfull \hbox (badness 10000) in paragraph at lines 1183--1185
[]\T1/lmr/m/n/10 (+20) Verify \T1/lmtt/m/n/10 epoch_0004.pt\T1/lmr/m/n/10 (+20)
 , frozen \T1/lmtt/m/n/10 config.json\T1/lmr/m/n/10 (+20) ,
 []


Underfull \hbox (badness 2469) in paragraph at lines 1183--1185
\T1/lmtt/m/n/10 internal_dynamics.jsonl\T1/lmr/m/n/10 (+20) , and train-ing CSV
 are
 []


Underfull \hbox (badness 10000) in paragraph at lines 1222--1222
[]|$\T1/lmtt/m/n/8 experiments / architecture / hf _ oriented _
 []


Underfull \hbox (badness 10000) in paragraph at lines 1222--1222
[]|$\T1/lmtt/m/n/8 runs / submission / hf _ oriented _ internal _
 []


Underfull \hbox (badness 10000) in paragraph at lines 1222--1222
[]|$\T1/lmtt/m/n/8 runs / submission / hf _ oriented _ internal _
 []


Underfull \hbox (badness 10000) in paragraph at lines 1222--1222
[]|$\T1/lmtt/m/n/8 runs / submission / hf _ oriented _ internal _
 []


Underfull \hbox (badness 6364) in paragraph at lines 1222--1222
[]|$\T1/lmtt/m/n/8 exp / model _ probe / inf _ timing / generation _
 []


Underfull \hbox (badness 3861) in paragraph at lines 1222--1222
[]|$\T1/lmtt/m/n/8 docs / model _ probe / target _ hf _ delta _ eval _
 []


Underfull \hbox (badness 10000) in paragraph at lines 1222--1222
[]|$\T1/lmtt/m/n/8 docs / 713 / METHOD _ EXPLORATION _ AND _ CKPT _
 []


Underfull \hbox (badness 1264) in paragraph at lines 1222--1222
[]|$\T1/lmtt/m/n/8 exp / main _ table / p2a _ 256 / full _ eval / epoch _
 []


Underfull \hbox (badness 1360) in paragraph at lines 1222--1222
[]|$\T1/lmtt/m/n/8 exp / main _ table / r5 / full _ eval / epoch _ 0005 /
 []


Underfull \hbox (badness 10000) in paragraph at lines 1240--1240
[]|\T1/lmr/m/n/8 (+20) Checkpoint di-rec-
 []


Underfull \hbox (badness 10000) in paragraph at lines 1240--1240
\T1/lmr/m/n/8 (+20) to-ries un-der the
 []


Underfull \hbox (badness 10000) in paragraph at lines 1240--1240
[]|\T1/lmr/m/n/8 (+20) Checkpoints are
 []


Underfull \hbox (badness 10000) in paragraph at lines 1240--1240
\T1/lmr/m/n/8 (+20) portable; ab-so-lute
 []


Underfull \hbox (badness 10000) in paragraph at lines 1240--1240
[]|$\T1/lmtt/m/n/8 <[]DATA _ ROOT >[]
 []


Underfull \hbox (badness 1810) in paragraph at lines 1240--1240
[]|\T1/lmr/m/n/8 (+20) Dataset iden-tity mat-
 []


Underfull \hbox (badness 1348) in paragraph at lines 1240--1240
\T1/lmr/m/n/8 (+20) ters; phys-i-cal stor-age
 []


Underfull \hbox (badness 10000) in paragraph at lines 1240--1240
[]|$\T1/lmtt/m/n/8 <[]CACHE _ ROOT >[]
 []


Underfull \hbox (badness 10000) in paragraph at lines 1240--1240
[]|\T1/lmr/m/n/8 (+20) Temporary au-dit
 []

[12] [13] (./supplement.aux)
 ***********
LaTeX2e <2025-11-01>
L3 programming layer <2026-01-19>
 ***********
Package rerunfilecheck Info: File `supplement.out' has not changed.
(rerunfilecheck)             Checksum: D22DDC48FC36656C5333AC5591B1B8A7;6075.
 ) 
Here is how much of TeX's memory you used:
 16603 strings out of 467525
 261683 string characters out of 5423209
 974668 words of memory out of 5000000
 44892 multiletter control sequences out of 15000+600000
 705203 words of font info for 212 fonts, out of 8000000 for 9000
 1141 hyphenation exceptions out of 8191
 75i,12n,79p,1007b,1139s stack positions out of 10000i,1000n,20000p,200000b,200000s
<c:/texlive/2026/texmf-dist/fonts/type1/public/lm/lmbx10.pfb><c:/texlive/2026
/texmf-dist/fonts/type1/public/lm/lmbx12.pfb><c:/texlive/2026/texmf-dist/fonts/
type1/public/lm/lmbx7.pfb><c:/texlive/2026/texmf-dist/fonts/type1/public/lm/lmb
x9.pfb><c:/texlive/2026/texmf-dist/fonts/type1/public/lm/lmex10.pfb><c:/texlive
/2026/texmf-dist/fonts/type1/public/lm/lmmi10.pfb><c:/texlive/2026/texmf-dist/f
onts/type1/public/lm/lmmi7.pfb><c:/texlive/2026/texmf-dist/fonts/type1/public/l
m/lmmi8.pfb><c:/texlive/2026/texmf-dist/fonts/type1/public/lm/lmr10.pfb><c:/tex
live/2026/texmf-dist/fonts/type1/public/lm/lmr12.pfb><c:/texlive/2026/texmf-dis
t/fonts/type1/public/lm/lmr5.pfb><c:/texlive/2026/texmf-dist/fonts/type1/public
/lm/lmr6.pfb><c:/texlive/2026/texmf-dist/fonts/type1/public/lm/lmr7.pfb><c:/tex
live/2026/texmf-dist/fonts/type1/public/lm/lmr8.pfb><c:/texlive/2026/texmf-dist
/fonts/type1/public/lm/lmr9.pfb><c:/texlive/2026/texmf-dist/fonts/type1/public/
lm/lmsy10.pfb><c:/texlive/2026/texmf-dist/fonts/type1/public/lm/lmsy7.pfb><c:/t
exlive/2026/texmf-dist/fonts/type1/public/lm/lmsy8.pfb><c:/texlive/2026/texmf-d
ist/fonts/type1/public/lm/lmtt10.pfb><c:/texlive/2026/texmf-dist/fonts/type1/pu
blic/lm/lmtt8.pfb><c:/texlive/2026/texmf-dist/fonts/type1/public/lm/lmtt9.pfb>
Output written on supplement.pdf (13 pages, 712373 bytes).
PDF statistics:
 1048 PDF objects out of 1200 (max. 8388607)
 483 compressed objects within 5 object streams
 153 named destinations out of 1000 (max. 500000)
 45374 words of extra memory for PDF output out of 51595 (max. 10000000)

