[34/720] Ukiyo_e__katsushika-hokusai_fishing-in-the-river-kinu__to__Early_Renaissance -> Seedream_repaired750
[35/720] Impressionism__william-merritt-chase_at-the-boat-landing__to__Minimalism -> Seedream_repaired750
[38/720] Minimalism__robert-ryman_surface-veil-1970__to__Minimalism -> Seedream_repaired750
[39/720] Rococo__thomas-gainsborough_robert-butcher-of-walthamstan__to__Ukiyo_e -> Seedream_repaired750
[40/720] Rococo__pietro-longhi_the-tooth-extractor__to__Minimalism -> Seedream_repaired750
[41/720] Rococo__thomas-gainsborough_john-plampin__to__Minimalism -> Seedream_repaired750
[43/720] Rococo__joseph-wright_mr-and-mrs-thomas-coltman__to__Ukiyo_e -> Seedream_repaired750
[44/720] Minimalism__alvaro-lapa_criminals-and-their-properties-1974__to__Impressionism -> Seedream_repaired750
[46/720] Ukiyo_e__utagawa-kuniyoshi_a-man-confronted-with-an-apparition-of-the-fox-goddess__to__Minimalism -> Seedream_repaired750
[48/720] Minimalism__robert-morris_box-with-the-sound-of-its-own-making-1961__to__Rococo -> Seedream_repaired750
[49/720] Rococo__carl-ludwig-johann-christineck_nikolai-mordvinov-1771__to__Minimalism -> Seedream_repaired750
[50/720] Ukiyo_e__katsushika-hokusai_fishing-in-the-river-kinu__to__Rococo -> Seedream_repaired750
[52/720] Minimalism__pino-pinelli_pittura-r-1993__to__Early_Renaissance -> Seedream_repaired750
[53/720] Rococo__louise-elisabeth-vigee-le-brun_portrait-of-joseph-vernet-1778__to__Rococo attempt 1 failed: HTTPError: 500 Server Error: Internal Server Error for url: https://maas-api.cn-huabei-1.xf-yun.com/v2/chat/completions (panel_side=224, jpeg_quality=78)
[53/720] Rococo__louise-elisabeth-vigee-le-brun_portrait-of-joseph-vernet-1778__to__Rococo -> Seedream_repaired750
[54/720] Ukiyo_e__utagawa-toyokuni_the-heian-courtier__to__Impressionism -> Seedream_repaired750
[56/720] Ukiyo_e__katsushika-hokusai_woman-looking-at-herself-in-a-mirror__to__Early_Renaissance -> Seedream_repaired750
[57/720] Rococo__louise-elisabeth-vigee-le-brun_the-bather-1792__to__Rococo attempt 1 failed: HTTPError: 500 Server Error: Internal Server Error for url: https://maas-api.cn-huabei-1.xf-yun.com/v2/chat/completions (panel_side=224, jpeg_quality=78)
[57/720] Rococo__louise-elisabeth-vigee-le-brun_the-bather-1792__to__Rococo -> Seedream_repaired750
[58/720] Minimalism__ellsworth-kelly_diagonal-1951__to__Ukiyo_e -> Seedream_repaired750
[59/720] Rococo__thomas-gainsborough_a-coastal-landscape-1782__to__Ukiyo_e -> Seedream_repaired750
[60/720] Impressionism__claude-monet_rouen-cathedral-the-portal-at-midday__to__Rococo -> Seedream_repaired750
[61/720] Rococo__maurice-quentin-de-la-tour_study-for-portrait-of-mademoiselle-dangeville-1__to__Early_Renaissance -> Seedream_repaired750
[62/720] Rococo__canaletto_london-the-thames-and-the-city-of-london-from-the-terrace-of-richmond-house__to__Ukiyo_e -> Seedream_repaired750
[63/720] Impressionism__edgar-degas_study-of-gentile-bellini-1855__to__Rococo -> Seedream_repaired750
[64/720] Ukiyo_e__utagawa-kuniyoshi_tsuchigumo__to__Impressionism -> Seedream_repaired750
[67/720] Minimalism__yves-gaucher_traces-2000__to__Impressionism -> Seedream_repaired750
[68/720] Minimalism__robert-ryman_surface-veil-1970__to__Ukiyo_e -> Seedream_repaired750
[70/720] Minimalism__pino-pinelli_pittura-r-1993__to__Minimalism -> Seedream_repaired750
[71/720] Impressionism__edouard-manet_tarring-the-boat-1873__to__Ukiyo_e -> Seedream_repaired750
[72/720] Ukiyo_e__utagawa-kunisada_not_detected_240381(1)__to__Early_Renaissance -> Seedream_repaired750
[73/720] Minimalism__tony-smith_die-1968__to__Ukiyo_e -> Seedream_repaired750
[74/720] Ukiyo_e__utagawa-kuniyoshi_woman-seated-under-a-cherry-blossoms__to__Minimalism -> Seedream_repaired750
[76/720] Impressionism__edgar-degas_ancer-with-red-stockings__to__Ukiyo_e attempt 1 failed: HTTPError: 500 Server Error: Internal Server Error for url: https://maas-api.cn-huabei-1.xf-yun.com/v2/chat/completions (panel_side=224, jpeg_quality=78)
[76/720] Impressionism__edgar-degas_ancer-with-red-stockings__to__Ukiyo_e -> Seedream_repaired750
[77/720] Rococo__joseph-wright_mr-and-mrs-thomas-coltman__to__Minimalism -> Seedream_repaired750
[78/720] Impressionism__nicolae-vermont_rotterdam-port-1928__to__Early_Renaissance -> Seedream_repaired750
[79/720] Rococo__canaletto_london-the-thames-and-the-city-of-london-from-the-terrace-of-richmond-house__to__Impressionism -> Seedream_repaired750
[80/720] Minimalism__robert-morris_box-with-the-sound-of-its-own-making-1961__to__Ukiyo_e -> Seedream_repaired750
[81/720] Minimalism__brice-marden_joined-2011__to__Impressionism -> Seedream_repaired750
[82/720] Ukiyo_e__kitagawa-utamaro_yama-uba-and-kintaro-1__to__Ukiyo_e -> Seedream_repaired750
[84/720] Rococo__pietro-longhi_the-tooth-extractor__to__Rococo -> Seedream_repaired750
[85/720] Minimalism__frank-stella_gezira-from-black-series-ii-1967__to__Minimalism -> Seedream_repaired750
[88/720] Ukiyo_e__utagawa-kunisada_the-actor__to__Impressionism -> Seedream_repaired750
[89/720] Ukiyo_e__kitagawa-utamaro_yama-uba-and-kintaro-1__to__Early_Renaissance -> Seedream_repaired750
[90/720] Minimalism__john-mclaughlin_number-4__to__Impressionism -> Seedream_repaired750
[91/720] Impressionism__winston-churchill_distant-view-of-the-pyramids-1921-1(1)__to__Ukiyo_e attempt 1 failed: HTTPError: 500 Server Error: Internal Server Error for url: https://maas-api.cn-huabei-1.xf-yun.com/v2/chat/completions (panel_side=224, jpeg_quality=78)
[91/720] Impressionism__winston-churchill_distant-view-of-the-pyramids-1921-1(1)__to__Ukiyo_e attempt 2 failed: HTTPError: 500 Server Error: Internal Server Error for url: https://maas-api.cn-huabei-1.xf-yun.com/v2/chat/completions (panel_side=190, jpeg_quality=70)
[91/720] Impressionism__winston-churchill_distant-view-of-the-pyramids-1921-1(1)__to__Ukiyo_e -> Seedream_repaired750
[92/720] Impressionism__pierre-auguste-renoir_still-life-with-apples-and-pomegranates-1901__to__Minimalism -> Seedream_repaired750
[93/720] Minimalism__imi-knoebel_weiss-und-schwarz-4-2009__to__Impressionism -> Seedream_repaired750
[95/720] Minimalism__robert-morris_box-with-the-sound-of-its-own-making-1961__to__Minimalism -> Seedream_repaired750
[96/720] Minimalism__agnes-martin_happy-valley-1967__to__Early_Renaissance -> Seedream_repaired750
[97/720] Minimalism__sean-scully_untitled-1973__to__Impressionism -> Seedream_repaired750
[99/720] Rococo__antoine-watteau_head-of-a-man__to__Rococo -> Seedream_repaired750
[101/720] Minimalism__judy-chicago_morning-fan-1971__to__Ukiyo_e attempt 1 failed: ConnectionError: ('Connection aborted.', ConnectionAbortedError(10053, '????????????????????', None, 10053, None)) (panel_side=224, jpeg_quality=78)
[101/720] Minimalism__judy-chicago_morning-fan-1971__to__Ukiyo_e -> Seedream_repaired750
[102/720] Minimalism__john-mclaughlin_number-4__to__Ukiyo_e attempt 1 failed: HTTPError: 500 Server Error: Internal Server Error for url: https://maas-api.cn-huabei-1.xf-yun.com/v2/chat/completions (panel_side=224, jpeg_quality=78)
[102/720] Minimalism__john-mclaughlin_number-4__to__Ukiyo_e attempt 2 failed: HTTPError: 500 Server Error: Internal Server Error for url: https://maas-api.cn-huabei-1.xf-yun.com/v2/chat/completions (panel_side=190, jpeg_quality=70)
[102/720] Minimalism__john-mclaughlin_number-4__to__Ukiyo_e -> Seedream_repaired750
[103/720] Rococo__antoine-watteau_head-of-a-man__to__Minimalism -> Seedream_repaired750
[104/720] Minimalism__imi-knoebel_weiss-und-schwarz-4-2009__to__Minimalism -> Seedream_repaired750
[105/720] Impressionism__eugene-boudin_trouville-the-fish-market-1884__to__Impressionism -> Seedream_repaired750
[107/720] Ukiyo_e__tsukioka-yoshitoshi_not_detected_242419__to__Ukiyo_e -> Seedream_repaired750
[108/720] Rococo__carl-ludwig-johann-christineck_portrait-of-paul-of-russia-dressed-as-chevalier-of-the-order-of-st-andrew-1760__to__Minimalism -> Seedream_repaired750
[109/720] Ukiyo_e__ogata-gekko_nihon-hana-zue-1896__to__Impressionism -> Seedream_repaired750
[110/720] Ukiyo_e__utagawa-kuniyoshi_woman-seated-under-a-cherry-blossoms__to__Impressionism -> Seedream_repaired750
[112/720] Impressionism__rudolf-schweitzer-cumpana_str-du-n-atena__to__Ukiyo_e -> Seedream_repaired750
[113/720] Minimalism__joan-hernandez-pijuan_nuvol-rosa-2-1990__to__Ukiyo_e -> Seedream_repaired750
[114/720] Ukiyo_e__utagawa-kunisada_not_detected_240381(1)__to__Minimalism -> Seedream_repaired750
[115/720] Rococo__giovanni-domenico-tiepolo_the-new-world-1797__to__Ukiyo_e -> Seedream_repaired750
[116/720] Ukiyo_e__hiroshige_oiso-toraga-ame-shower-1835__to__Ukiyo_e -> Seedream_repaired750
[117/720] Rococo__dmitry-levitzky_maria-feodorovna__to__Ukiyo_e -> Seedream_repaired750
[118/720] Minimalism__ronald-davis_zig-zag-times-two-1966__to__Minimalism -> Seedream_repaired750
[119/720] Impressionism__childe-hassam_evening-champs-elysees-aka-pres-du-louvre__to__Impressionism attempt 1 failed: HTTPError: 500 Server Error: Internal Server Error for url: https://maas-api.cn-huabei-1.xf-yun.com/v2/chat/completions (panel_side=224, jpeg_quality=78)
[119/720] Impressionism__childe-hassam_evening-champs-elysees-aka-pres-du-louvre__to__Impressionism -> Seedream_repaired750
[120/720] Impressionism__claude-monet_palazzo-contarini-2__to__Minimalism -> Seedream_repaired750
[121/720] Rococo__antoine-pesne_carl-heinrich-graun__to__Minimalism -> Seedream_repaired750
[122/720] Rococo__thomas-gainsborough_a-peasant-girl-with-dog-and-jug-1785__to__Rococo -> Seedream_repaired750
[124/720] Minimalism__tony-smith_die-1968__to__Minimalism -> Seedream_repaired750
[126/720] Minimalism__richard-tuttle_relative-to-our-society-1990__to__Minimalism -> Seedream_repaired750
[127/720] Rococo__giovanni-domenico-tiepolo_christ-s-fall-on-the-way-to-calvary-1772__to__Early_Renaissance attempt 1 failed: HTTPError: 500 Server Error: Internal Server Error for url: https://maas-api.cn-huabei-1.xf-yun.com/v2/chat/completions (panel_side=224, jpeg_quality=78)
[127/720] Rococo__giovanni-domenico-tiepolo_christ-s-fall-on-the-way-to-calvary-1772__to__Early_Renaissance -> Seedream_repaired750
[129/720] Rococo__canaletto_london-the-thames-and-the-city-of-london-from-the-terrace-of-richmond-house__to__Early_Renaissance -> Seedream_repaired750
[130/720] Minimalism__joan-hernandez-pijuan_nuvol-rosa-2-1990__to__Early_Renaissance -> Seedream_repaired750
[131/720] Impressionism__claude-monet_palazzo-contarini-2__to__Rococo -> Seedream_repaired750
[132/720] Impressionism__william-merritt-chase_gray-day-on-the-lagoon-a-passenger-boat-venice__to__Minimalism -> Seedream_repaired750
[133/720] Ukiyo_e__katsushika-hokusai_woman-looking-at-herself-in-a-mirror__to__Impressionism -> Seedream_repaired750
[134/720] Minimalism__robert-mangold_ellow-black-zone-painting-iv-1996__to__Rococo -> Seedream_repaired750
[135/720] Ukiyo_e__ogata-gekko_print-from-series-women-s-customs-and-manners-1895-1__to__Rococo -> Seedream_repaired750
[136/720] Ukiyo_e__utagawa-kunisada_not_detected_240353__to__Early_Renaissance attempt 1 failed: HTTPError: 500 Server Error: Internal Server Error for url: https://maas-api.cn-huabei-1.xf-yun.com/v2/chat/completions (panel_side=224, jpeg_quality=78)
[136/720] Ukiyo_e__utagawa-kunisada_not_detected_240353__to__Early_Renaissance attempt 2 failed: HTTPError: 500 Server Error: Internal Server Error for url: https://maas-api.cn-huabei-1.xf-yun.com/v2/chat/completions (panel_side=190, jpeg_quality=70)
[136/720] Ukiyo_e__utagawa-kunisada_not_detected_240353__to__Early_Renaissance -> Seedream_repaired750
[137/720] Minimalism__robert-ryman_conversion-2003__to__Rococo attempt 1 failed: HTTPError: 500 Server Error: Internal Server Error for url: https://maas-api.cn-huabei-1.xf-yun.com/v2/chat/completions (panel_side=224, jpeg_quality=78)
[137/720] Minimalism__robert-ryman_conversion-2003__to__Rococo attempt 2 failed: HTTPError: 500 Server Error: Internal Server Error for url: https://maas-api.cn-huabei-1.xf-yun.com/v2/chat/completions (panel_side=190, jpeg_quality=70)
[137/720] Minimalism__robert-ryman_conversion-2003__to__Rococo -> Seedream_repaired750
[138/720] Impressionism__john-singer-sargent_lake-in-the-tyrol__to__Ukiyo_e -> Seedream_repaired750
[139/720] Rococo__william-hogarth_the-countess-s-morning-levee__to__Ukiyo_e -> Seedream_repaired750
[140/720] Impressionism__mihaly-munkacsy_dusty-country-road-ii-1883__to__Minimalism attempt 1 failed: HTTPError: 500 Server Error: Internal Server Error for url: https://maas-api.cn-huabei-1.xf-yun.com/v2/chat/completions (panel_side=224, jpeg_quality=78)
[140/720] Impressionism__mihaly-munkacsy_dusty-country-road-ii-1883__to__Minimalism -> Seedream_repaired750
[141/720] Impressionism__pierre-auguste-renoir_still-life-with-apples-and-pomegranates-1901__to__Ukiyo_e attempt 1 failed: HTTPError: 500 Server Error: Internal Server Error for url: https://maas-api.cn-huabei-1.xf-yun.com/v2/chat/completions (panel_side=224, jpeg_quality=78)
[141/720] Impressionism__pierre-auguste-renoir_still-life-with-apples-and-pomegranates-1901__to__Ukiyo_e -> Seedream_repaired750
[142/720] Ukiyo_e__tsukioka-yoshitoshi_not_detected_242419__to__Rococo attempt 1 failed: HTTPError: 500 Server Error: Internal Server Error for url: https://maas-api.cn-huabei-1.xf-yun.com/v2/chat/completions (panel_side=224, jpeg_quality=78)
[142/720] Ukiyo_e__tsukioka-yoshitoshi_not_detected_242419__to__Rococo attempt 2 failed: HTTPError: 500 Server Error: Internal Server Error for url: https://maas-api.cn-huabei-1.xf-yun.com/v2/chat/completions (panel_side=190, jpeg_quality=70)
[142/720] Ukiyo_e__tsukioka-yoshitoshi_not_detected_242419__to__Rococo -> Seedream_repaired750
[143/720] Impressionism__stefan-dimitrescu_cabaret__to__Early_Renaissance attempt 1 failed: HTTPError: 500 Server Error: Internal Server Error for url: https://maas-api.cn-huabei-1.xf-yun.com/v2/chat/completions (panel_side=224, jpeg_quality=78)
[143/720] Impressionism__stefan-dimitrescu_cabaret__to__Early_Renaissance attempt 2 failed: HTTPError: 500 Server Error: Internal Server Error for url: https://maas-api.cn-huabei-1.xf-yun.com/v2/chat/completions (panel_side=190, jpeg_quality=70)
[143/720] Impressionism__stefan-dimitrescu_cabaret__to__Early_Renaissance attempt 3 failed: HTTPError: 500 Server Error: Internal Server Error for url: https://maas-api.cn-huabei-1.xf-yun.com/v2/chat/completions (panel_side=162, jpeg_quality=63)
[143/720] Impressionism__stefan-dimitrescu_cabaret__to__Early_Renaissance attempt 4 failed: HTTPError: 500 Server Error: Internal Server Error for url: https://maas-api.cn-huabei-1.xf-yun.com/v2/chat/completions (panel_side=138, jpeg_quality=57)
[144/720] Impressionism__claude-monet_rouen-cathedral-the-portal-at-midday__to__Ukiyo_e -> Seedream_repaired750
[145/720] Rococo__joshua-reynolds_colonel-george-k-h-coussmaker-grenadier-guards__to__Early_Renaissance attempt 1 failed: HTTPError: 500 Server Error: Internal Server Error for url: https://maas-api.cn-huabei-1.xf-yun.com/v2/chat/completions (panel_side=224, jpeg_quality=78)
[145/720] Rococo__joshua-reynolds_colonel-george-k-h-coussmaker-grenadier-guards__to__Early_Renaissance attempt 2 failed: HTTPError: 500 Server Error: Internal Server Error for url: https://maas-api.cn-huabei-1.xf-yun.com/v2/chat/completions (panel_side=190, jpeg_quality=70)
[145/720] Rococo__joshua-reynolds_colonel-george-k-h-coussmaker-grenadier-guards__to__Early_Renaissance -> Seedream_repaired750
[147/720] Impressionism__william-merritt-chase_at-the-boat-landing__to__Ukiyo_e -> Seedream_repaired750
[148/720] Impressionism__william-merritt-chase_at-the-boat-landing__to__Early_Renaissance -> Seedream_repaired750
[149/720] Minimalism__bruce-nauman_la-brea-art-tips-rat-spit-tar-pits-1972__to__Impressionism attempt 1 failed: HTTPError: 500 Server Error: Internal Server Error for url: https://maas-api.cn-huabei-1.xf-yun.com/v2/chat/completions (panel_side=224, jpeg_quality=78)
[149/720] Minimalism__bruce-nauman_la-brea-art-tips-rat-spit-tar-pits-1972__to__Impressionism attempt 2 failed: HTTPError: 500 Server Error: Internal Server Error for url: https://maas-api.cn-huabei-1.xf-yun.com/v2/chat/completions (panel_side=190, jpeg_quality=70)
[149/720] Minimalism__bruce-nauman_la-brea-art-tips-rat-spit-tar-pits-1972__to__Impressionism attempt 3 failed: HTTPError: 500 Server Error: Internal Server Error for url: https://maas-api.cn-huabei-1.xf-yun.com/v2/chat/completions (panel_side=162, jpeg_quality=63)
[149/720] Minimalism__bruce-nauman_la-brea-art-tips-rat-spit-tar-pits-1972__to__Impressionism -> Seedream_repaired750
[150/720] Impressionism__childe-hassam_september-moonrise__to__Ukiyo_e -> Seedream_repaired750
[153/720] Minimalism__mira-schendel_untitled-1984__to__Rococo -> Seedream_repaired750
[154/720] Rococo__william-hogarth_the-countess-s-morning-levee__to__Minimalism -> Seedream_repaired750
[155/720] Ukiyo_e__utagawa-kuniyoshi_ishiyakushi__to__Early_Renaissance -> Seedream_repaired750
[156/720] Rococo__joseph-wright_mr-and-mrs-thomas-coltman__to__Rococo -> Seedream_repaired750
[158/720] Rococo__thomas-gainsborough_a-coastal-landscape-1782__to__Minimalism -> Seedream_repaired750
[161/720] Minimalism__fernando-lanhas_o39-68-1968__to__Rococo attempt 1 failed: HTTPError: 500 Server Error: Internal Server Error for url: https://maas-api.cn-huabei-1.xf-yun.com/v2/chat/completions (panel_side=224, jpeg_quality=78)
[161/720] Minimalism__fernando-lanhas_o39-68-1968__to__Rococo attempt 2 failed: HTTPError: 500 Server Error: Internal Server Error for url: https://maas-api.cn-huabei-1.xf-yun.com/v2/chat/completions (panel_side=190, jpeg_quality=70)
[161/720] Minimalism__fernando-lanhas_o39-68-1968__to__Rococo -> Seedream_repaired750
[162/720] Rococo__thomas-gainsborough_john-plampin__to__Ukiyo_e attempt 1 failed: HTTPError: 500 Server Error: Internal Server Error for url: https://maas-api.cn-huabei-1.xf-yun.com/v2/chat/completions (panel_side=224, jpeg_quality=78)
[162/720] Rococo__thomas-gainsborough_john-plampin__to__Ukiyo_e attempt 2 failed: HTTPError: 500 Server Error: Internal Server Error for url: https://maas-api.cn-huabei-1.xf-yun.com/v2/chat/completions (panel_side=190, jpeg_quality=70)
[162/720] Rococo__thomas-gainsborough_john-plampin__to__Ukiyo_e attempt 3 failed: HTTPError: 500 Server Error: Internal Server Error for url: https://maas-api.cn-huabei-1.xf-yun.com/v2/chat/completions (panel_side=162, jpeg_quality=63)
[162/720] Rococo__thomas-gainsborough_john-plampin__to__Ukiyo_e attempt 4 failed: HTTPError: 500 Server Error: Internal Server Error for url: https://maas-api.cn-huabei-1.xf-yun.com/v2/chat/completions (panel_side=138, jpeg_quality=57)
[163/720] Ukiyo_e__kitagawa-utamaro_the-hour-of-the-horse__to__Rococo -> Seedream_repaired750
[164/720] Impressionism__eugene-boudin_laundresses-on-the-banks-of-the-touques-9__to__Impressionism attempt 1 failed: HTTPError: 500 Server Error: Internal Server Error for url: https://maas-api.cn-huabei-1.xf-yun.com/v2/chat/completions (panel_side=224, jpeg_quality=78)
[164/720] Impressionism__eugene-boudin_laundresses-on-the-banks-of-the-touques-9__to__Impressionism -> Seedream_repaired750
[165/720] Rococo__benjamin-west_self-portrait-1770__to__Minimalism attempt 1 failed: HTTPError: 500 Server Error: Internal Server Error for url: https://maas-api.cn-huabei-1.xf-yun.com/v2/chat/completions (panel_side=224, jpeg_quality=78)
[165/720] Rococo__benjamin-west_self-portrait-1770__to__Minimalism -> Seedream_repaired750
[168/720] Ukiyo_e__katsushika-hokusai_cargo-ship-and-wave__to__Impressionism attempt 1 failed: HTTPError: 500 Server Error: Internal Server Error for url: https://maas-api.cn-huabei-1.xf-yun.com/v2/chat/completions (panel_side=224, jpeg_quality=78)
[168/720] Ukiyo_e__katsushika-hokusai_cargo-ship-and-wave__to__Impressionism -> Seedream_repaired750
[169/720] Ukiyo_e__katsushika-hokusai_ono-shindon-in-the-suraga-province__to__Rococo -> Seedream_repaired750
[171/720] Minimalism__robert-mangold_untitled-fcpa-1995__to__Ukiyo_e attempt 1 failed: HTTPError: 500 Server Error: Internal Server Error for url: https://maas-api.cn-huabei-1.xf-yun.com/v2/chat/completions (panel_side=224, jpeg_quality=78)
[171/720] Minimalism__robert-mangold_untitled-fcpa-1995__to__Ukiyo_e attempt 2 failed: HTTPError: 500 Server Error: Internal Server Error for url: https://maas-api.cn-huabei-1.xf-yun.com/v2/chat/completions (panel_side=190, jpeg_quality=70)
[171/720] Minimalism__robert-mangold_untitled-fcpa-1995__to__Ukiyo_e -> Seedream_repaired750
[174/720] Impressionism__edgar-degas_ancer-with-red-stockings__to__Minimalism -> Seedream_repaired750
[176/720] Ukiyo_e__kitagawa-utamaro_yama-uba-and-kintaro-1__to__Impressionism -> Seedream_repaired750
[178/720] Rococo__antoine-pesne_carl-heinrich-graun__to__Impressionism attempt 1 failed: HTTPError: 500 Server Error: Internal Server Error for url: https://maas-api.cn-huabei-1.xf-yun.com/v2/chat/completions (panel_side=224, jpeg_quality=78)
[178/720] Rococo__antoine-pesne_carl-heinrich-graun__to__Impressionism -> Seedream_repaired750
[181/720] Minimalism__ronald-davis_zig-zag-times-two-1966__to__Impressionism -> Seedream_repaired750
[182/720] Ukiyo_e__katsushika-hokusai_cargo-ship-and-wave__to__Early_Renaissance -> Seedream_repaired750
[183/720] Rococo__benjamin-west_self-portrait-1770__to__Impressionism -> Seedream_repaired750
[185/720] Minimalism__agnes-martin_happy-valley-1967__to__Rococo -> Seedream_repaired750
[187/720] Rococo__bernardo-bellotto_view-of-dresden-the-dresden-fortifications-moat-with-a-bridge-between-gate-and-post-mile-pillar__to__Early_Renaissance -> Seedream_repaired750
[188/720] Impressionism__john-singer-sargent_lake-in-the-tyrol__to__Minimalism -> Seedream_repaired750
[190/720] Minimalism__joan-hernandez-pijuan_nuvol-rosa-2-1990__to__Impressionism attempt 1 failed: HTTPError: 500 Server Error: Internal Server Error for url: https://maas-api.cn-huabei-1.xf-yun.com/v2/chat/completions (panel_side=224, jpeg_quality=78)
[190/720] Minimalism__joan-hernandez-pijuan_nuvol-rosa-2-1990__to__Impressionism -> Seedream_repaired750
[191/720] Minimalism__tony-smith_die-1968__to__Early_Renaissance -> Seedream_repaired750
[192/720] Impressionism__eugene-boudin_trouville-the-fish-market-1884__to__Rococo -> Seedream_repaired750
[193/720] Rococo__antoine-watteau_the-delicate-musician__to__Impressionism -> Seedream_repaired750
[194/720] Minimalism__eva-hesse_expanded-expansion-1969__to__Early_Renaissance -> Seedream_repaired750
[195/720] Rococo__francois-boucher_portrait-of-madame-boucher-1745__to__Rococo attempt 1 failed: HTTPError: 500 Server Error: Internal Server Error for url: https://maas-api.cn-huabei-1.xf-yun.com/v2/chat/completions (panel_side=224, jpeg_quality=78)
[195/720] Rococo__francois-boucher_portrait-of-madame-boucher-1745__to__Rococo -> Seedream_repaired750
[196/720] Rococo__joshua-reynolds_colonel-george-k-h-coussmaker-grenadier-guards__to__Rococo -> Seedream_repaired750
[197/720] Impressionism__eugene-boudin_laundresses-on-the-banks-of-the-touques-9__to__Rococo -> Seedream_repaired750
[198/720] Rococo__giovanni-domenico-tiepolo_the-new-world-1797__to__Rococo -> Seedream_repaired750
[199/720] Impressionism__konstantin-korovin_arctic-ocean-1913__to__Ukiyo_e -> Seedream_repaired750
[200/720] Ukiyo_e__kitagawa-utamaro_the-hour-of-the-horse__to__Impressionism -> Seedream_repaired750
[201/720] Rococo__giovanni-domenico-tiepolo_christ-s-fall-on-the-way-to-calvary-1772__to__Impressionism attempt 1 failed: HTTPError: 500 Server Error: Internal Server Error for url: https://maas-api.cn-huabei-1.xf-yun.com/v2/chat/completions (panel_side=224, jpeg_quality=78)
[201/720] Rococo__giovanni-domenico-tiepolo_christ-s-fall-on-the-way-to-calvary-1772__to__Impressionism -> Seedream_repaired750
[202/720] Impressionism__mihaly-munkacsy_dusty-country-road-ii-1883__to__Early_Renaissance attempt 1 failed: HTTPError: 500 Server Error: Internal Server Error for url: https://maas-api.cn-huabei-1.xf-yun.com/v2/chat/completions (panel_side=224, jpeg_quality=78)
[202/720] Impressionism__mihaly-munkacsy_dusty-country-road-ii-1883__to__Early_Renaissance -> Seedream_repaired750
[203/720] Rococo__dmitry-levitzky_portrait-of-maria-palovna-narychkina-1773__to__Impressionism -> Seedream_repaired750
[204/720] Ukiyo_e__katsushika-hokusai_fishing-in-the-bay-uraga__to__Ukiyo_e -> Seedream_repaired750
[205/720] Rococo__joseph-wright_d-ewes-coke-his-wife-hannah-and-daniel-parker-coke__to__Ukiyo_e attempt 1 failed: HTTPError: 500 Server Error: Internal Server Error for url: https://maas-api.cn-huabei-1.xf-yun.com/v2/chat/completions (panel_side=224, jpeg_quality=78)
[205/720] Rococo__joseph-wright_d-ewes-coke-his-wife-hannah-and-daniel-parker-coke__to__Ukiyo_e -> Seedream_repaired750
[207/720] Ukiyo_e__katsushika-hokusai_ono-shindon-in-the-suraga-province__to__Ukiyo_e -> Seedream_repaired750
[208/720] Rococo__dmitry-levitzky_portrait-of-unknown-woman-with-a-rose-1788__to__Rococo -> Seedream_repaired750
[209/720] Ukiyo_e__ogata-gekko_nihon-hana-zue-1896__to__Rococo attempt 1 failed: HTTPError: 500 Server Error: Internal Server Error for url: https://maas-api.cn-huabei-1.xf-yun.com/v2/chat/completions (panel_side=224, jpeg_quality=78)
[209/720] Ukiyo_e__ogata-gekko_nihon-hana-zue-1896__to__Rococo -> Seedream_repaired750
[210/720] Impressionism__augustus-john_proven-al-landscape__to__Ukiyo_e attempt 1 failed: HTTPError: 500 Server Error: Internal Server Error for url: https://maas-api.cn-huabei-1.xf-yun.com/v2/chat/completions (panel_side=224, jpeg_quality=78)
[210/720] Impressionism__augustus-john_proven-al-landscape__to__Ukiyo_e attempt 2 failed: HTTPError: 500 Server Error: Internal Server Error for url: https://maas-api.cn-huabei-1.xf-yun.com/v2/chat/completions (panel_side=190, jpeg_quality=70)
[210/720] Impressionism__augustus-john_proven-al-landscape__to__Ukiyo_e attempt 3 failed: HTTPError: 500 Server Error: Internal Server Error for url: https://maas-api.cn-huabei-1.xf-yun.com/v2/chat/completions (panel_side=162, jpeg_quality=63)
[210/720] Impressionism__augustus-john_proven-al-landscape__to__Ukiyo_e -> Seedream_repaired750
[211/720] Minimalism__imi-knoebel_weiss-und-schwarz-4-2009__to__Rococo -> Seedream_repaired750
[212/720] Rococo__benjamin-west_self-portrait-1770__to__Ukiyo_e -> Seedream_repaired750
[213/720] Ukiyo_e__utagawa-kuniyoshi_a-man-confronted-with-an-apparition-of-the-fox-goddess__to__Early_Renaissance -> Seedream_repaired750
[214/720] Ukiyo_e__utagawa-kuniyoshi_tamatori-being-pursued-bya-dragon__to__Early_Renaissance attempt 1 failed: HTTPError: 500 Server Error: Internal Server Error for url: https://maas-api.cn-huabei-1.xf-yun.com/v2/chat/completions (panel_side=224, jpeg_quality=78)
[214/720] Ukiyo_e__utagawa-kuniyoshi_tamatori-being-pursued-bya-dragon__to__Early_Renaissance attempt 2 failed: HTTPError: 500 Server Error: Internal Server Error for url: https://maas-api.cn-huabei-1.xf-yun.com/v2/chat/completions (panel_side=190, jpeg_quality=70)
[214/720] Ukiyo_e__utagawa-kuniyoshi_tamatori-being-pursued-bya-dragon__to__Early_Renaissance -> Seedream_repaired750
[215/720] Impressionism__rudolf-schweitzer-cumpana_str-du-n-atena__to__Early_Renaissance -> Seedream_repaired750
[216/720] Ukiyo_e__utagawa-toyokuni_the-heian-courtier__to__Minimalism -> Seedream_repaired750
[217/720] Ukiyo_e__keisai-eisen_the-courtesan-kaoru-of-owariya-matched-with-okitsu-1825(1)__to__Impressionism attempt 1 failed: HTTPError: 500 Server Error: Internal Server Error for url: https://maas-api.cn-huabei-1.xf-yun.com/v2/chat/completions (panel_side=224, jpeg_quality=78)
[217/720] Ukiyo_e__keisai-eisen_the-courtesan-kaoru-of-owariya-matched-with-okitsu-1825(1)__to__Impressionism -> Seedream_repaired750
[218/720] Impressionism__augustus-john_proven-al-landscape__to__Impressionism -> Seedream_repaired750
[219/720] Ukiyo_e__keisai-eisen_yabai-with-two-women-1840__to__Rococo attempt 1 failed: HTTPError: 500 Server Error: Internal Server Error for url: https://maas-api.cn-huabei-1.xf-yun.com/v2/chat/completions (panel_side=224, jpeg_quality=78)
[219/720] Ukiyo_e__keisai-eisen_yabai-with-two-women-1840__to__Rococo attempt 2 failed: HTTPError: 500 Server Error: Internal Server Error for url: https://maas-api.cn-huabei-1.xf-yun.com/v2/chat/completions (panel_side=190, jpeg_quality=70)
[219/720] Ukiyo_e__keisai-eisen_yabai-with-two-women-1840__to__Rococo -> Seedream_repaired750
[220/720] Minimalism__william-scott_bowl-white-on-grey-1962__to__Impressionism -> Seedream_repaired750
[221/720] Ukiyo_e__katsushika-hokusai_ono-shindon-in-the-suraga-province__to__Early_Renaissance -> Seedream_repaired750
[222/720] Minimalism__fernando-lanhas_o39-68-1968__to__Early_Renaissance -> Seedream_repaired750
[223/720] Impressionism__edgar-degas_study-of-gentile-bellini-1855__to__Impressionism -> Seedream_repaired750
[224/720] Ukiyo_e__hiroshige_hakone-kosuizu__to__Rococo -> Seedream_repaired750
[225/720] Rococo__joseph-wright_d-ewes-coke-his-wife-hannah-and-daniel-parker-coke__to__Rococo -> Seedream_repaired750
[226/720] Minimalism__robert-ryman_surface-veil-1970__to__Impressionism -> Seedream_repaired750
[227/720] Minimalism__ruth-vollmer_trimer-monomer-dimer-1965__to__Ukiyo_e -> Seedream_repaired750
[228/720] Minimalism__robert-mangold_ellow-black-zone-painting-iv-1996__to__Minimalism -> Seedream_repaired750
[229/720] Impressionism__pierre-auguste-renoir_still-life-with-apples-and-pomegranates-1901__to__Rococo -> Seedream_repaired750
[230/720] Minimalism__frank-stella_gezira-from-black-series-ii-1967__to__Early_Renaissance attempt 1 failed: HTTPError: 500 Server Error: Internal Server Error for url: https://maas-api.cn-huabei-1.xf-yun.com/v2/chat/completions (panel_side=224, jpeg_quality=78)
[230/720] Minimalism__frank-stella_gezira-from-black-series-ii-1967__to__Early_Renaissance -> Seedream_repaired750
[231/720] Rococo__maurice-quentin-de-la-tour_study-for-portrait-of-mademoiselle-dangeville-1__to__Rococo -> Seedream_repaired750
[235/720] Minimalism__john-mclaughlin_number-13-1973__to__Ukiyo_e -> Seedream_repaired750
[236/720] Impressionism__eugene-boudin_the-port-ships-at-dock__to__Minimalism -> Seedream_repaired750
[237/720] Rococo__thomas-gainsborough_a-peasant-girl-with-dog-and-jug-1785__to__Minimalism -> Seedream_repaired750
[238/720] Ukiyo_e__utagawa-kuniyoshi_a-man-confronted-with-an-apparition-of-the-fox-goddess__to__Rococo -> Seedream_repaired750
[239/720] Rococo__pietro-longhi_the-tooth-extractor__to__Ukiyo_e -> Seedream_repaired750
[241/720] Impressionism__edgar-degas_study-of-gentile-bellini-1855__to__Minimalism -> Seedream_repaired750
[242/720] Ukiyo_e__utagawa-kunisada_the-actor__to__Ukiyo_e -> Seedream_repaired750
[243/720] Ukiyo_e__katsushika-hokusai_cargo-ship-and-wave__to__Minimalism -> Seedream_repaired750
[244/720] Ukiyo_e__katsushika-hokusai_ono-shindon-in-the-suraga-province__to__Minimalism -> Seedream_repaired750
[245/720] Minimalism__robert-mangold_ellow-black-zone-painting-iv-1996__to__Ukiyo_e -> Seedream_repaired750
[246/720] Impressionism__camille-pissarro_the-gardener-afternoon-sun-eragny-1899__to__Minimalism -> Seedream_repaired750
[247/720] Rococo__joseph-wright_mr-and-mrs-thomas-coltman__to__Impressionism -> Seedream_repaired750
[248/720] Impressionism__stefan-dimitrescu_cabaret__to__Minimalism -> Seedream_repaired750
[249/720] Minimalism__alvaro-lapa_criminals-and-their-properties-1974__to__Early_Renaissance attempt 1 failed: HTTPError: 500 Server Error: Internal Server Error for url: https://maas-api.cn-huabei-1.xf-yun.com/v2/chat/completions (panel_side=224, jpeg_quality=78)
[249/720] Minimalism__alvaro-lapa_criminals-and-their-properties-1974__to__Early_Renaissance attempt 2 failed: HTTPError: 500 Server Error: Internal Server Error for url: https://maas-api.cn-huabei-1.xf-yun.com/v2/chat/completions (panel_side=190, jpeg_quality=70)
[249/720] Minimalism__alvaro-lapa_criminals-and-their-properties-1974__to__Early_Renaissance attempt 3 failed: HTTPError: 500 Server Error: Internal Server Error for url: https://maas-api.cn-huabei-1.xf-yun.com/v2/chat/completions (panel_side=162, jpeg_quality=63)
[249/720] Minimalism__alvaro-lapa_criminals-and-their-properties-1974__to__Early_Renaissance attempt 4 failed: HTTPError: 500 Server Error: Internal Server Error for url: https://maas-api.cn-huabei-1.xf-yun.com/v2/chat/completions (panel_side=138, jpeg_quality=57)
[252/720] Impressionism__henri-matisse_brittany-also-known-as-boat-1896__to__Ukiyo_e -> Seedream_repaired750
[254/720] Rococo__louise-elisabeth-vigee-le-brun_portrait-of-joseph-vernet-1778__to__Minimalism -> Seedream_repaired750
[255/720] Minimalism__brice-marden_joined-2011__to__Minimalism -> Seedream_repaired750
[256/720] Impressionism__winston-churchill_distant-view-of-the-pyramids-1921-1(1)__to__Rococo -> Seedream_repaired750
[257/720] Ukiyo_e__utagawa-kunisada_not_detected_240347__to__Impressionism attempt 1 failed: HTTPError: 500 Server Error: Internal Server Error for url: https://maas-api.cn-huabei-1.xf-yun.com/v2/chat/completions (panel_side=224, jpeg_quality=78)
[257/720] Ukiyo_e__utagawa-kunisada_not_detected_240347__to__Impressionism -> Seedream_repaired750
[258/720] Rococo__benjamin-west_self-portrait-1770__to__Rococo -> Seedream_repaired750
[259/720] Rococo__francois-boucher_portrait-of-madame-boucher-1745__to__Ukiyo_e -> Seedream_repaired750
[260/720] Ukiyo_e__katsushika-hokusai_fishing-in-the-river-kinu__to__Ukiyo_e -> Seedream_repaired750
[261/720] Impressionism__henri-matisse_brittany-also-known-as-boat-1896__to__Rococo -> Seedream_repaired750
[262/720] Ukiyo_e__utagawa-kuniyoshi_ishiyakushi__to__Ukiyo_e -> Seedream_repaired750
[264/720] Ukiyo_e__katsushika-hokusai_fishing-in-the-river-kinu__to__Impressionism -> Seedream_repaired750
[265/720] Impressionism__antoine-blanchard_place-de-la-madeleine-hiver__to__Early_Renaissance attempt 1 failed: HTTPError: 500 Server Error: Internal Server Error for url: https://maas-api.cn-huabei-1.xf-yun.com/v2/chat/completions (panel_side=224, jpeg_quality=78)
[265/720] Impressionism__antoine-blanchard_place-de-la-madeleine-hiver__to__Early_Renaissance -> Seedream_repaired750
[266/720] Minimalism__dan-flavin_greens-crossing-greens-to-piet-mondrian-who-lacked-green-1966__to__Impressionism -> Seedream_repaired750
[267/720] Ukiyo_e__utagawa-kuniyoshi_a-record-of-origins-of-the-great-country-of-japan__to__Ukiyo_e -> Seedream_repaired750
[268/720] Minimalism__joan-hernandez-pijuan_untitled-120-1999__to__Early_Renaissance attempt 1 failed: HTTPError: 500 Server Error: Internal Server Error for url: https://maas-api.cn-huabei-1.xf-yun.com/v2/chat/completions (panel_side=224, jpeg_quality=78)
[268/720] Minimalism__joan-hernandez-pijuan_untitled-120-1999__to__Early_Renaissance attempt 2 failed: HTTPError: 500 Server Error: Internal Server Error for url: https://maas-api.cn-huabei-1.xf-yun.com/v2/chat/completions (panel_side=190, jpeg_quality=70)
[268/720] Minimalism__joan-hernandez-pijuan_untitled-120-1999__to__Early_Renaissance -> Seedream_repaired750
[269/720] Rococo__carl-ludwig-johann-christineck_portrait-of-paul-of-russia-dressed-as-chevalier-of-the-order-of-st-andrew-1760__to__Early_Renaissance -> Seedream_repaired750
[270/720] Ukiyo_e__kitagawa-utamaro_yama-uba-and-kintaro-1__to__Rococo -> Seedream_repaired750
[271/720] Minimalism__robert-ryman_surface-veil-1970__to__Early_Renaissance -> Seedream_repaired750
[272/720] Minimalism__ellsworth-kelly_diagonal-1951__to__Early_Renaissance -> Seedream_repaired750
[273/720] Ukiyo_e__utagawa-kunisada-ii_oichi-from-the-beauties-of-tokyo-series__to__Minimalism -> Seedream_repaired750
[274/720] Impressionism__winston-churchill_distant-view-of-the-pyramids-1921-1(1)__to__Minimalism -> Seedream_repaired750
[275/720] Ukiyo_e__ogata-gekko_print-from-series-women-s-customs-and-manners-1895-1__to__Early_Renaissance -> Seedream_repaired750
[276/720] Ukiyo_e__utagawa-kunisada_not_detected_240347__to__Rococo -> Seedream_repaired750
[277/720] Impressionism__pierre-auguste-renoir_still-life-with-apples-and-pomegranates-1901__to__Impressionism -> Seedream_repaired750
[278/720] Rococo__maurice-quentin-de-la-tour_study-for-portrait-of-mademoiselle-dangeville-1__to__Minimalism -> Seedream_repaired750
[279/720] Ukiyo_e__utagawa-kuniyoshi_a-man-confronted-with-an-apparition-of-the-fox-goddess__to__Impressionism -> Seedream_repaired750
[280/720] Ukiyo_e__utagawa-kuniyoshi_kuzunoha__to__Early_Renaissance -> Seedream_repaired750
[281/720] Rococo__bernardo-bellotto_pirna-seen-from-the-right-bank-of-the-elbe__to__Early_Renaissance -> Seedream_repaired750
[282/720] Ukiyo_e__utagawa-kuniyoshi_ishiyakushi__to__Minimalism -> Seedream_repaired750
[283/720] Rococo__maurice-quentin-de-la-tour_marie-josephe-of-saxony-1__to__Ukiyo_e -> Seedream_repaired750
[285/720] Minimalism__william-scott_bowl-white-on-grey-1962__to__Early_Renaissance -> Seedream_repaired750
[286/720] Rococo__louise-elisabeth-vigee-le-brun_the-bather-1792__to__Impressionism attempt 1 failed: HTTPError: 500 Server Error: Internal Server Error for url: https://maas-api.cn-huabei-1.xf-yun.com/v2/chat/completions (panel_side=224, jpeg_quality=78)
[286/720] Rococo__louise-elisabeth-vigee-le-brun_the-bather-1792__to__Impressionism attempt 2 failed: HTTPError: 500 Server Error: Internal Server Error for url: https://maas-api.cn-huabei-1.xf-yun.com/v2/chat/completions (panel_side=190, jpeg_quality=70)
[286/720] Rococo__louise-elisabeth-vigee-le-brun_the-bather-1792__to__Impressionism attempt 3 failed: HTTPError: 500 Server Error: Internal Server Error for url: https://maas-api.cn-huabei-1.xf-yun.com/v2/chat/completions (panel_side=162, jpeg_quality=63)
[286/720] Rococo__louise-elisabeth-vigee-le-brun_the-bather-1792__to__Impressionism attempt 4 failed: HTTPError: 500 Server Error: Internal Server Error for url: https://maas-api.cn-huabei-1.xf-yun.com/v2/chat/completions (panel_side=138, jpeg_quality=57)
[287/720] Ukiyo_e__utagawa-kuniyoshi_tamatori-being-pursued-bya-dragon__to__Minimalism attempt 1 failed: HTTPError: 500 Server Error: Internal Server Error for url: https://maas-api.cn-huabei-1.xf-yun.com/v2/chat/completions (panel_side=224, jpeg_quality=78)
[287/720] Ukiyo_e__utagawa-kuniyoshi_tamatori-being-pursued-bya-dragon__to__Minimalism attempt 2 failed: HTTPError: 500 Server Error: Internal Server Error for url: https://maas-api.cn-huabei-1.xf-yun.com/v2/chat/completions (panel_side=190, jpeg_quality=70)
[287/720] Ukiyo_e__utagawa-kuniyoshi_tamatori-being-pursued-bya-dragon__to__Minimalism -> Seedream_repaired750
[288/720] Rococo__dmitry-levitzky_maria-feodorovna__to__Rococo -> Seedream_repaired750
[289/720] Ukiyo_e__ogata-gekko_nihon-hana-zue-1896__to__Ukiyo_e attempt 1 failed: HTTPError: 500 Server Error: Internal Server Error for url: https://maas-api.cn-huabei-1.xf-yun.com/v2/chat/completions (panel_side=224, jpeg_quality=78)
[289/720] Ukiyo_e__ogata-gekko_nihon-hana-zue-1896__to__Ukiyo_e attempt 2 failed: HTTPError: 500 Server Error: Internal Server Error for url: https://maas-api.cn-huabei-1.xf-yun.com/v2/chat/completions (panel_side=190, jpeg_quality=70)
[289/720] Ukiyo_e__ogata-gekko_nihon-hana-zue-1896__to__Ukiyo_e -> Seedream_repaired750
[290/720] Impressionism__childe-hassam_evening-champs-elysees-aka-pres-du-louvre__to__Early_Renaissance -> Seedream_repaired750
[291/720] Ukiyo_e__hiroshige_hakone-kosuizu__to__Ukiyo_e -> Seedream_repaired750
[292/720] Ukiyo_e__utagawa-kunisada_not_detected_240347__to__Minimalism attempt 1 failed: HTTPError: 500 Server Error: Internal Server Error for url: https://maas-api.cn-huabei-1.xf-yun.com/v2/chat/completions (panel_side=224, jpeg_quality=78)
[292/720] Ukiyo_e__utagawa-kunisada_not_detected_240347__to__Minimalism -> Seedream_repaired750
[293/720] Impressionism__camille-pissarro_the-gardener-afternoon-sun-eragny-1899__to__Rococo -> Seedream_repaired750
[294/720] Ukiyo_e__utagawa-kuniyoshi_tamatori-being-pursued-bya-dragon__to__Ukiyo_e attempt 1 failed: HTTPError: 500 Server Error: Internal Server Error for url: https://maas-api.cn-huabei-1.xf-yun.com/v2/chat/completions (panel_side=224, jpeg_quality=78)
[294/720] Ukiyo_e__utagawa-kuniyoshi_tamatori-being-pursued-bya-dragon__to__Ukiyo_e attempt 2 failed: HTTPError: 500 Server Error: Internal Server Error for url: https://maas-api.cn-huabei-1.xf-yun.com/v2/chat/completions (panel_side=190, jpeg_quality=70)
[294/720] Ukiyo_e__utagawa-kuniyoshi_tamatori-being-pursued-bya-dragon__to__Ukiyo_e attempt 3 failed: HTTPError: 500 Server Error: Internal Server Error for url: https://maas-api.cn-huabei-1.xf-yun.com/v2/chat/completions (panel_side=162, jpeg_quality=63)
[294/720] Ukiyo_e__utagawa-kuniyoshi_tamatori-being-pursued-bya-dragon__to__Ukiyo_e attempt 4 failed: HTTPError: 500 Server Error: Internal Server Error for url: https://maas-api.cn-huabei-1.xf-yun.com/v2/chat/completions (panel_side=138, jpeg_quality=57)
[295/720] Minimalism__sean-scully_untitled-1973__to__Rococo -> Seedream_repaired750
[296/720] Impressionism__armand-guillaumin_valley-in-pontgibaud-1890__to__Minimalism -> Seedream_repaired750
[297/720] Rococo__william-hogarth_the-countess-s-morning-levee__to__Rococo -> Seedream_repaired750
[298/720] Impressionism__armand-guillaumin_valley-in-pontgibaud-1890__to__Ukiyo_e -> Seedream_repaired750
[300/720] Ukiyo_e__utagawa-kuniyoshi_ishiyakushi__to__Impressionism -> Seedream_repaired750
[302/720] Minimalism__robert-ryman_conversion-2003__to__Ukiyo_e -> Seedream_repaired750
[303/720] Impressionism__william-merritt-chase_at-the-boat-landing__to__Rococo attempt 1 failed: HTTPError: 500 Server Error: Internal Server Error for url: https://maas-api.cn-huabei-1.xf-yun.com/v2/chat/completions (panel_side=224, jpeg_quality=78)
[303/720] Impressionism__william-merritt-chase_at-the-boat-landing__to__Rococo attempt 2 failed: HTTPError: 500 Server Error: Internal Server Error for url: https://maas-api.cn-huabei-1.xf-yun.com/v2/chat/completions (panel_side=190, jpeg_quality=70)
[303/720] Impressionism__william-merritt-chase_at-the-boat-landing__to__Rococo -> Seedream_repaired750
[304/720] Early_Renaissance__andrea-mantegna_adoration-of-the-magi-central-panel-from-the-altarpiece__to__Early_Renaissance attempt 1 failed: HTTPError: 500 Server Error: Internal Server Error for url: https://maas-api.cn-huabei-1.xf-yun.com/v2/chat/completions (panel_side=224, jpeg_quality=78)
[304/720] Early_Renaissance__andrea-mantegna_adoration-of-the-magi-central-panel-from-the-altarpiece__to__Early_Renaissance attempt 2 failed: HTTPError: 500 Server Error: Internal Server Error for url: https://maas-api.cn-huabei-1.xf-yun.com/v2/chat/completions (panel_side=190, jpeg_quality=70)
[304/720] Early_Renaissance__andrea-mantegna_adoration-of-the-magi-central-panel-from-the-altarpiece__to__Early_Renaissance attempt 3 failed: HTTPError: 500 Server Error: Internal Server Error for url: https://maas-api.cn-huabei-1.xf-yun.com/v2/chat/completions (panel_side=162, jpeg_quality=63)
[304/720] Early_Renaissance__andrea-mantegna_adoration-of-the-magi-central-panel-from-the-altarpiece__to__Early_Renaissance attempt 4 failed: HTTPError: 500 Server Error: Internal Server Error for url: https://maas-api.cn-huabei-1.xf-yun.com/v2/chat/completions (panel_side=138, jpeg_quality=57)
[307/720] Rococo__carl-ludwig-johann-christineck_nikolai-mordvinov-1771__to__Impressionism -> Seedream_repaired750
[308/720] Minimalism__brice-marden_joined-2011__to__Ukiyo_e -> Seedream_repaired750
[309/720] Impressionism__childe-hassam_september-moonrise__to__Impressionism -> Seedream_repaired750
[311/720] Rococo__francois-boucher_portrait-of-madame-boucher-1745__to__Minimalism -> Seedream_repaired750
[312/720] Impressionism__rudolf-schweitzer-cumpana_str-du-n-atena__to__Minimalism -> Seedream_repaired750
[315/720] Ukiyo_e__keisai-eisen_the-courtesan-kaoru-of-owariya-matched-with-okitsu-1825(1)__to__Rococo -> Seedream_repaired750
[317/720] Minimalism__joan-hernandez-pijuan_nuvol-rosa-2-1990__to__Rococo -> Seedream_repaired750
[318/720] Impressionism__childe-hassam_evening-champs-elysees-aka-pres-du-louvre__to__Ukiyo_e -> Seedream_repaired750
[320/720] Minimalism__robert-mangold_untitled-fcpa-1995__to__Early_Renaissance -> Seedream_repaired750
[321/720] Minimalism__mira-schendel_untitled-1984__to__Impressionism -> Seedream_repaired750
[323/720] Impressionism__nikolay-bogdanov-belsky_connoisseurs-of-books-knowledge-is-power__to__Rococo -> Seedream_repaired750
[324/720] Rococo__thomas-gainsborough_john-plampin__to__Early_Renaissance -> Seedream_repaired750
[325/720] Impressionism__claude-monet_bordighera-the-house-of-gardener__to__Rococo -> Seedream_repaired750
[327/720] Minimalism__robert-ryman_conversion-2003__to__Minimalism -> Seedream_repaired750
[328/720] Rococo__thomas-gainsborough_a-coastal-landscape-1782__to__Early_Renaissance -> Seedream_repaired750
[330/720] Minimalism__yves-gaucher_traces-2000__to__Rococo -> Seedream_repaired750
[331/720] Minimalism__imi-knoebel_weiss-und-schwarz-4-2009__to__Ukiyo_e -> Seedream_repaired750
[332/720] Ukiyo_e__kitagawa-utamaro_the-hour-of-the-horse__to__Ukiyo_e attempt 1 failed: HTTPError: 500 Server Error: Internal Server Error for url: https://maas-api.cn-huabei-1.xf-yun.com/v2/chat/completions (panel_side=224, jpeg_quality=78)
[332/720] Ukiyo_e__kitagawa-utamaro_the-hour-of-the-horse__to__Ukiyo_e attempt 2 failed: HTTPError: 500 Server Error: Internal Server Error for url: https://maas-api.cn-huabei-1.xf-yun.com/v2/chat/completions (panel_side=190, jpeg_quality=70)
[332/720] Ukiyo_e__kitagawa-utamaro_the-hour-of-the-horse__to__Ukiyo_e -> Seedream_repaired750
[333/720] Impressionism__john-singer-sargent_lake-in-the-tyrol__to__Impressionism -> Seedream_repaired750
[334/720] Minimalism__brice-marden_joined-2011__to__Early_Renaissance -> Seedream_repaired750
[335/720] Rococo__thomas-gainsborough_robert-butcher-of-walthamstan__to__Rococo -> Seedream_repaired750
[336/720] Ukiyo_e__keisai-eisen_yabai-with-two-women-1840__to__Impressionism attempt 1 failed: HTTPError: 500 Server Error: Internal Server Error for url: https://maas-api.cn-huabei-1.xf-yun.com/v2/chat/completions (panel_side=224, jpeg_quality=78)
[336/720] Ukiyo_e__keisai-eisen_yabai-with-two-women-1840__to__Impressionism attempt 2 failed: HTTPError: 500 Server Error: Internal Server Error for url: https://maas-api.cn-huabei-1.xf-yun.com/v2/chat/completions (panel_side=190, jpeg_quality=70)
[336/720] Ukiyo_e__keisai-eisen_yabai-with-two-women-1840__to__Impressionism attempt 3 failed: HTTPError: 500 Server Error: Internal Server Error for url: https://maas-api.cn-huabei-1.xf-yun.com/v2/chat/completions (panel_side=162, jpeg_quality=63)
[336/720] Ukiyo_e__keisai-eisen_yabai-with-two-women-1840__to__Impressionism -> Seedream_repaired750
[337/720] Impressionism__rudolf-schweitzer-cumpana_str-du-n-atena__to__Rococo -> Seedream_repaired750
[339/720] Impressionism__edgar-degas_ancer-with-red-stockings__to__Early_Renaissance attempt 1 failed: HTTPError: 500 Server Error: Internal Server Error for url: https://maas-api.cn-huabei-1.xf-yun.com/v2/chat/completions (panel_side=224, jpeg_quality=78)
[339/720] Impressionism__edgar-degas_ancer-with-red-stockings__to__Early_Renaissance attempt 2 failed: HTTPError: 500 Server Error: Internal Server Error for url: https://maas-api.cn-huabei-1.xf-yun.com/v2/chat/completions (panel_side=190, jpeg_quality=70)
[339/720] Impressionism__edgar-degas_ancer-with-red-stockings__to__Early_Renaissance attempt 3 failed: HTTPError: 500 Server Error: Internal Server Error for url: https://maas-api.cn-huabei-1.xf-yun.com/v2/chat/completions (panel_side=162, jpeg_quality=63)
[339/720] Impressionism__edgar-degas_ancer-with-red-stockings__to__Early_Renaissance attempt 4 failed: HTTPError: 500 Server Error: Internal Server Error for url: https://maas-api.cn-huabei-1.xf-yun.com/v2/chat/completions (panel_side=138, jpeg_quality=57)
[340/720] Minimalism__john-mclaughlin_number-4__to__Minimalism -> Seedream_repaired750
[341/720] Impressionism__edgar-degas_study-of-gentile-bellini-1855__to__Ukiyo_e -> Seedream_repaired750
[342/720] Impressionism__camille-pissarro_the-gardener-afternoon-sun-eragny-1899__to__Ukiyo_e -> Seedream_repaired750
[343/720] Rococo__maurice-quentin-de-la-tour_marie-josephe-of-saxony-1__to__Minimalism -> Seedream_repaired750
[344/720] Minimalism__joan-hernandez-pijuan_untitled-120-1999__to__Ukiyo_e attempt 1 failed: HTTPError: 500 Server Error: Internal Server Error for url: https://maas-api.cn-huabei-1.xf-yun.com/v2/chat/completions (panel_side=224, jpeg_quality=78)
[344/720] Minimalism__joan-hernandez-pijuan_untitled-120-1999__to__Ukiyo_e attempt 2 failed: HTTPError: 500 Server Error: Internal Server Error for url: https://maas-api.cn-huabei-1.xf-yun.com/v2/chat/completions (panel_side=190, jpeg_quality=70)
[344/720] Minimalism__joan-hernandez-pijuan_untitled-120-1999__to__Ukiyo_e -> Seedream_repaired750
[345/720] Minimalism__yves-gaucher_traces-2000__to__Minimalism -> Seedream_repaired750
[346/720] Ukiyo_e__utagawa-kuniyoshi_tamatori-being-pursued-bya-dragon__to__Impressionism attempt 1 failed: HTTPError: 500 Server Error: Internal Server Error for url: https://maas-api.cn-huabei-1.xf-yun.com/v2/chat/completions (panel_side=224, jpeg_quality=78)
[346/720] Ukiyo_e__utagawa-kuniyoshi_tamatori-being-pursued-bya-dragon__to__Impressionism attempt 2 failed: HTTPError: 500 Server Error: Internal Server Error for url: https://maas-api.cn-huabei-1.xf-yun.com/v2/chat/completions (panel_side=190, jpeg_quality=70)
[346/720] Ukiyo_e__utagawa-kuniyoshi_tamatori-being-pursued-bya-dragon__to__Impressionism -> Seedream_repaired750
[347/720] Ukiyo_e__utagawa-kunisada_not_detected_240347__to__Early_Renaissance attempt 1 failed: HTTPError: 500 Server Error: Internal Server Error for url: https://maas-api.cn-huabei-1.xf-yun.com/v2/chat/completions (panel_side=224, jpeg_quality=78)
[347/720] Ukiyo_e__utagawa-kunisada_not_detected_240347__to__Early_Renaissance -> Seedream_repaired750
[348/720] Rococo__joseph-wright_d-ewes-coke-his-wife-hannah-and-daniel-parker-coke__to__Early_Renaissance -> Seedream_repaired750
[349/720] Impressionism__william-merritt-chase_gray-day-on-the-lagoon-a-passenger-boat-venice__to__Rococo -> Seedream_repaired750
[350/720] Rococo__jean-marc-nattier_portrait-of-louis-tocqu-1762__to__Rococo -> Seedream_repaired750
[351/720] Ukiyo_e__utagawa-kuniyoshi_kuzunoha__to__Ukiyo_e -> Seedream_repaired750
[352/720] Impressionism__edgar-degas_study-of-gentile-bellini-1855__to__Early_Renaissance -> Seedream_repaired750
[353/720] Ukiyo_e__utagawa-kuniyoshi_ishiyakushi__to__Rococo -> Seedream_repaired750
[354/720] Minimalism__robert-mangold_untitled-fcpa-1995__to__Minimalism -> Seedream_repaired750
[356/720] Ukiyo_e__utagawa-kunisada_not_detected_240353__to__Rococo attempt 1 failed: HTTPError: 500 Server Error: Internal Server Error for url: https://maas-api.cn-huabei-1.xf-yun.com/v2/chat/completions (panel_side=224, jpeg_quality=78)
[356/720] Ukiyo_e__utagawa-kunisada_not_detected_240353__to__Rococo attempt 2 failed: HTTPError: 500 Server Error: Internal Server Error for url: https://maas-api.cn-huabei-1.xf-yun.com/v2/chat/completions (panel_side=190, jpeg_quality=70)
[356/720] Ukiyo_e__utagawa-kunisada_not_detected_240353__to__Rococo -> Seedream_repaired750
[357/720] Ukiyo_e__utagawa-kunisada_not_detected_240353__to__Impressionism attempt 1 failed: HTTPError: 500 Server Error: Internal Server Error for url: https://maas-api.cn-huabei-1.xf-yun.com/v2/chat/completions (panel_side=224, jpeg_quality=78)
[357/720] Ukiyo_e__utagawa-kunisada_not_detected_240353__to__Impressionism attempt 2 failed: HTTPError: 500 Server Error: Internal Server Error for url: https://maas-api.cn-huabei-1.xf-yun.com/v2/chat/completions (panel_side=190, jpeg_quality=70)
[357/720] Ukiyo_e__utagawa-kunisada_not_detected_240353__to__Impressionism -> Seedream_repaired750
[358/720] Ukiyo_e__utagawa-kunisada_the-actor__to__Minimalism -> Seedream_repaired750
[359/720] Rococo__giovanni-domenico-tiepolo_christ-s-fall-on-the-way-to-calvary-1772__to__Rococo -> Seedream_repaired750
[360/720] Rococo__joshua-reynolds_colonel-george-k-h-coussmaker-grenadier-guards__to__Impressionism -> Seedream_repaired750
[362/720] Rococo__bernardo-bellotto_view-of-dresden-the-dresden-fortifications-moat-with-a-bridge-between-gate-and-post-mile-pillar__to__Ukiyo_e -> Seedream_repaired750
[363/720] Ukiyo_e__kitagawa-utamaro_upon-my-oath__to__Early_Renaissance -> Seedream_repaired750
[364/720] Impressionism__mihaly-munkacsy_dusty-country-road-ii-1883__to__Impressionism -> Seedream_repaired750
[365/720] Ukiyo_e__utagawa-kuniyoshi_a-record-of-origins-of-the-great-country-of-japan__to__Early_Renaissance attempt 1 failed: HTTPError: 500 Server Error: Internal Server Error for url: https://maas-api.cn-huabei-1.xf-yun.com/v2/chat/completions (panel_side=224, jpeg_quality=78)
[365/720] Ukiyo_e__utagawa-kuniyoshi_a-record-of-origins-of-the-great-country-of-japan__to__Early_Renaissance attempt 2 failed: HTTPError: 500 Server Error: Internal Server Error for url: https://maas-api.cn-huabei-1.xf-yun.com/v2/chat/completions (panel_side=190, jpeg_quality=70)
[365/720] Ukiyo_e__utagawa-kuniyoshi_a-record-of-origins-of-the-great-country-of-japan__to__Early_Renaissance -> Seedream_repaired750
[366/720] Minimalism__dan-flavin_greens-crossing-greens-to-piet-mondrian-who-lacked-green-1966__to__Early_Renaissance -> Seedream_repaired750
[367/720] Ukiyo_e__utagawa-kunisada_the-actor__to__Rococo -> Seedream_repaired750
[369/720] Rococo__joseph-wright_mr-and-mrs-thomas-coltman__to__Early_Renaissance -> Seedream_repaired750
[371/720] Rococo__antoine-watteau_the-delicate-musician__to__Minimalism -> Seedream_repaired750
[372/720] Rococo__thomas-gainsborough_a-peasant-girl-with-dog-and-jug-1785__to__Ukiyo_e -> Seedream_repaired750
[373/720] Impressionism__eugene-boudin_the-port-ships-at-dock__to__Ukiyo_e -> Seedream_repaired750
[374/720] Impressionism__childe-hassam_evening-champs-elysees-aka-pres-du-louvre__to__Minimalism -> Seedream_repaired750
[375/720] Ukiyo_e__hiroshige_hakone-kosuizu__to__Early_Renaissance -> Seedream_repaired750
[376/720] Minimalism__william-scott_bowl-white-on-grey-1962__to__Rococo -> Seedream_repaired750
[377/720] Rococo__dmitry-levitzky_portrait-of-unknown-woman-with-a-rose-1788__to__Ukiyo_e -> Seedream_repaired750
[378/720] Rococo__antoine-pesne_carl-heinrich-graun__to__Early_Renaissance -> Seedream_repaired750
[379/720] Minimalism__joan-hernandez-pijuan_untitled-120-1999__to__Impressionism -> Seedream_repaired750
[380/720] Rococo__giovanni-domenico-tiepolo_the-new-world-1797__to__Early_Renaissance -> Seedream_repaired750
[383/720] Impressionism__claude-monet_bordighera-the-house-of-gardener__to__Early_Renaissance -> Seedream_repaired750
[384/720] Minimalism__mira-schendel_untitled-1984__to__Ukiyo_e -> Seedream_repaired750
[385/720] Rococo__carl-ludwig-johann-christineck_nikolai-mordvinov-1771__to__Early_Renaissance -> Seedream_repaired750
[387/720] Impressionism__eugene-boudin_trouville-the-fish-market-1884__to__Early_Renaissance attempt 1 failed: HTTPError: 500 Server Error: Internal Server Error for url: https://maas-api.cn-huabei-1.xf-yun.com/v2/chat/completions (panel_side=224, jpeg_quality=78)
[387/720] Impressionism__eugene-boudin_trouville-the-fish-market-1884__to__Early_Renaissance -> Seedream_repaired750
[389/720] Ukiyo_e__katsushika-hokusai_fishing-in-the-bay-uraga__to__Early_Renaissance -> Seedream_repaired750
[390/720] Minimalism__agnes-martin_happy-valley-1967__to__Minimalism -> Seedream_repaired750
[391/720] Rococo__dmitry-levitzky_portrait-of-unknown-woman-with-a-rose-1788__to__Minimalism -> Seedream_repaired750
[393/720] Minimalism__ronald-davis_zig-zag-times-two-1966__to__Rococo -> Seedream_repaired750
[395/720] Ukiyo_e__utagawa-kunisada_not_detected_240381(1)__to__Impressionism attempt 1 failed: HTTPError: 500 Server Error: Internal Server Error for url: https://maas-api.cn-huabei-1.xf-yun.com/v2/chat/completions (panel_side=224, jpeg_quality=78)
[395/720] Ukiyo_e__utagawa-kunisada_not_detected_240381(1)__to__Impressionism -> Seedream_repaired750
[396/720] Minimalism__tony-smith_die-1968__to__Impressionism -> Seedream_repaired750
[397/720] Impressionism__william-merritt-chase_gray-day-on-the-lagoon-a-passenger-boat-venice__to__Impressionism -> Seedream_repaired750
[398/720] Minimalism__ruth-vollmer_trimer-monomer-dimer-1965__to__Rococo attempt 1 failed: ConnectionError: ('Connection aborted.', ConnectionAbortedError(10053, '????????????????????', None, 10053, None)) (panel_side=224, jpeg_quality=78)
[398/720] Minimalism__ruth-vollmer_trimer-monomer-dimer-1965__to__Rococo -> Seedream_repaired750
[399/720] Minimalism__sean-scully_untitled-1973__to__Ukiyo_e -> Seedream_repaired750
[400/720] Rococo__jean-marc-nattier_portrait-of-louis-tocqu-1762__to__Early_Renaissance -> Seedream_repaired750
[401/720] Minimalism__joan-hernandez-pijuan_nuvol-rosa-2-1990__to__Minimalism -> Seedream_repaired750
[402/720] Minimalism__judy-chicago_morning-fan-1971__to__Minimalism -> Seedream_repaired750
[404/720] Impressionism__childe-hassam_evening-champs-elysees-aka-pres-du-louvre__to__Rococo -> Seedream_repaired750
[405/720] Ukiyo_e__kitagawa-utamaro_upon-my-oath__to__Impressionism -> Seedream_repaired750
[406/720] Minimalism__imi-knoebel_weiss-und-schwarz-4-2009__to__Early_Renaissance -> Seedream_repaired750
[407/720] Ukiyo_e__utagawa-kuniyoshi_a-record-of-origins-of-the-great-country-of-japan__to__Minimalism -> Seedream_repaired750
[408/720] Minimalism__robert-mangold_ellow-black-zone-painting-iv-1996__to__Impressionism -> Seedream_repaired750
[409/720] Rococo__antoine-watteau_head-of-a-man__to__Impressionism -> Seedream_repaired750
[410/720] Minimalism__william-scott_bowl-white-on-grey-1962__to__Ukiyo_e -> Seedream_repaired750
[411/720] Impressionism__antoine-blanchard_place-de-la-madeleine-hiver__to__Minimalism -> Seedream_repaired750
[412/720] Ukiyo_e__kitagawa-utamaro_the-hour-of-the-horse__to__Minimalism -> Seedream_repaired750
[413/720] Minimalism__ruth-vollmer_trimer-monomer-dimer-1965__to__Impressionism -> Seedream_repaired750
[414/720] Minimalism__fernando-lanhas_o39-68-1968__to__Ukiyo_e attempt 1 failed: HTTPError: 500 Server Error: Internal Server Error for url: https://maas-api.cn-huabei-1.xf-yun.com/v2/chat/completions (panel_side=224, jpeg_quality=78)
[414/720] Minimalism__fernando-lanhas_o39-68-1968__to__Ukiyo_e attempt 2 failed: HTTPError: 500 Server Error: Internal Server Error for url: https://maas-api.cn-huabei-1.xf-yun.com/v2/chat/completions (panel_side=190, jpeg_quality=70)
[414/720] Minimalism__fernando-lanhas_o39-68-1968__to__Ukiyo_e -> Seedream_repaired750
[416/720] Ukiyo_e__ogata-gekko_print-from-series-women-s-customs-and-manners-1895-1__to__Ukiyo_e attempt 1 failed: HTTPError: 500 Server Error: Internal Server Error for url: https://maas-api.cn-huabei-1.xf-yun.com/v2/chat/completions (panel_side=224, jpeg_quality=78)
[416/720] Ukiyo_e__ogata-gekko_print-from-series-women-s-customs-and-manners-1895-1__to__Ukiyo_e attempt 2 failed: HTTPError: 500 Server Error: Internal Server Error for url: https://maas-api.cn-huabei-1.xf-yun.com/v2/chat/completions (panel_side=190, jpeg_quality=70)
[416/720] Ukiyo_e__ogata-gekko_print-from-series-women-s-customs-and-manners-1895-1__to__Ukiyo_e -> Seedream_repaired750
[417/720] Impressionism__konstantin-korovin_arctic-ocean-1913__to__Impressionism -> Seedream_repaired750
[418/720] Rococo__carl-ludwig-johann-christineck_portrait-of-paul-of-russia-dressed-as-chevalier-of-the-order-of-st-andrew-1760__to__Rococo -> Seedream_repaired750
[419/720] Rococo__joshua-reynolds_colonel-george-k-h-coussmaker-grenadier-guards__to__Ukiyo_e -> Seedream_repaired750
[421/720] Impressionism__edouard-manet_tarring-the-boat-1873__to__Early_Renaissance -> Seedream_repaired750
[422/720] Minimalism__yves-klein_untitled-yellow-monochrome-1956__to__Impressionism attempt 1 failed: HTTPError: 500 Server Error: Internal Server Error for url: https://maas-api.cn-huabei-1.xf-yun.com/v2/chat/completions (panel_side=224, jpeg_quality=78)
[422/720] Minimalism__yves-klein_untitled-yellow-monochrome-1956__to__Impressionism attempt 2 failed: HTTPError: 500 Server Error: Internal Server Error for url: https://maas-api.cn-huabei-1.xf-yun.com/v2/chat/completions (panel_side=190, jpeg_quality=70)
[422/720] Minimalism__yves-klein_untitled-yellow-monochrome-1956__to__Impressionism -> LBM-PS-v2_e13
[423/720] Ukiyo_e__kitagawa-utamaro_upon-my-oath__to__Ukiyo_e -> Seedream_repaired750
[427/720] Ukiyo_e__utagawa-kunisada_not_detected_240353__to__Minimalism attempt 1 failed: HTTPError: 500 Server Error: Internal Server Error for url: https://maas-api.cn-huabei-1.xf-yun.com/v2/chat/completions (panel_side=224, jpeg_quality=78)
[427/720] Ukiyo_e__utagawa-kunisada_not_detected_240353__to__Minimalism attempt 2 failed: HTTPError: 500 Server Error: Internal Server Error for url: https://maas-api.cn-huabei-1.xf-yun.com/v2/chat/completions (panel_side=190, jpeg_quality=70)
[427/720] Ukiyo_e__utagawa-kunisada_not_detected_240353__to__Minimalism -> Seedream_repaired750
[429/720] Rococo__bernardo-bellotto_pirna-seen-from-the-right-bank-of-the-elbe__to__Ukiyo_e -> Seedream_repaired750
[430/720] Rococo__dmitry-levitzky_portrait-of-unknown-woman-with-a-rose-1788__to__Early_Renaissance -> Seedream_repaired750
[431/720] Impressionism__winston-churchill_distant-view-of-the-pyramids-1921-1(1)__to__Early_Renaissance -> Seedream_repaired750
[433/720] Rococo__maurice-quentin-de-la-tour_marie-josephe-of-saxony-1__to__Rococo -> Seedream_repaired750
[436/720] Ukiyo_e__kitagawa-utamaro_the-hour-of-the-horse__to__Early_Renaissance -> Seedream_repaired750
[437/720] Minimalism__yves-gaucher_traces-2000__to__Ukiyo_e -> Seedream_repaired750
[438/720] Rococo__thomas-gainsborough_a-coastal-landscape-1782__to__Impressionism -> Seedream_repaired750
[439/720] Rococo__giovanni-domenico-tiepolo_the-new-world-1797__to__Impressionism -> Seedream_repaired750
[440/720] Impressionism__nicolae-vermont_rotterdam-port-1928__to__Ukiyo_e attempt 1 failed: ConnectionError: ('Connection aborted.', ConnectionAbortedError(10053, '????????????????????', None, 10053, None)) (panel_side=224, jpeg_quality=78)
[440/720] Impressionism__nicolae-vermont_rotterdam-port-1928__to__Ukiyo_e -> Seedream_repaired750
[443/720] Impressionism__henri-matisse_brittany-also-known-as-boat-1896__to__Early_Renaissance -> Seedream_repaired750
[444/720] Ukiyo_e__kitagawa-utamaro_yama-uba-and-kintaro-1__to__Minimalism -> Seedream_repaired750
[446/720] Impressionism__william-merritt-chase_gray-day-on-the-lagoon-a-passenger-boat-venice__to__Early_Renaissance -> Seedream_repaired750
[447/720] Ukiyo_e__katsushika-hokusai_ono-shindon-in-the-suraga-province__to__Impressionism -> Seedream_repaired750
[448/720] Ukiyo_e__katsushika-hokusai_fishing-in-the-bay-uraga__to__Minimalism -> Seedream_repaired750
[449/720] Rococo__thomas-gainsborough_robert-butcher-of-walthamstan__to__Impressionism -> Seedream_repaired750
[450/720] Minimalism__ellsworth-kelly_diagonal-1951__to__Minimalism -> Seedream_repaired750
[452/720] Impressionism__edouard-manet_tarring-the-boat-1873__to__Rococo -> Seedream_repaired750
[453/720] Ukiyo_e__utagawa-toyokuni_the-heian-courtier__to__Ukiyo_e -> Seedream_repaired750
[454/720] Impressionism__nikolay-bogdanov-belsky_connoisseurs-of-books-knowledge-is-power__to__Ukiyo_e attempt 1 failed: HTTPError: 500 Server Error: Internal Server Error for url: https://maas-api.cn-huabei-1.xf-yun.com/v2/chat/completions (panel_side=224, jpeg_quality=78)
[454/720] Impressionism__nikolay-bogdanov-belsky_connoisseurs-of-books-knowledge-is-power__to__Ukiyo_e attempt 2 failed: HTTPError: 500 Server Error: Internal Server Error for url: https://maas-api.cn-huabei-1.xf-yun.com/v2/chat/completions (panel_side=190, jpeg_quality=70)
[454/720] Impressionism__nikolay-bogdanov-belsky_connoisseurs-of-books-knowledge-is-power__to__Ukiyo_e -> Seedream_repaired750
[455/720] Ukiyo_e__utagawa-kunisada-ii_oichi-from-the-beauties-of-tokyo-series__to__Impressionism -> Seedream_repaired750
[456/720] Rococo__giovanni-domenico-tiepolo_christ-s-fall-on-the-way-to-calvary-1772__to__Minimalism -> Seedream_repaired750
[457/720] Minimalism__frank-stella_gezira-from-black-series-ii-1967__to__Ukiyo_e -> Seedream_repaired750
[459/720] Minimalism__john-mclaughlin_number-13-1973__to__Minimalism -> Seedream_repaired750
[460/720] Impressionism__nicolae-vermont_rotterdam-port-1928__to__Rococo -> Seedream_repaired750
[461/720] Ukiyo_e__katsushika-hokusai_woman-looking-at-herself-in-a-mirror__to__Ukiyo_e -> Seedream_repaired750
[462/720] Ukiyo_e__kitagawa-utamaro_upon-my-oath__to__Minimalism -> Seedream_repaired750
[463/720] Ukiyo_e__keisai-eisen_yabai-with-two-women-1840__to__Early_Renaissance attempt 1 failed: HTTPError: 500 Server Error: Internal Server Error for url: https://maas-api.cn-huabei-1.xf-yun.com/v2/chat/completions (panel_side=224, jpeg_quality=78)
[463/720] Ukiyo_e__keisai-eisen_yabai-with-two-women-1840__to__Early_Renaissance attempt 2 failed: HTTPError: 500 Server Error: Internal Server Error for url: https://maas-api.cn-huabei-1.xf-yun.com/v2/chat/completions (panel_side=190, jpeg_quality=70)
[463/720] Ukiyo_e__keisai-eisen_yabai-with-two-women-1840__to__Early_Renaissance attempt 3 failed: HTTPError: 500 Server Error: Internal Server Error for url: https://maas-api.cn-huabei-1.xf-yun.com/v2/chat/completions (panel_side=162, jpeg_quality=63)
[463/720] Ukiyo_e__keisai-eisen_yabai-with-two-women-1840__to__Early_Renaissance -> Seedream_repaired750
[464/720] Ukiyo_e__hiroshige_oiso-toraga-ame-shower-1835__to__Early_Renaissance -> Seedream_repaired750
[466/720] Minimalism__robert-morris_box-with-the-sound-of-its-own-making-1961__to__Early_Renaissance -> Seedream_repaired750
[468/720] Minimalism__dan-flavin_greens-crossing-greens-to-piet-mondrian-who-lacked-green-1966__to__Ukiyo_e attempt 1 failed: ConnectionError: ('Connection aborted.', ConnectionResetError(10054, '?????????????????', None, 10054, None)) (panel_side=224, jpeg_quality=78)
[468/720] Minimalism__dan-flavin_greens-crossing-greens-to-piet-mondrian-who-lacked-green-1966__to__Ukiyo_e -> Seedream_repaired750
[469/720] Ukiyo_e__utagawa-kuniyoshi_a-man-confronted-with-an-apparition-of-the-fox-goddess__to__Ukiyo_e -> Seedream_repaired750
[470/720] Rococo__maurice-quentin-de-la-tour_study-for-portrait-of-mademoiselle-dangeville-1__to__Ukiyo_e -> Seedream_repaired750
[471/720] Rococo__giovanni-domenico-tiepolo_the-new-world-1797__to__Minimalism -> Seedream_repaired750
[472/720] Rococo__dmitry-levitzky_maria-feodorovna__to__Minimalism -> Seedream_repaired750
[473/720] Minimalism__pino-pinelli_pittura-r-1993__to__Ukiyo_e -> Seedream_repaired750
[474/720] Minimalism__frank-stella_gezira-from-black-series-ii-1967__to__Rococo -> Seedream_repaired750
[475/720] Rococo__antoine-watteau_the-delicate-musician__to__Early_Renaissance -> Seedream_repaired750
[476/720] Ukiyo_e__utagawa-kuniyoshi_kuzunoha__to__Minimalism -> Seedream_repaired750
[477/720] Minimalism__pino-pinelli_pittura-r-1993__to__Impressionism -> Seedream_repaired750
[478/720] Rococo__giovanni-domenico-tiepolo_christ-s-fall-on-the-way-to-calvary-1772__to__Ukiyo_e -> Seedream_repaired750
[479/720] Rococo__dmitry-levitzky_portrait-of-maria-palovna-narychkina-1773__to__Minimalism -> Seedream_repaired750
[480/720] Minimalism__yves-gaucher_traces-2000__to__Early_Renaissance attempt 1 failed: HTTPError: 500 Server Error: Internal Server Error for url: https://maas-api.cn-huabei-1.xf-yun.com/v2/chat/completions (panel_side=224, jpeg_quality=78)
[480/720] Minimalism__yves-gaucher_traces-2000__to__Early_Renaissance -> Seedream_repaired750
[481/720] Impressionism__eugene-boudin_the-port-ships-at-dock__to__Early_Renaissance -> Seedream_repaired750
[482/720] Impressionism__winston-churchill_distant-view-of-the-pyramids-1921-1(1)__to__Impressionism -> Seedream_repaired750
[484/720] Impressionism__camille-pissarro_the-gardener-afternoon-sun-eragny-1899__to__Impressionism -> Seedream_repaired750
[485/720] Ukiyo_e__tsukioka-yoshitoshi_not_detected_242419__to__Impressionism -> Seedream_repaired750
[486/720] Rococo__jean-marc-nattier_portrait-of-louis-tocqu-1762__to__Impressionism -> Seedream_repaired750
[487/720] Rococo__bernardo-bellotto_pirna-seen-from-the-right-bank-of-the-elbe__to__Impressionism -> Seedream_repaired750
[488/720] Minimalism__joan-hernandez-pijuan_untitled-120-1999__to__Minimalism -> Seedream_repaired750
[489/720] Minimalism__fernando-lanhas_o39-68-1968__to__Impressionism -> Seedream_repaired750
[490/720] Minimalism__robert-mangold_ellow-black-zone-painting-iv-1996__to__Early_Renaissance -> Seedream_repaired750
[491/720] Impressionism__eugene-boudin_laundresses-on-the-banks-of-the-touques-9__to__Minimalism -> Seedream_repaired750
[493/720] Minimalism__ruth-vollmer_trimer-monomer-dimer-1965__to__Minimalism -> Seedream_repaired750
[495/720] Impressionism__armand-guillaumin_valley-in-pontgibaud-1890__to__Impressionism -> Seedream_repaired750
[496/720] Rococo__joseph-wright_d-ewes-coke-his-wife-hannah-and-daniel-parker-coke__to__Impressionism -> Seedream_repaired750
[497/720] Rococo__louise-elisabeth-vigee-le-brun_the-bather-1792__to__Ukiyo_e attempt 1 failed: HTTPError: 500 Server Error: Internal Server Error for url: https://maas-api.cn-huabei-1.xf-yun.com/v2/chat/completions (panel_side=224, jpeg_quality=78)
[497/720] Rococo__louise-elisabeth-vigee-le-brun_the-bather-1792__to__Ukiyo_e -> Seedream_repaired750
[498/720] Impressionism__stefan-dimitrescu_cabaret__to__Ukiyo_e -> Seedream_repaired750
[499/720] Minimalism__judy-chicago_morning-fan-1971__to__Impressionism -> Seedream_repaired750
[500/720] Rococo__thomas-gainsborough_john-plampin__to__Rococo -> Seedream_repaired750
[502/720] Impressionism__augustus-john_proven-al-landscape__to__Early_Renaissance -> Seedream_repaired750
[503/720] Ukiyo_e__utagawa-kuniyoshi_woman-seated-under-a-cherry-blossoms__to__Early_Renaissance -> Seedream_repaired750
[504/720] Minimalism__john-mclaughlin_number-4__to__Early_Renaissance -> Seedream_repaired750
[505/720] Impressionism__claude-monet_rouen-cathedral-the-portal-at-midday__to__Impressionism -> Seedream_repaired750
[506/720] Ukiyo_e__hiroshige_oiso-toraga-ame-shower-1835__to__Rococo -> Seedream_repaired750
[507/720] Minimalism__bruce-nauman_la-brea-art-tips-rat-spit-tar-pits-1972__to__Rococo -> Seedream_repaired750
[508/720] Minimalism__sean-scully_untitled-1973__to__Minimalism -> Seedream_repaired750
[510/720] Ukiyo_e__keisai-eisen_the-courtesan-kaoru-of-owariya-matched-with-okitsu-1825(1)__to__Minimalism -> Seedream_repaired750
[511/720] Rococo__antoine-watteau_head-of-a-man__to__Ukiyo_e -> Seedream_repaired750
[513/720] Minimalism__eva-hesse_expanded-expansion-1969__to__Ukiyo_e -> Seedream_repaired750
[514/720] Ukiyo_e__utagawa-kunisada_the-actor__to__Early_Renaissance -> Seedream_repaired750
[515/720] Minimalism__dan-flavin_greens-crossing-greens-to-piet-mondrian-who-lacked-green-1966__to__Minimalism -> Seedream_repaired750
[516/720] Ukiyo_e__utagawa-kuniyoshi_tsuchigumo__to__Ukiyo_e -> Seedream_repaired750
[518/720] Impressionism__childe-hassam_september-moonrise__to__Rococo -> Seedream_repaired750
[519/720] Rococo__louise-elisabeth-vigee-le-brun_portrait-of-joseph-vernet-1778__to__Impressionism -> Seedream_repaired750
[520/720] Impressionism__joaqu??n-sorolla_study-of-vineyard__to__Ukiyo_e -> Seedream_repaired750
[521/720] Ukiyo_e__utagawa-kuniyoshi_kuzunoha__to__Rococo -> Seedream_repaired750
[522/720] Impressionism__stefan-dimitrescu_cabaret__to__Impressionism -> Seedream_repaired750
[523/720] Rococo__maurice-quentin-de-la-tour_marie-josephe-of-saxony-1__to__Impressionism -> Seedream_repaired750
[524/720] Minimalism__joan-hernandez-pijuan_untitled-120-1999__to__Rococo -> Seedream_repaired750
[525/720] Impressionism__edouard-manet_tarring-the-boat-1873__to__Impressionism attempt 1 failed: HTTPError: 500 Server Error: Internal Server Error for url: https://maas-api.cn-huabei-1.xf-yun.com/v2/chat/completions (panel_side=224, jpeg_quality=78)
[525/720] Impressionism__edouard-manet_tarring-the-boat-1873__to__Impressionism -> Seedream_repaired750
[527/720] Impressionism__armand-guillaumin_valley-in-pontgibaud-1890__to__Rococo -> Seedream_repaired750
[529/720] Rococo__carl-ludwig-johann-christineck_portrait-of-paul-of-russia-dressed-as-chevalier-of-the-order-of-st-andrew-1760__to__Impressionism attempt 1 failed: HTTPError: 500 Server Error: Internal Server Error for url: https://maas-api.cn-huabei-1.xf-yun.com/v2/chat/completions (panel_side=224, jpeg_quality=78)
[529/720] Rococo__carl-ludwig-johann-christineck_portrait-of-paul-of-russia-dressed-as-chevalier-of-the-order-of-st-andrew-1760__to__Impressionism attempt 2 failed: HTTPError: 500 Server Error: Internal Server Error for url: https://maas-api.cn-huabei-1.xf-yun.com/v2/chat/completions (panel_side=190, jpeg_quality=70)
[529/720] Rococo__carl-ludwig-johann-christineck_portrait-of-paul-of-russia-dressed-as-chevalier-of-the-order-of-st-andrew-1760__to__Impressionism -> Seedream_repaired750
[531/720] Minimalism__mira-schendel_untitled-1984__to__Minimalism -> Seedream_repaired750
[532/720] Minimalism__robert-ryman_conversion-2003__to__Early_Renaissance -> Seedream_repaired750
[533/720] Minimalism__eva-hesse_expanded-expansion-1969__to__Minimalism -> Seedream_repaired750
[534/720] Impressionism__claude-monet_bordighera-the-house-of-gardener__to__Ukiyo_e -> Seedream_repaired750
[535/720] Impressionism__joaqu??n-sorolla_study-of-vineyard__to__Impressionism -> Seedream_repaired750
[536/720] Ukiyo_e__keisai-eisen_the-courtesan-kaoru-of-owariya-matched-with-okitsu-1825(1)__to__Ukiyo_e attempt 1 failed: HTTPError: 500 Server Error: Internal Server Error for url: https://maas-api.cn-huabei-1.xf-yun.com/v2/chat/completions (panel_side=224, jpeg_quality=78)
[536/720] Ukiyo_e__keisai-eisen_the-courtesan-kaoru-of-owariya-matched-with-okitsu-1825(1)__to__Ukiyo_e attempt 2 failed: HTTPError: 500 Server Error: Internal Server Error for url: https://maas-api.cn-huabei-1.xf-yun.com/v2/chat/completions (panel_side=190, jpeg_quality=70)
[536/720] Ukiyo_e__keisai-eisen_the-courtesan-kaoru-of-owariya-matched-with-okitsu-1825(1)__to__Ukiyo_e -> Seedream_repaired750
[537/720] Minimalism__robert-mangold_untitled-fcpa-1995__to__Rococo -> Seedream_repaired750
[538/720] Minimalism__yves-klein_untitled-yellow-monochrome-1956__to__Early_Renaissance -> Seedream_repaired750
[540/720] Rococo__bernardo-bellotto_pirna-seen-from-the-right-bank-of-the-elbe__to__Rococo -> Seedream_repaired750
[541/720] Ukiyo_e__tsukioka-yoshitoshi_not_detected_242419__to__Minimalism -> Seedream_repaired750
[542/720] Impressionism__eugene-boudin_laundresses-on-the-banks-of-the-touques-9__to__Ukiyo_e -> Seedream_repaired750
[543/720] Ukiyo_e__utagawa-kunisada-ii_oichi-from-the-beauties-of-tokyo-series__to__Ukiyo_e -> Seedream_repaired750
[544/720] Rococo__louise-elisabeth-vigee-le-brun_the-bather-1792__to__Early_Renaissance attempt 1 failed: HTTPError: 500 Server Error: Internal Server Error for url: https://maas-api.cn-huabei-1.xf-yun.com/v2/chat/completions (panel_side=224, jpeg_quality=78)
[544/720] Rococo__louise-elisabeth-vigee-le-brun_the-bather-1792__to__Early_Renaissance -> Seedream_repaired750
[545/720] Impressionism__nikolay-bogdanov-belsky_connoisseurs-of-books-knowledge-is-power__to__Early_Renaissance -> Seedream_repaired750
[546/720] Rococo__dmitry-levitzky_portrait-of-maria-palovna-narychkina-1773__to__Rococo -> Seedream_repaired750
[547/720] Ukiyo_e__utagawa-kuniyoshi_high-noon-at-kasumigaseki__to__Ukiyo_e -> Seedream_repaired750
[548/720] Ukiyo_e__hiroshige_hakone-kosuizu__to__Minimalism -> Seedream_repaired750
[549/720] Minimalism__john-mclaughlin_number-13-1973__to__Rococo -> Seedream_repaired750
[550/720] Impressionism__mihaly-munkacsy_dusty-country-road-ii-1883__to__Rococo -> Seedream_repaired750
[551/720] Rococo__william-hogarth_the-countess-s-morning-levee__to__Impressionism -> Seedream_repaired750
[552/720] Rococo__antoine-pesne_carl-heinrich-graun__to__Ukiyo_e -> Seedream_repaired750
[553/720] Impressionism__pierre-auguste-renoir_still-life-with-apples-and-pomegranates-1901__to__Early_Renaissance -> Seedream_repaired750
[554/720] Rococo__thomas-gainsborough_robert-butcher-of-walthamstan__to__Minimalism -> Seedream_repaired750
[556/720] Minimalism__william-scott_bowl-white-on-grey-1962__to__Minimalism -> Seedream_repaired750
[557/720] Minimalism__bruce-nauman_la-brea-art-tips-rat-spit-tar-pits-1972__to__Ukiyo_e -> Seedream_repaired750
[558/720] Rococo__carl-ludwig-johann-christineck_nikolai-mordvinov-1771__to__Rococo -> Seedream_repaired750
[559/720] Impressionism__eugene-boudin_trouville-the-fish-market-1884__to__Ukiyo_e -> Seedream_repaired750
[560/720] Impressionism__edgar-degas_ancer-with-red-stockings__to__Impressionism -> Seedream_repaired750
[561/720] Rococo__maurice-quentin-de-la-tour_marie-josephe-of-saxony-1__to__Early_Renaissance -> Seedream_repaired750
[562/720] Minimalism__agnes-martin_happy-valley-1967__to__Impressionism -> LBM-PS-v2_e13
[563/720] Impressionism__augustus-john_proven-al-landscape__to__Rococo -> Seedream_repaired750
[564/720] Ukiyo_e__hiroshige_hakone-kosuizu__to__Impressionism -> Seedream_repaired750
[565/720] Ukiyo_e__katsushika-hokusai_fishing-in-the-river-kinu__to__Minimalism -> Seedream_repaired750
[566/720] Ukiyo_e__utagawa-kunisada_not_detected_240347__to__Ukiyo_e attempt 1 failed: HTTPError: 500 Server Error: Internal Server Error for url: https://maas-api.cn-huabei-1.xf-yun.com/v2/chat/completions (panel_side=224, jpeg_quality=78)
[566/720] Ukiyo_e__utagawa-kunisada_not_detected_240347__to__Ukiyo_e -> Seedream_repaired750
[567/720] Rococo__maurice-quentin-de-la-tour_study-for-portrait-of-mademoiselle-dangeville-1__to__Impressionism -> Seedream_repaired750
[568/720] Rococo__louise-elisabeth-vigee-le-brun_portrait-of-joseph-vernet-1778__to__Early_Renaissance -> Seedream_repaired750
[569/720] Minimalism__alvaro-lapa_criminals-and-their-properties-1974__to__Ukiyo_e -> Seedream_repaired750
[570/720] Impressionism__eugene-boudin_the-port-ships-at-dock__to__Impressionism -> Seedream_repaired750
[571/720] Minimalism__bruce-nauman_la-brea-art-tips-rat-spit-tar-pits-1972__to__Early_Renaissance -> Seedream_repaired750
[573/720] Rococo__antoine-watteau_head-of-a-man__to__Early_Renaissance -> Seedream_repaired750
[574/720] Ukiyo_e__kitagawa-utamaro_upon-my-oath__to__Rococo -> Seedream_repaired750
[575/720] Rococo__thomas-gainsborough_a-peasant-girl-with-dog-and-jug-1785__to__Early_Renaissance -> Seedream_repaired750
[578/720] Impressionism__william-merritt-chase_at-the-boat-landing__to__Impressionism -> Seedream_repaired750
[579/720] Rococo__bernardo-bellotto_view-of-dresden-the-dresden-fortifications-moat-with-a-bridge-between-gate-and-post-mile-pillar__to__Rococo -> Seedream_repaired750
[580/720] Ukiyo_e__utagawa-kunisada-ii_oichi-from-the-beauties-of-tokyo-series__to__Early_Renaissance -> Seedream_repaired750
[581/720] Minimalism__ruth-vollmer_trimer-monomer-dimer-1965__to__Early_Renaissance -> Seedream_repaired750
[583/720] Minimalism__richard-tuttle_relative-to-our-society-1990__to__Ukiyo_e -> Seedream_repaired750
[584/720] Impressionism__john-singer-sargent_lake-in-the-tyrol__to__Early_Renaissance -> Seedream_repaired750
[586/720] Impressionism__antoine-blanchard_place-de-la-madeleine-hiver__to__Impressionism -> Seedream_repaired750
[588/720] Impressionism__claude-monet_palazzo-contarini-2__to__Ukiyo_e -> Seedream_repaired750
[590/720] Impressionism__claude-monet_rouen-cathedral-the-portal-at-midday__to__Early_Renaissance -> Seedream_repaired750
[592/720] Impressionism__joaqu??n-sorolla_study-of-vineyard__to__Early_Renaissance attempt 1 failed: HTTPError: 500 Server Error: Internal Server Error for url: https://maas-api.cn-huabei-1.xf-yun.com/v2/chat/completions (panel_side=224, jpeg_quality=78)
[592/720] Impressionism__joaqu??n-sorolla_study-of-vineyard__to__Early_Renaissance -> Seedream_repaired750
[593/720] Rococo__antoine-watteau_the-delicate-musician__to__Ukiyo_e -> Seedream_repaired750
[594/720] Rococo__thomas-gainsborough_john-plampin__to__Impressionism -> Seedream_repaired750
[595/720] Impressionism__augustus-john_proven-al-landscape__to__Minimalism -> Seedream_repaired750
[596/720] Ukiyo_e__utagawa-toyokuni_the-heian-courtier__to__Rococo -> Seedream_repaired750
[597/720] Impressionism__nicolae-vermont_rotterdam-port-1928__to__Minimalism -> Seedream_repaired750
[598/720] Ukiyo_e__utagawa-kuniyoshi_woman-seated-under-a-cherry-blossoms__to__Rococo -> Seedream_repaired750
[599/720] Minimalism__judy-chicago_morning-fan-1971__to__Early_Renaissance attempt 1 failed: HTTPError: 500 Server Error: Internal Server Error for url: https://maas-api.cn-huabei-1.xf-yun.com/v2/chat/completions (panel_side=224, jpeg_quality=78)
[599/720] Minimalism__judy-chicago_morning-fan-1971__to__Early_Renaissance attempt 2 failed: HTTPError: 500 Server Error: Internal Server Error for url: https://maas-api.cn-huabei-1.xf-yun.com/v2/chat/completions (panel_side=190, jpeg_quality=70)
[599/720] Minimalism__judy-chicago_morning-fan-1971__to__Early_Renaissance -> Seedream_repaired750
[600/720] Rococo__pietro-longhi_the-tooth-extractor__to__Impressionism -> Seedream_repaired750
[601/720] Rococo__canaletto_london-the-thames-and-the-city-of-london-from-the-terrace-of-richmond-house__to__Minimalism -> Seedream_repaired750
[602/720] Ukiyo_e__ogata-gekko_nihon-hana-zue-1896__to__Minimalism -> Seedream_repaired750
[603/720] Rococo__dmitry-levitzky_portrait-of-maria-palovna-narychkina-1773__to__Ukiyo_e attempt 1 failed: HTTPError: 500 Server Error: Internal Server Error for url: https://maas-api.cn-huabei-1.xf-yun.com/v2/chat/completions (panel_side=224, jpeg_quality=78)
[603/720] Rococo__dmitry-levitzky_portrait-of-maria-palovna-narychkina-1773__to__Ukiyo_e attempt 2 failed: HTTPError: 500 Server Error: Internal Server Error for url: https://maas-api.cn-huabei-1.xf-yun.com/v2/chat/completions (panel_side=190, jpeg_quality=70)
[603/720] Rococo__dmitry-levitzky_portrait-of-maria-palovna-narychkina-1773__to__Ukiyo_e -> Seedream_repaired750
[604/720] Impressionism__armand-guillaumin_valley-in-pontgibaud-1890__to__Early_Renaissance -> Seedream_repaired750
[605/720] Impressionism__konstantin-korovin_arctic-ocean-1913__to__Rococo -> Seedream_repaired750
[606/720] Minimalism__yves-klein_untitled-yellow-monochrome-1956__to__Ukiyo_e -> Seedream_repaired750
[609/720] Minimalism__john-mclaughlin_number-4__to__Rococo -> Seedream_repaired750
[610/720] Ukiyo_e__keisai-eisen_the-courtesan-kaoru-of-owariya-matched-with-okitsu-1825(1)__to__Early_Renaissance -> Seedream_repaired750
[611/720] Rococo__william-hogarth_the-countess-s-morning-levee__to__Early_Renaissance -> Seedream_repaired750
[612/720] Minimalism__yves-klein_untitled-yellow-monochrome-1956__to__Minimalism -> Seedream_repaired750
[613/720] Impressionism__eugene-boudin_trouville-the-fish-market-1884__to__Minimalism -> Seedream_repaired750
[614/720] Impressionism__claude-monet_bordighera-the-house-of-gardener__to__Impressionism -> Seedream_repaired750
[615/720] Ukiyo_e__utagawa-kuniyoshi_a-record-of-origins-of-the-great-country-of-japan__to__Impressionism -> Seedream_repaired750
[616/720] Impressionism__antoine-blanchard_place-de-la-madeleine-hiver__to__Rococo -> Seedream_repaired750
[619/720] Ukiyo_e__ogata-gekko_nihon-hana-zue-1896__to__Early_Renaissance -> Seedream_repaired750
[620/720] Impressionism__konstantin-korovin_arctic-ocean-1913__to__Early_Renaissance -> Seedream_repaired750
[621/720] Rococo__canaletto_london-the-thames-and-the-city-of-london-from-the-terrace-of-richmond-house__to__Rococo -> Seedream_repaired750
[622/720] Rococo__jean-marc-nattier_portrait-of-louis-tocqu-1762__to__Minimalism -> Seedream_repaired750
[623/720] Rococo__joseph-wright_d-ewes-coke-his-wife-hannah-and-daniel-parker-coke__to__Minimalism -> Seedream_repaired750
[624/720] Impressionism__edouard-manet_tarring-the-boat-1873__to__Minimalism -> Seedream_repaired750
[626/720] Rococo__antoine-pesne_carl-heinrich-graun__to__Rococo -> Seedream_repaired750
[627/720] Ukiyo_e__katsushika-hokusai_fishing-in-the-bay-uraga__to__Rococo -> Seedream_repaired750
[629/720] Impressionism__stefan-dimitrescu_cabaret__to__Rococo -> Seedream_repaired750
[630/720] Ukiyo_e__hiroshige_oiso-toraga-ame-shower-1835__to__Impressionism -> None
[631/720] Rococo__dmitry-levitzky_maria-feodorovna__to__Early_Renaissance -> Seedream_repaired750
[632/720] Ukiyo_e__utagawa-kunisada_not_detected_240381(1)__to__Rococo -> Seedream_repaired750
[633/720] Minimalism__robert-ryman_surface-veil-1970__to__Rococo -> Seedream_repaired750
[634/720] Rococo__bernardo-bellotto_view-of-dresden-the-dresden-fortifications-moat-with-a-bridge-between-gate-and-post-mile-pillar__to__Minimalism -> Seedream_repaired750
[635/720] Rococo__joshua-reynolds_colonel-george-k-h-coussmaker-grenadier-guards__to__Minimalism -> Seedream_repaired750
[636/720] Rococo__dmitry-levitzky_portrait-of-unknown-woman-with-a-rose-1788__to__Impressionism -> Seedream_repaired750
[637/720] Impressionism__childe-hassam_september-moonrise__to__Minimalism -> Seedream_repaired750
[638/720] Ukiyo_e__katsushika-hokusai_cargo-ship-and-wave__to__Ukiyo_e -> Seedream_repaired750
[640/720] Rococo__bernardo-bellotto_pirna-seen-from-the-right-bank-of-the-elbe__to__Minimalism -> Seedream_repaired750
[641/720] Impressionism__henri-matisse_brittany-also-known-as-boat-1896__to__Impressionism -> Seedream_repaired750
[642/720] Minimalism__eva-hesse_expanded-expansion-1969__to__Rococo -> Seedream_repaired750
[645/720] Rococo__dmitry-levitzky_maria-feodorovna__to__Impressionism -> Seedream_repaired750
[646/720] Impressionism__nicolae-vermont_rotterdam-port-1928__to__Impressionism -> Seedream_repaired750
[647/720] Ukiyo_e__utagawa-kunisada_not_detected_240353__to__Ukiyo_e attempt 1 failed: HTTPError: 500 Server Error: Internal Server Error for url: https://maas-api.cn-huabei-1.xf-yun.com/v2/chat/completions (panel_side=224, jpeg_quality=78)
[647/720] Ukiyo_e__utagawa-kunisada_not_detected_240353__to__Ukiyo_e attempt 2 failed: HTTPError: 500 Server Error: Internal Server Error for url: https://maas-api.cn-huabei-1.xf-yun.com/v2/chat/completions (panel_side=190, jpeg_quality=70)
[647/720] Ukiyo_e__utagawa-kunisada_not_detected_240353__to__Ukiyo_e -> Seedream_repaired750
[648/720] Minimalism__frank-stella_gezira-from-black-series-ii-1967__to__Impressionism -> Seedream_repaired750
[650/720] Minimalism__ellsworth-kelly_diagonal-1951__to__Rococo -> Seedream_repaired750
[652/720] Impressionism__nikolay-bogdanov-belsky_connoisseurs-of-books-knowledge-is-power__to__Impressionism -> Seedream_repaired750
[653/720] Ukiyo_e__utagawa-toyokuni_the-heian-courtier__to__Early_Renaissance -> Seedream_repaired750
[654/720] Impressionism__rudolf-schweitzer-cumpana_str-du-n-atena__to__Impressionism -> Seedream_repaired750
[655/720] Minimalism__judy-chicago_morning-fan-1971__to__Rococo -> Seedream_repaired750
[656/720] Rococo__francois-boucher_portrait-of-madame-boucher-1745__to__Impressionism -> Seedream_repaired750
[657/720] Minimalism__tony-smith_die-1968__to__Rococo -> Seedream_repaired750
[658/720] Ukiyo_e__tsukioka-yoshitoshi_not_detected_242419__to__Early_Renaissance -> Seedream_repaired750
[659/720] Ukiyo_e__hiroshige_oiso-toraga-ame-shower-1835__to__Minimalism -> Seedream_repaired750
[660/720] Minimalism__alvaro-lapa_criminals-and-their-properties-1974__to__Rococo -> Seedream_repaired750
[661/720] Minimalism__fernando-lanhas_o39-68-1968__to__Minimalism -> Seedream_repaired750
[663/720] Minimalism__dan-flavin_greens-crossing-greens-to-piet-mondrian-who-lacked-green-1966__to__Rococo -> Seedream_repaired750
[664/720] Ukiyo_e__utagawa-kuniyoshi_high-noon-at-kasumigaseki__to__Rococo -> Seedream_repaired750
[665/720] Rococo__francois-boucher_portrait-of-madame-boucher-1745__to__Early_Renaissance -> Seedream_repaired750
[666/720] Impressionism__edgar-degas_ancer-with-red-stockings__to__Rococo -> Seedream_repaired750
[667/720] Rococo__jean-marc-nattier_portrait-of-louis-tocqu-1762__to__Ukiyo_e -> Seedream_repaired750
[668/720] Minimalism__ronald-davis_zig-zag-times-two-1966__to__Ukiyo_e -> Seedream_repaired750
[669/720] Ukiyo_e__utagawa-kunisada-ii_oichi-from-the-beauties-of-tokyo-series__to__Rococo -> Seedream_repaired750
[670/720] Ukiyo_e__utagawa-kuniyoshi_a-record-of-origins-of-the-great-country-of-japan__to__Rococo -> Seedream_repaired750
[671/720] Minimalism__brice-marden_joined-2011__to__Rococo -> Seedream_repaired750
[672/720] Ukiyo_e__utagawa-kuniyoshi_high-noon-at-kasumigaseki__to__Impressionism -> Seedream_repaired750
[673/720] Rococo__louise-elisabeth-vigee-le-brun_portrait-of-joseph-vernet-1778__to__Ukiyo_e -> Seedream_repaired750
[674/720] Impressionism__eugene-boudin_the-port-ships-at-dock__to__Rococo attempt 1 failed: HTTPError: 500 Server Error: Internal Server Error for url: https://maas-api.cn-huabei-1.xf-yun.com/v2/chat/completions (panel_side=224, jpeg_quality=78)
[674/720] Impressionism__eugene-boudin_the-port-ships-at-dock__to__Rococo -> Seedream_repaired750
[675/720] Impressionism__john-singer-sargent_lake-in-the-tyrol__to__Rococo -> Seedream_repaired750
[678/720] Ukiyo_e__utagawa-kuniyoshi_tsuchigumo__to__Early_Renaissance -> Seedream_repaired750
[680/720] Impressionism__william-merritt-chase_gray-day-on-the-lagoon-a-passenger-boat-venice__to__Ukiyo_e -> Seedream_repaired750
[681/720] Rococo__benjamin-west_self-portrait-1770__to__Early_Renaissance -> Seedream_repaired750
[682/720] Rococo__thomas-gainsborough_a-coastal-landscape-1782__to__Rococo -> Seedream_repaired750
[683/720] Minimalism__agnes-martin_happy-valley-1967__to__Ukiyo_e -> Seedream_repaired750
[684/720] Impressionism__claude-monet_bordighera-the-house-of-gardener__to__Minimalism -> Seedream_repaired750
[685/720] Ukiyo_e__ogata-gekko_print-from-series-women-s-customs-and-manners-1895-1__to__Minimalism -> Seedream_repaired750
[686/720] Impressionism__camille-pissarro_the-gardener-afternoon-sun-eragny-1899__to__Early_Renaissance -> Seedream_repaired750
[687/720] Minimalism__sean-scully_untitled-1973__to__Early_Renaissance attempt 1 failed: HTTPError: 500 Server Error: Internal Server Error for url: https://maas-api.cn-huabei-1.xf-yun.com/v2/chat/completions (panel_side=224, jpeg_quality=78)
[687/720] Minimalism__sean-scully_untitled-1973__to__Early_Renaissance attempt 2 failed: HTTPError: 500 Server Error: Internal Server Error for url: https://maas-api.cn-huabei-1.xf-yun.com/v2/chat/completions (panel_side=190, jpeg_quality=70)
[687/720] Minimalism__sean-scully_untitled-1973__to__Early_Renaissance -> Seedream_repaired750
[688/720] Impressionism__konstantin-korovin_arctic-ocean-1913__to__Minimalism -> Seedream_repaired750
[689/720] Ukiyo_e__utagawa-kuniyoshi_tamatori-being-pursued-bya-dragon__to__Rococo attempt 1 failed: HTTPError: 500 Server Error: Internal Server Error for url: https://maas-api.cn-huabei-1.xf-yun.com/v2/chat/completions (panel_side=224, jpeg_quality=78)
[689/720] Ukiyo_e__utagawa-kuniyoshi_tamatori-being-pursued-bya-dragon__to__Rococo attempt 2 failed: HTTPError: 500 Server Error: Internal Server Error for url: https://maas-api.cn-huabei-1.xf-yun.com/v2/chat/completions (panel_side=190, jpeg_quality=70)
[689/720] Ukiyo_e__utagawa-kuniyoshi_tamatori-being-pursued-bya-dragon__to__Rococo attempt 3 failed: HTTPError: 500 Server Error: Internal Server Error for url: https://maas-api.cn-huabei-1.xf-yun.com/v2/chat/completions (panel_side=162, jpeg_quality=63)
[689/720] Ukiyo_e__utagawa-kuniyoshi_tamatori-being-pursued-bya-dragon__to__Rococo -> Seedream_repaired750
[690/720] Ukiyo_e__katsushika-hokusai_fishing-in-the-bay-uraga__to__Impressionism -> Seedream_repaired750
[691/720] Rococo__carl-ludwig-johann-christineck_portrait-of-paul-of-russia-dressed-as-chevalier-of-the-order-of-st-andrew-1760__to__Ukiyo_e -> Seedream_repaired750
[693/720] Rococo__pietro-longhi_the-tooth-extractor__to__Early_Renaissance -> Seedream_repaired750
[695/720] Ukiyo_e__katsushika-hokusai_cargo-ship-and-wave__to__Rococo -> Seedream_repaired750
[698/720] Impressionism__claude-monet_palazzo-contarini-2__to__Impressionism -> Seedream_repaired750
[699/720] Minimalism__john-mclaughlin_number-13-1973__to__Early_Renaissance -> Seedream_repaired750
[700/720] Impressionism__mihaly-munkacsy_dusty-country-road-ii-1883__to__Ukiyo_e -> Seedream_repaired750
[701/720] Ukiyo_e__utagawa-kuniyoshi_tsuchigumo__to__Minimalism -> Seedream_repaired750
[702/720] Minimalism__eva-hesse_expanded-expansion-1969__to__Impressionism -> Seedream_repaired750
[704/720] Ukiyo_e__utagawa-kunisada_not_detected_240381(1)__to__Ukiyo_e attempt 1 failed: HTTPError: 500 Server Error: Internal Server Error for url: https://maas-api.cn-huabei-1.xf-yun.com/v2/chat/completions (panel_side=224, jpeg_quality=78)
[704/720] Ukiyo_e__utagawa-kunisada_not_detected_240381(1)__to__Ukiyo_e attempt 2 failed: HTTPError: 500 Server Error: Internal Server Error for url: https://maas-api.cn-huabei-1.xf-yun.com/v2/chat/completions (panel_side=190, jpeg_quality=70)
[704/720] Ukiyo_e__utagawa-kunisada_not_detected_240381(1)__to__Ukiyo_e -> Seedream_repaired750
[706/720] Minimalism__robert-morris_box-with-the-sound-of-its-own-making-1961__to__Impressionism -> Seedream_repaired750
[707/720] Minimalism__john-mclaughlin_number-13-1973__to__Impressionism -> LBM-PS-v2_e13
[708/720] Minimalism__richard-tuttle_relative-to-our-society-1990__to__Rococo -> Seedream_repaired750
[709/720] Minimalism__ronald-davis_zig-zag-times-two-1966__to__Early_Renaissance -> Seedream_repaired750
[710/720] Impressionism__joaqu??n-sorolla_study-of-vineyard__to__Rococo -> Seedream_repaired750
[711/720] Rococo__bernardo-bellotto_view-of-dresden-the-dresden-fortifications-moat-with-a-bridge-between-gate-and-post-mile-pillar__to__Impressionism -> Seedream_repaired750
[714/720] Impressionism__antoine-blanchard_place-de-la-madeleine-hiver__to__Ukiyo_e -> Seedream_repaired750
[715/720] Ukiyo_e__utagawa-kuniyoshi_kuzunoha__to__Impressionism attempt 1 failed: HTTPError: 500 Server Error: Internal Server Error for url: https://maas-api.cn-huabei-1.xf-yun.com/v2/chat/completions (panel_side=224, jpeg_quality=78)
[715/720] Ukiyo_e__utagawa-kuniyoshi_kuzunoha__to__Impressionism -> Seedream_repaired750
[717/720] Ukiyo_e__katsushika-hokusai_woman-looking-at-herself-in-a-mirror__to__Minimalism -> Seedream_repaired750
[718/720] Minimalism__ellsworth-kelly_diagonal-1951__to__Impressionism -> Seedream_repaired750
[719/720] Rococo__carl-ludwig-johann-christineck_nikolai-mordvinov-1771__to__Ukiyo_e -> Seedream_repaired750
[720/720] Minimalism__robert-mangold_untitled-fcpa-1995__to__Impressionism attempt 1 failed: HTTPError: 500 Server Error: Internal Server Error for url: https://maas-api.cn-huabei-1.xf-yun.com/v2/chat/completions (panel_side=224, jpeg_quality=78)
[720/720] Minimalism__robert-mangold_untitled-fcpa-1995__to__Impressionism attempt 2 failed: HTTPError: 500 Server Error: Internal Server Error for url: https://maas-api.cn-huabei-1.xf-yun.com/v2/chat/completions (panel_side=190, jpeg_quality=70)
[720/720] Minimalism__robert-mangold_untitled-fcpa-1995__to__Impressionism -> Seedream_repaired750
G:\GitHub\Latent_Style\SchrodingerBridge\aaai2027\vlm_distinct5_finalists_full750_20260609.jsonl
G:\GitHub\Latent_Style\SchrodingerBridge\aaai2027\vlm_distinct5_finalists_full750_20260609.csv
G:\GitHub\Latent_Style\SchrodingerBridge\aaai2027\vlm_distinct5_finalists_full750_20260609.errors.jsonl
