[1/715] Early_Renaissance__andrea-mantegna_adoration-of-the-magi-central-panel-from-the-altarpiece__to__Early_Renaissance failed: HTTPError: 500 Server Error: Internal Server Error for url: https://maas-api.cn-huabei-1.xf-yun.com/v2/chat/completions
[2/715] Early_Renaissance__andrea-mantegna_adoration-of-the-magi-central-panel-from-the-altarpiece__to__Impressionism -> Seedream_repaired750
[3/715] Early_Renaissance__andrea-mantegna_adoration-of-the-magi-central-panel-from-the-altarpiece__to__Minimalism -> Seedream_repaired750
[4/715] Early_Renaissance__andrea-mantegna_adoration-of-the-magi-central-panel-from-the-altarpiece__to__Rococo -> Seedream_repaired750
[5/715] Early_Renaissance__andrea-mantegna_adoration-of-the-magi-central-panel-from-the-altarpiece__to__Ukiyo_e -> SaMAM_2250
[6/715] Early_Renaissance__andrea-mantegna_maria-with-the-sleeping-child-1455__to__Early_Renaissance -> SaMAM_2250
[7/715] Early_Renaissance__andrea-mantegna_maria-with-the-sleeping-child-1455__to__Impressionism -> Seedream_repaired750
[8/715] Early_Renaissance__andrea-mantegna_maria-with-the-sleeping-child-1455__to__Minimalism -> Seedream_repaired750
[9/715] Early_Renaissance__andrea-mantegna_maria-with-the-sleeping-child-1455__to__Rococo -> Seedream_repaired750
[10/715] Early_Renaissance__andrea-mantegna_maria-with-the-sleeping-child-1455__to__Ukiyo_e -> SaMAM_2250
[11/715] Early_Renaissance__andrea-mantegna_scenes-from-the-life-of-st-james-1448-2__to__Early_Renaissance -> Seedream_repaired750
[12/715] Early_Renaissance__andrea-mantegna_scenes-from-the-life-of-st-james-1448-2__to__Impressionism -> Seedream_repaired750
[13/715] Early_Renaissance__andrea-mantegna_scenes-from-the-life-of-st-james-1448-2__to__Minimalism -> Seedream_repaired750
[14/715] Early_Renaissance__andrea-mantegna_scenes-from-the-life-of-st-james-1448-2__to__Rococo -> Seedream_repaired750
[15/715] Early_Renaissance__andrea-mantegna_scenes-from-the-life-of-st-james-1448-2__to__Ukiyo_e -> Seedream_repaired750
[16/715] Early_Renaissance__andrea-mantegna_the-circumcision-of-christ-1464__to__Early_Renaissance -> Seedream_repaired750
[17/715] Early_Renaissance__andrea-mantegna_the-circumcision-of-christ-1464__to__Impressionism -> SaMAM_2250
[18/715] Early_Renaissance__andrea-mantegna_the-circumcision-of-christ-1464__to__Minimalism -> Seedream_repaired750
[19/715] Early_Renaissance__andrea-mantegna_the-circumcision-of-christ-1464__to__Rococo -> SaMAM_2250
[20/715] Early_Renaissance__andrea-mantegna_the-circumcision-of-christ-1464__to__Ukiyo_e -> Seedream_repaired750
[21/715] Early_Renaissance__antonello-da-messina_painter-self-portrait__to__Early_Renaissance -> Seedream_repaired750
[22/715] Early_Renaissance__antonello-da-messina_painter-self-portrait__to__Impressionism -> Seedream_repaired750
[23/715] Early_Renaissance__antonello-da-messina_painter-self-portrait__to__Minimalism -> Seedream_repaired750
[24/715] Early_Renaissance__antonello-da-messina_painter-self-portrait__to__Rococo -> Seedream_repaired750
[25/715] Early_Renaissance__antonello-da-messina_painter-self-portrait__to__Ukiyo_e -> Seedream_repaired750
[26/715] Early_Renaissance__bartolome-bermejo_death-of-the-virgin-1462__to__Early_Renaissance -> SaMAM_2250
[27/715] Early_Renaissance__bartolome-bermejo_death-of-the-virgin-1462__to__Impressionism -> SaMAM_2250
[28/715] Early_Renaissance__bartolome-bermejo_death-of-the-virgin-1462__to__Minimalism -> Seedream_repaired750
[29/715] Early_Renaissance__bartolome-bermejo_death-of-the-virgin-1462__to__Rococo -> Seedream_repaired750
[30/715] Early_Renaissance__bartolome-bermejo_death-of-the-virgin-1462__to__Ukiyo_e -> Seedream_repaired750
[31/715] Early_Renaissance__benozzo-gozzoli_madonna-and-child-1485__to__Early_Renaissance -> SaMAM_2250
[32/715] Early_Renaissance__benozzo-gozzoli_madonna-and-child-1485__to__Impressionism -> SaMAM_2250
[33/715] Early_Renaissance__benozzo-gozzoli_madonna-and-child-1485__to__Minimalism -> Seedream_repaired750
[34/715] Early_Renaissance__benozzo-gozzoli_madonna-and-child-1485__to__Rococo -> Seedream_repaired750
[35/715] Early_Renaissance__benozzo-gozzoli_madonna-and-child-1485__to__Ukiyo_e -> SaMAM_2250
[36/715] Early_Renaissance__benozzo-gozzoli_procession-of-the-magus-caspar-detail-1461-4__to__Early_Renaissance -> SaMAM_2250
[37/715] Early_Renaissance__benozzo-gozzoli_procession-of-the-magus-caspar-detail-1461-4__to__Impressionism -> SaMAM_2250
[38/715] Early_Renaissance__benozzo-gozzoli_procession-of-the-magus-caspar-detail-1461-4__to__Minimalism -> Seedream_repaired750
[39/715] Early_Renaissance__benozzo-gozzoli_procession-of-the-magus-caspar-detail-1461-4__to__Rococo failed: HTTPError: 500 Server Error: Internal Server Error for url: https://maas-api.cn-huabei-1.xf-yun.com/v2/chat/completions
[40/715] Early_Renaissance__benozzo-gozzoli_procession-of-the-magus-caspar-detail-1461-4__to__Ukiyo_e -> SaMAM_2250
[41/715] Early_Renaissance__benozzo-gozzoli_the-school-of-tagaste-1465-1__to__Early_Renaissance -> SaMAM_2250
[42/715] Early_Renaissance__benozzo-gozzoli_the-school-of-tagaste-1465-1__to__Impressionism -> Seedream_repaired750
[43/715] Early_Renaissance__benozzo-gozzoli_the-school-of-tagaste-1465-1__to__Minimalism -> SaMAM_2250
[44/715] Early_Renaissance__benozzo-gozzoli_the-school-of-tagaste-1465-1__to__Rococo -> Seedream_repaired750
[45/715] Early_Renaissance__benozzo-gozzoli_the-school-of-tagaste-1465-1__to__Ukiyo_e -> SaMAM_2250
[46/715] Early_Renaissance__carlo-crivelli_piet-1__to__Early_Renaissance -> Seedream_repaired750
[47/715] Early_Renaissance__carlo-crivelli_piet-1__to__Impressionism -> SaMAM_2250
[48/715] Early_Renaissance__carlo-crivelli_piet-1__to__Minimalism -> Seedream_repaired750
[49/715] Early_Renaissance__carlo-crivelli_piet-1__to__Rococo -> Seedream_repaired750
[50/715] Early_Renaissance__carlo-crivelli_piet-1__to__Ukiyo_e -> Seedream_repaired750
[51/715] Early_Renaissance__carlo-crivelli_saint-thomas-aquinas-1476__to__Early_Renaissance -> SaMAM_2250
[52/715] Early_Renaissance__carlo-crivelli_saint-thomas-aquinas-1476__to__Impressionism -> Seedream_repaired750
[53/715] Early_Renaissance__carlo-crivelli_saint-thomas-aquinas-1476__to__Minimalism -> Seedream_repaired750
[54/715] Early_Renaissance__carlo-crivelli_saint-thomas-aquinas-1476__to__Rococo failed: ConnectionError: ('Connection aborted.', ConnectionAbortedError(10053, '????????????????????', None, 10053, None))
[55/715] Early_Renaissance__carlo-crivelli_saint-thomas-aquinas-1476__to__Ukiyo_e -> SaMAM_2250
[56/715] Early_Renaissance__domenico-ghirlandaio_st-jerome__to__Early_Renaissance failed: ConnectionError: ('Connection aborted.', ConnectionAbortedError(10053, '????????????????????', None, 10053, None))
[57/715] Early_Renaissance__domenico-ghirlandaio_st-jerome__to__Impressionism failed: ConnectionError: ('Connection aborted.', ConnectionAbortedError(10053, '????????????????????', None, 10053, None))
[58/715] Early_Renaissance__domenico-ghirlandaio_st-jerome__to__Minimalism -> Seedream_repaired750
[59/715] Early_Renaissance__domenico-ghirlandaio_st-jerome__to__Rococo -> Seedream_repaired750
[60/715] Early_Renaissance__domenico-ghirlandaio_st-jerome__to__Ukiyo_e -> SaMAM_2250
[61/715] Early_Renaissance__domenico-ghirlandaio_st-stephen-st-jacobo-st-peter__to__Early_Renaissance -> Seedream_repaired750
[62/715] Early_Renaissance__domenico-ghirlandaio_st-stephen-st-jacobo-st-peter__to__Impressionism -> SaMAM_2250
[63/715] Early_Renaissance__domenico-ghirlandaio_st-stephen-st-jacobo-st-peter__to__Minimalism -> Seedream_repaired750
[64/715] Early_Renaissance__domenico-ghirlandaio_st-stephen-st-jacobo-st-peter__to__Rococo -> SaMAM_2250
[65/715] Early_Renaissance__domenico-ghirlandaio_st-stephen-st-jacobo-st-peter__to__Ukiyo_e -> SaMAM_2250
[66/715] Early_Renaissance__filippo-lippi_adoration-of-the-magi-detail-2__to__Early_Renaissance -> SaMAM_2250
[67/715] Early_Renaissance__filippo-lippi_adoration-of-the-magi-detail-2__to__Impressionism -> Seedream_repaired750
[68/715] Early_Renaissance__filippo-lippi_adoration-of-the-magi-detail-2__to__Minimalism -> Seedream_repaired750
[69/715] Early_Renaissance__filippo-lippi_adoration-of-the-magi-detail-2__to__Rococo -> SaMAM_2250
[70/715] Early_Renaissance__filippo-lippi_adoration-of-the-magi-detail-2__to__Ukiyo_e -> Seedream_repaired750
[71/715] Early_Renaissance__filippo-lippi_confirmation-of-the-carmelite-rule__to__Early_Renaissance -> SaMAM_2250
[72/715] Early_Renaissance__filippo-lippi_confirmation-of-the-carmelite-rule__to__Impressionism -> Seedream_repaired750
[73/715] Early_Renaissance__filippo-lippi_confirmation-of-the-carmelite-rule__to__Minimalism -> Seedream_repaired750
[74/715] Early_Renaissance__filippo-lippi_confirmation-of-the-carmelite-rule__to__Rococo -> Seedream_repaired750
[75/715] Early_Renaissance__filippo-lippi_confirmation-of-the-carmelite-rule__to__Ukiyo_e -> SaMAM_2250
[76/715] Early_Renaissance__fra-angelico_bosco-ai-frati-altarpiece__to__Early_Renaissance -> SaMAM_2250
[77/715] Early_Renaissance__fra-angelico_bosco-ai-frati-altarpiece__to__Impressionism -> SaMAM_2250
[78/715] Early_Renaissance__fra-angelico_bosco-ai-frati-altarpiece__to__Minimalism -> SaMAM_2250
[79/715] Early_Renaissance__fra-angelico_bosco-ai-frati-altarpiece__to__Rococo -> SaMAM_2250
[80/715] Early_Renaissance__fra-angelico_bosco-ai-frati-altarpiece__to__Ukiyo_e -> SaMAM_2250
[81/715] Early_Renaissance__fra-angelico_coronation-of-the-virgin-detail-1435-1__to__Early_Renaissance -> SaMAM_2250
[82/715] Early_Renaissance__fra-angelico_coronation-of-the-virgin-detail-1435-1__to__Impressionism -> SaMAM_2250
[83/715] Early_Renaissance__fra-angelico_coronation-of-the-virgin-detail-1435-1__to__Minimalism -> SaMAM_2250
[84/715] Early_Renaissance__fra-angelico_coronation-of-the-virgin-detail-1435-1__to__Rococo -> SaMAM_2250
[85/715] Early_Renaissance__fra-angelico_coronation-of-the-virgin-detail-1435-1__to__Ukiyo_e -> SaMAM_2250
[86/715] Early_Renaissance__fra-angelico_saint-cosmas-and-saint-damian-before-lisius-1440__to__Early_Renaissance -> SaMAM_2250
[87/715] Early_Renaissance__fra-angelico_saint-cosmas-and-saint-damian-before-lisius-1440__to__Impressionism -> SaMAM_2250
[88/715] Early_Renaissance__fra-angelico_saint-cosmas-and-saint-damian-before-lisius-1440__to__Minimalism -> Seedream_repaired750
[89/715] Early_Renaissance__fra-angelico_saint-cosmas-and-saint-damian-before-lisius-1440__to__Rococo -> Seedream_repaired750
[90/715] Early_Renaissance__fra-angelico_saint-cosmas-and-saint-damian-before-lisius-1440__to__Ukiyo_e -> SaMAM_2250
[91/715] Early_Renaissance__jacopo-bellini_view-of-a-fortification-of-jerusalem(1)__to__Early_Renaissance -> SaMAM_2250
[92/715] Early_Renaissance__jacopo-bellini_view-of-a-fortification-of-jerusalem(1)__to__Impressionism -> Seedream_repaired750
[93/715] Early_Renaissance__jacopo-bellini_view-of-a-fortification-of-jerusalem(1)__to__Minimalism -> SaMAM_2250
[94/715] Early_Renaissance__jacopo-bellini_view-of-a-fortification-of-jerusalem(1)__to__Rococo -> SaMAM_2250
[95/715] Early_Renaissance__jacopo-bellini_view-of-a-fortification-of-jerusalem(1)__to__Ukiyo_e -> Seedream_repaired750
[96/715] Early_Renaissance__leonardo-da-vinci_studies-of-a-bewalking__to__Early_Renaissance -> Seedream_repaired750
[97/715] Early_Renaissance__leonardo-da-vinci_studies-of-a-bewalking__to__Impressionism -> Seedream_repaired750
[98/715] Early_Renaissance__leonardo-da-vinci_studies-of-a-bewalking__to__Minimalism -> SaMAM_2250
[99/715] Early_Renaissance__leonardo-da-vinci_studies-of-a-bewalking__to__Rococo -> Seedream_repaired750
[100/715] Early_Renaissance__leonardo-da-vinci_studies-of-a-bewalking__to__Ukiyo_e -> Seedream_repaired750
[101/715] Early_Renaissance__leonardo-da-vinci_study-of-the-effect-of-light-on-a-profile-head-facsimile__to__Early_Renaissance -> Seedream_repaired750
[102/715] Early_Renaissance__leonardo-da-vinci_study-of-the-effect-of-light-on-a-profile-head-facsimile__to__Impressionism -> Seedream_repaired750
[103/715] Early_Renaissance__leonardo-da-vinci_study-of-the-effect-of-light-on-a-profile-head-facsimile__to__Minimalism -> SaMAM_2250
[104/715] Early_Renaissance__leonardo-da-vinci_study-of-the-effect-of-light-on-a-profile-head-facsimile__to__Rococo -> Seedream_repaired750
[105/715] Early_Renaissance__leonardo-da-vinci_study-of-the-effect-of-light-on-a-profile-head-facsimile__to__Ukiyo_e -> Seedream_repaired750
[106/715] Early_Renaissance__paolo-uccello_scene-adoration-of-the-three-kings-1440__to__Early_Renaissance -> SaMAM_2250
[107/715] Early_Renaissance__paolo-uccello_scene-adoration-of-the-three-kings-1440__to__Impressionism -> Seedream_repaired750
[108/715] Early_Renaissance__paolo-uccello_scene-adoration-of-the-three-kings-1440__to__Minimalism -> Seedream_repaired750
[109/715] Early_Renaissance__paolo-uccello_scene-adoration-of-the-three-kings-1440__to__Rococo -> Seedream_repaired750
[110/715] Early_Renaissance__paolo-uccello_scene-adoration-of-the-three-kings-1440__to__Ukiyo_e -> Seedream_repaired750
[111/715] Early_Renaissance__piero-della-francesca_portrait-of-a-boy__to__Early_Renaissance -> SaMAM_2250
[112/715] Early_Renaissance__piero-della-francesca_portrait-of-a-boy__to__Impressionism -> SaMAM_2250
[113/715] Early_Renaissance__piero-della-francesca_portrait-of-a-boy__to__Minimalism -> SaMAM_2250
[114/715] Early_Renaissance__piero-della-francesca_portrait-of-a-boy__to__Rococo -> Seedream_repaired750
[115/715] Early_Renaissance__piero-della-francesca_portrait-of-a-boy__to__Ukiyo_e -> SaMAM_2250
[116/715] Early_Renaissance__pietro-perugino_giovanni-colombini__to__Early_Renaissance -> SaMAM_2250
[117/715] Early_Renaissance__pietro-perugino_giovanni-colombini__to__Impressionism -> SaMAM_2250
[118/715] Early_Renaissance__pietro-perugino_giovanni-colombini__to__Minimalism -> Seedream_repaired750
[119/715] Early_Renaissance__pietro-perugino_giovanni-colombini__to__Rococo -> Seedream_repaired750
[120/715] Early_Renaissance__pietro-perugino_giovanni-colombini__to__Ukiyo_e -> Seedream_repaired750
[121/715] Early_Renaissance__pisanello_stork-1430__to__Early_Renaissance -> SaMAM_2250
[122/715] Early_Renaissance__pisanello_stork-1430__to__Impressionism -> SaMAM_2250
[123/715] Early_Renaissance__pisanello_stork-1430__to__Minimalism -> Seedream_repaired750
[124/715] Early_Renaissance__pisanello_stork-1430__to__Rococo -> Seedream_repaired750
[125/715] Early_Renaissance__pisanello_stork-1430__to__Ukiyo_e -> SaMAM_2250
[126/715] Early_Renaissance__sandro-botticelli_trinity(1)__to__Early_Renaissance -> Seedream_repaired750
[127/715] Early_Renaissance__sandro-botticelli_trinity(1)__to__Impressionism -> Seedream_repaired750
[128/715] Early_Renaissance__sandro-botticelli_trinity(1)__to__Minimalism -> Seedream_repaired750
[129/715] Early_Renaissance__sandro-botticelli_trinity(1)__to__Rococo -> SaMAM_2250
[130/715] Early_Renaissance__sandro-botticelli_trinity(1)__to__Ukiyo_e -> Seedream_repaired750
[131/715] Impressionism__alfred-sisley_riverbank-at-veneux-1881__to__Early_Renaissance -> Seedream_repaired750
[132/715] Impressionism__alfred-sisley_riverbank-at-veneux-1881__to__Impressionism -> SaMAM_2250
[133/715] Impressionism__alfred-sisley_riverbank-at-veneux-1881__to__Minimalism -> Seedream_repaired750
[134/715] Impressionism__alfred-sisley_riverbank-at-veneux-1881__to__Rococo -> Seedream_repaired750
[135/715] Impressionism__alfred-sisley_riverbank-at-veneux-1881__to__Ukiyo_e -> Seedream_repaired750
[136/715] Impressionism__alfred-sisley_the-banks-of-the-oise-1878__to__Early_Renaissance -> SaMAM_2250
[137/715] Impressionism__alfred-sisley_the-banks-of-the-oise-1878__to__Impressionism -> SaMAM_2250
[138/715] Impressionism__alfred-sisley_the-banks-of-the-oise-1878__to__Minimalism -> Seedream_repaired750
[139/715] Impressionism__alfred-sisley_the-banks-of-the-oise-1878__to__Rococo -> Seedream_repaired750
[140/715] Impressionism__alfred-sisley_the-banks-of-the-oise-1878__to__Ukiyo_e -> Seedream_repaired750
[141/715] Impressionism__antoine-blanchard_place-de-la-madeleine-hiver__to__Early_Renaissance -> SaMAM_2250
[142/715] Impressionism__antoine-blanchard_place-de-la-madeleine-hiver__to__Impressionism -> SaMAM_2250
[143/715] Impressionism__antoine-blanchard_place-de-la-madeleine-hiver__to__Minimalism -> Seedream_repaired750
[144/715] Impressionism__antoine-blanchard_place-de-la-madeleine-hiver__to__Rococo -> Seedream_repaired750
[145/715] Impressionism__antoine-blanchard_place-de-la-madeleine-hiver__to__Ukiyo_e -> SaMAM_2250
[146/715] Impressionism__armand-guillaumin_valley-in-pontgibaud-1890__to__Early_Renaissance -> SaMAM_2250
[147/715] Impressionism__armand-guillaumin_valley-in-pontgibaud-1890__to__Impressionism -> Seedream_repaired750
[148/715] Impressionism__armand-guillaumin_valley-in-pontgibaud-1890__to__Minimalism -> Seedream_repaired750
[149/715] Impressionism__armand-guillaumin_valley-in-pontgibaud-1890__to__Rococo -> Seedream_repaired750
[150/715] Impressionism__armand-guillaumin_valley-in-pontgibaud-1890__to__Ukiyo_e -> SaMAM_2250
[151/715] Impressionism__augustus-john_proven-al-landscape__to__Early_Renaissance -> SaMAM_2250
[152/715] Impressionism__augustus-john_proven-al-landscape__to__Impressionism -> Seedream_repaired750
[153/715] Impressionism__augustus-john_proven-al-landscape__to__Minimalism -> SaMAM_2250
[154/715] Impressionism__augustus-john_proven-al-landscape__to__Rococo failed: HTTPError: 500 Server Error: Internal Server Error for url: https://maas-api.cn-huabei-1.xf-yun.com/v2/chat/completions
[155/715] Impressionism__augustus-john_proven-al-landscape__to__Ukiyo_e -> Seedream_repaired750
[156/715] Impressionism__camille-pissarro_the-gardener-afternoon-sun-eragny-1899__to__Early_Renaissance -> SaMAM_2250
[157/715] Impressionism__camille-pissarro_the-gardener-afternoon-sun-eragny-1899__to__Impressionism -> Seedream_repaired750
[158/715] Impressionism__camille-pissarro_the-gardener-afternoon-sun-eragny-1899__to__Minimalism -> Seedream_repaired750
[159/715] Impressionism__camille-pissarro_the-gardener-afternoon-sun-eragny-1899__to__Rococo -> Seedream_repaired750
[160/715] Impressionism__camille-pissarro_the-gardener-afternoon-sun-eragny-1899__to__Ukiyo_e -> SaMAM_2250
[161/715] Impressionism__childe-hassam_evening-champs-elysees-aka-pres-du-louvre__to__Early_Renaissance -> SaMAM_2250
[162/715] Impressionism__childe-hassam_evening-champs-elysees-aka-pres-du-louvre__to__Impressionism -> SaMAM_2250
[163/715] Impressionism__childe-hassam_evening-champs-elysees-aka-pres-du-louvre__to__Minimalism -> Seedream_repaired750
[164/715] Impressionism__childe-hassam_evening-champs-elysees-aka-pres-du-louvre__to__Rococo -> Seedream_repaired750
[165/715] Impressionism__childe-hassam_evening-champs-elysees-aka-pres-du-louvre__to__Ukiyo_e -> SaMAM_2250
[166/715] Impressionism__childe-hassam_september-moonrise__to__Early_Renaissance -> Seedream_repaired750
[167/715] Impressionism__childe-hassam_september-moonrise__to__Impressionism -> SaMAM_2250
[168/715] Impressionism__childe-hassam_september-moonrise__to__Minimalism -> Seedream_repaired750
[169/715] Impressionism__childe-hassam_september-moonrise__to__Rococo -> Seedream_repaired750
[170/715] Impressionism__childe-hassam_september-moonrise__to__Ukiyo_e -> Seedream_repaired750
[171/715] Impressionism__claude-monet_bordighera-the-house-of-gardener__to__Early_Renaissance -> SaMAM_2250
[172/715] Impressionism__claude-monet_bordighera-the-house-of-gardener__to__Impressionism -> Seedream_repaired750
[173/715] Impressionism__claude-monet_bordighera-the-house-of-gardener__to__Minimalism -> Seedream_repaired750
[174/715] Impressionism__claude-monet_bordighera-the-house-of-gardener__to__Rococo -> SaMAM_2250
[175/715] Impressionism__claude-monet_bordighera-the-house-of-gardener__to__Ukiyo_e -> Seedream_repaired750
[176/715] Impressionism__claude-monet_palazzo-contarini-2__to__Early_Renaissance -> Seedream_repaired750
[177/715] Impressionism__claude-monet_palazzo-contarini-2__to__Impressionism -> Seedream_repaired750
[178/715] Impressionism__claude-monet_palazzo-contarini-2__to__Minimalism -> Seedream_repaired750
[179/715] Impressionism__claude-monet_palazzo-contarini-2__to__Rococo -> Seedream_repaired750
[180/715] Impressionism__claude-monet_palazzo-contarini-2__to__Ukiyo_e -> Seedream_repaired750
[181/715] Impressionism__claude-monet_rouen-cathedral-the-portal-at-midday__to__Early_Renaissance -> SaMAM_2250
[182/715] Impressionism__claude-monet_rouen-cathedral-the-portal-at-midday__to__Impressionism -> SaMAM_2250
[183/715] Impressionism__claude-monet_rouen-cathedral-the-portal-at-midday__to__Minimalism -> Seedream_repaired750
[184/715] Impressionism__claude-monet_rouen-cathedral-the-portal-at-midday__to__Rococo -> Seedream_repaired750
[185/715] Impressionism__claude-monet_rouen-cathedral-the-portal-at-midday__to__Ukiyo_e -> Seedream_repaired750
[186/715] Impressionism__edgar-degas_ancer-with-red-stockings__to__Early_Renaissance -> SaMAM_2250
[187/715] Impressionism__edgar-degas_ancer-with-red-stockings__to__Impressionism -> Seedream_repaired750
[188/715] Impressionism__edgar-degas_ancer-with-red-stockings__to__Minimalism -> SaMAM_2250
[189/715] Impressionism__edgar-degas_ancer-with-red-stockings__to__Rococo -> Seedream_repaired750
[190/715] Impressionism__edgar-degas_ancer-with-red-stockings__to__Ukiyo_e -> Seedream_repaired750
[191/715] Impressionism__edgar-degas_study-of-gentile-bellini-1855__to__Early_Renaissance -> Seedream_repaired750
[192/715] Impressionism__edgar-degas_study-of-gentile-bellini-1855__to__Impressionism failed: ProxyError: HTTPSConnectionPool(host='maas-api.cn-huabei-1.xf-yun.com', port=443): Max retries exceeded with url: /v2/chat/completions (Caused by ProxyError('Unable to connect to proxy', RemoteDisconnected('Remote end closed connection without response')))
[193/715] Impressionism__edgar-degas_study-of-gentile-bellini-1855__to__Minimalism -> Seedream_repaired750
[194/715] Impressionism__edgar-degas_study-of-gentile-bellini-1855__to__Rococo -> Seedream_repaired750
[195/715] Impressionism__edgar-degas_study-of-gentile-bellini-1855__to__Ukiyo_e -> Seedream_repaired750
[196/715] Impressionism__edouard-manet_tarring-the-boat-1873__to__Early_Renaissance -> SaMAM_2250
[197/715] Impressionism__edouard-manet_tarring-the-boat-1873__to__Impressionism -> SaMAM_2250
[198/715] Impressionism__edouard-manet_tarring-the-boat-1873__to__Minimalism -> Seedream_repaired750
[199/715] Impressionism__edouard-manet_tarring-the-boat-1873__to__Rococo -> SaMAM_2250
[200/715] Impressionism__edouard-manet_tarring-the-boat-1873__to__Ukiyo_e -> SaMAM_2250
[201/715] Impressionism__eugene-boudin_laundresses-on-the-banks-of-the-touques-9__to__Early_Renaissance -> SaMAM_2250
[202/715] Impressionism__eugene-boudin_laundresses-on-the-banks-of-the-touques-9__to__Impressionism -> Seedream_repaired750
[203/715] Impressionism__eugene-boudin_laundresses-on-the-banks-of-the-touques-9__to__Minimalism -> Seedream_repaired750
[204/715] Impressionism__eugene-boudin_laundresses-on-the-banks-of-the-touques-9__to__Rococo -> Seedream_repaired750
[205/715] Impressionism__eugene-boudin_laundresses-on-the-banks-of-the-touques-9__to__Ukiyo_e -> Seedream_repaired750
[206/715] Impressionism__eugene-boudin_the-port-ships-at-dock__to__Early_Renaissance -> SaMAM_2250
[207/715] Impressionism__eugene-boudin_the-port-ships-at-dock__to__Impressionism -> SaMAM_2250
[208/715] Impressionism__eugene-boudin_the-port-ships-at-dock__to__Minimalism -> SaMAM_2250
[209/715] Impressionism__eugene-boudin_the-port-ships-at-dock__to__Rococo -> SaMAM_2250
[210/715] Impressionism__eugene-boudin_the-port-ships-at-dock__to__Ukiyo_e -> SaMAM_2250
[211/715] Impressionism__eugene-boudin_trouville-the-fish-market-1884__to__Early_Renaissance -> SaMAM_2250
[212/715] Impressionism__eugene-boudin_trouville-the-fish-market-1884__to__Impressionism -> Seedream_repaired750
[213/715] Impressionism__eugene-boudin_trouville-the-fish-market-1884__to__Minimalism -> Seedream_repaired750
[214/715] Impressionism__eugene-boudin_trouville-the-fish-market-1884__to__Rococo -> Seedream_repaired750
[215/715] Impressionism__eugene-boudin_trouville-the-fish-market-1884__to__Ukiyo_e -> SaMAM_2250
[216/715] Impressionism__henri-matisse_brittany-also-known-as-boat-1896__to__Early_Renaissance -> SaMAM_2250
[217/715] Impressionism__henri-matisse_brittany-also-known-as-boat-1896__to__Impressionism -> Seedream_repaired750
[218/715] Impressionism__henri-matisse_brittany-also-known-as-boat-1896__to__Minimalism -> LBM-PS-v2_e13
[219/715] Impressionism__henri-matisse_brittany-also-known-as-boat-1896__to__Rococo -> Seedream_repaired750
[220/715] Impressionism__henri-matisse_brittany-also-known-as-boat-1896__to__Ukiyo_e -> Seedream_repaired750
[221/715] Impressionism__john-singer-sargent_lake-in-the-tyrol__to__Early_Renaissance -> SaMAM_2250
[222/715] Impressionism__john-singer-sargent_lake-in-the-tyrol__to__Impressionism -> Seedream_repaired750
[223/715] Impressionism__john-singer-sargent_lake-in-the-tyrol__to__Minimalism -> SaMAM_2250
[224/715] Impressionism__john-singer-sargent_lake-in-the-tyrol__to__Rococo -> SaMAM_2250
[225/715] Impressionism__john-singer-sargent_lake-in-the-tyrol__to__Ukiyo_e -> SaMAM_2250
[226/715] Impressionism__konstantin-korovin_arctic-ocean-1913__to__Early_Renaissance -> SaMAM_2250
[227/715] Impressionism__konstantin-korovin_arctic-ocean-1913__to__Impressionism -> Seedream_repaired750
[228/715] Impressionism__konstantin-korovin_arctic-ocean-1913__to__Minimalism -> Seedream_repaired750
[229/715] Impressionism__konstantin-korovin_arctic-ocean-1913__to__Rococo -> Seedream_repaired750
[230/715] Impressionism__konstantin-korovin_arctic-ocean-1913__to__Ukiyo_e -> Seedream_repaired750
[231/715] Impressionism__mihaly-munkacsy_dusty-country-road-ii-1883__to__Early_Renaissance -> Seedream_repaired750
[232/715] Impressionism__mihaly-munkacsy_dusty-country-road-ii-1883__to__Impressionism -> Seedream_repaired750
[233/715] Impressionism__mihaly-munkacsy_dusty-country-road-ii-1883__to__Minimalism -> Seedream_repaired750
[234/715] Impressionism__mihaly-munkacsy_dusty-country-road-ii-1883__to__Rococo -> Seedream_repaired750
[235/715] Impressionism__mihaly-munkacsy_dusty-country-road-ii-1883__to__Ukiyo_e -> SaMAM_2250
[236/715] Impressionism__nicolae-vermont_rotterdam-port-1928__to__Early_Renaissance failed: ConnectionError: ('Connection aborted.', ConnectionResetError(10054, '?????????????????', None, 10054, None))
[237/715] Impressionism__nicolae-vermont_rotterdam-port-1928__to__Impressionism -> Seedream_repaired750
[238/715] Impressionism__nicolae-vermont_rotterdam-port-1928__to__Minimalism -> Seedream_repaired750
[239/715] Impressionism__nicolae-vermont_rotterdam-port-1928__to__Rococo failed: HTTPError: 500 Server Error: Internal Server Error for url: https://maas-api.cn-huabei-1.xf-yun.com/v2/chat/completions
[240/715] Impressionism__nicolae-vermont_rotterdam-port-1928__to__Ukiyo_e -> Seedream_repaired750
[241/715] Impressionism__nikolay-bogdanov-belsky_connoisseurs-of-books-knowledge-is-power__to__Early_Renaissance -> SaMAM_2250
[242/715] Impressionism__nikolay-bogdanov-belsky_connoisseurs-of-books-knowledge-is-power__to__Impressionism -> SaMAM_2250
[243/715] Impressionism__nikolay-bogdanov-belsky_connoisseurs-of-books-knowledge-is-power__to__Minimalism -> Seedream_repaired750
[244/715] Impressionism__nikolay-bogdanov-belsky_connoisseurs-of-books-knowledge-is-power__to__Rococo -> Seedream_repaired750
[245/715] Impressionism__nikolay-bogdanov-belsky_connoisseurs-of-books-knowledge-is-power__to__Ukiyo_e -> Seedream_repaired750
[246/715] Impressionism__pierre-auguste-renoir_still-life-with-apples-and-pomegranates-1901__to__Early_Renaissance -> SaMAM_2250
[247/715] Impressionism__pierre-auguste-renoir_still-life-with-apples-and-pomegranates-1901__to__Impressionism -> Seedream_repaired750
[248/715] Impressionism__pierre-auguste-renoir_still-life-with-apples-and-pomegranates-1901__to__Minimalism -> Seedream_repaired750
[249/715] Impressionism__pierre-auguste-renoir_still-life-with-apples-and-pomegranates-1901__to__Rococo -> SaMAM_2250
[250/715] Impressionism__pierre-auguste-renoir_still-life-with-apples-and-pomegranates-1901__to__Ukiyo_e -> Seedream_repaired750
[251/715] Impressionism__rudolf-schweitzer-cumpana_str-du-n-atena__to__Early_Renaissance -> SaMAM_2250
[252/715] Impressionism__rudolf-schweitzer-cumpana_str-du-n-atena__to__Impressionism -> Seedream_repaired750
[253/715] Impressionism__rudolf-schweitzer-cumpana_str-du-n-atena__to__Minimalism -> Seedream_repaired750
[254/715] Impressionism__rudolf-schweitzer-cumpana_str-du-n-atena__to__Rococo -> SaMAM_2250
[255/715] Impressionism__rudolf-schweitzer-cumpana_str-du-n-atena__to__Ukiyo_e -> Seedream_repaired750
[256/715] Impressionism__stefan-dimitrescu_cabaret__to__Early_Renaissance failed: HTTPError: 500 Server Error: Internal Server Error for url: https://maas-api.cn-huabei-1.xf-yun.com/v2/chat/completions
[257/715] Impressionism__stefan-dimitrescu_cabaret__to__Impressionism -> Seedream_repaired750
[258/715] Impressionism__stefan-dimitrescu_cabaret__to__Minimalism -> Seedream_repaired750
[259/715] Impressionism__stefan-dimitrescu_cabaret__to__Rococo -> SaMAM_2250
[260/715] Impressionism__stefan-dimitrescu_cabaret__to__Ukiyo_e -> SaMAM_2250
[261/715] Impressionism__william-merritt-chase_at-the-boat-landing__to__Early_Renaissance -> Seedream_repaired750
[262/715] Impressionism__william-merritt-chase_at-the-boat-landing__to__Impressionism -> Seedream_repaired750
[263/715] Impressionism__william-merritt-chase_at-the-boat-landing__to__Minimalism -> Seedream_repaired750
[264/715] Impressionism__william-merritt-chase_at-the-boat-landing__to__Rococo -> Seedream_repaired750
[265/715] Impressionism__william-merritt-chase_at-the-boat-landing__to__Ukiyo_e -> Seedream_repaired750
[266/715] Impressionism__william-merritt-chase_gray-day-on-the-lagoon-a-passenger-boat-venice__to__Early_Renaissance -> SaMAM_2250
[267/715] Impressionism__william-merritt-chase_gray-day-on-the-lagoon-a-passenger-boat-venice__to__Impressionism -> SaMAM_2250
[268/715] Impressionism__william-merritt-chase_gray-day-on-the-lagoon-a-passenger-boat-venice__to__Minimalism -> Seedream_repaired750
[269/715] Impressionism__william-merritt-chase_gray-day-on-the-lagoon-a-passenger-boat-venice__to__Rococo -> Seedream_repaired750
[270/715] Impressionism__william-merritt-chase_gray-day-on-the-lagoon-a-passenger-boat-venice__to__Ukiyo_e -> Seedream_repaired750
[271/715] Impressionism__winston-churchill_distant-view-of-the-pyramids-1921-1(1)__to__Early_Renaissance -> SaMAM_2250
[272/715] Impressionism__winston-churchill_distant-view-of-the-pyramids-1921-1(1)__to__Impressionism -> SaMAM_2250
[273/715] Impressionism__winston-churchill_distant-view-of-the-pyramids-1921-1(1)__to__Minimalism -> Seedream_repaired750
[274/715] Impressionism__winston-churchill_distant-view-of-the-pyramids-1921-1(1)__to__Rococo failed: HTTPError: 500 Server Error: Internal Server Error for url: https://maas-api.cn-huabei-1.xf-yun.com/v2/chat/completions
[275/715] Impressionism__winston-churchill_distant-view-of-the-pyramids-1921-1(1)__to__Ukiyo_e -> SaMAM_2250
[276/715] Minimalism__agnes-martin_happy-valley-1967__to__Early_Renaissance -> Seedream_repaired750
[277/715] Minimalism__agnes-martin_happy-valley-1967__to__Impressionism -> SaMST_e15
[278/715] Minimalism__agnes-martin_happy-valley-1967__to__Minimalism -> SaMST_e15
[279/715] Minimalism__agnes-martin_happy-valley-1967__to__Rococo -> Seedream_repaired750
[280/715] Minimalism__agnes-martin_happy-valley-1967__to__Ukiyo_e -> Seedream_repaired750
[281/715] Minimalism__alvaro-lapa_criminals-and-their-properties-1974__to__Early_Renaissance failed: HTTPError: 500 Server Error: Internal Server Error for url: https://maas-api.cn-huabei-1.xf-yun.com/v2/chat/completions
[282/715] Minimalism__alvaro-lapa_criminals-and-their-properties-1974__to__Impressionism -> Seedream_repaired750
[283/715] Minimalism__alvaro-lapa_criminals-and-their-properties-1974__to__Minimalism -> Seedream_repaired750
[284/715] Minimalism__alvaro-lapa_criminals-and-their-properties-1974__to__Rococo -> Seedream_repaired750
[285/715] Minimalism__alvaro-lapa_criminals-and-their-properties-1974__to__Ukiyo_e -> SaMAM_2250
[286/715] Minimalism__brice-marden_joined-2011__to__Early_Renaissance -> SaMAM_2250
[287/715] Minimalism__brice-marden_joined-2011__to__Impressionism -> Seedream_repaired750
[288/715] Minimalism__brice-marden_joined-2011__to__Minimalism -> SaMAM_2250
[289/715] Minimalism__brice-marden_joined-2011__to__Rococo -> Seedream_repaired750
[290/715] Minimalism__brice-marden_joined-2011__to__Ukiyo_e -> SaMAM_2250
[291/715] Minimalism__bruce-nauman_la-brea-art-tips-rat-spit-tar-pits-1972__to__Early_Renaissance -> SaMAM_2250
[292/715] Minimalism__bruce-nauman_la-brea-art-tips-rat-spit-tar-pits-1972__to__Impressionism -> SaMAM_2250
[293/715] Minimalism__bruce-nauman_la-brea-art-tips-rat-spit-tar-pits-1972__to__Minimalism -> SaMAM_2250
[294/715] Minimalism__bruce-nauman_la-brea-art-tips-rat-spit-tar-pits-1972__to__Rococo -> SaMAM_2250
[295/715] Minimalism__bruce-nauman_la-brea-art-tips-rat-spit-tar-pits-1972__to__Ukiyo_e -> SaMAM_2250
[296/715] Minimalism__dan-flavin_greens-crossing-greens-to-piet-mondrian-who-lacked-green-1966__to__Early_Renaissance -> SaMAM_2250
[297/715] Minimalism__dan-flavin_greens-crossing-greens-to-piet-mondrian-who-lacked-green-1966__to__Impressionism -> Seedream_repaired750
[298/715] Minimalism__dan-flavin_greens-crossing-greens-to-piet-mondrian-who-lacked-green-1966__to__Minimalism -> Seedream_repaired750
[299/715] Minimalism__dan-flavin_greens-crossing-greens-to-piet-mondrian-who-lacked-green-1966__to__Rococo -> Seedream_repaired750
[300/715] Minimalism__dan-flavin_greens-crossing-greens-to-piet-mondrian-who-lacked-green-1966__to__Ukiyo_e -> SaMAM_2250
[301/715] Minimalism__ellsworth-kelly_diagonal-1951__to__Early_Renaissance -> Seedream_repaired750
[302/715] Minimalism__ellsworth-kelly_diagonal-1951__to__Impressionism -> Seedream_repaired750
[303/715] Minimalism__ellsworth-kelly_diagonal-1951__to__Minimalism -> Seedream_repaired750
[304/715] Minimalism__ellsworth-kelly_diagonal-1951__to__Rococo -> Seedream_repaired750
[305/715] Minimalism__ellsworth-kelly_diagonal-1951__to__Ukiyo_e -> Seedream_repaired750
[306/715] Minimalism__eva-hesse_expanded-expansion-1969__to__Early_Renaissance -> Seedream_repaired750
[307/715] Minimalism__eva-hesse_expanded-expansion-1969__to__Impressionism -> Seedream_repaired750
[308/715] Minimalism__eva-hesse_expanded-expansion-1969__to__Minimalism -> Seedream_repaired750
[309/715] Minimalism__eva-hesse_expanded-expansion-1969__to__Rococo -> Seedream_repaired750
[310/715] Minimalism__eva-hesse_expanded-expansion-1969__to__Ukiyo_e -> Seedream_repaired750
[311/715] Minimalism__fernando-lanhas_o39-68-1968__to__Early_Renaissance -> SaMAM_2250
[312/715] Minimalism__fernando-lanhas_o39-68-1968__to__Impressionism -> SaMAM_2250
[313/715] Minimalism__fernando-lanhas_o39-68-1968__to__Minimalism -> Seedream_repaired750
[314/715] Minimalism__fernando-lanhas_o39-68-1968__to__Rococo -> SaMAM_2250
[315/715] Minimalism__fernando-lanhas_o39-68-1968__to__Ukiyo_e -> SaMAM_2250
[316/715] Minimalism__frank-stella_gezira-from-black-series-ii-1967__to__Early_Renaissance -> SaMAM_2250
[317/715] Minimalism__frank-stella_gezira-from-black-series-ii-1967__to__Impressionism -> SaMST_e15
[318/715] Minimalism__frank-stella_gezira-from-black-series-ii-1967__to__Minimalism -> Seedream_repaired750
[319/715] Minimalism__frank-stella_gezira-from-black-series-ii-1967__to__Rococo -> Seedream_repaired750
[320/715] Minimalism__frank-stella_gezira-from-black-series-ii-1967__to__Ukiyo_e -> SaMAM_2250
[321/715] Minimalism__imi-knoebel_weiss-und-schwarz-4-2009__to__Early_Renaissance -> Seedream_repaired750
[322/715] Minimalism__imi-knoebel_weiss-und-schwarz-4-2009__to__Impressionism -> SaMST_e15
[323/715] Minimalism__imi-knoebel_weiss-und-schwarz-4-2009__to__Minimalism -> SaMAM_2250
[324/715] Minimalism__imi-knoebel_weiss-und-schwarz-4-2009__to__Rococo -> Seedream_repaired750
[325/715] Minimalism__imi-knoebel_weiss-und-schwarz-4-2009__to__Ukiyo_e -> Seedream_repaired750
[326/715] Minimalism__joan-hernandez-pijuan_nuvol-rosa-2-1990__to__Early_Renaissance -> SaMAM_2250
[327/715] Minimalism__joan-hernandez-pijuan_nuvol-rosa-2-1990__to__Impressionism -> SaMST_e15
[328/715] Minimalism__joan-hernandez-pijuan_nuvol-rosa-2-1990__to__Minimalism -> SaMAM_2250
[329/715] Minimalism__joan-hernandez-pijuan_nuvol-rosa-2-1990__to__Rococo -> Seedream_repaired750
[330/715] Minimalism__joan-hernandez-pijuan_nuvol-rosa-2-1990__to__Ukiyo_e -> SaMAM_2250
[331/715] Minimalism__joan-hernandez-pijuan_untitled-120-1999__to__Early_Renaissance -> Seedream_repaired750
[332/715] Minimalism__joan-hernandez-pijuan_untitled-120-1999__to__Impressionism -> Seedream_repaired750
[333/715] Minimalism__joan-hernandez-pijuan_untitled-120-1999__to__Minimalism -> Seedream_repaired750
[334/715] Minimalism__joan-hernandez-pijuan_untitled-120-1999__to__Rococo -> SaMAM_2250
[335/715] Minimalism__joan-hernandez-pijuan_untitled-120-1999__to__Ukiyo_e -> Seedream_repaired750
[336/715] Minimalism__john-mclaughlin_number-13-1973__to__Early_Renaissance -> Seedream_repaired750
[337/715] Minimalism__john-mclaughlin_number-13-1973__to__Impressionism -> SaMST_e15
[338/715] Minimalism__john-mclaughlin_number-13-1973__to__Minimalism -> Seedream_repaired750
[339/715] Minimalism__john-mclaughlin_number-13-1973__to__Rococo -> Seedream_repaired750
[340/715] Minimalism__john-mclaughlin_number-13-1973__to__Ukiyo_e -> SaMST_e15
[341/715] Minimalism__john-mclaughlin_number-4__to__Early_Renaissance -> Seedream_repaired750
[342/715] Minimalism__john-mclaughlin_number-4__to__Impressionism -> SaMST_e15
[343/715] Minimalism__john-mclaughlin_number-4__to__Minimalism -> Seedream_repaired750
[344/715] Minimalism__john-mclaughlin_number-4__to__Rococo -> Seedream_repaired750
[345/715] Minimalism__john-mclaughlin_number-4__to__Ukiyo_e -> LBM-PS-v2_e13
[346/715] Minimalism__judy-chicago_morning-fan-1971__to__Early_Renaissance -> Seedream_repaired750
[347/715] Minimalism__judy-chicago_morning-fan-1971__to__Impressionism -> SaMAM_2250
[348/715] Minimalism__judy-chicago_morning-fan-1971__to__Minimalism -> SaMAM_2250
[349/715] Minimalism__judy-chicago_morning-fan-1971__to__Rococo -> Seedream_repaired750
[350/715] Minimalism__judy-chicago_morning-fan-1971__to__Ukiyo_e -> SaMAM_2250
[351/715] Minimalism__mira-schendel_untitled-1984__to__Early_Renaissance -> Seedream_repaired750
[352/715] Minimalism__mira-schendel_untitled-1984__to__Impressionism -> Seedream_repaired750
[353/715] Minimalism__mira-schendel_untitled-1984__to__Minimalism -> Seedream_repaired750
[354/715] Minimalism__mira-schendel_untitled-1984__to__Rococo -> Seedream_repaired750
[355/715] Minimalism__mira-schendel_untitled-1984__to__Ukiyo_e -> SaMAM_2250
[356/715] Minimalism__pino-pinelli_pittura-r-1993__to__Early_Renaissance -> Seedream_repaired750
[357/715] Minimalism__pino-pinelli_pittura-r-1993__to__Impressionism -> Seedream_repaired750
[358/715] Minimalism__pino-pinelli_pittura-r-1993__to__Minimalism -> Seedream_repaired750
[359/715] Minimalism__pino-pinelli_pittura-r-1993__to__Rococo -> Seedream_repaired750
[360/715] Minimalism__pino-pinelli_pittura-r-1993__to__Ukiyo_e -> Seedream_repaired750
[361/715] Minimalism__richard-tuttle_relative-to-our-society-1990__to__Early_Renaissance -> Seedream_repaired750
[362/715] Minimalism__richard-tuttle_relative-to-our-society-1990__to__Impressionism -> SaMAM_2250
[363/715] Minimalism__richard-tuttle_relative-to-our-society-1990__to__Minimalism -> SaMAM_2250
[364/715] Minimalism__richard-tuttle_relative-to-our-society-1990__to__Rococo failed: ConnectionError: ('Connection aborted.', ConnectionAbortedError(10053, '????????????????????', None, 10053, None))
[365/715] Minimalism__richard-tuttle_relative-to-our-society-1990__to__Ukiyo_e -> SaMAM_2250
[366/715] Minimalism__robert-mangold_ellow-black-zone-painting-iv-1996__to__Early_Renaissance -> Seedream_repaired750
[367/715] Minimalism__robert-mangold_ellow-black-zone-painting-iv-1996__to__Impressionism -> Seedream_repaired750
[368/715] Minimalism__robert-mangold_ellow-black-zone-painting-iv-1996__to__Minimalism -> Seedream_repaired750
[369/715] Minimalism__robert-mangold_ellow-black-zone-painting-iv-1996__to__Rococo -> Seedream_repaired750
[370/715] Minimalism__robert-mangold_ellow-black-zone-painting-iv-1996__to__Ukiyo_e -> SaMAM_2250
[371/715] Minimalism__robert-mangold_untitled-fcpa-1995__to__Early_Renaissance -> Seedream_repaired750
[372/715] Minimalism__robert-mangold_untitled-fcpa-1995__to__Impressionism -> Seedream_repaired750
[373/715] Minimalism__robert-mangold_untitled-fcpa-1995__to__Minimalism -> Seedream_repaired750
[374/715] Minimalism__robert-mangold_untitled-fcpa-1995__to__Rococo failed: HTTPError: 500 Server Error: Internal Server Error for url: https://maas-api.cn-huabei-1.xf-yun.com/v2/chat/completions
[375/715] Minimalism__robert-mangold_untitled-fcpa-1995__to__Ukiyo_e -> Seedream_repaired750
[376/715] Minimalism__robert-morris_box-with-the-sound-of-its-own-making-1961__to__Early_Renaissance -> SaMAM_2250
[377/715] Minimalism__robert-morris_box-with-the-sound-of-its-own-making-1961__to__Impressionism -> SaMAM_2250
[378/715] Minimalism__robert-morris_box-with-the-sound-of-its-own-making-1961__to__Minimalism -> Seedream_repaired750
[379/715] Minimalism__robert-morris_box-with-the-sound-of-its-own-making-1961__to__Rococo -> Seedream_repaired750
[380/715] Minimalism__robert-morris_box-with-the-sound-of-its-own-making-1961__to__Ukiyo_e -> SaMAM_2250
[381/715] Minimalism__robert-ryman_conversion-2003__to__Early_Renaissance -> Seedream_repaired750
[382/715] Minimalism__robert-ryman_conversion-2003__to__Impressionism -> SaMST_e15
[383/715] Minimalism__robert-ryman_conversion-2003__to__Minimalism -> Seedream_repaired750
[384/715] Minimalism__robert-ryman_conversion-2003__to__Rococo -> Seedream_repaired750
[385/715] Minimalism__robert-ryman_conversion-2003__to__Ukiyo_e -> SaMAM_2250
[386/715] Minimalism__robert-ryman_surface-veil-1970__to__Early_Renaissance -> Seedream_repaired750
[387/715] Minimalism__robert-ryman_surface-veil-1970__to__Impressionism -> SaMAM_2250
[388/715] Minimalism__robert-ryman_surface-veil-1970__to__Minimalism -> Seedream_repaired750
[389/715] Minimalism__robert-ryman_surface-veil-1970__to__Rococo -> Seedream_repaired750
[390/715] Minimalism__robert-ryman_surface-veil-1970__to__Ukiyo_e -> SaMAM_2250
[391/715] Minimalism__ronald-davis_zig-zag-times-two-1966__to__Early_Renaissance -> Seedream_repaired750
[392/715] Minimalism__ronald-davis_zig-zag-times-two-1966__to__Impressionism -> SaMST_e15
[393/715] Minimalism__ronald-davis_zig-zag-times-two-1966__to__Minimalism -> Seedream_repaired750
[394/715] Minimalism__ronald-davis_zig-zag-times-two-1966__to__Rococo -> Seedream_repaired750
[395/715] Minimalism__ronald-davis_zig-zag-times-two-1966__to__Ukiyo_e -> Seedream_repaired750
[396/715] Minimalism__ruth-vollmer_trimer-monomer-dimer-1965__to__Early_Renaissance -> Seedream_repaired750
[397/715] Minimalism__ruth-vollmer_trimer-monomer-dimer-1965__to__Impressionism -> Seedream_repaired750
[398/715] Minimalism__ruth-vollmer_trimer-monomer-dimer-1965__to__Minimalism -> Seedream_repaired750
[399/715] Minimalism__ruth-vollmer_trimer-monomer-dimer-1965__to__Rococo -> SaMAM_2250
[400/715] Minimalism__ruth-vollmer_trimer-monomer-dimer-1965__to__Ukiyo_e -> SaMAM_2250
[401/715] Minimalism__sean-scully_untitled-1973__to__Early_Renaissance -> Seedream_repaired750
[402/715] Minimalism__sean-scully_untitled-1973__to__Impressionism -> Seedream_repaired750
[403/715] Minimalism__sean-scully_untitled-1973__to__Minimalism -> Seedream_repaired750
[404/715] Minimalism__sean-scully_untitled-1973__to__Rococo -> Seedream_repaired750
[405/715] Minimalism__sean-scully_untitled-1973__to__Ukiyo_e -> SaMAM_2250
[406/715] Minimalism__tony-smith_die-1968__to__Early_Renaissance -> SaMAM_2250
[407/715] Minimalism__tony-smith_die-1968__to__Impressionism -> Seedream_repaired750
[408/715] Minimalism__tony-smith_die-1968__to__Minimalism -> Seedream_repaired750
[409/715] Minimalism__tony-smith_die-1968__to__Rococo -> Seedream_repaired750
[410/715] Minimalism__tony-smith_die-1968__to__Ukiyo_e -> Seedream_repaired750
[411/715] Minimalism__william-scott_bowl-white-on-grey-1962__to__Early_Renaissance -> Seedream_repaired750
[412/715] Minimalism__william-scott_bowl-white-on-grey-1962__to__Impressionism -> SaMST_e15
[413/715] Minimalism__william-scott_bowl-white-on-grey-1962__to__Minimalism -> SaMAM_2250
[414/715] Minimalism__william-scott_bowl-white-on-grey-1962__to__Rococo -> Seedream_repaired750
[415/715] Minimalism__william-scott_bowl-white-on-grey-1962__to__Ukiyo_e -> Seedream_repaired750
[416/715] Minimalism__yves-gaucher_traces-2000__to__Early_Renaissance -> SaMST_e15
[417/715] Minimalism__yves-gaucher_traces-2000__to__Impressionism -> SaMST_e15
[418/715] Minimalism__yves-gaucher_traces-2000__to__Minimalism -> SaMAM_2250
[419/715] Minimalism__yves-gaucher_traces-2000__to__Rococo -> Seedream_repaired750
[420/715] Minimalism__yves-gaucher_traces-2000__to__Ukiyo_e -> SaMAM_2250
[421/715] Minimalism__yves-klein_untitled-yellow-monochrome-1956__to__Early_Renaissance failed: ConnectionError: ('Connection aborted.', ConnectionAbortedError(10053, '????????????????????', None, 10053, None))
[422/715] Minimalism__yves-klein_untitled-yellow-monochrome-1956__to__Impressionism -> Seedream_repaired750
[423/715] Minimalism__yves-klein_untitled-yellow-monochrome-1956__to__Minimalism -> Seedream_repaired750
[424/715] Minimalism__yves-klein_untitled-yellow-monochrome-1956__to__Rococo -> Seedream_repaired750
[425/715] Minimalism__yves-klein_untitled-yellow-monochrome-1956__to__Ukiyo_e -> SaMAM_2250
[426/715] Rococo__antoine-pesne_carl-heinrich-graun__to__Early_Renaissance -> SaMAM_2250
[427/715] Rococo__antoine-pesne_carl-heinrich-graun__to__Impressionism -> Seedream_repaired750
[428/715] Rococo__antoine-pesne_carl-heinrich-graun__to__Minimalism -> LBM-PS-v2_e13
[429/715] Rococo__antoine-pesne_carl-heinrich-graun__to__Rococo -> Seedream_repaired750
[430/715] Rococo__antoine-pesne_carl-heinrich-graun__to__Ukiyo_e -> Seedream_repaired750
[431/715] Rococo__antoine-watteau_head-of-a-man__to__Early_Renaissance -> SaMAM_2250
[432/715] Rococo__antoine-watteau_head-of-a-man__to__Impressionism -> SaMAM_2250
[433/715] Rococo__antoine-watteau_head-of-a-man__to__Minimalism -> Seedream_repaired750
[434/715] Rococo__antoine-watteau_head-of-a-man__to__Rococo -> Seedream_repaired750
[435/715] Rococo__antoine-watteau_head-of-a-man__to__Ukiyo_e -> SaMAM_2250
[436/715] Rococo__antoine-watteau_the-delicate-musician__to__Early_Renaissance -> Seedream_repaired750
[437/715] Rococo__antoine-watteau_the-delicate-musician__to__Impressionism -> Seedream_repaired750
[438/715] Rococo__antoine-watteau_the-delicate-musician__to__Minimalism -> Seedream_repaired750
[439/715] Rococo__antoine-watteau_the-delicate-musician__to__Rococo -> SaMST_e15
[440/715] Rococo__antoine-watteau_the-delicate-musician__to__Ukiyo_e -> Seedream_repaired750
[441/715] Rococo__benjamin-west_self-portrait-1770__to__Early_Renaissance -> SaMAM_2250
[442/715] Rococo__benjamin-west_self-portrait-1770__to__Impressionism -> Seedream_repaired750
[443/715] Rococo__benjamin-west_self-portrait-1770__to__Minimalism -> Seedream_repaired750
[444/715] Rococo__benjamin-west_self-portrait-1770__to__Rococo -> Seedream_repaired750
[445/715] Rococo__benjamin-west_self-portrait-1770__to__Ukiyo_e -> SaMAM_2250
[446/715] Rococo__bernardo-bellotto_pirna-seen-from-the-right-bank-of-the-elbe__to__Early_Renaissance -> SaMAM_2250
[447/715] Rococo__bernardo-bellotto_pirna-seen-from-the-right-bank-of-the-elbe__to__Impressionism -> SaMAM_2250
[448/715] Rococo__bernardo-bellotto_pirna-seen-from-the-right-bank-of-the-elbe__to__Minimalism -> Seedream_repaired750
[449/715] Rococo__bernardo-bellotto_pirna-seen-from-the-right-bank-of-the-elbe__to__Rococo -> Seedream_repaired750
[450/715] Rococo__bernardo-bellotto_pirna-seen-from-the-right-bank-of-the-elbe__to__Ukiyo_e -> Seedream_repaired750
[451/715] Rococo__bernardo-bellotto_view-of-dresden-the-dresden-fortifications-moat-with-a-bridge-between-gate-and-post-mile-pillar__to__Early_Renaissance -> SaMAM_2250
[452/715] Rococo__bernardo-bellotto_view-of-dresden-the-dresden-fortifications-moat-with-a-bridge-between-gate-and-post-mile-pillar__to__Impressionism -> Seedream_repaired750
[453/715] Rococo__bernardo-bellotto_view-of-dresden-the-dresden-fortifications-moat-with-a-bridge-between-gate-and-post-mile-pillar__to__Minimalism -> SaMST_e15
[454/715] Rococo__bernardo-bellotto_view-of-dresden-the-dresden-fortifications-moat-with-a-bridge-between-gate-and-post-mile-pillar__to__Rococo -> Seedream_repaired750
[455/715] Rococo__bernardo-bellotto_view-of-dresden-the-dresden-fortifications-moat-with-a-bridge-between-gate-and-post-mile-pillar__to__Ukiyo_e -> Seedream_repaired750
[456/715] Rococo__canaletto_london-the-thames-and-the-city-of-london-from-the-terrace-of-richmond-house__to__Early_Renaissance -> Seedream_repaired750
[457/715] Rococo__canaletto_london-the-thames-and-the-city-of-london-from-the-terrace-of-richmond-house__to__Impressionism -> Seedream_repaired750
[458/715] Rococo__canaletto_london-the-thames-and-the-city-of-london-from-the-terrace-of-richmond-house__to__Minimalism -> Seedream_repaired750
[459/715] Rococo__canaletto_london-the-thames-and-the-city-of-london-from-the-terrace-of-richmond-house__to__Rococo -> Seedream_repaired750
[460/715] Rococo__canaletto_london-the-thames-and-the-city-of-london-from-the-terrace-of-richmond-house__to__Ukiyo_e -> Seedream_repaired750
[461/715] Rococo__carl-ludwig-johann-christineck_nikolai-mordvinov-1771__to__Early_Renaissance -> SaMAM_2250
[462/715] Rococo__carl-ludwig-johann-christineck_nikolai-mordvinov-1771__to__Impressionism -> Seedream_repaired750
[463/715] Rococo__carl-ludwig-johann-christineck_nikolai-mordvinov-1771__to__Minimalism -> Seedream_repaired750
[464/715] Rococo__carl-ludwig-johann-christineck_nikolai-mordvinov-1771__to__Rococo -> Seedream_repaired750
[465/715] Rococo__carl-ludwig-johann-christineck_nikolai-mordvinov-1771__to__Ukiyo_e -> SaMAM_2250
[466/715] Rococo__carl-ludwig-johann-christineck_portrait-of-paul-of-russia-dressed-as-chevalier-of-the-order-of-st-andrew-1760__to__Early_Renaissance -> Seedream_repaired750
[467/715] Rococo__carl-ludwig-johann-christineck_portrait-of-paul-of-russia-dressed-as-chevalier-of-the-order-of-st-andrew-1760__to__Impressionism -> SaMAM_2250
[468/715] Rococo__carl-ludwig-johann-christineck_portrait-of-paul-of-russia-dressed-as-chevalier-of-the-order-of-st-andrew-1760__to__Minimalism -> Seedream_repaired750
[469/715] Rococo__carl-ludwig-johann-christineck_portrait-of-paul-of-russia-dressed-as-chevalier-of-the-order-of-st-andrew-1760__to__Rococo -> Seedream_repaired750
[470/715] Rococo__carl-ludwig-johann-christineck_portrait-of-paul-of-russia-dressed-as-chevalier-of-the-order-of-st-andrew-1760__to__Ukiyo_e -> SaMAM_2250
[471/715] Rococo__dmitry-levitzky_maria-feodorovna__to__Early_Renaissance -> SaMAM_2250
[472/715] Rococo__dmitry-levitzky_maria-feodorovna__to__Impressionism -> SaMAM_2250
[473/715] Rococo__dmitry-levitzky_maria-feodorovna__to__Minimalism -> Seedream_repaired750
[474/715] Rococo__dmitry-levitzky_maria-feodorovna__to__Rococo -> SaMAM_2250
[475/715] Rococo__dmitry-levitzky_maria-feodorovna__to__Ukiyo_e -> SaMAM_2250
[476/715] Rococo__dmitry-levitzky_portrait-of-maria-palovna-narychkina-1773__to__Early_Renaissance -> Seedream_repaired750
[477/715] Rococo__dmitry-levitzky_portrait-of-maria-palovna-narychkina-1773__to__Impressionism -> Seedream_repaired750
[478/715] Rococo__dmitry-levitzky_portrait-of-maria-palovna-narychkina-1773__to__Minimalism -> Seedream_repaired750
[479/715] Rococo__dmitry-levitzky_portrait-of-maria-palovna-narychkina-1773__to__Rococo -> SaMAM_2250
[480/715] Rococo__dmitry-levitzky_portrait-of-maria-palovna-narychkina-1773__to__Ukiyo_e -> SaMAM_2250
[481/715] Rococo__dmitry-levitzky_portrait-of-unknown-woman-with-a-rose-1788__to__Early_Renaissance -> SaMAM_2250
[482/715] Rococo__dmitry-levitzky_portrait-of-unknown-woman-with-a-rose-1788__to__Impressionism -> Seedream_repaired750
[483/715] Rococo__dmitry-levitzky_portrait-of-unknown-woman-with-a-rose-1788__to__Minimalism -> Seedream_repaired750
[484/715] Rococo__dmitry-levitzky_portrait-of-unknown-woman-with-a-rose-1788__to__Rococo -> SaMAM_2250
[485/715] Rococo__dmitry-levitzky_portrait-of-unknown-woman-with-a-rose-1788__to__Ukiyo_e -> SaMAM_2250
[486/715] Rococo__francois-boucher_portrait-of-madame-boucher-1745__to__Early_Renaissance -> Seedream_repaired750
[487/715] Rococo__francois-boucher_portrait-of-madame-boucher-1745__to__Impressionism -> Seedream_repaired750
[488/715] Rococo__francois-boucher_portrait-of-madame-boucher-1745__to__Minimalism -> Seedream_repaired750
[489/715] Rococo__francois-boucher_portrait-of-madame-boucher-1745__to__Rococo -> SaMAM_2250
[490/715] Rococo__francois-boucher_portrait-of-madame-boucher-1745__to__Ukiyo_e -> SaMAM_2250
[491/715] Rococo__giovanni-domenico-tiepolo_christ-s-fall-on-the-way-to-calvary-1772__to__Early_Renaissance -> SaMAM_2250
[492/715] Rococo__giovanni-domenico-tiepolo_christ-s-fall-on-the-way-to-calvary-1772__to__Impressionism -> SaMAM_2250
[493/715] Rococo__giovanni-domenico-tiepolo_christ-s-fall-on-the-way-to-calvary-1772__to__Minimalism -> Seedream_repaired750
[494/715] Rococo__giovanni-domenico-tiepolo_christ-s-fall-on-the-way-to-calvary-1772__to__Rococo -> SaMAM_2250
[495/715] Rococo__giovanni-domenico-tiepolo_christ-s-fall-on-the-way-to-calvary-1772__to__Ukiyo_e -> Seedream_repaired750
[496/715] Rococo__giovanni-domenico-tiepolo_the-new-world-1797__to__Early_Renaissance -> SaMAM_2250
[497/715] Rococo__giovanni-domenico-tiepolo_the-new-world-1797__to__Impressionism -> Seedream_repaired750
[498/715] Rococo__giovanni-domenico-tiepolo_the-new-world-1797__to__Minimalism -> Seedream_repaired750
[499/715] Rococo__giovanni-domenico-tiepolo_the-new-world-1797__to__Rococo -> Seedream_repaired750
[500/715] Rococo__giovanni-domenico-tiepolo_the-new-world-1797__to__Ukiyo_e -> Seedream_repaired750
[501/715] Rococo__jean-marc-nattier_portrait-of-louis-tocqu-1762__to__Early_Renaissance -> Seedream_repaired750
[502/715] Rococo__jean-marc-nattier_portrait-of-louis-tocqu-1762__to__Impressionism -> Seedream_repaired750
[503/715] Rococo__jean-marc-nattier_portrait-of-louis-tocqu-1762__to__Minimalism -> Seedream_repaired750
[504/715] Rococo__jean-marc-nattier_portrait-of-louis-tocqu-1762__to__Rococo -> Seedream_repaired750
[505/715] Rococo__jean-marc-nattier_portrait-of-louis-tocqu-1762__to__Ukiyo_e -> Seedream_repaired750
[506/715] Rococo__joseph-wright_d-ewes-coke-his-wife-hannah-and-daniel-parker-coke__to__Early_Renaissance -> SaMAM_2250
[507/715] Rococo__joseph-wright_d-ewes-coke-his-wife-hannah-and-daniel-parker-coke__to__Impressionism -> Seedream_repaired750
[508/715] Rococo__joseph-wright_d-ewes-coke-his-wife-hannah-and-daniel-parker-coke__to__Minimalism -> SaMAM_2250
[509/715] Rococo__joseph-wright_d-ewes-coke-his-wife-hannah-and-daniel-parker-coke__to__Rococo -> Seedream_repaired750
[510/715] Rococo__joseph-wright_d-ewes-coke-his-wife-hannah-and-daniel-parker-coke__to__Ukiyo_e -> SaMAM_2250
[511/715] Rococo__joseph-wright_mr-and-mrs-thomas-coltman__to__Early_Renaissance -> SaMAM_2250
[512/715] Rococo__joseph-wright_mr-and-mrs-thomas-coltman__to__Impressionism -> SaMAM_2250
[513/715] Rococo__joseph-wright_mr-and-mrs-thomas-coltman__to__Minimalism -> Seedream_repaired750
[514/715] Rococo__joseph-wright_mr-and-mrs-thomas-coltman__to__Rococo -> SaMAM_2250
[515/715] Rococo__joseph-wright_mr-and-mrs-thomas-coltman__to__Ukiyo_e -> SaMAM_2250
[516/715] Rococo__joshua-reynolds_colonel-george-k-h-coussmaker-grenadier-guards__to__Early_Renaissance -> SaMAM_2250
[517/715] Rococo__joshua-reynolds_colonel-george-k-h-coussmaker-grenadier-guards__to__Impressionism -> SaMAM_2250
[518/715] Rococo__joshua-reynolds_colonel-george-k-h-coussmaker-grenadier-guards__to__Minimalism -> Seedream_repaired750
[519/715] Rococo__joshua-reynolds_colonel-george-k-h-coussmaker-grenadier-guards__to__Rococo -> Seedream_repaired750
[520/715] Rococo__joshua-reynolds_colonel-george-k-h-coussmaker-grenadier-guards__to__Ukiyo_e -> Seedream_repaired750
[521/715] Rococo__louise-elisabeth-vigee-le-brun_portrait-of-joseph-vernet-1778__to__Early_Renaissance -> SaMAM_2250
[522/715] Rococo__louise-elisabeth-vigee-le-brun_portrait-of-joseph-vernet-1778__to__Impressionism -> SaMAM_2250
[523/715] Rococo__louise-elisabeth-vigee-le-brun_portrait-of-joseph-vernet-1778__to__Minimalism -> Seedream_repaired750
[524/715] Rococo__louise-elisabeth-vigee-le-brun_portrait-of-joseph-vernet-1778__to__Rococo -> Seedream_repaired750
[525/715] Rococo__louise-elisabeth-vigee-le-brun_portrait-of-joseph-vernet-1778__to__Ukiyo_e -> SaMAM_2250
[526/715] Rococo__louise-elisabeth-vigee-le-brun_the-bather-1792__to__Early_Renaissance -> SaMAM_2250
[527/715] Rococo__louise-elisabeth-vigee-le-brun_the-bather-1792__to__Impressionism -> Seedream_repaired750
[528/715] Rococo__louise-elisabeth-vigee-le-brun_the-bather-1792__to__Minimalism failed: HTTPError: 500 Server Error: Internal Server Error for url: https://maas-api.cn-huabei-1.xf-yun.com/v2/chat/completions
[529/715] Rococo__louise-elisabeth-vigee-le-brun_the-bather-1792__to__Rococo failed: HTTPError: 500 Server Error: Internal Server Error for url: https://maas-api.cn-huabei-1.xf-yun.com/v2/chat/completions
[530/715] Rococo__louise-elisabeth-vigee-le-brun_the-bather-1792__to__Ukiyo_e failed: HTTPError: 500 Server Error: Internal Server Error for url: https://maas-api.cn-huabei-1.xf-yun.com/v2/chat/completions
[531/715] Rococo__maurice-quentin-de-la-tour_marie-josephe-of-saxony-1__to__Early_Renaissance -> SaMAM_2250
[532/715] Rococo__maurice-quentin-de-la-tour_marie-josephe-of-saxony-1__to__Impressionism -> SaMAM_2250
[533/715] Rococo__maurice-quentin-de-la-tour_marie-josephe-of-saxony-1__to__Minimalism -> SaMAM_2250
[534/715] Rococo__maurice-quentin-de-la-tour_marie-josephe-of-saxony-1__to__Rococo -> SaMST_e15
[535/715] Rococo__maurice-quentin-de-la-tour_marie-josephe-of-saxony-1__to__Ukiyo_e -> SaMAM_2250
[536/715] Rococo__maurice-quentin-de-la-tour_study-for-portrait-of-mademoiselle-dangeville-1__to__Early_Renaissance -> SaMST_e15
[537/715] Rococo__maurice-quentin-de-la-tour_study-for-portrait-of-mademoiselle-dangeville-1__to__Impressionism -> Seedream_repaired750
[538/715] Rococo__maurice-quentin-de-la-tour_study-for-portrait-of-mademoiselle-dangeville-1__to__Minimalism -> SaMAM_2250
[539/715] Rococo__maurice-quentin-de-la-tour_study-for-portrait-of-mademoiselle-dangeville-1__to__Rococo -> Seedream_repaired750
[540/715] Rococo__maurice-quentin-de-la-tour_study-for-portrait-of-mademoiselle-dangeville-1__to__Ukiyo_e -> SaMAM_2250
[541/715] Rococo__pietro-longhi_the-tooth-extractor__to__Early_Renaissance failed: HTTPError: 500 Server Error: Internal Server Error for url: https://maas-api.cn-huabei-1.xf-yun.com/v2/chat/completions
[542/715] Rococo__pietro-longhi_the-tooth-extractor__to__Impressionism -> Seedream_repaired750
[543/715] Rococo__pietro-longhi_the-tooth-extractor__to__Minimalism -> Seedream_repaired750
[544/715] Rococo__pietro-longhi_the-tooth-extractor__to__Rococo -> SaMAM_2250
[545/715] Rococo__pietro-longhi_the-tooth-extractor__to__Ukiyo_e -> SaMAM_2250
[546/715] Rococo__thomas-gainsborough_a-coastal-landscape-1782__to__Early_Renaissance -> SaMAM_2250
[547/715] Rococo__thomas-gainsborough_a-coastal-landscape-1782__to__Impressionism -> SaMAM_2250
[548/715] Rococo__thomas-gainsborough_a-coastal-landscape-1782__to__Minimalism -> SaMAM_2250
[549/715] Rococo__thomas-gainsborough_a-coastal-landscape-1782__to__Rococo -> Seedream_repaired750
[550/715] Rococo__thomas-gainsborough_a-coastal-landscape-1782__to__Ukiyo_e -> Seedream_repaired750
[551/715] Rococo__thomas-gainsborough_a-peasant-girl-with-dog-and-jug-1785__to__Early_Renaissance -> SaMAM_2250
[552/715] Rococo__thomas-gainsborough_a-peasant-girl-with-dog-and-jug-1785__to__Impressionism -> Seedream_repaired750
[553/715] Rococo__thomas-gainsborough_a-peasant-girl-with-dog-and-jug-1785__to__Minimalism -> Seedream_repaired750
[554/715] Rococo__thomas-gainsborough_a-peasant-girl-with-dog-and-jug-1785__to__Rococo -> SaMAM_2250
[555/715] Rococo__thomas-gainsborough_a-peasant-girl-with-dog-and-jug-1785__to__Ukiyo_e -> SaMAM_2250
[556/715] Rococo__thomas-gainsborough_john-plampin__to__Early_Renaissance -> SaMAM_2250
[557/715] Rococo__thomas-gainsborough_john-plampin__to__Impressionism -> SaMAM_2250
[558/715] Rococo__thomas-gainsborough_john-plampin__to__Minimalism -> Seedream_repaired750
[559/715] Rococo__thomas-gainsborough_john-plampin__to__Rococo -> SaMAM_2250
[560/715] Rococo__thomas-gainsborough_john-plampin__to__Ukiyo_e -> SaMAM_2250
[561/715] Rococo__thomas-gainsborough_robert-butcher-of-walthamstan__to__Early_Renaissance -> SaMAM_2250
[562/715] Rococo__thomas-gainsborough_robert-butcher-of-walthamstan__to__Impressionism failed: ConnectionError: ('Connection aborted.', ConnectionAbortedError(10053, '????????????????????', None, 10053, None))
[563/715] Rococo__thomas-gainsborough_robert-butcher-of-walthamstan__to__Minimalism failed: ConnectionError: ('Connection aborted.', ConnectionAbortedError(10053, '????????????????????', None, 10053, None))
[564/715] Rococo__thomas-gainsborough_robert-butcher-of-walthamstan__to__Rococo -> SaMAM_2250
[565/715] Rococo__thomas-gainsborough_robert-butcher-of-walthamstan__to__Ukiyo_e -> Seedream_repaired750
[566/715] Rococo__william-hogarth_the-countess-s-morning-levee__to__Early_Renaissance -> SaMAM_2250
[567/715] Rococo__william-hogarth_the-countess-s-morning-levee__to__Impressionism -> SaMAM_2250
[568/715] Rococo__william-hogarth_the-countess-s-morning-levee__to__Minimalism -> Seedream_repaired750
[569/715] Rococo__william-hogarth_the-countess-s-morning-levee__to__Rococo -> SaMAM_2250
[570/715] Rococo__william-hogarth_the-countess-s-morning-levee__to__Ukiyo_e -> SaMAM_2250
[571/715] Ukiyo_e__hiroshige_hakone-kosuizu__to__Early_Renaissance -> SaMAM_2250
[572/715] Ukiyo_e__hiroshige_hakone-kosuizu__to__Impressionism -> Seedream_repaired750
[573/715] Ukiyo_e__hiroshige_hakone-kosuizu__to__Minimalism -> Seedream_repaired750
[574/715] Ukiyo_e__hiroshige_hakone-kosuizu__to__Rococo -> SaMAM_2250
[575/715] Ukiyo_e__hiroshige_hakone-kosuizu__to__Ukiyo_e -> SaMAM_2250
[576/715] Ukiyo_e__hiroshige_oiso-toraga-ame-shower-1835__to__Early_Renaissance -> SaMAM_2250
[577/715] Ukiyo_e__hiroshige_oiso-toraga-ame-shower-1835__to__Impressionism -> SaMAM_2250
[578/715] Ukiyo_e__hiroshige_oiso-toraga-ame-shower-1835__to__Minimalism -> Seedream_repaired750
[579/715] Ukiyo_e__hiroshige_oiso-toraga-ame-shower-1835__to__Rococo -> SaMAM_2250
[580/715] Ukiyo_e__hiroshige_oiso-toraga-ame-shower-1835__to__Ukiyo_e -> SaMAM_2250
[581/715] Ukiyo_e__katsushika-hokusai_cargo-ship-and-wave__to__Early_Renaissance -> SaMAM_2250
[582/715] Ukiyo_e__katsushika-hokusai_cargo-ship-and-wave__to__Impressionism -> Seedream_repaired750
[583/715] Ukiyo_e__katsushika-hokusai_cargo-ship-and-wave__to__Minimalism -> Seedream_repaired750
[584/715] Ukiyo_e__katsushika-hokusai_cargo-ship-and-wave__to__Rococo -> Seedream_repaired750
[585/715] Ukiyo_e__katsushika-hokusai_cargo-ship-and-wave__to__Ukiyo_e -> Seedream_repaired750
[586/715] Ukiyo_e__katsushika-hokusai_fishing-in-the-bay-uraga__to__Early_Renaissance -> Seedream_repaired750
[587/715] Ukiyo_e__katsushika-hokusai_fishing-in-the-bay-uraga__to__Impressionism -> SaMAM_2250
[588/715] Ukiyo_e__katsushika-hokusai_fishing-in-the-bay-uraga__to__Minimalism -> Seedream_repaired750
[589/715] Ukiyo_e__katsushika-hokusai_fishing-in-the-bay-uraga__to__Rococo -> SaMAM_2250
[590/715] Ukiyo_e__katsushika-hokusai_fishing-in-the-bay-uraga__to__Ukiyo_e -> Seedream_repaired750
[591/715] Ukiyo_e__katsushika-hokusai_fishing-in-the-river-kinu__to__Early_Renaissance -> SaMAM_2250
[592/715] Ukiyo_e__katsushika-hokusai_fishing-in-the-river-kinu__to__Impressionism -> SaMAM_2250
[593/715] Ukiyo_e__katsushika-hokusai_fishing-in-the-river-kinu__to__Minimalism -> SaMAM_2250
[594/715] Ukiyo_e__katsushika-hokusai_fishing-in-the-river-kinu__to__Rococo -> Seedream_repaired750
[595/715] Ukiyo_e__katsushika-hokusai_fishing-in-the-river-kinu__to__Ukiyo_e -> SaMAM_2250
[596/715] Ukiyo_e__katsushika-hokusai_ono-shindon-in-the-suraga-province__to__Early_Renaissance -> SaMAM_2250
[597/715] Ukiyo_e__katsushika-hokusai_ono-shindon-in-the-suraga-province__to__Impressionism -> SaMAM_2250
[598/715] Ukiyo_e__katsushika-hokusai_ono-shindon-in-the-suraga-province__to__Minimalism -> Seedream_repaired750
[599/715] Ukiyo_e__katsushika-hokusai_ono-shindon-in-the-suraga-province__to__Rococo -> SaMAM_2250
[600/715] Ukiyo_e__katsushika-hokusai_ono-shindon-in-the-suraga-province__to__Ukiyo_e -> Seedream_repaired750
[601/715] Ukiyo_e__katsushika-hokusai_woman-looking-at-herself-in-a-mirror__to__Early_Renaissance -> SaMST_e15
[602/715] Ukiyo_e__katsushika-hokusai_woman-looking-at-herself-in-a-mirror__to__Impressionism -> SaMST_e15
[603/715] Ukiyo_e__katsushika-hokusai_woman-looking-at-herself-in-a-mirror__to__Minimalism -> Seedream_repaired750
[604/715] Ukiyo_e__katsushika-hokusai_woman-looking-at-herself-in-a-mirror__to__Rococo -> Seedream_repaired750
[605/715] Ukiyo_e__katsushika-hokusai_woman-looking-at-herself-in-a-mirror__to__Ukiyo_e -> SaMAM_2250
[606/715] Ukiyo_e__keisai-eisen_the-courtesan-kaoru-of-owariya-matched-with-okitsu-1825(1)__to__Early_Renaissance -> SaMAM_2250
[607/715] Ukiyo_e__keisai-eisen_the-courtesan-kaoru-of-owariya-matched-with-okitsu-1825(1)__to__Impressionism -> SaMAM_2250
[608/715] Ukiyo_e__keisai-eisen_the-courtesan-kaoru-of-owariya-matched-with-okitsu-1825(1)__to__Minimalism -> SaMAM_2250
[609/715] Ukiyo_e__keisai-eisen_the-courtesan-kaoru-of-owariya-matched-with-okitsu-1825(1)__to__Rococo -> SaMAM_2250
[610/715] Ukiyo_e__keisai-eisen_the-courtesan-kaoru-of-owariya-matched-with-okitsu-1825(1)__to__Ukiyo_e -> Seedream_repaired750
[611/715] Ukiyo_e__keisai-eisen_yabai-with-two-women-1840__to__Early_Renaissance -> SaMAM_2250
[612/715] Ukiyo_e__keisai-eisen_yabai-with-two-women-1840__to__Impressionism -> SaMAM_2250
[613/715] Ukiyo_e__keisai-eisen_yabai-with-two-women-1840__to__Minimalism -> SaMAM_2250
[614/715] Ukiyo_e__keisai-eisen_yabai-with-two-women-1840__to__Rococo -> Seedream_repaired750
[615/715] Ukiyo_e__keisai-eisen_yabai-with-two-women-1840__to__Ukiyo_e -> SaMAM_2250
[616/715] Ukiyo_e__kitagawa-utamaro_the-hour-of-the-horse__to__Early_Renaissance -> SaMAM_2250
[617/715] Ukiyo_e__kitagawa-utamaro_the-hour-of-the-horse__to__Impressionism -> Seedream_repaired750
[618/715] Ukiyo_e__kitagawa-utamaro_the-hour-of-the-horse__to__Minimalism -> Seedream_repaired750
[619/715] Ukiyo_e__kitagawa-utamaro_the-hour-of-the-horse__to__Rococo -> Seedream_repaired750
[620/715] Ukiyo_e__kitagawa-utamaro_the-hour-of-the-horse__to__Ukiyo_e -> SaMAM_2250
[621/715] Ukiyo_e__kitagawa-utamaro_upon-my-oath__to__Early_Renaissance -> SaMAM_2250
[622/715] Ukiyo_e__kitagawa-utamaro_upon-my-oath__to__Impressionism -> Seedream_repaired750
[623/715] Ukiyo_e__kitagawa-utamaro_upon-my-oath__to__Minimalism -> Seedream_repaired750
[624/715] Ukiyo_e__kitagawa-utamaro_upon-my-oath__to__Rococo -> SaMAM_2250
[625/715] Ukiyo_e__kitagawa-utamaro_upon-my-oath__to__Ukiyo_e -> SaMAM_2250
[626/715] Ukiyo_e__kitagawa-utamaro_yama-uba-and-kintaro-1__to__Early_Renaissance -> Seedream_repaired750
[627/715] Ukiyo_e__kitagawa-utamaro_yama-uba-and-kintaro-1__to__Impressionism -> Seedream_repaired750
[628/715] Ukiyo_e__kitagawa-utamaro_yama-uba-and-kintaro-1__to__Minimalism -> SaMAM_2250
[629/715] Ukiyo_e__kitagawa-utamaro_yama-uba-and-kintaro-1__to__Rococo -> SaMAM_2250
[630/715] Ukiyo_e__kitagawa-utamaro_yama-uba-and-kintaro-1__to__Ukiyo_e -> Seedream_repaired750
[631/715] Ukiyo_e__ogata-gekko_nihon-hana-zue-1896__to__Early_Renaissance -> SaMAM_2250
[632/715] Ukiyo_e__ogata-gekko_nihon-hana-zue-1896__to__Impressionism -> Seedream_repaired750
[633/715] Ukiyo_e__ogata-gekko_nihon-hana-zue-1896__to__Minimalism -> Seedream_repaired750
[634/715] Ukiyo_e__ogata-gekko_nihon-hana-zue-1896__to__Rococo failed: HTTPError: 500 Server Error: Internal Server Error for url: https://maas-api.cn-huabei-1.xf-yun.com/v2/chat/completions
[635/715] Ukiyo_e__ogata-gekko_nihon-hana-zue-1896__to__Ukiyo_e -> SaMAM_2250
[636/715] Ukiyo_e__ogata-gekko_print-from-series-women-s-customs-and-manners-1895-1__to__Early_Renaissance -> SaMAM_2250
[637/715] Ukiyo_e__ogata-gekko_print-from-series-women-s-customs-and-manners-1895-1__to__Impressionism -> SaMAM_2250
[638/715] Ukiyo_e__ogata-gekko_print-from-series-women-s-customs-and-manners-1895-1__to__Minimalism -> Seedream_repaired750
[639/715] Ukiyo_e__ogata-gekko_print-from-series-women-s-customs-and-manners-1895-1__to__Rococo -> SaMAM_2250
[640/715] Ukiyo_e__ogata-gekko_print-from-series-women-s-customs-and-manners-1895-1__to__Ukiyo_e -> SaMAM_2250
[641/715] Ukiyo_e__tsukioka-yoshitoshi_not_detected_242419__to__Early_Renaissance -> SaMAM_2250
[642/715] Ukiyo_e__tsukioka-yoshitoshi_not_detected_242419__to__Impressionism -> SaMAM_2250
[643/715] Ukiyo_e__tsukioka-yoshitoshi_not_detected_242419__to__Minimalism -> Seedream_repaired750
[644/715] Ukiyo_e__tsukioka-yoshitoshi_not_detected_242419__to__Rococo -> Seedream_repaired750
[645/715] Ukiyo_e__tsukioka-yoshitoshi_not_detected_242419__to__Ukiyo_e -> SaMAM_2250
[646/715] Ukiyo_e__utagawa-kunisada-ii_oichi-from-the-beauties-of-tokyo-series__to__Early_Renaissance -> Seedream_repaired750
[647/715] Ukiyo_e__utagawa-kunisada-ii_oichi-from-the-beauties-of-tokyo-series__to__Impressionism -> SaMAM_2250
[648/715] Ukiyo_e__utagawa-kunisada-ii_oichi-from-the-beauties-of-tokyo-series__to__Minimalism -> Seedream_repaired750
[649/715] Ukiyo_e__utagawa-kunisada-ii_oichi-from-the-beauties-of-tokyo-series__to__Rococo -> Seedream_repaired750
[650/715] Ukiyo_e__utagawa-kunisada-ii_oichi-from-the-beauties-of-tokyo-series__to__Ukiyo_e -> Seedream_repaired750
[651/715] Ukiyo_e__utagawa-kunisada_not_detected_240347__to__Early_Renaissance failed: HTTPError: 500 Server Error: Internal Server Error for url: https://maas-api.cn-huabei-1.xf-yun.com/v2/chat/completions
[652/715] Ukiyo_e__utagawa-kunisada_not_detected_240347__to__Impressionism -> Seedream_repaired750
[653/715] Ukiyo_e__utagawa-kunisada_not_detected_240347__to__Minimalism -> Seedream_repaired750
[654/715] Ukiyo_e__utagawa-kunisada_not_detected_240347__to__Rococo -> Seedream_repaired750
[655/715] Ukiyo_e__utagawa-kunisada_not_detected_240347__to__Ukiyo_e -> SaMAM_2250
[656/715] Ukiyo_e__utagawa-kunisada_not_detected_240353__to__Early_Renaissance -> Seedream_repaired750
[657/715] Ukiyo_e__utagawa-kunisada_not_detected_240353__to__Impressionism -> SaMAM_2250
[658/715] Ukiyo_e__utagawa-kunisada_not_detected_240353__to__Minimalism -> Seedream_repaired750
[659/715] Ukiyo_e__utagawa-kunisada_not_detected_240353__to__Rococo -> SaMAM_2250
[660/715] Ukiyo_e__utagawa-kunisada_not_detected_240353__to__Ukiyo_e -> Seedream_repaired750
[661/715] Ukiyo_e__utagawa-kunisada_not_detected_240381(1)__to__Early_Renaissance -> SaMAM_2250
[662/715] Ukiyo_e__utagawa-kunisada_not_detected_240381(1)__to__Impressionism -> SaMAM_2250
[663/715] Ukiyo_e__utagawa-kunisada_not_detected_240381(1)__to__Minimalism -> Seedream_repaired750
[664/715] Ukiyo_e__utagawa-kunisada_not_detected_240381(1)__to__Rococo -> SaMAM_2250
[665/715] Ukiyo_e__utagawa-kunisada_not_detected_240381(1)__to__Ukiyo_e -> SaMAM_2250
[666/715] Ukiyo_e__utagawa-kunisada_the-actor__to__Early_Renaissance -> Seedream_repaired750
[667/715] Ukiyo_e__utagawa-kunisada_the-actor__to__Impressionism -> Seedream_repaired750
[668/715] Ukiyo_e__utagawa-kunisada_the-actor__to__Minimalism -> SaMAM_2250
[669/715] Ukiyo_e__utagawa-kunisada_the-actor__to__Rococo -> SaMAM_2250
[670/715] Ukiyo_e__utagawa-kunisada_the-actor__to__Ukiyo_e -> Seedream_repaired750
[671/715] Ukiyo_e__utagawa-kuniyoshi_a-man-confronted-with-an-apparition-of-the-fox-goddess__to__Early_Renaissance -> SaMAM_2250
[672/715] Ukiyo_e__utagawa-kuniyoshi_a-man-confronted-with-an-apparition-of-the-fox-goddess__to__Impressionism -> SaMAM_2250
[673/715] Ukiyo_e__utagawa-kuniyoshi_a-man-confronted-with-an-apparition-of-the-fox-goddess__to__Minimalism -> Seedream_repaired750
[674/715] Ukiyo_e__utagawa-kuniyoshi_a-man-confronted-with-an-apparition-of-the-fox-goddess__to__Rococo -> Seedream_repaired750
[675/715] Ukiyo_e__utagawa-kuniyoshi_a-man-confronted-with-an-apparition-of-the-fox-goddess__to__Ukiyo_e -> Seedream_repaired750
[676/715] Ukiyo_e__utagawa-kuniyoshi_a-record-of-origins-of-the-great-country-of-japan__to__Early_Renaissance -> SaMAM_2250
[677/715] Ukiyo_e__utagawa-kuniyoshi_a-record-of-origins-of-the-great-country-of-japan__to__Impressionism -> Seedream_repaired750
[678/715] Ukiyo_e__utagawa-kuniyoshi_a-record-of-origins-of-the-great-country-of-japan__to__Minimalism -> SaMAM_2250
[679/715] Ukiyo_e__utagawa-kuniyoshi_a-record-of-origins-of-the-great-country-of-japan__to__Rococo -> SaMAM_2250
[680/715] Ukiyo_e__utagawa-kuniyoshi_a-record-of-origins-of-the-great-country-of-japan__to__Ukiyo_e -> Seedream_repaired750
[681/715] Ukiyo_e__utagawa-kuniyoshi_high-noon-at-kasumigaseki__to__Early_Renaissance -> SaMAM_2250
[682/715] Ukiyo_e__utagawa-kuniyoshi_high-noon-at-kasumigaseki__to__Impressionism -> SaMAM_2250
[683/715] Ukiyo_e__utagawa-kuniyoshi_high-noon-at-kasumigaseki__to__Minimalism -> SaMAM_2250
[684/715] Ukiyo_e__utagawa-kuniyoshi_high-noon-at-kasumigaseki__to__Rococo -> Seedream_repaired750
[685/715] Ukiyo_e__utagawa-kuniyoshi_high-noon-at-kasumigaseki__to__Ukiyo_e -> SaMAM_2250
[686/715] Ukiyo_e__utagawa-kuniyoshi_ishiyakushi__to__Early_Renaissance -> SaMAM_2250
[687/715] Ukiyo_e__utagawa-kuniyoshi_ishiyakushi__to__Impressionism -> SaMAM_2250
[688/715] Ukiyo_e__utagawa-kuniyoshi_ishiyakushi__to__Minimalism -> Seedream_repaired750
[689/715] Ukiyo_e__utagawa-kuniyoshi_ishiyakushi__to__Rococo -> Seedream_repaired750
[690/715] Ukiyo_e__utagawa-kuniyoshi_ishiyakushi__to__Ukiyo_e -> SaMAM_2250
[691/715] Ukiyo_e__utagawa-kuniyoshi_kuzunoha__to__Early_Renaissance -> SaMAM_2250
[692/715] Ukiyo_e__utagawa-kuniyoshi_kuzunoha__to__Impressionism failed: ConnectionError: ('Connection aborted.', ConnectionAbortedError(10053, '????????????????????', None, 10053, None))
[693/715] Ukiyo_e__utagawa-kuniyoshi_kuzunoha__to__Minimalism -> Seedream_repaired750
[694/715] Ukiyo_e__utagawa-kuniyoshi_kuzunoha__to__Rococo failed: ConnectionError: ('Connection aborted.', ConnectionAbortedError(10053, '????????????????????', None, 10053, None))
[695/715] Ukiyo_e__utagawa-kuniyoshi_kuzunoha__to__Ukiyo_e -> SaMAM_2250
[696/715] Ukiyo_e__utagawa-kuniyoshi_tamatori-being-pursued-bya-dragon__to__Early_Renaissance failed: ConnectionError: ('Connection aborted.', ConnectionResetError(10054, '?????????????????', None, 10054, None))
[697/715] Ukiyo_e__utagawa-kuniyoshi_tamatori-being-pursued-bya-dragon__to__Impressionism -> SaMAM_2250
[698/715] Ukiyo_e__utagawa-kuniyoshi_tamatori-being-pursued-bya-dragon__to__Minimalism -> SaMAM_2250
[699/715] Ukiyo_e__utagawa-kuniyoshi_tamatori-being-pursued-bya-dragon__to__Rococo -> SaMAM_2250
[700/715] Ukiyo_e__utagawa-kuniyoshi_tamatori-being-pursued-bya-dragon__to__Ukiyo_e -> SaMAM_2250
[701/715] Ukiyo_e__utagawa-kuniyoshi_tsuchigumo__to__Early_Renaissance -> SaMAM_2250
[702/715] Ukiyo_e__utagawa-kuniyoshi_tsuchigumo__to__Impressionism -> SaMAM_2250
[703/715] Ukiyo_e__utagawa-kuniyoshi_tsuchigumo__to__Minimalism -> Seedream_repaired750
[704/715] Ukiyo_e__utagawa-kuniyoshi_tsuchigumo__to__Rococo -> SaMAM_2250
[705/715] Ukiyo_e__utagawa-kuniyoshi_tsuchigumo__to__Ukiyo_e -> SaMAM_2250
[706/715] Ukiyo_e__utagawa-kuniyoshi_woman-seated-under-a-cherry-blossoms__to__Early_Renaissance -> Seedream_repaired750
[707/715] Ukiyo_e__utagawa-kuniyoshi_woman-seated-under-a-cherry-blossoms__to__Impressionism -> Seedream_repaired750
[708/715] Ukiyo_e__utagawa-kuniyoshi_woman-seated-under-a-cherry-blossoms__to__Minimalism -> Seedream_repaired750
[709/715] Ukiyo_e__utagawa-kuniyoshi_woman-seated-under-a-cherry-blossoms__to__Rococo -> Seedream_repaired750
[710/715] Ukiyo_e__utagawa-kuniyoshi_woman-seated-under-a-cherry-blossoms__to__Ukiyo_e -> SaMAM_2250
[711/715] Ukiyo_e__utagawa-toyokuni_the-heian-courtier__to__Early_Renaissance -> SaMAM_2250
[712/715] Ukiyo_e__utagawa-toyokuni_the-heian-courtier__to__Impressionism -> Seedream_repaired750
[713/715] Ukiyo_e__utagawa-toyokuni_the-heian-courtier__to__Minimalism -> Seedream_repaired750
[714/715] Ukiyo_e__utagawa-toyokuni_the-heian-courtier__to__Rococo -> Seedream_repaired750
[715/715] Ukiyo_e__utagawa-toyokuni_the-heian-courtier__to__Ukiyo_e -> Seedream_repaired750
G:\GitHub\Latent_Style\SchrodingerBridge\aaai2027\vlm_lbmpsv2_vs_seedream_vs_samst_vs_samam_20260610.jsonl
G:\GitHub\Latent_Style\SchrodingerBridge\aaai2027\vlm_lbmpsv2_vs_seedream_vs_samst_vs_samam_20260610.csv
G:\GitHub\Latent_Style\SchrodingerBridge\aaai2027\vlm_lbmpsv2_vs_seedream_vs_samst_vs_samam_20260610.errors.jsonl
