

=== CMD ===
C:\Users\xy\AppData\Local\Programs\Python\Python312\python.exe -c import os, sys; repo='G:\\GitHub\\Latent_Style\\Related_Works\\run_511\\repos\\AesFA'; os.chdir(repo); sys.path.insert(0, repo); import types; sys.modules.setdefault('thop', types.SimpleNamespace(profile=lambda *a, **k: (0.0, 0.0))); from Config import Config; Config.phase='test'; Config.multi_to_multi=True; Config.test_content_size=256; Config.test_style_size=256; Config.content_dir='G:\\GitHub\\Latent_Style\\Related_Works\\run_511\\outputs\\review_baseline_suite_full4g\\aesfa\\work\\aesfa\\Hayao\\content'; Config.style_dir='G:\\GitHub\\Latent_Style\\Related_Works\\run_511\\outputs\\review_baseline_suite_full4g\\aesfa\\work\\aesfa\\Hayao\\style'; Config.img_dir='G:\\GitHub\\Latent_Style\\Related_Works\\run_511\\outputs\\review_baseline_suite_full4g\\aesfa\\preview\\aesfa\\Hayao'; Config.ckpt_dir='G:\\GitHub\\Latent_Style\\Related_Works\\run_511\\outputs\\review_baseline_suite_full4g\\aesfa\\checkpoints\\aesfa'; Config.vgg_model='G:\\GitHub\\Latent_Style\\Related_Works\\run_511\\repos\\AesFA\\vgg_normalised.pth'; import test; test.main()
Version: main
cuda:0
content dir: G:\GitHub\Latent_Style\Related_Works\run_511\outputs\review_baseline_suite_full4g\aesfa\work\aesfa\Hayao\content
style dir: G:\GitHub\Latent_Style\Related_Works\run_511\outputs\review_baseline_suite_full4g\aesfa\work\aesfa\Hayao\style
Test:  150 images:  150 x 1 (batch size) = 150
checkpoint:  G:\GitHub\Latent_Style\Related_Works\run_511\outputs\review_baseline_suite_full4g\aesfa\checkpoints\aesfa/main.pth
1 1 1 0.20025229454040527
GFLOPS: 0.0000, Params: 0.0000
Max GPU memory allocated: 0.0673 GB
2 2 1 0.009000062942504883
GFLOPS: 0.0000, Params: 0.0000
Max GPU memory allocated: 0.0680 GB
3 3 1 0.008999109268188477
GFLOPS: 0.0000, Params: 0.0000
Max GPU memory allocated: 0.0680 GB
4 4 1 0.010073423385620117
GFLOPS: 0.0000, Params: 0.0000
Max GPU memory allocated: 0.0680 GB
5 5 1 0.007998466491699219
GFLOPS: 0.0000, Params: 0.0000
Max GPU memory allocated: 0.0680 GB
6 6 1 0.007999897003173828
GFLOPS: 0.0000, Params: 0.0000
Max GPU memory allocated: 0.0680 GB
7 7 1 0.011002540588378906
GFLOPS: 0.0000, Params: 0.0000
Max GPU memory allocated: 0.0680 GB
8 8 1 0.008506536483764648
GFLOPS: 0.0000, Params: 0.0000
Max GPU memory allocated: 0.0680 GB
9 9 1 0.008997917175292969
GFLOPS: 0.0000, Params: 0.0000
Max GPU memory allocated: 0.0680 GB
10 10 1 0.009003162384033203
GFLOPS: 0.0000, Params: 0.0000
Max GPU memory allocated: 0.0680 GB
11 11 1 0.008713960647583008
GFLOPS: 0.0000, Params: 0.0000
Max GPU memory allocated: 0.0680 GB
12 12 1 0.008135557174682617
GFLOPS: 0.0000, Params: 0.0000
Max GPU memory allocated: 0.0680 GB
13 13 1 0.008998394012451172
GFLOPS: 0.0000, Params: 0.0000
Max GPU memory allocated: 0.0680 GB
14 14 1 0.009002208709716797
GFLOPS: 0.0000, Params: 0.0000
Max GPU memory allocated: 0.0680 GB
15 15 1 0.008998394012451172
GFLOPS: 0.0000, Params: 0.0000
Max GPU memory allocated: 0.0680 GB
16 16 1 0.008508682250976562
GFLOPS: 0.0000, Params: 0.0000
Max GPU memory allocated: 0.0680 GB
17 17 1 0.00900125503540039
GFLOPS: 0.0000, Params: 0.0000
Max GPU memory allocated: 0.0680 GB
18 18 1 0.009003877639770508
GFLOPS: 0.0000, Params: 0.0000
Max GPU memory allocated: 0.0680 GB
19 19 1 0.00860738754272461
GFLOPS: 0.0000, Params: 0.0000
Max GPU memory allocated: 0.0680 GB
20 20 1 0.008004426956176758
GFLOPS: 0.0000, Params: 0.0000
Max GPU memory allocated: 0.0680 GB
21 21 1 0.008000373840332031
GFLOPS: 0.0000, Params: 0.0000
Max GPU memory allocated: 0.0680 GB
22 22 1 0.011144876480102539
GFLOPS: 0.0000, Params: 0.0000
Max GPU memory allocated: 0.0680 GB
23 23 1 0.00850677490234375
GFLOPS: 0.0000, Params: 0.0000
Max GPU memory allocated: 0.0680 GB
24 24 1 0.008998870849609375
GFLOPS: 0.0000, Params: 0.0000
Max GPU memory allocated: 0.0680 GB
25 25 1 0.007999181747436523
GFLOPS: 0.0000, Params: 0.0000
Max GPU memory allocated: 0.0680 GB
26 26 1 0.009307384490966797
GFLOPS: 0.0000, Params: 0.0000
Max GPU memory allocated: 0.0680 GB
27 27 1 0.007506847381591797
GFLOPS: 0.0000, Params: 0.0000
Max GPU memory allocated: 0.0680 GB
28 28 1 0.009135246276855469
GFLOPS: 0.0000, Params: 0.0000
Max GPU memory allocated: 0.0680 GB
29 29 1 0.008998632431030273
GFLOPS: 0.0000, Params: 0.0000
Max GPU memory allocated: 0.0680 GB
30 30 1 0.00800013542175293
GFLOPS: 0.0000, Params: 0.0000
Max GPU memory allocated: 0.0680 GB
31 31 1 0.007874727249145508
GFLOPS: 0.0000, Params: 0.0000
Max GPU memory allocated: 0.0680 GB
32 32 1 0.008563041687011719
GFLOPS: 0.0000, Params: 0.0000
Max GPU memory allocated: 0.0680 GB
33 33 1 0.007998943328857422
GFLOPS: 0.0000, Params: 0.0000
Max GPU memory allocated: 0.0680 GB
34 34 1 0.008001327514648438
GFLOPS: 0.0000, Params: 0.0000
Max GPU memory allocated: 0.0680 GB
35 35 1 0.008505105972290039
GFLOPS: 0.0000, Params: 0.0000
Max GPU memory allocated: 0.0680 GB
36 36 1 0.009513616561889648
GFLOPS: 0.0000, Params: 0.0000
Max GPU memory allocated: 0.0680 GB
37 37 1 0.009000301361083984
GFLOPS: 0.0000, Params: 0.0000
Max GPU memory allocated: 0.0680 GB
38 38 1 0.010998725891113281
GFLOPS: 0.0000, Params: 0.0000
Max GPU memory allocated: 0.0680 GB
39 39 1 0.009007692337036133
GFLOPS: 0.0000, Params: 0.0000
Max GPU memory allocated: 0.0680 GB
40 40 1 0.00899958610534668
GFLOPS: 0.0000, Params: 0.0000
Max GPU memory allocated: 0.0680 GB
41 41 1 0.007505655288696289
GFLOPS: 0.0000, Params: 0.0000
Max GPU memory allocated: 0.0680 GB
42 42 1 0.008624076843261719
GFLOPS: 0.0000, Params: 0.0000
Max GPU memory allocated: 0.0680 GB
43 43 1 0.010506629943847656
GFLOPS: 0.0000, Params: 0.0000
Max GPU memory allocated: 0.0680 GB
44 44 1 0.009999752044677734
GFLOPS: 0.0000, Params: 0.0000
Max GPU memory allocated: 0.0680 GB
45 45 1 0.008002996444702148
GFLOPS: 0.0000, Params: 0.0000
Max GPU memory allocated: 0.0680 GB
46 46 1 0.011002063751220703
GFLOPS: 0.0000, Params: 0.0000
Max GPU memory allocated: 0.0680 GB
47 47 1 0.008568286895751953
GFLOPS: 0.0000, Params: 0.0000
Max GPU memory allocated: 0.0680 GB
48 48 1 0.008998870849609375
GFLOPS: 0.0000, Params: 0.0000
Max GPU memory allocated: 0.0680 GB
49 49 1 0.00899958610534668
GFLOPS: 0.0000, Params: 0.0000
Max GPU memory allocated: 0.0680 GB
50 50 1 0.009999513626098633
GFLOPS: 0.0000, Params: 0.0000
Max GPU memory allocated: 0.0680 GB
51 51 1 0.008000612258911133
GFLOPS: 0.0000, Params: 0.0000
Max GPU memory allocated: 0.0680 GB
52 52 1 0.007999897003173828
GFLOPS: 0.0000, Params: 0.0000
Max GPU memory allocated: 0.0680 GB
53 53 1 0.013004302978515625
GFLOPS: 0.0000, Params: 0.0000
Max GPU memory allocated: 0.0680 GB
54 54 1 0.009001016616821289
GFLOPS: 0.0000, Params: 0.0000
Max GPU memory allocated: 0.0680 GB
55 55 1 0.01000070571899414
GFLOPS: 0.0000, Params: 0.0000
Max GPU memory allocated: 0.0680 GB
56 56 1 0.00800013542175293
GFLOPS: 0.0000, Params: 0.0000
Max GPU memory allocated: 0.0680 GB
57 57 1 0.008505821228027344
GFLOPS: 0.0000, Params: 0.0000
Max GPU memory allocated: 0.0680 GB
58 58 1 0.008000373840332031
GFLOPS: 0.0000, Params: 0.0000
Max GPU memory allocated: 0.0680 GB
59 59 1 0.008000373840332031
GFLOPS: 0.0000, Params: 0.0000
Max GPU memory allocated: 0.0680 GB
60 60 1 0.008508443832397461
GFLOPS: 0.0000, Params: 0.0000
Max GPU memory allocated: 0.0680 GB
61 61 1 0.007999181747436523
GFLOPS: 0.0000, Params: 0.0000
Max GPU memory allocated: 0.0680 GB
62 62 1 0.008507490158081055
GFLOPS: 0.0000, Params: 0.0000
Max GPU memory allocated: 0.0680 GB
63 63 1 0.007998466491699219
GFLOPS: 0.0000, Params: 0.0000
Max GPU memory allocated: 0.0680 GB
64 64 1 0.007002115249633789
GFLOPS: 0.0000, Params: 0.0000
Max GPU memory allocated: 0.0680 GB
65 65 1 0.00750732421875
GFLOPS: 0.0000, Params: 0.0000
Max GPU memory allocated: 0.0680 GB
66 66 1 0.00799870491027832
GFLOPS: 0.0000, Params: 0.0000
Max GPU memory allocated: 0.0680 GB
67 67 1 0.008000373840332031
GFLOPS: 0.0000, Params: 0.0000
Max GPU memory allocated: 0.0680 GB
68 68 1 0.00899958610534668
GFLOPS: 0.0000, Params: 0.0000
Max GPU memory allocated: 0.0680 GB
69 69 1 0.008505105972290039
GFLOPS: 0.0000, Params: 0.0000
Max GPU memory allocated: 0.0680 GB
70 70 1 0.008002519607543945
GFLOPS: 0.0000, Params: 0.0000
Max GPU memory allocated: 0.0680 GB
71 71 1 0.008998394012451172
GFLOPS: 0.0000, Params: 0.0000
Max GPU memory allocated: 0.0680 GB
72 72 1 0.007607221603393555
GFLOPS: 0.0000, Params: 0.0000
Max GPU memory allocated: 0.0680 GB
73 73 1 0.008579015731811523
GFLOPS: 0.0000, Params: 0.0000
Max GPU memory allocated: 0.0680 GB
74 74 1 0.008003473281860352
GFLOPS: 0.0000, Params: 0.0000
Max GPU memory allocated: 0.0680 GB
75 75 1 0.008001565933227539
GFLOPS: 0.0000, Params: 0.0000
Max GPU memory allocated: 0.0680 GB
76 76 1 0.007998943328857422
GFLOPS: 0.0000, Params: 0.0000
Max GPU memory allocated: 0.0680 GB
77 77 1 0.010003328323364258
GFLOPS: 0.0000, Params: 0.0000
Max GPU memory allocated: 0.0680 GB
78 78 1 0.008377552032470703
GFLOPS: 0.0000, Params: 0.0000
Max GPU memory allocated: 0.0680 GB
79 79 1 0.008998632431030273
GFLOPS: 0.0000, Params: 0.0000
Max GPU memory allocated: 0.0680 GB
80 80 1 0.009000301361083984
GFLOPS: 0.0000, Params: 0.0000
Max GPU memory allocated: 0.0680 GB
81 81 1 0.008002042770385742
GFLOPS: 0.0000, Params: 0.0000
Max GPU memory allocated: 0.0680 GB
82 82 1 0.00800013542175293
GFLOPS: 0.0000, Params: 0.0000
Max GPU memory allocated: 0.0680 GB
83 83 1 0.006998300552368164
GFLOPS: 0.0000, Params: 0.0000
Max GPU memory allocated: 0.0680 GB
84 84 1 0.008999824523925781
GFLOPS: 0.0000, Params: 0.0000
Max GPU memory allocated: 0.0680 GB
85 85 1 0.008062124252319336
GFLOPS: 0.0000, Params: 0.0000
Max GPU memory allocated: 0.0680 GB
86 86 1 0.008008480072021484
GFLOPS: 0.0000, Params: 0.0000
Max GPU memory allocated: 0.0680 GB
87 87 1 0.008001089096069336
GFLOPS: 0.0000, Params: 0.0000
Max GPU memory allocated: 0.0680 GB
88 88 1 0.00800013542175293
GFLOPS: 0.0000, Params: 0.0000
Max GPU memory allocated: 0.0680 GB
89 89 1 0.0078067779541015625
GFLOPS: 0.0000, Params: 0.0000
Max GPU memory allocated: 0.0680 GB
90 90 1 0.008002758026123047
GFLOPS: 0.0000, Params: 0.0000
Max GPU memory allocated: 0.0680 GB
91 91 1 0.008000612258911133
GFLOPS: 0.0000, Params: 0.0000
Max GPU memory allocated: 0.0680 GB
92 92 1 0.009017705917358398
GFLOPS: 0.0000, Params: 0.0000
Max GPU memory allocated: 0.0680 GB
93 93 1 0.008298873901367188
GFLOPS: 0.0000, Params: 0.0000
Max GPU memory allocated: 0.0680 GB
94 94 1 0.008096933364868164
GFLOPS: 0.0000, Params: 0.0000
Max GPU memory allocated: 0.0680 GB
95 95 1 0.008004188537597656
GFLOPS: 0.0000, Params: 0.0000
Max GPU memory allocated: 0.0680 GB
96 96 1 0.013793468475341797
GFLOPS: 0.0000, Params: 0.0000
Max GPU memory allocated: 0.0680 GB
97 97 1 0.009046316146850586
GFLOPS: 0.0000, Params: 0.0000
Max GPU memory allocated: 0.0680 GB
98 98 1 0.009001493453979492
GFLOPS: 0.0000, Params: 0.0000
Max GPU memory allocated: 0.0680 GB
99 99 1 0.008543729782104492
GFLOPS: 0.0000, Params: 0.0000
Max GPU memory allocated: 0.0680 GB
100 100 1 0.010506153106689453
GFLOPS: 0.0000, Params: 0.0000
Max GPU memory allocated: 0.0680 GB
101 101 1 0.008506059646606445
GFLOPS: 0.0000, Params: 0.0000
Max GPU memory allocated: 0.0680 GB
102 102 1 0.008998632431030273
GFLOPS: 0.0000, Params: 0.0000
Max GPU memory allocated: 0.0680 GB
103 103 1 0.008507490158081055
GFLOPS: 0.0000, Params: 0.0000
Max GPU memory allocated: 0.0680 GB
104 104 1 0.007999658584594727
GFLOPS: 0.0000, Params: 0.0000
Max GPU memory allocated: 0.0680 GB
105 105 1 0.008001089096069336
GFLOPS: 0.0000, Params: 0.0000
Max GPU memory allocated: 0.0680 GB
106 106 1 0.00777125358581543
GFLOPS: 0.0000, Params: 0.0000
Max GPU memory allocated: 0.0680 GB
107 107 1 0.008008480072021484
GFLOPS: 0.0000, Params: 0.0000
Max GPU memory allocated: 0.0680 GB
108 108 1 0.008022546768188477
GFLOPS: 0.0000, Params: 0.0000
Max GPU memory allocated: 0.0680 GB
109 109 1 0.008564233779907227
GFLOPS: 0.0000, Params: 0.0000
Max GPU memory allocated: 0.0680 GB
110 110 1 0.008999347686767578
GFLOPS: 0.0000, Params: 0.0000
Max GPU memory allocated: 0.0680 GB
111 111 1 0.00807332992553711
GFLOPS: 0.0000, Params: 0.0000
Max GPU memory allocated: 0.0680 GB
112 112 1 0.008026123046875
GFLOPS: 0.0000, Params: 0.0000
Max GPU memory allocated: 0.0680 GB
113 113 1 0.0075457096099853516
GFLOPS: 0.0000, Params: 0.0000
Max GPU memory allocated: 0.0680 GB
114 114 1 0.00800323486328125
GFLOPS: 0.0000, Params: 0.0000
Max GPU memory allocated: 0.0680 GB
115 115 1 0.007385969161987305
GFLOPS: 0.0000, Params: 0.0000
Max GPU memory allocated: 0.0680 GB
116 116 1 0.007542848587036133
GFLOPS: 0.0000, Params: 0.0000
Max GPU memory allocated: 0.0680 GB
117 117 1 0.008814573287963867
GFLOPS: 0.0000, Params: 0.0000
Max GPU memory allocated: 0.0680 GB
118 118 1 0.008513212203979492
GFLOPS: 0.0000, Params: 0.0000
Max GPU memory allocated: 0.0680 GB
119 119 1 0.010999679565429688
GFLOPS: 0.0000, Params: 0.0000
Max GPU memory allocated: 0.0680 GB
120 120 1 0.008153200149536133
GFLOPS: 0.0000, Params: 0.0000
Max GPU memory allocated: 0.0680 GB
121 121 1 0.010000228881835938
GFLOPS: 0.0000, Params: 0.0000
Max GPU memory allocated: 0.0680 GB
122 122 1 0.008467912673950195
GFLOPS: 0.0000, Params: 0.0000
Max GPU memory allocated: 0.0680 GB
123 123 1 0.008018970489501953
GFLOPS: 0.0000, Params: 0.0000
Max GPU memory allocated: 0.0680 GB
124 124 1 0.008554697036743164
GFLOPS: 0.0000, Params: 0.0000
Max GPU memory allocated: 0.0680 GB
125 125 1 0.00823354721069336
GFLOPS: 0.0000, Params: 0.0000
Max GPU memory allocated: 0.0680 GB
126 126 1 0.009094715118408203
GFLOPS: 0.0000, Params: 0.0000
Max GPU memory allocated: 0.0680 GB
127 127 1 0.01000356674194336
GFLOPS: 0.0000, Params: 0.0000
Max GPU memory allocated: 0.0680 GB
128 128 1 0.009032487869262695
GFLOPS: 0.0000, Params: 0.0000
Max GPU memory allocated: 0.0680 GB
129 129 1 0.008998632431030273
GFLOPS: 0.0000, Params: 0.0000
Max GPU memory allocated: 0.0680 GB
130 130 1 0.008608579635620117
GFLOPS: 0.0000, Params: 0.0000
Max GPU memory allocated: 0.0680 GB
131 131 1 0.008000612258911133
GFLOPS: 0.0000, Params: 0.0000
Max GPU memory allocated: 0.0680 GB
132 132 1 0.008002996444702148
GFLOPS: 0.0000, Params: 0.0000
Max GPU memory allocated: 0.0680 GB
133 133 1 0.008005857467651367
GFLOPS: 0.0000, Params: 0.0000
Max GPU memory allocated: 0.0680 GB
134 134 1 0.00911092758178711
GFLOPS: 0.0000, Params: 0.0000
Max GPU memory allocated: 0.0680 GB
135 135 1 0.007874011993408203
GFLOPS: 0.0000, Params: 0.0000
Max GPU memory allocated: 0.0680 GB
136 136 1 0.015574216842651367
GFLOPS: 0.0000, Params: 0.0000
Max GPU memory allocated: 0.0680 GB
137 137 1 0.009998083114624023
GFLOPS: 0.0000, Params: 0.0000
Max GPU memory allocated: 0.0680 GB
138 138 1 0.007999420166015625
GFLOPS: 0.0000, Params: 0.0000
Max GPU memory allocated: 0.0680 GB
139 139 1 0.008998394012451172
GFLOPS: 0.0000, Params: 0.0000
Max GPU memory allocated: 0.0680 GB
140 140 1 0.009002447128295898
GFLOPS: 0.0000, Params: 0.0000
Max GPU memory allocated: 0.0680 GB
141 141 1 0.008001565933227539
GFLOPS: 0.0000, Params: 0.0000
Max GPU memory allocated: 0.0680 GB
142 142 1 0.007997512817382812
GFLOPS: 0.0000, Params: 0.0000
Max GPU memory allocated: 0.0680 GB
143 143 1 0.011239051818847656
GFLOPS: 0.0000, Params: 0.0000
Max GPU memory allocated: 0.0680 GB
144 144 1 0.008008003234863281
GFLOPS: 0.0000, Params: 0.0000
Max GPU memory allocated: 0.0680 GB
145 145 1 0.008651971817016602
GFLOPS: 0.0000, Params: 0.0000
Max GPU memory allocated: 0.0680 GB
146 146 1 0.00799703598022461
GFLOPS: 0.0000, Params: 0.0000
Max GPU memory allocated: 0.0680 GB
147 147 1 0.009003162384033203
GFLOPS: 0.0000, Params: 0.0000
Max GPU memory allocated: 0.0680 GB
148 148 1 0.008654594421386719
GFLOPS: 0.0000, Params: 0.0000
Max GPU memory allocated: 0.0680 GB
149 149 1 0.007999658584594727
GFLOPS: 0.0000, Params: 0.0000
Max GPU memory allocated: 0.0680 GB
150 150 1 0.008327960968017578
GFLOPS: 0.0000, Params: 0.0000
Max GPU memory allocated: 0.0680 GB
[AesFA] Content size: 256 Style size: 256  Total images: 150 Avg Testing time: 0.009988506635030111
